[DEBUG][2016-03-19 18:57:44,938][org.springframework.test.context.junit4.SpringJUnit4ClassRunner]SpringJUnit4ClassRunner constructor called with [class sy.test.TestUtil].
[DEBUG][2016-03-19 18:57:44,975][org.springframework.test.context.support.AbstractDelegatingSmartContextLoader]Delegating to GenericXmlContextLoader to process context configuration [ContextConfigurationAttributes@65a601b0 declaringClass = 'sy.test.TestUtil', classes = '{}', locations = '{classpath:spring.xml, classpath:spring-mybatis.xml}', inheritLocations = true, initializers = '{}', inheritInitializers = true, name = [null], contextLoaderClass = 'org.springframework.test.context.ContextLoader'].
[DEBUG][2016-03-19 18:57:44,978][org.springframework.test.context.ContextLoaderUtils]Could not find an 'annotation declaring class' for annotation type [org.springframework.test.context.ActiveProfiles] and class [sy.test.TestUtil]
[DEBUG][2016-03-19 18:57:44,980][org.springframework.test.context.TestContextManager]@TestExecutionListeners is not present for class [sy.test.TestUtil]: using defaults.
[INFO][2016-03-19 18:57:44,986][org.springframework.test.context.TestContextManager]Could not instantiate TestExecutionListener [org.springframework.test.context.web.ServletTestExecutionListener]. Specify custom listener classes or make the default listener classes (and their required dependencies) available. Offending class: [org/springframework/web/context/request/RequestAttributes]
[DEBUG][2016-03-19 18:57:44,997][org.springframework.test.annotation.ProfileValueUtils]Retrieved @ProfileValueSourceConfiguration [null] for test class [sy.test.TestUtil]
[DEBUG][2016-03-19 18:57:44,998][org.springframework.test.annotation.ProfileValueUtils]Retrieved ProfileValueSource type [class org.springframework.test.annotation.SystemProfileValueSource] for class [sy.test.TestUtil]
[DEBUG][2016-03-19 18:57:44,999][org.springframework.test.annotation.ProfileValueUtils]Retrieved @ProfileValueSourceConfiguration [null] for test class [sy.test.TestUtil]
[DEBUG][2016-03-19 18:57:44,999][org.springframework.test.annotation.ProfileValueUtils]Retrieved ProfileValueSource type [class org.springframework.test.annotation.SystemProfileValueSource] for class [sy.test.TestUtil]
[DEBUG][2016-03-19 18:57:45,009][org.springframework.test.annotation.ProfileValueUtils]Retrieved @ProfileValueSourceConfiguration [null] for test class [sy.test.TestUtil]
[DEBUG][2016-03-19 18:57:45,009][org.springframework.test.annotation.ProfileValueUtils]Retrieved ProfileValueSource type [class org.springframework.test.annotation.SystemProfileValueSource] for class [sy.test.TestUtil]
[DEBUG][2016-03-19 18:57:45,010][org.springframework.test.annotation.ProfileValueUtils]Retrieved @ProfileValueSourceConfiguration [null] for test class [sy.test.TestUtil]
[DEBUG][2016-03-19 18:57:45,010][org.springframework.test.annotation.ProfileValueUtils]Retrieved ProfileValueSource type [class org.springframework.test.annotation.SystemProfileValueSource] for class [sy.test.TestUtil]
[DEBUG][2016-03-19 18:57:45,011][org.springframework.test.annotation.ProfileValueUtils]Retrieved @ProfileValueSourceConfiguration [null] for test class [sy.test.TestUtil]
[DEBUG][2016-03-19 18:57:45,011][org.springframework.test.annotation.ProfileValueUtils]Retrieved ProfileValueSource type [class org.springframework.test.annotation.SystemProfileValueSource] for class [sy.test.TestUtil]
[DEBUG][2016-03-19 18:57:45,013][org.springframework.test.annotation.ProfileValueUtils]Retrieved @ProfileValueSourceConfiguration [null] for test class [sy.test.TestUtil]
[DEBUG][2016-03-19 18:57:45,013][org.springframework.test.annotation.ProfileValueUtils]Retrieved ProfileValueSource type [class org.springframework.test.annotation.SystemProfileValueSource] for class [sy.test.TestUtil]
[DEBUG][2016-03-19 18:57:45,015][org.springframework.test.context.support.DependencyInjectionTestExecutionListener]Performing dependency injection for test context [[TestContext@24177697 testClass = TestUtil, testInstance = sy.test.TestUtil@6ac604, testMethod = [null], testException = [null], mergedContextConfiguration = [MergedContextConfiguration@61ee30d2 testClass = TestUtil, locations = '{classpath:spring.xml, classpath:spring-mybatis.xml}', classes = '{}', contextInitializerClasses = '[]', activeProfiles = '{}', contextLoader = 'org.springframework.test.context.support.DelegatingSmartContextLoader', parent = [null]]]].
[DEBUG][2016-03-19 18:57:45,015][org.springframework.test.context.support.AbstractDelegatingSmartContextLoader]Delegating to GenericXmlContextLoader to load context from [MergedContextConfiguration@61ee30d2 testClass = TestUtil, locations = '{classpath:spring.xml, classpath:spring-mybatis.xml}', classes = '{}', contextInitializerClasses = '[]', activeProfiles = '{}', contextLoader = 'org.springframework.test.context.support.DelegatingSmartContextLoader', parent = [null]].
[DEBUG][2016-03-19 18:57:45,015][org.springframework.test.context.support.AbstractGenericContextLoader]Loading ApplicationContext for merged context configuration [[MergedContextConfiguration@61ee30d2 testClass = TestUtil, locations = '{classpath:spring.xml, classpath:spring-mybatis.xml}', classes = '{}', contextInitializerClasses = '[]', activeProfiles = '{}', contextLoader = 'org.springframework.test.context.support.DelegatingSmartContextLoader', parent = [null]]].
[DEBUG][2016-03-19 18:57:45,058][org.springframework.core.env.StandardEnvironment]Adding [systemProperties] PropertySource with lowest search precedence
[DEBUG][2016-03-19 18:57:45,060][org.springframework.core.env.StandardEnvironment]Adding [systemEnvironment] PropertySource with lowest search precedence
[DEBUG][2016-03-19 18:57:45,061][org.springframework.core.env.StandardEnvironment]Initialized StandardEnvironment with PropertySources [systemProperties,systemEnvironment]
[DEBUG][2016-03-19 18:57:45,094][org.springframework.core.env.StandardEnvironment]Adding [systemProperties] PropertySource with lowest search precedence
[DEBUG][2016-03-19 18:57:45,094][org.springframework.core.env.StandardEnvironment]Adding [systemEnvironment] PropertySource with lowest search precedence
[DEBUG][2016-03-19 18:57:45,094][org.springframework.core.env.StandardEnvironment]Initialized StandardEnvironment with PropertySources [systemProperties,systemEnvironment]
[INFO][2016-03-19 18:57:45,100][org.springframework.beans.factory.xml.XmlBeanDefinitionReader]Loading XML bean definitions from class path resource [spring.xml]
[DEBUG][2016-03-19 18:57:45,115][org.springframework.beans.factory.xml.DefaultDocumentLoader]Using JAXP provider [com.sun.org.apache.xerces.internal.jaxp.DocumentBuilderFactoryImpl]
[DEBUG][2016-03-19 18:57:45,142][org.springframework.beans.factory.xml.PluggableSchemaResolver]Loading schema mappings from [META-INF/spring.schemas]
[DEBUG][2016-03-19 18:57:45,147][org.springframework.beans.factory.xml.PluggableSchemaResolver]Loaded schema mappings: {http://www.springframework.org/schema/util/spring-util.xsd=org/springframework/beans/factory/xml/spring-util-3.1.xsd, http://www.springframework.org/schema/task/spring-task.xsd=org/springframework/scheduling/config/spring-task-3.1.xsd, http://www.springframework.org/schema/beans/spring-beans-3.1.xsd=org/springframework/beans/factory/xml/spring-beans-3.1.xsd, http://www.springframework.org/schema/cache/spring-cache.xsd=org/springframework/cache/config/spring-cache-3.1.xsd, http://www.springframework.org/schema/aop/spring-aop-3.0.xsd=org/springframework/aop/config/spring-aop-3.0.xsd, http://www.springframework.org/schema/aop/spring-aop-2.0.xsd=org/springframework/aop/config/spring-aop-2.0.xsd, http://www.springframework.org/schema/task/spring-task-3.1.xsd=org/springframework/scheduling/config/spring-task-3.1.xsd, http://www.springframework.org/schema/tool/spring-tool-2.5.xsd=org/springframework/beans/factory/xml/spring-tool-2.5.xsd, http://www.springframework.org/schema/beans/spring-beans.xsd=org/springframework/beans/factory/xml/spring-beans-3.1.xsd, http://www.springframework.org/schema/jee/spring-jee-2.5.xsd=org/springframework/ejb/config/spring-jee-2.5.xsd, http://www.springframework.org/schema/jdbc/spring-jdbc-3.1.xsd=org/springframework/jdbc/config/spring-jdbc-3.1.xsd, http://www.springframework.org/schema/tool/spring-tool-3.1.xsd=org/springframework/beans/factory/xml/spring-tool-3.1.xsd, http://www.springframework.org/schema/aop/spring-aop.xsd=org/springframework/aop/config/spring-aop-3.1.xsd, http://www.springframework.org/schema/jee/spring-jee-3.1.xsd=org/springframework/ejb/config/spring-jee-3.1.xsd, http://www.springframework.org/schema/beans/spring-beans-2.0.xsd=org/springframework/beans/factory/xml/spring-beans-2.0.xsd, http://www.springframework.org/schema/beans/spring-beans-3.0.xsd=org/springframework/beans/factory/xml/spring-beans-3.0.xsd, http://www.springframework.org/schema/task/spring-task-3.0.xsd=org/springframework/scheduling/config/spring-task-3.0.xsd, http://www.springframework.org/schema/tx/spring-tx-2.5.xsd=org/springframework/transaction/config/spring-tx-2.5.xsd, http://www.springframework.org/schema/context/spring-context-2.5.xsd=org/springframework/context/config/spring-context-2.5.xsd, http://www.springframework.org/schema/jdbc/spring-jdbc-3.0.xsd=org/springframework/jdbc/config/spring-jdbc-3.0.xsd, http://www.springframework.org/schema/tool/spring-tool-3.0.xsd=org/springframework/beans/factory/xml/spring-tool-3.0.xsd, http://www.springframework.org/schema/lang/spring-lang.xsd=org/springframework/scripting/config/spring-lang-3.1.xsd, http://www.springframework.org/schema/tx/spring-tx.xsd=org/springframework/transaction/config/spring-tx-3.1.xsd, http://www.springframework.org/schema/tool/spring-tool-2.0.xsd=org/springframework/beans/factory/xml/spring-tool-2.0.xsd, http://www.springframework.org/schema/util/spring-util-2.5.xsd=org/springframework/beans/factory/xml/spring-util-2.5.xsd, http://www.springframework.org/schema/lang/spring-lang-2.5.xsd=org/springframework/scripting/config/spring-lang-2.5.xsd, http://www.springframework.org/schema/jee/spring-jee-3.0.xsd=org/springframework/ejb/config/spring-jee-3.0.xsd, http://www.springframework.org/schema/jee/spring-jee-2.0.xsd=org/springframework/ejb/config/spring-jee-2.0.xsd, http://www.springframework.org/schema/tx/spring-tx-3.1.xsd=org/springframework/transaction/config/spring-tx-3.1.xsd, http://www.springframework.org/schema/context/spring-context-3.1.xsd=org/springframework/context/config/spring-context-3.1.xsd, http://www.springframework.org/schema/util/spring-util-3.1.xsd=org/springframework/beans/factory/xml/spring-util-3.1.xsd, http://www.springframework.org/schema/lang/spring-lang-3.1.xsd=org/springframework/scripting/config/spring-lang-3.1.xsd, http://www.springframework.org/schema/cache/spring-cache-3.1.xsd=org/springframework/cache/config/spring-cache-3.1.xsd, http://www.springframework.org/schema/context/spring-context.xsd=org/springframework/context/config/spring-context-3.1.xsd, http://www.springframework.org/schema/jee/spring-jee.xsd=org/springframework/ejb/config/spring-jee-3.1.xsd, http://www.springframework.org/schema/aop/spring-aop-2.5.xsd=org/springframework/aop/config/spring-aop-2.5.xsd, http://www.springframework.org/schema/jdbc/spring-jdbc.xsd=org/springframework/jdbc/config/spring-jdbc-3.1.xsd, http://www.springframework.org/schema/aop/spring-aop-3.1.xsd=org/springframework/aop/config/spring-aop-3.1.xsd, http://www.springframework.org/schema/tx/spring-tx-2.0.xsd=org/springframework/transaction/config/spring-tx-2.0.xsd, http://www.springframework.org/schema/tx/spring-tx-3.0.xsd=org/springframework/transaction/config/spring-tx-3.0.xsd, http://www.springframework.org/schema/context/spring-context-3.0.xsd=org/springframework/context/config/spring-context-3.0.xsd, http://www.springframework.org/schema/tool/spring-tool.xsd=org/springframework/beans/factory/xml/spring-tool-3.1.xsd, http://www.springframework.org/schema/util/spring-util-3.0.xsd=org/springframework/beans/factory/xml/spring-util-3.0.xsd, http://www.alibaba.com/schema/stat.xsd=META-INF/stat.xsd, http://www.springframework.org/schema/lang/spring-lang-3.0.xsd=org/springframework/scripting/config/spring-lang-3.0.xsd, http://www.springframework.org/schema/util/spring-util-2.0.xsd=org/springframework/beans/factory/xml/spring-util-2.0.xsd, http://www.springframework.org/schema/lang/spring-lang-2.0.xsd=org/springframework/scripting/config/spring-lang-2.0.xsd, http://www.springframework.org/schema/beans/spring-beans-2.5.xsd=org/springframework/beans/factory/xml/spring-beans-2.5.xsd}
[DEBUG][2016-03-19 18:57:45,149][org.springframework.beans.factory.xml.PluggableSchemaResolver]Found XML schema [http://www.springframework.org/schema/beans/spring-beans-3.0.xsd] in classpath: org/springframework/beans/factory/xml/spring-beans-3.0.xsd
[DEBUG][2016-03-19 18:57:45,184][org.springframework.beans.factory.xml.PluggableSchemaResolver]Found XML schema [http://www.springframework.org/schema/context/spring-context-3.0.xsd] in classpath: org/springframework/context/config/spring-context-3.0.xsd
[DEBUG][2016-03-19 18:57:45,192][org.springframework.beans.factory.xml.PluggableSchemaResolver]Found XML schema [http://www.springframework.org/schema/tool/spring-tool-3.0.xsd] in classpath: org/springframework/beans/factory/xml/spring-tool-3.0.xsd
[DEBUG][2016-03-19 18:57:45,203][org.springframework.beans.factory.xml.DefaultBeanDefinitionDocumentReader]Loading bean definitions
[DEBUG][2016-03-19 18:57:45,216][org.springframework.beans.factory.xml.DefaultNamespaceHandlerResolver]Loaded NamespaceHandler mappings: {http://www.springframework.org/schema/p=org.springframework.beans.factory.xml.SimplePropertyNamespaceHandler, http://www.springframework.org/schema/util=org.springframework.beans.factory.xml.UtilNamespaceHandler, http://www.alibaba.com/schema/stat=com.alibaba.druid.support.spring.stat.config.DruidStatNamespaceHandler, http://www.springframework.org/schema/jee=org.springframework.ejb.config.JeeNamespaceHandler, http://www.springframework.org/schema/aop=org.springframework.aop.config.AopNamespaceHandler, http://www.springframework.org/schema/jdbc=org.springframework.jdbc.config.JdbcNamespaceHandler, http://www.springframework.org/schema/cache=org.springframework.cache.config.CacheNamespaceHandler, http://www.springframework.org/schema/c=org.springframework.beans.factory.xml.SimpleConstructorNamespaceHandler, http://www.springframework.org/schema/tx=org.springframework.transaction.config.TxNamespaceHandler, http://www.springframework.org/schema/task=org.springframework.scheduling.config.TaskNamespaceHandler, http://www.springframework.org/schema/lang=org.springframework.scripting.config.LangNamespaceHandler, http://www.springframework.org/schema/context=org.springframework.context.config.ContextNamespaceHandler}
[DEBUG][2016-03-19 18:57:45,235][org.springframework.core.io.support.PathMatchingResourcePatternResolver]Looking for matching resources in directory tree [D:\eclipse-workspace\test\target\classes\sy\service]
[DEBUG][2016-03-19 18:57:45,235][org.springframework.core.io.support.PathMatchingResourcePatternResolver]Searching directory [D:\eclipse-workspace\test\target\classes\sy\service] for files matching pattern [D:/eclipse-workspace/test/target/classes/sy/service/**/*.class]
[DEBUG][2016-03-19 18:57:45,237][org.springframework.core.io.support.PathMatchingResourcePatternResolver]Resolved location pattern [classpath*:sy/service/**/*.class] to resources [file [D:\eclipse-workspace\test\target\classes\sy\service\UserServiceI.class], file [D:\eclipse-workspace\test\target\classes\sy\service\UserServiceImpl.class]]
[DEBUG][2016-03-19 18:57:45,260][org.springframework.context.annotation.ClassPathBeanDefinitionScanner]Identified candidate component class: file [D:\eclipse-workspace\test\target\classes\sy\service\UserServiceImpl.class]
[DEBUG][2016-03-19 18:57:45,273][org.springframework.beans.factory.xml.XmlBeanDefinitionReader]Loaded 6 bean definitions from location pattern [classpath:spring.xml]
[INFO][2016-03-19 18:57:45,273][org.springframework.beans.factory.xml.XmlBeanDefinitionReader]Loading XML bean definitions from class path resource [spring-mybatis.xml]
[DEBUG][2016-03-19 18:57:45,275][org.springframework.beans.factory.xml.DefaultDocumentLoader]Using JAXP provider [com.sun.org.apache.xerces.internal.jaxp.DocumentBuilderFactoryImpl]
[DEBUG][2016-03-19 18:57:45,276][org.springframework.beans.factory.xml.PluggableSchemaResolver]Found XML schema [http://www.springframework.org/schema/beans/spring-beans-3.0.xsd] in classpath: org/springframework/beans/factory/xml/spring-beans-3.0.xsd
[DEBUG][2016-03-19 18:57:45,301][org.springframework.beans.factory.xml.PluggableSchemaResolver]Found XML schema [http://www.springframework.org/schema/tx/spring-tx-3.0.xsd] in classpath: org/springframework/transaction/config/spring-tx-3.0.xsd
[DEBUG][2016-03-19 18:57:45,305][org.springframework.beans.factory.xml.PluggableSchemaResolver]Found XML schema [http://www.springframework.org/schema/tool/spring-tool-3.0.xsd] in classpath: org/springframework/beans/factory/xml/spring-tool-3.0.xsd
[DEBUG][2016-03-19 18:57:45,311][org.springframework.beans.factory.xml.PluggableSchemaResolver]Found XML schema [http://www.springframework.org/schema/aop/spring-aop-3.0.xsd] in classpath: org/springframework/aop/config/spring-aop-3.0.xsd
[DEBUG][2016-03-19 18:57:45,319][org.springframework.beans.factory.xml.DefaultBeanDefinitionDocumentReader]Loading bean definitions
[DEBUG][2016-03-19 18:57:45,324][org.springframework.beans.factory.xml.BeanDefinitionParserDelegate]Neither XML 'id' nor 'name' specified - using generated bean name [org.mybatis.spring.mapper.MapperScannerConfigurer#0]
[DEBUG][2016-03-19 18:57:45,349][org.springframework.beans.factory.xml.XmlBeanDefinitionReader]Loaded 11 bean definitions from location pattern [classpath:spring-mybatis.xml]
[INFO][2016-03-19 18:57:45,351][org.springframework.context.support.GenericApplicationContext]Refreshing org.springframework.context.support.GenericApplicationContext@3057d6ee: startup date [Sat Mar 19 18:57:45 CST 2016]; root of context hierarchy
[DEBUG][2016-03-19 18:57:45,351][org.springframework.context.support.GenericApplicationContext]Bean factory for org.springframework.context.support.GenericApplicationContext@3057d6ee: org.springframework.beans.factory.support.DefaultListableBeanFactory@2d9b57ca: defining beans [userService,org.springframework.context.annotation.internalConfigurationAnnotationProcessor,org.springframework.context.annotation.internalAutowiredAnnotationProcessor,org.springframework.context.annotation.internalRequiredAnnotationProcessor,org.springframework.context.annotation.internalCommonAnnotationProcessor,org.springframework.beans.factory.config.PropertyPlaceholderConfigurer#0,dataSource,sqlSessionFactory,org.mybatis.spring.mapper.MapperScannerConfigurer#0,transactionManager,transactionAdvice,org.springframework.aop.config.internalAutoProxyCreator,transactionPointcut,org.springframework.aop.support.DefaultBeanFactoryPointcutAdvisor#0,druid-stat-interceptor,druid-stat-pointcut,org.springframework.aop.support.DefaultBeanFactoryPointcutAdvisor#1]; root of factory hierarchy
[DEBUG][2016-03-19 18:57:45,372][org.springframework.beans.factory.support.DefaultListableBeanFactory]Creating shared instance of singleton bean 'org.springframework.context.annotation.internalConfigurationAnnotationProcessor'
[DEBUG][2016-03-19 18:57:45,373][org.springframework.beans.factory.support.DefaultListableBeanFactory]Creating instance of bean 'org.springframework.context.annotation.internalConfigurationAnnotationProcessor'
[DEBUG][2016-03-19 18:57:45,387][org.springframework.beans.factory.support.DefaultListableBeanFactory]Eagerly caching bean 'org.springframework.context.annotation.internalConfigurationAnnotationProcessor' to allow for resolving potential circular references
[DEBUG][2016-03-19 18:57:45,387][org.springframework.beans.factory.support.DefaultListableBeanFactory]Finished creating instance of bean 'org.springframework.context.annotation.internalConfigurationAnnotationProcessor'
[DEBUG][2016-03-19 18:57:45,388][org.springframework.beans.factory.support.DefaultListableBeanFactory]Creating shared instance of singleton bean 'org.mybatis.spring.mapper.MapperScannerConfigurer#0'
[DEBUG][2016-03-19 18:57:45,388][org.springframework.beans.factory.support.DefaultListableBeanFactory]Creating instance of bean 'org.mybatis.spring.mapper.MapperScannerConfigurer#0'
[DEBUG][2016-03-19 18:57:45,388][org.springframework.beans.factory.support.DefaultListableBeanFactory]Eagerly caching bean 'org.mybatis.spring.mapper.MapperScannerConfigurer#0' to allow for resolving potential circular references
[DEBUG][2016-03-19 18:57:45,421][org.springframework.beans.factory.support.DefaultListableBeanFactory]Invoking afterPropertiesSet() on bean with name 'org.mybatis.spring.mapper.MapperScannerConfigurer#0'
[DEBUG][2016-03-19 18:57:45,421][org.springframework.beans.factory.support.DefaultListableBeanFactory]Finished creating instance of bean 'org.mybatis.spring.mapper.MapperScannerConfigurer#0'
[DEBUG][2016-03-19 18:57:45,452][org.springframework.test.context.support.DirtiesContextTestExecutionListener]After test class: context [[TestContext@24177697 testClass = TestUtil, testInstance = [null], testMethod = [null], testException = [null], mergedContextConfiguration = [MergedContextConfiguration@61ee30d2 testClass = TestUtil, locations = '{classpath:spring.xml, classpath:spring-mybatis.xml}', classes = '{}', contextInitializerClasses = '[]', activeProfiles = '{}', contextLoader = 'org.springframework.test.context.support.DelegatingSmartContextLoader', parent = [null]]]], dirtiesContext [false].
[DEBUG][2016-03-19 18:59:46,885][org.springframework.test.context.junit4.SpringJUnit4ClassRunner]SpringJUnit4ClassRunner constructor called with [class sy.test.TestUtil].
[DEBUG][2016-03-19 18:59:46,923][org.springframework.test.context.support.AbstractDelegatingSmartContextLoader]Delegating to GenericXmlContextLoader to process context configuration [ContextConfigurationAttributes@4428573f declaringClass = 'sy.test.TestUtil', classes = '{}', locations = '{classpath:spring.xml, classpath:spring-mybatis.xml}', inheritLocations = true, initializers = '{}', inheritInitializers = true, name = [null], contextLoaderClass = 'org.springframework.test.context.ContextLoader'].
[DEBUG][2016-03-19 18:59:46,925][org.springframework.test.context.ContextLoaderUtils]Could not find an 'annotation declaring class' for annotation type [org.springframework.test.context.ActiveProfiles] and class [sy.test.TestUtil]
[DEBUG][2016-03-19 18:59:46,926][org.springframework.test.context.TestContextManager]@TestExecutionListeners is not present for class [sy.test.TestUtil]: using defaults.
[INFO][2016-03-19 18:59:46,933][org.springframework.test.context.TestContextManager]Could not instantiate TestExecutionListener [org.springframework.test.context.web.ServletTestExecutionListener]. Specify custom listener classes or make the default listener classes (and their required dependencies) available. Offending class: [org/springframework/web/context/request/RequestAttributes]
[DEBUG][2016-03-19 18:59:46,944][org.springframework.test.annotation.ProfileValueUtils]Retrieved @ProfileValueSourceConfiguration [null] for test class [sy.test.TestUtil]
[DEBUG][2016-03-19 18:59:46,944][org.springframework.test.annotation.ProfileValueUtils]Retrieved ProfileValueSource type [class org.springframework.test.annotation.SystemProfileValueSource] for class [sy.test.TestUtil]
[DEBUG][2016-03-19 18:59:46,946][org.springframework.test.annotation.ProfileValueUtils]Retrieved @ProfileValueSourceConfiguration [null] for test class [sy.test.TestUtil]
[DEBUG][2016-03-19 18:59:46,946][org.springframework.test.annotation.ProfileValueUtils]Retrieved ProfileValueSource type [class org.springframework.test.annotation.SystemProfileValueSource] for class [sy.test.TestUtil]
[DEBUG][2016-03-19 18:59:46,956][org.springframework.test.annotation.ProfileValueUtils]Retrieved @ProfileValueSourceConfiguration [null] for test class [sy.test.TestUtil]
[DEBUG][2016-03-19 18:59:46,956][org.springframework.test.annotation.ProfileValueUtils]Retrieved ProfileValueSource type [class org.springframework.test.annotation.SystemProfileValueSource] for class [sy.test.TestUtil]
[DEBUG][2016-03-19 18:59:46,957][org.springframework.test.annotation.ProfileValueUtils]Retrieved @ProfileValueSourceConfiguration [null] for test class [sy.test.TestUtil]
[DEBUG][2016-03-19 18:59:46,957][org.springframework.test.annotation.ProfileValueUtils]Retrieved ProfileValueSource type [class org.springframework.test.annotation.SystemProfileValueSource] for class [sy.test.TestUtil]
[DEBUG][2016-03-19 18:59:46,958][org.springframework.test.annotation.ProfileValueUtils]Retrieved @ProfileValueSourceConfiguration [null] for test class [sy.test.TestUtil]
[DEBUG][2016-03-19 18:59:46,958][org.springframework.test.annotation.ProfileValueUtils]Retrieved ProfileValueSource type [class org.springframework.test.annotation.SystemProfileValueSource] for class [sy.test.TestUtil]
[DEBUG][2016-03-19 18:59:46,960][org.springframework.test.annotation.ProfileValueUtils]Retrieved @ProfileValueSourceConfiguration [null] for test class [sy.test.TestUtil]
[DEBUG][2016-03-19 18:59:46,961][org.springframework.test.annotation.ProfileValueUtils]Retrieved ProfileValueSource type [class org.springframework.test.annotation.SystemProfileValueSource] for class [sy.test.TestUtil]
[DEBUG][2016-03-19 18:59:46,963][org.springframework.test.context.support.DependencyInjectionTestExecutionListener]Performing dependency injection for test context [[TestContext@61ee30d2 testClass = TestUtil, testInstance = sy.test.TestUtil@5cc75d38, testMethod = [null], testException = [null], mergedContextConfiguration = [MergedContextConfiguration@24b9371e testClass = TestUtil, locations = '{classpath:spring.xml, classpath:spring-mybatis.xml}', classes = '{}', contextInitializerClasses = '[]', activeProfiles = '{}', contextLoader = 'org.springframework.test.context.support.DelegatingSmartContextLoader', parent = [null]]]].
[DEBUG][2016-03-19 18:59:46,963][org.springframework.test.context.support.AbstractDelegatingSmartContextLoader]Delegating to GenericXmlContextLoader to load context from [MergedContextConfiguration@24b9371e testClass = TestUtil, locations = '{classpath:spring.xml, classpath:spring-mybatis.xml}', classes = '{}', contextInitializerClasses = '[]', activeProfiles = '{}', contextLoader = 'org.springframework.test.context.support.DelegatingSmartContextLoader', parent = [null]].
[DEBUG][2016-03-19 18:59:46,963][org.springframework.test.context.support.AbstractGenericContextLoader]Loading ApplicationContext for merged context configuration [[MergedContextConfiguration@24b9371e testClass = TestUtil, locations = '{classpath:spring.xml, classpath:spring-mybatis.xml}', classes = '{}', contextInitializerClasses = '[]', activeProfiles = '{}', contextLoader = 'org.springframework.test.context.support.DelegatingSmartContextLoader', parent = [null]]].
[DEBUG][2016-03-19 18:59:47,003][org.springframework.core.env.StandardEnvironment]Adding [systemProperties] PropertySource with lowest search precedence
[DEBUG][2016-03-19 18:59:47,006][org.springframework.core.env.StandardEnvironment]Adding [systemEnvironment] PropertySource with lowest search precedence
[DEBUG][2016-03-19 18:59:47,006][org.springframework.core.env.StandardEnvironment]Initialized StandardEnvironment with PropertySources [systemProperties,systemEnvironment]
[DEBUG][2016-03-19 18:59:47,036][org.springframework.core.env.StandardEnvironment]Adding [systemProperties] PropertySource with lowest search precedence
[DEBUG][2016-03-19 18:59:47,036][org.springframework.core.env.StandardEnvironment]Adding [systemEnvironment] PropertySource with lowest search precedence
[DEBUG][2016-03-19 18:59:47,037][org.springframework.core.env.StandardEnvironment]Initialized StandardEnvironment with PropertySources [systemProperties,systemEnvironment]
[INFO][2016-03-19 18:59:47,043][org.springframework.beans.factory.xml.XmlBeanDefinitionReader]Loading XML bean definitions from class path resource [spring.xml]
[DEBUG][2016-03-19 18:59:47,059][org.springframework.beans.factory.xml.DefaultDocumentLoader]Using JAXP provider [com.sun.org.apache.xerces.internal.jaxp.DocumentBuilderFactoryImpl]
[DEBUG][2016-03-19 18:59:47,087][org.springframework.beans.factory.xml.PluggableSchemaResolver]Loading schema mappings from [META-INF/spring.schemas]
[DEBUG][2016-03-19 18:59:47,093][org.springframework.beans.factory.xml.PluggableSchemaResolver]Loaded schema mappings: {http://www.springframework.org/schema/util/spring-util.xsd=org/springframework/beans/factory/xml/spring-util-3.1.xsd, http://www.springframework.org/schema/task/spring-task.xsd=org/springframework/scheduling/config/spring-task-3.1.xsd, http://www.springframework.org/schema/beans/spring-beans-3.1.xsd=org/springframework/beans/factory/xml/spring-beans-3.1.xsd, http://www.springframework.org/schema/cache/spring-cache.xsd=org/springframework/cache/config/spring-cache-3.1.xsd, http://www.springframework.org/schema/aop/spring-aop-3.0.xsd=org/springframework/aop/config/spring-aop-3.0.xsd, http://www.springframework.org/schema/aop/spring-aop-2.0.xsd=org/springframework/aop/config/spring-aop-2.0.xsd, http://www.springframework.org/schema/task/spring-task-3.1.xsd=org/springframework/scheduling/config/spring-task-3.1.xsd, http://www.springframework.org/schema/tool/spring-tool-2.5.xsd=org/springframework/beans/factory/xml/spring-tool-2.5.xsd, http://www.springframework.org/schema/beans/spring-beans.xsd=org/springframework/beans/factory/xml/spring-beans-3.1.xsd, http://www.springframework.org/schema/jee/spring-jee-2.5.xsd=org/springframework/ejb/config/spring-jee-2.5.xsd, http://www.springframework.org/schema/jdbc/spring-jdbc-3.1.xsd=org/springframework/jdbc/config/spring-jdbc-3.1.xsd, http://www.springframework.org/schema/tool/spring-tool-3.1.xsd=org/springframework/beans/factory/xml/spring-tool-3.1.xsd, http://www.springframework.org/schema/aop/spring-aop.xsd=org/springframework/aop/config/spring-aop-3.1.xsd, http://www.springframework.org/schema/jee/spring-jee-3.1.xsd=org/springframework/ejb/config/spring-jee-3.1.xsd, http://www.springframework.org/schema/beans/spring-beans-2.0.xsd=org/springframework/beans/factory/xml/spring-beans-2.0.xsd, http://www.springframework.org/schema/beans/spring-beans-3.0.xsd=org/springframework/beans/factory/xml/spring-beans-3.0.xsd, http://www.springframework.org/schema/task/spring-task-3.0.xsd=org/springframework/scheduling/config/spring-task-3.0.xsd, http://www.springframework.org/schema/tx/spring-tx-2.5.xsd=org/springframework/transaction/config/spring-tx-2.5.xsd, http://www.springframework.org/schema/context/spring-context-2.5.xsd=org/springframework/context/config/spring-context-2.5.xsd, http://www.springframework.org/schema/jdbc/spring-jdbc-3.0.xsd=org/springframework/jdbc/config/spring-jdbc-3.0.xsd, http://www.springframework.org/schema/tool/spring-tool-3.0.xsd=org/springframework/beans/factory/xml/spring-tool-3.0.xsd, http://www.springframework.org/schema/lang/spring-lang.xsd=org/springframework/scripting/config/spring-lang-3.1.xsd, http://www.springframework.org/schema/tx/spring-tx.xsd=org/springframework/transaction/config/spring-tx-3.1.xsd, http://www.springframework.org/schema/tool/spring-tool-2.0.xsd=org/springframework/beans/factory/xml/spring-tool-2.0.xsd, http://www.springframework.org/schema/util/spring-util-2.5.xsd=org/springframework/beans/factory/xml/spring-util-2.5.xsd, http://www.springframework.org/schema/lang/spring-lang-2.5.xsd=org/springframework/scripting/config/spring-lang-2.5.xsd, http://www.springframework.org/schema/jee/spring-jee-3.0.xsd=org/springframework/ejb/config/spring-jee-3.0.xsd, http://www.springframework.org/schema/jee/spring-jee-2.0.xsd=org/springframework/ejb/config/spring-jee-2.0.xsd, http://www.springframework.org/schema/tx/spring-tx-3.1.xsd=org/springframework/transaction/config/spring-tx-3.1.xsd, http://www.springframework.org/schema/context/spring-context-3.1.xsd=org/springframework/context/config/spring-context-3.1.xsd, http://www.springframework.org/schema/util/spring-util-3.1.xsd=org/springframework/beans/factory/xml/spring-util-3.1.xsd, http://www.springframework.org/schema/lang/spring-lang-3.1.xsd=org/springframework/scripting/config/spring-lang-3.1.xsd, http://www.springframework.org/schema/cache/spring-cache-3.1.xsd=org/springframework/cache/config/spring-cache-3.1.xsd, http://www.springframework.org/schema/context/spring-context.xsd=org/springframework/context/config/spring-context-3.1.xsd, http://www.springframework.org/schema/jee/spring-jee.xsd=org/springframework/ejb/config/spring-jee-3.1.xsd, http://www.springframework.org/schema/aop/spring-aop-2.5.xsd=org/springframework/aop/config/spring-aop-2.5.xsd, http://www.springframework.org/schema/jdbc/spring-jdbc.xsd=org/springframework/jdbc/config/spring-jdbc-3.1.xsd, http://www.springframework.org/schema/aop/spring-aop-3.1.xsd=org/springframework/aop/config/spring-aop-3.1.xsd, http://www.springframework.org/schema/tx/spring-tx-2.0.xsd=org/springframework/transaction/config/spring-tx-2.0.xsd, http://www.springframework.org/schema/tx/spring-tx-3.0.xsd=org/springframework/transaction/config/spring-tx-3.0.xsd, http://www.springframework.org/schema/context/spring-context-3.0.xsd=org/springframework/context/config/spring-context-3.0.xsd, http://www.springframework.org/schema/tool/spring-tool.xsd=org/springframework/beans/factory/xml/spring-tool-3.1.xsd, http://www.springframework.org/schema/util/spring-util-3.0.xsd=org/springframework/beans/factory/xml/spring-util-3.0.xsd, http://www.alibaba.com/schema/stat.xsd=META-INF/stat.xsd, http://www.springframework.org/schema/lang/spring-lang-3.0.xsd=org/springframework/scripting/config/spring-lang-3.0.xsd, http://www.springframework.org/schema/util/spring-util-2.0.xsd=org/springframework/beans/factory/xml/spring-util-2.0.xsd, http://www.springframework.org/schema/lang/spring-lang-2.0.xsd=org/springframework/scripting/config/spring-lang-2.0.xsd, http://www.springframework.org/schema/beans/spring-beans-2.5.xsd=org/springframework/beans/factory/xml/spring-beans-2.5.xsd}
[DEBUG][2016-03-19 18:59:47,094][org.springframework.beans.factory.xml.PluggableSchemaResolver]Found XML schema [http://www.springframework.org/schema/beans/spring-beans-3.0.xsd] in classpath: org/springframework/beans/factory/xml/spring-beans-3.0.xsd
[DEBUG][2016-03-19 18:59:47,128][org.springframework.beans.factory.xml.PluggableSchemaResolver]Found XML schema [http://www.springframework.org/schema/context/spring-context-3.0.xsd] in classpath: org/springframework/context/config/spring-context-3.0.xsd
[DEBUG][2016-03-19 18:59:47,139][org.springframework.beans.factory.xml.PluggableSchemaResolver]Found XML schema [http://www.springframework.org/schema/tool/spring-tool-3.0.xsd] in classpath: org/springframework/beans/factory/xml/spring-tool-3.0.xsd
[DEBUG][2016-03-19 18:59:47,151][org.springframework.beans.factory.xml.DefaultBeanDefinitionDocumentReader]Loading bean definitions
[DEBUG][2016-03-19 18:59:47,162][org.springframework.beans.factory.xml.DefaultNamespaceHandlerResolver]Loaded NamespaceHandler mappings: {http://www.springframework.org/schema/p=org.springframework.beans.factory.xml.SimplePropertyNamespaceHandler, http://www.springframework.org/schema/util=org.springframework.beans.factory.xml.UtilNamespaceHandler, http://www.alibaba.com/schema/stat=com.alibaba.druid.support.spring.stat.config.DruidStatNamespaceHandler, http://www.springframework.org/schema/jee=org.springframework.ejb.config.JeeNamespaceHandler, http://www.springframework.org/schema/aop=org.springframework.aop.config.AopNamespaceHandler, http://www.springframework.org/schema/jdbc=org.springframework.jdbc.config.JdbcNamespaceHandler, http://www.springframework.org/schema/cache=org.springframework.cache.config.CacheNamespaceHandler, http://www.springframework.org/schema/c=org.springframework.beans.factory.xml.SimpleConstructorNamespaceHandler, http://www.springframework.org/schema/tx=org.springframework.transaction.config.TxNamespaceHandler, http://www.springframework.org/schema/task=org.springframework.scheduling.config.TaskNamespaceHandler, http://www.springframework.org/schema/lang=org.springframework.scripting.config.LangNamespaceHandler, http://www.springframework.org/schema/context=org.springframework.context.config.ContextNamespaceHandler}
[DEBUG][2016-03-19 18:59:47,182][org.springframework.core.io.support.PathMatchingResourcePatternResolver]Looking for matching resources in directory tree [D:\eclipse-workspace\test\target\classes\sy\service]
[DEBUG][2016-03-19 18:59:47,182][org.springframework.core.io.support.PathMatchingResourcePatternResolver]Searching directory [D:\eclipse-workspace\test\target\classes\sy\service] for files matching pattern [D:/eclipse-workspace/test/target/classes/sy/service/**/*.class]
[DEBUG][2016-03-19 18:59:47,186][org.springframework.core.io.support.PathMatchingResourcePatternResolver]Resolved location pattern [classpath*:sy/service/**/*.class] to resources [file [D:\eclipse-workspace\test\target\classes\sy\service\UserServiceI.class], file [D:\eclipse-workspace\test\target\classes\sy\service\UserServiceImpl.class]]
[DEBUG][2016-03-19 18:59:47,210][org.springframework.context.annotation.ClassPathBeanDefinitionScanner]Identified candidate component class: file [D:\eclipse-workspace\test\target\classes\sy\service\UserServiceImpl.class]
[DEBUG][2016-03-19 18:59:47,223][org.springframework.beans.factory.xml.XmlBeanDefinitionReader]Loaded 6 bean definitions from location pattern [classpath:spring.xml]
[INFO][2016-03-19 18:59:47,223][org.springframework.beans.factory.xml.XmlBeanDefinitionReader]Loading XML bean definitions from class path resource [spring-mybatis.xml]
[DEBUG][2016-03-19 18:59:47,225][org.springframework.beans.factory.xml.DefaultDocumentLoader]Using JAXP provider [com.sun.org.apache.xerces.internal.jaxp.DocumentBuilderFactoryImpl]
[DEBUG][2016-03-19 18:59:47,227][org.springframework.beans.factory.xml.PluggableSchemaResolver]Found XML schema [http://www.springframework.org/schema/beans/spring-beans-3.0.xsd] in classpath: org/springframework/beans/factory/xml/spring-beans-3.0.xsd
[DEBUG][2016-03-19 18:59:47,247][org.springframework.beans.factory.xml.PluggableSchemaResolver]Found XML schema [http://www.springframework.org/schema/tx/spring-tx-3.0.xsd] in classpath: org/springframework/transaction/config/spring-tx-3.0.xsd
[DEBUG][2016-03-19 18:59:47,251][org.springframework.beans.factory.xml.PluggableSchemaResolver]Found XML schema [http://www.springframework.org/schema/tool/spring-tool-3.0.xsd] in classpath: org/springframework/beans/factory/xml/spring-tool-3.0.xsd
[DEBUG][2016-03-19 18:59:47,258][org.springframework.beans.factory.xml.PluggableSchemaResolver]Found XML schema [http://www.springframework.org/schema/aop/spring-aop-3.0.xsd] in classpath: org/springframework/aop/config/spring-aop-3.0.xsd
[DEBUG][2016-03-19 18:59:47,266][org.springframework.beans.factory.xml.DefaultBeanDefinitionDocumentReader]Loading bean definitions
[DEBUG][2016-03-19 18:59:47,272][org.springframework.beans.factory.xml.BeanDefinitionParserDelegate]Neither XML 'id' nor 'name' specified - using generated bean name [org.mybatis.spring.mapper.MapperScannerConfigurer#0]
[DEBUG][2016-03-19 18:59:47,295][org.springframework.beans.factory.xml.XmlBeanDefinitionReader]Loaded 11 bean definitions from location pattern [classpath:spring-mybatis.xml]
[INFO][2016-03-19 18:59:47,298][org.springframework.context.support.GenericApplicationContext]Refreshing org.springframework.context.support.GenericApplicationContext@7ab32609: startup date [Sat Mar 19 18:59:47 CST 2016]; root of context hierarchy
[DEBUG][2016-03-19 18:59:47,298][org.springframework.context.support.GenericApplicationContext]Bean factory for org.springframework.context.support.GenericApplicationContext@7ab32609: org.springframework.beans.factory.support.DefaultListableBeanFactory@29fd28da: defining beans [userService,org.springframework.context.annotation.internalConfigurationAnnotationProcessor,org.springframework.context.annotation.internalAutowiredAnnotationProcessor,org.springframework.context.annotation.internalRequiredAnnotationProcessor,org.springframework.context.annotation.internalCommonAnnotationProcessor,org.springframework.beans.factory.config.PropertyPlaceholderConfigurer#0,dataSource,sqlSessionFactory,org.mybatis.spring.mapper.MapperScannerConfigurer#0,transactionManager,transactionAdvice,org.springframework.aop.config.internalAutoProxyCreator,transactionPointcut,org.springframework.aop.support.DefaultBeanFactoryPointcutAdvisor#0,druid-stat-interceptor,druid-stat-pointcut,org.springframework.aop.support.DefaultBeanFactoryPointcutAdvisor#1]; root of factory hierarchy
[DEBUG][2016-03-19 18:59:47,320][org.springframework.beans.factory.support.DefaultListableBeanFactory]Creating shared instance of singleton bean 'org.springframework.context.annotation.internalConfigurationAnnotationProcessor'
[DEBUG][2016-03-19 18:59:47,321][org.springframework.beans.factory.support.DefaultListableBeanFactory]Creating instance of bean 'org.springframework.context.annotation.internalConfigurationAnnotationProcessor'
[DEBUG][2016-03-19 18:59:47,339][org.springframework.beans.factory.support.DefaultListableBeanFactory]Eagerly caching bean 'org.springframework.context.annotation.internalConfigurationAnnotationProcessor' to allow for resolving potential circular references
[DEBUG][2016-03-19 18:59:47,341][org.springframework.beans.factory.support.DefaultListableBeanFactory]Finished creating instance of bean 'org.springframework.context.annotation.internalConfigurationAnnotationProcessor'
[DEBUG][2016-03-19 18:59:47,341][org.springframework.beans.factory.support.DefaultListableBeanFactory]Creating shared instance of singleton bean 'org.mybatis.spring.mapper.MapperScannerConfigurer#0'
[DEBUG][2016-03-19 18:59:47,341][org.springframework.beans.factory.support.DefaultListableBeanFactory]Creating instance of bean 'org.mybatis.spring.mapper.MapperScannerConfigurer#0'
[DEBUG][2016-03-19 18:59:47,341][org.springframework.beans.factory.support.DefaultListableBeanFactory]Eagerly caching bean 'org.mybatis.spring.mapper.MapperScannerConfigurer#0' to allow for resolving potential circular references
[DEBUG][2016-03-19 18:59:47,378][org.springframework.beans.factory.support.DefaultListableBeanFactory]Invoking afterPropertiesSet() on bean with name 'org.mybatis.spring.mapper.MapperScannerConfigurer#0'
[DEBUG][2016-03-19 18:59:47,378][org.springframework.beans.factory.support.DefaultListableBeanFactory]Finished creating instance of bean 'org.mybatis.spring.mapper.MapperScannerConfigurer#0'
[DEBUG][2016-03-19 18:59:47,428][org.springframework.core.env.StandardEnvironment]Adding [systemProperties] PropertySource with lowest search precedence
[DEBUG][2016-03-19 18:59:47,428][org.springframework.core.env.StandardEnvironment]Adding [systemEnvironment] PropertySource with lowest search precedence
[DEBUG][2016-03-19 18:59:47,429][org.springframework.core.env.StandardEnvironment]Initialized StandardEnvironment with PropertySources [systemProperties,systemEnvironment]
[DEBUG][2016-03-19 18:59:47,430][org.springframework.core.io.support.PathMatchingResourcePatternResolver]Looking for matching resources in directory tree [D:\eclipse-workspace\test\target\classes\sy\dao]
[DEBUG][2016-03-19 18:59:47,431][org.springframework.core.io.support.PathMatchingResourcePatternResolver]Searching directory [D:\eclipse-workspace\test\target\classes\sy\dao] for files matching pattern [D:/eclipse-workspace/test/target/classes/sy/dao/**/*.class]
[DEBUG][2016-03-19 18:59:47,431][org.springframework.core.io.support.PathMatchingResourcePatternResolver]Resolved location pattern [classpath*:sy/dao/**/*.class] to resources [file [D:\eclipse-workspace\test\target\classes\sy\dao\UserMapper.class]]
[DEBUG][2016-03-19 18:59:47,432][org.mybatis.spring.mapper.MapperScannerConfigurer$Scanner]Identified candidate component class: file [D:\eclipse-workspace\test\target\classes\sy\dao\UserMapper.class]
[DEBUG][2016-03-19 18:59:47,432][org.mybatis.spring.mapper.MapperScannerConfigurer$Scanner]Creating MapperFactoryBean with name 'userMapper' and 'sy.dao.UserMapper' mapperInterface
[DEBUG][2016-03-19 18:59:47,434][org.springframework.beans.factory.support.DefaultListableBeanFactory]Creating shared instance of singleton bean 'org.springframework.beans.factory.config.PropertyPlaceholderConfigurer#0'
[DEBUG][2016-03-19 18:59:47,434][org.springframework.beans.factory.support.DefaultListableBeanFactory]Creating instance of bean 'org.springframework.beans.factory.config.PropertyPlaceholderConfigurer#0'
[DEBUG][2016-03-19 18:59:47,436][org.springframework.beans.factory.support.DefaultListableBeanFactory]Eagerly caching bean 'org.springframework.beans.factory.config.PropertyPlaceholderConfigurer#0' to allow for resolving potential circular references
[DEBUG][2016-03-19 18:59:47,446][org.springframework.beans.factory.support.DefaultListableBeanFactory]Finished creating instance of bean 'org.springframework.beans.factory.config.PropertyPlaceholderConfigurer#0'
[INFO][2016-03-19 18:59:47,446][org.springframework.beans.factory.config.PropertyPlaceholderConfigurer]Loading properties file from class path resource [config.properties]
[DEBUG][2016-03-19 18:59:47,453][org.springframework.beans.factory.support.DefaultListableBeanFactory]Creating shared instance of singleton bean 'org.springframework.context.annotation.internalAutowiredAnnotationProcessor'
[DEBUG][2016-03-19 18:59:47,453][org.springframework.beans.factory.support.DefaultListableBeanFactory]Creating instance of bean 'org.springframework.context.annotation.internalAutowiredAnnotationProcessor'
[DEBUG][2016-03-19 18:59:47,454][org.springframework.beans.factory.support.DefaultListableBeanFactory]Eagerly caching bean 'org.springframework.context.annotation.internalAutowiredAnnotationProcessor' to allow for resolving potential circular references
[DEBUG][2016-03-19 18:59:47,454][org.springframework.beans.factory.support.DefaultListableBeanFactory]Finished creating instance of bean 'org.springframework.context.annotation.internalAutowiredAnnotationProcessor'
[DEBUG][2016-03-19 18:59:47,454][org.springframework.beans.factory.support.DefaultListableBeanFactory]Creating shared instance of singleton bean 'org.springframework.context.annotation.internalRequiredAnnotationProcessor'
[DEBUG][2016-03-19 18:59:47,454][org.springframework.beans.factory.support.DefaultListableBeanFactory]Creating instance of bean 'org.springframework.context.annotation.internalRequiredAnnotationProcessor'
[DEBUG][2016-03-19 18:59:47,455][org.springframework.beans.factory.support.DefaultListableBeanFactory]Eagerly caching bean 'org.springframework.context.annotation.internalRequiredAnnotationProcessor' to allow for resolving potential circular references
[DEBUG][2016-03-19 18:59:47,455][org.springframework.beans.factory.support.DefaultListableBeanFactory]Finished creating instance of bean 'org.springframework.context.annotation.internalRequiredAnnotationProcessor'
[DEBUG][2016-03-19 18:59:47,455][org.springframework.beans.factory.support.DefaultListableBeanFactory]Creating shared instance of singleton bean 'org.springframework.context.annotation.internalCommonAnnotationProcessor'
[DEBUG][2016-03-19 18:59:47,455][org.springframework.beans.factory.support.DefaultListableBeanFactory]Creating instance of bean 'org.springframework.context.annotation.internalCommonAnnotationProcessor'
[DEBUG][2016-03-19 18:59:47,459][org.springframework.beans.factory.support.DefaultListableBeanFactory]Eagerly caching bean 'org.springframework.context.annotation.internalCommonAnnotationProcessor' to allow for resolving potential circular references
[DEBUG][2016-03-19 18:59:47,460][org.springframework.beans.factory.support.DefaultListableBeanFactory]Finished creating instance of bean 'org.springframework.context.annotation.internalCommonAnnotationProcessor'
[DEBUG][2016-03-19 18:59:47,460][org.springframework.beans.factory.support.DefaultListableBeanFactory]Creating shared instance of singleton bean 'org.springframework.context.annotation.ConfigurationClassPostProcessor$ImportAwareBeanPostProcessor#0'
[DEBUG][2016-03-19 18:59:47,460][org.springframework.beans.factory.support.DefaultListableBeanFactory]Creating instance of bean 'org.springframework.context.annotation.ConfigurationClassPostProcessor$ImportAwareBeanPostProcessor#0'
[DEBUG][2016-03-19 18:59:47,460][org.springframework.beans.factory.support.DefaultListableBeanFactory]Eagerly caching bean 'org.springframework.context.annotation.ConfigurationClassPostProcessor$ImportAwareBeanPostProcessor#0' to allow for resolving potential circular references
[DEBUG][2016-03-19 18:59:47,460][org.springframework.beans.factory.support.DefaultListableBeanFactory]Finished creating instance of bean 'org.springframework.context.annotation.ConfigurationClassPostProcessor$ImportAwareBeanPostProcessor#0'
[DEBUG][2016-03-19 18:59:47,460][org.springframework.beans.factory.support.DefaultListableBeanFactory]Creating shared instance of singleton bean 'org.springframework.aop.config.internalAutoProxyCreator'
[DEBUG][2016-03-19 18:59:47,460][org.springframework.beans.factory.support.DefaultListableBeanFactory]Creating instance of bean 'org.springframework.aop.config.internalAutoProxyCreator'
[DEBUG][2016-03-19 18:59:47,467][org.springframework.beans.factory.support.DefaultListableBeanFactory]Eagerly caching bean 'org.springframework.aop.config.internalAutoProxyCreator' to allow for resolving potential circular references
[DEBUG][2016-03-19 18:59:47,481][org.springframework.beans.factory.support.DefaultListableBeanFactory]Finished creating instance of bean 'org.springframework.aop.config.internalAutoProxyCreator'
[DEBUG][2016-03-19 18:59:47,484][org.springframework.context.support.GenericApplicationContext]Unable to locate MessageSource with name 'messageSource': using default [org.springframework.context.support.DelegatingMessageSource@981f674]
[DEBUG][2016-03-19 18:59:47,486][org.springframework.context.support.GenericApplicationContext]Unable to locate ApplicationEventMulticaster with name 'applicationEventMulticaster': using default [org.springframework.context.event.SimpleApplicationEventMulticaster@2ef5774e]
[INFO][2016-03-19 18:59:47,488][org.springframework.beans.factory.support.DefaultListableBeanFactory]Pre-instantiating singletons in org.springframework.beans.factory.support.DefaultListableBeanFactory@29fd28da: defining beans [userService,org.springframework.context.annotation.internalConfigurationAnnotationProcessor,org.springframework.context.annotation.internalAutowiredAnnotationProcessor,org.springframework.context.annotation.internalRequiredAnnotationProcessor,org.springframework.context.annotation.internalCommonAnnotationProcessor,org.springframework.beans.factory.config.PropertyPlaceholderConfigurer#0,dataSource,sqlSessionFactory,org.mybatis.spring.mapper.MapperScannerConfigurer#0,transactionManager,transactionAdvice,org.springframework.aop.config.internalAutoProxyCreator,transactionPointcut,org.springframework.aop.support.DefaultBeanFactoryPointcutAdvisor#0,druid-stat-interceptor,druid-stat-pointcut,org.springframework.aop.support.DefaultBeanFactoryPointcutAdvisor#1,org.springframework.context.annotation.ConfigurationClassPostProcessor$ImportAwareBeanPostProcessor#0,userMapper]; root of factory hierarchy
[DEBUG][2016-03-19 18:59:47,489][org.springframework.beans.factory.support.DefaultListableBeanFactory]Creating shared instance of singleton bean 'userService'
[DEBUG][2016-03-19 18:59:47,489][org.springframework.beans.factory.support.DefaultListableBeanFactory]Creating instance of bean 'userService'
[DEBUG][2016-03-19 18:59:47,490][org.springframework.beans.factory.support.DefaultListableBeanFactory]Creating shared instance of singleton bean 'org.springframework.aop.support.DefaultBeanFactoryPointcutAdvisor#0'
[DEBUG][2016-03-19 18:59:47,490][org.springframework.beans.factory.support.DefaultListableBeanFactory]Creating instance of bean 'org.springframework.aop.support.DefaultBeanFactoryPointcutAdvisor#0'
[DEBUG][2016-03-19 18:59:47,491][org.springframework.beans.factory.support.DefaultListableBeanFactory]Eagerly caching bean 'org.springframework.aop.support.DefaultBeanFactoryPointcutAdvisor#0' to allow for resolving potential circular references
[DEBUG][2016-03-19 18:59:47,497][org.springframework.beans.factory.support.DefaultListableBeanFactory]Creating instance of bean 'transactionPointcut'
[DEBUG][2016-03-19 18:59:47,504][org.springframework.beans.factory.support.DefaultListableBeanFactory]Finished creating instance of bean 'transactionPointcut'
[DEBUG][2016-03-19 18:59:47,504][org.springframework.beans.factory.support.DefaultListableBeanFactory]Finished creating instance of bean 'org.springframework.aop.support.DefaultBeanFactoryPointcutAdvisor#0'
[DEBUG][2016-03-19 18:59:47,504][org.springframework.beans.factory.support.DefaultListableBeanFactory]Creating shared instance of singleton bean 'org.springframework.aop.support.DefaultBeanFactoryPointcutAdvisor#1'
[DEBUG][2016-03-19 18:59:47,504][org.springframework.beans.factory.support.DefaultListableBeanFactory]Creating instance of bean 'org.springframework.aop.support.DefaultBeanFactoryPointcutAdvisor#1'
[DEBUG][2016-03-19 18:59:47,505][org.springframework.beans.factory.support.DefaultListableBeanFactory]Eagerly caching bean 'org.springframework.aop.support.DefaultBeanFactoryPointcutAdvisor#1' to allow for resolving potential circular references
[DEBUG][2016-03-19 18:59:47,505][org.springframework.beans.factory.support.DefaultListableBeanFactory]Creating instance of bean 'druid-stat-pointcut'
[DEBUG][2016-03-19 18:59:47,505][org.springframework.beans.factory.support.DefaultListableBeanFactory]Returning cached instance of singleton bean 'org.springframework.aop.support.DefaultBeanFactoryPointcutAdvisor#0'
[DEBUG][2016-03-19 18:59:47,521][org.springframework.beans.factory.support.DefaultListableBeanFactory]Returning cached instance of singleton bean 'org.springframework.aop.support.DefaultBeanFactoryPointcutAdvisor#0'
[DEBUG][2016-03-19 18:59:47,521][org.springframework.beans.factory.support.DefaultListableBeanFactory]Returning cached instance of singleton bean 'org.springframework.aop.support.DefaultBeanFactoryPointcutAdvisor#0'
[DEBUG][2016-03-19 18:59:47,649][org.springframework.beans.factory.support.DefaultListableBeanFactory]Finished creating instance of bean 'druid-stat-pointcut'
[DEBUG][2016-03-19 18:59:47,649][org.springframework.beans.factory.support.DefaultListableBeanFactory]Finished creating instance of bean 'org.springframework.aop.support.DefaultBeanFactoryPointcutAdvisor#1'
[DEBUG][2016-03-19 18:59:47,654][org.springframework.beans.factory.annotation.InjectionMetadata]Found injected element on class [sy.service.UserServiceImpl]: AutowiredMethodElement for public void sy.service.UserServiceImpl.setUserMapper(sy.dao.UserMapper)
[DEBUG][2016-03-19 18:59:47,654][org.springframework.beans.factory.support.DefaultListableBeanFactory]Eagerly caching bean 'userService' to allow for resolving potential circular references
[DEBUG][2016-03-19 18:59:47,654][org.springframework.beans.factory.annotation.InjectionMetadata]Processing injected method of bean 'userService': AutowiredMethodElement for public void sy.service.UserServiceImpl.setUserMapper(sy.dao.UserMapper)
[DEBUG][2016-03-19 18:59:47,655][org.springframework.beans.factory.support.DefaultListableBeanFactory]Returning cached instance of singleton bean 'org.springframework.aop.support.DefaultBeanFactoryPointcutAdvisor#0'
[DEBUG][2016-03-19 18:59:47,655][org.springframework.beans.factory.support.DefaultListableBeanFactory]Returning cached instance of singleton bean 'org.springframework.aop.support.DefaultBeanFactoryPointcutAdvisor#1'
[DEBUG][2016-03-19 18:59:47,658][org.apache.ibatis.logging.LogFactory]Logging initialized using 'class org.apache.ibatis.logging.commons.JakartaCommonsLoggingImpl' adapter.
[DEBUG][2016-03-19 18:59:47,661][org.springframework.beans.factory.support.DefaultListableBeanFactory]Returning cached instance of singleton bean 'org.springframework.aop.support.DefaultBeanFactoryPointcutAdvisor#0'
[DEBUG][2016-03-19 18:59:47,661][org.springframework.beans.factory.support.DefaultListableBeanFactory]Returning cached instance of singleton bean 'org.springframework.aop.support.DefaultBeanFactoryPointcutAdvisor#1'
[DEBUG][2016-03-19 18:59:47,662][org.springframework.beans.factory.support.DefaultListableBeanFactory]Creating shared instance of singleton bean 'userMapper'
[DEBUG][2016-03-19 18:59:47,662][org.springframework.beans.factory.support.DefaultListableBeanFactory]Creating instance of bean 'userMapper'
[DEBUG][2016-03-19 18:59:47,666][org.springframework.beans.factory.annotation.InjectionMetadata]Found injected element on class [org.mybatis.spring.mapper.MapperFactoryBean]: AutowiredMethodElement for public final void org.mybatis.spring.support.SqlSessionDaoSupport.setSqlSessionTemplate(org.mybatis.spring.SqlSessionTemplate)
[DEBUG][2016-03-19 18:59:47,666][org.springframework.beans.factory.annotation.InjectionMetadata]Found injected element on class [org.mybatis.spring.mapper.MapperFactoryBean]: AutowiredMethodElement for public final void org.mybatis.spring.support.SqlSessionDaoSupport.setSqlSessionFactory(org.apache.ibatis.session.SqlSessionFactory)
[DEBUG][2016-03-19 18:59:47,666][org.springframework.beans.factory.support.DefaultListableBeanFactory]Eagerly caching bean 'userMapper' to allow for resolving potential circular references
[DEBUG][2016-03-19 18:59:47,671][org.springframework.beans.factory.annotation.InjectionMetadata]Processing injected method of bean 'userMapper': AutowiredMethodElement for public final void org.mybatis.spring.support.SqlSessionDaoSupport.setSqlSessionTemplate(org.mybatis.spring.SqlSessionTemplate)
[DEBUG][2016-03-19 18:59:47,672][org.springframework.beans.factory.support.DefaultListableBeanFactory]Returning cached instance of singleton bean 'org.springframework.aop.support.DefaultBeanFactoryPointcutAdvisor#0'
[DEBUG][2016-03-19 18:59:47,672][org.springframework.beans.factory.support.DefaultListableBeanFactory]Returning cached instance of singleton bean 'org.springframework.aop.support.DefaultBeanFactoryPointcutAdvisor#1'
[DEBUG][2016-03-19 18:59:47,672][org.springframework.beans.factory.support.DefaultListableBeanFactory]Returning cached instance of singleton bean 'org.springframework.aop.support.DefaultBeanFactoryPointcutAdvisor#0'
[DEBUG][2016-03-19 18:59:47,672][org.springframework.beans.factory.support.DefaultListableBeanFactory]Returning cached instance of singleton bean 'org.springframework.aop.support.DefaultBeanFactoryPointcutAdvisor#1'
[DEBUG][2016-03-19 18:59:47,678][org.springframework.beans.factory.support.DefaultListableBeanFactory]Returning eagerly cached instance of singleton bean 'userMapper' that is not fully initialized yet - a consequence of a circular reference
[DEBUG][2016-03-19 18:59:47,678][org.springframework.beans.factory.annotation.InjectionMetadata]Processing injected method of bean 'userMapper': AutowiredMethodElement for public final void org.mybatis.spring.support.SqlSessionDaoSupport.setSqlSessionFactory(org.apache.ibatis.session.SqlSessionFactory)
[DEBUG][2016-03-19 18:59:47,678][org.springframework.beans.factory.support.DefaultListableBeanFactory]Creating shared instance of singleton bean 'sqlSessionFactory'
[DEBUG][2016-03-19 18:59:47,678][org.springframework.beans.factory.support.DefaultListableBeanFactory]Creating instance of bean 'sqlSessionFactory'
[DEBUG][2016-03-19 18:59:47,680][org.springframework.beans.factory.support.DefaultListableBeanFactory]Eagerly caching bean 'sqlSessionFactory' to allow for resolving potential circular references
[DEBUG][2016-03-19 18:59:47,684][org.springframework.beans.factory.support.DefaultListableBeanFactory]Creating shared instance of singleton bean 'dataSource'
[DEBUG][2016-03-19 18:59:47,684][org.springframework.beans.factory.support.DefaultListableBeanFactory]Creating instance of bean 'dataSource'
[DEBUG][2016-03-19 18:59:47,684][org.springframework.beans.factory.support.DefaultListableBeanFactory]Returning cached instance of singleton bean 'org.springframework.aop.support.DefaultBeanFactoryPointcutAdvisor#0'
[DEBUG][2016-03-19 18:59:47,684][org.springframework.beans.factory.support.DefaultListableBeanFactory]Returning cached instance of singleton bean 'org.springframework.aop.support.DefaultBeanFactoryPointcutAdvisor#1'
[DEBUG][2016-03-19 18:59:47,707][org.springframework.beans.factory.support.DefaultListableBeanFactory]Eagerly caching bean 'dataSource' to allow for resolving potential circular references
[ERROR][2016-03-19 18:59:48,026][com.alibaba.druid.pool.DruidAbstractDataSource]maxIdle is deprecated
[DEBUG][2016-03-19 18:59:48,049][org.springframework.beans.factory.support.DefaultListableBeanFactory]Invoking init method  'init' on bean with name 'dataSource'
[ERROR][2016-03-19 18:59:48,088][com.alibaba.druid.pool.DruidDataSource]{dataSource-1} init error
java.sql.SQLException: com.mysql.jdbc.Driver
	at com.alibaba.druid.util.JdbcUtils.createDriver(JdbcUtils.java:546)
	at com.alibaba.druid.pool.DruidDataSource.init(DruidDataSource.java:648)
	at sun.reflect.NativeMethodAccessorImpl.invoke0(Native Method)
	at sun.reflect.NativeMethodAccessorImpl.invoke(NativeMethodAccessorImpl.java:57)
	at sun.reflect.DelegatingMethodAccessorImpl.invoke(DelegatingMethodAccessorImpl.java:43)
	at java.lang.reflect.Method.invoke(Method.java:606)
	at org.springframework.beans.factory.support.AbstractAutowireCapableBeanFactory.invokeCustomInitMethod(AbstractAutowireCapableBeanFactory.java:1581)
	at org.springframework.beans.factory.support.AbstractAutowireCapableBeanFactory.invokeInitMethods(AbstractAutowireCapableBeanFactory.java:1522)
	at org.springframework.beans.factory.support.AbstractAutowireCapableBeanFactory.initializeBean(AbstractAutowireCapableBeanFactory.java:1452)
	at org.springframework.beans.factory.support.AbstractAutowireCapableBeanFactory.doCreateBean(AbstractAutowireCapableBeanFactory.java:519)
	at org.springframework.beans.factory.support.AbstractAutowireCapableBeanFactory.createBean(AbstractAutowireCapableBeanFactory.java:456)
	at org.springframework.beans.factory.support.AbstractBeanFactory$1.getObject(AbstractBeanFactory.java:294)
	at org.springframework.beans.factory.support.DefaultSingletonBeanRegistry.getSingleton(DefaultSingletonBeanRegistry.java:225)
	at org.springframework.beans.factory.support.AbstractBeanFactory.doGetBean(AbstractBeanFactory.java:291)
	at org.springframework.beans.factory.support.AbstractBeanFactory.getBean(AbstractBeanFactory.java:193)
	at org.springframework.beans.factory.support.BeanDefinitionValueResolver.resolveReference(BeanDefinitionValueResolver.java:322)
	at org.springframework.beans.factory.support.BeanDefinitionValueResolver.resolveValueIfNecessary(BeanDefinitionValueResolver.java:106)
	at org.springframework.beans.factory.support.AbstractAutowireCapableBeanFactory.applyPropertyValues(AbstractAutowireCapableBeanFactory.java:1360)
	at org.springframework.beans.factory.support.AbstractAutowireCapableBeanFactory.populateBean(AbstractAutowireCapableBeanFactory.java:1118)
	at org.springframework.beans.factory.support.AbstractAutowireCapableBeanFactory.doCreateBean(AbstractAutowireCapableBeanFactory.java:517)
	at org.springframework.beans.factory.support.AbstractAutowireCapableBeanFactory.createBean(AbstractAutowireCapableBeanFactory.java:456)
	at org.springframework.beans.factory.support.AbstractBeanFactory$1.getObject(AbstractBeanFactory.java:294)
	at org.springframework.beans.factory.support.DefaultSingletonBeanRegistry.getSingleton(DefaultSingletonBeanRegistry.java:225)
	at org.springframework.beans.factory.support.AbstractBeanFactory.doGetBean(AbstractBeanFactory.java:291)
	at org.springframework.beans.factory.support.AbstractBeanFactory.getBean(AbstractBeanFactory.java:193)
	at org.springframework.beans.factory.support.BeanDefinitionValueResolver.resolveReference(BeanDefinitionValueResolver.java:322)
	at org.springframework.beans.factory.support.BeanDefinitionValueResolver.resolveValueIfNecessary(BeanDefinitionValueResolver.java:106)
	at org.springframework.beans.factory.support.AbstractAutowireCapableBeanFactory.applyPropertyValues(AbstractAutowireCapableBeanFactory.java:1360)
	at org.springframework.beans.factory.support.AbstractAutowireCapableBeanFactory.populateBean(AbstractAutowireCapableBeanFactory.java:1118)
	at org.springframework.beans.factory.support.AbstractAutowireCapableBeanFactory.doCreateBean(AbstractAutowireCapableBeanFactory.java:517)
	at org.springframework.beans.factory.support.AbstractAutowireCapableBeanFactory.createBean(AbstractAutowireCapableBeanFactory.java:456)
	at org.springframework.beans.factory.support.AbstractBeanFactory$1.getObject(AbstractBeanFactory.java:294)
	at org.springframework.beans.factory.support.DefaultSingletonBeanRegistry.getSingleton(DefaultSingletonBeanRegistry.java:225)
	at org.springframework.beans.factory.support.AbstractBeanFactory.doGetBean(AbstractBeanFactory.java:291)
	at org.springframework.beans.factory.support.AbstractBeanFactory.getTypeForFactoryBean(AbstractBeanFactory.java:1356)
	at org.springframework.beans.factory.support.AbstractAutowireCapableBeanFactory.getTypeForFactoryBean(AbstractAutowireCapableBeanFactory.java:710)
	at org.springframework.beans.factory.support.AbstractBeanFactory.isTypeMatch(AbstractBeanFactory.java:519)
	at org.springframework.beans.factory.support.DefaultListableBeanFactory.getBeanNamesForType(DefaultListableBeanFactory.java:319)
	at org.springframework.beans.factory.BeanFactoryUtils.beanNamesForTypeIncludingAncestors(BeanFactoryUtils.java:185)
	at org.springframework.beans.factory.support.DefaultListableBeanFactory.findAutowireCandidates(DefaultListableBeanFactory.java:833)
	at org.springframework.beans.factory.support.DefaultListableBeanFactory.doResolveDependency(DefaultListableBeanFactory.java:790)
	at org.springframework.beans.factory.support.DefaultListableBeanFactory.resolveDependency(DefaultListableBeanFactory.java:707)
	at org.springframework.beans.factory.annotation.AutowiredAnnotationBeanPostProcessor$AutowiredMethodElement.inject(AutowiredAnnotationBeanPostProcessor.java:551)
	at org.springframework.beans.factory.annotation.InjectionMetadata.inject(InjectionMetadata.java:87)
	at org.springframework.beans.factory.annotation.AutowiredAnnotationBeanPostProcessor.postProcessPropertyValues(AutowiredAnnotationBeanPostProcessor.java:284)
	at org.springframework.beans.factory.support.AbstractAutowireCapableBeanFactory.populateBean(AbstractAutowireCapableBeanFactory.java:1106)
	at org.springframework.beans.factory.support.AbstractAutowireCapableBeanFactory.doCreateBean(AbstractAutowireCapableBeanFactory.java:517)
	at org.springframework.beans.factory.support.AbstractAutowireCapableBeanFactory.createBean(AbstractAutowireCapableBeanFactory.java:456)
	at org.springframework.beans.factory.support.AbstractBeanFactory$1.getObject(AbstractBeanFactory.java:294)
	at org.springframework.beans.factory.support.DefaultSingletonBeanRegistry.getSingleton(DefaultSingletonBeanRegistry.java:225)
	at org.springframework.beans.factory.support.AbstractBeanFactory.doGetBean(AbstractBeanFactory.java:291)
	at org.springframework.beans.factory.support.AbstractBeanFactory.getBean(AbstractBeanFactory.java:193)
	at org.springframework.beans.factory.support.DefaultListableBeanFactory.preInstantiateSingletons(DefaultListableBeanFactory.java:585)
	at org.springframework.context.support.AbstractApplicationContext.finishBeanFactoryInitialization(AbstractApplicationContext.java:913)
	at org.springframework.context.support.AbstractApplicationContext.refresh(AbstractApplicationContext.java:464)
	at org.springframework.test.context.support.AbstractGenericContextLoader.loadContext(AbstractGenericContextLoader.java:120)
	at org.springframework.test.context.support.AbstractGenericContextLoader.loadContext(AbstractGenericContextLoader.java:60)
	at org.springframework.test.context.support.AbstractDelegatingSmartContextLoader.delegateLoading(AbstractDelegatingSmartContextLoader.java:102)
	at org.springframework.test.context.support.AbstractDelegatingSmartContextLoader.loadContext(AbstractDelegatingSmartContextLoader.java:246)
	at org.springframework.test.context.CacheAwareContextLoaderDelegate.loadContextInternal(CacheAwareContextLoaderDelegate.java:69)
	at org.springframework.test.context.CacheAwareContextLoaderDelegate.loadContext(CacheAwareContextLoaderDelegate.java:95)
	at org.springframework.test.context.TestContext.getApplicationContext(TestContext.java:122)
	at org.springframework.test.context.support.DependencyInjectionTestExecutionListener.injectDependencies(DependencyInjectionTestExecutionListener.java:109)
	at org.springframework.test.context.support.DependencyInjectionTestExecutionListener.prepareTestInstance(DependencyInjectionTestExecutionListener.java:75)
	at org.springframework.test.context.TestContextManager.prepareTestInstance(TestContextManager.java:321)
	at org.springframework.test.context.junit4.SpringJUnit4ClassRunner.createTest(SpringJUnit4ClassRunner.java:211)
	at org.springframework.test.context.junit4.SpringJUnit4ClassRunner$1.runReflectiveCall(SpringJUnit4ClassRunner.java:288)
	at org.junit.internal.runners.model.ReflectiveCallable.run(ReflectiveCallable.java:12)
	at org.springframework.test.context.junit4.SpringJUnit4ClassRunner.methodBlock(SpringJUnit4ClassRunner.java:284)
	at org.springframework.test.context.junit4.SpringJUnit4ClassRunner.runChild(SpringJUnit4ClassRunner.java:231)
	at org.springframework.test.context.junit4.SpringJUnit4ClassRunner.runChild(SpringJUnit4ClassRunner.java:88)
	at org.junit.runners.ParentRunner$3.run(ParentRunner.java:290)
	at org.junit.runners.ParentRunner$1.schedule(ParentRunner.java:71)
	at org.junit.runners.ParentRunner.runChildren(ParentRunner.java:288)
	at org.junit.runners.ParentRunner.access$000(ParentRunner.java:58)
	at org.junit.runners.ParentRunner$2.evaluate(ParentRunner.java:268)
	at org.springframework.test.context.junit4.statements.RunBeforeTestClassCallbacks.evaluate(RunBeforeTestClassCallbacks.java:61)
	at org.springframework.test.context.junit4.statements.RunAfterTestClassCallbacks.evaluate(RunAfterTestClassCallbacks.java:71)
	at org.junit.runners.ParentRunner.run(ParentRunner.java:363)
	at org.springframework.test.context.junit4.SpringJUnit4ClassRunner.run(SpringJUnit4ClassRunner.java:174)
	at org.eclipse.jdt.internal.junit4.runner.JUnit4TestReference.run(JUnit4TestReference.java:86)
	at org.eclipse.jdt.internal.junit.runner.TestExecution.run(TestExecution.java:38)
	at org.eclipse.jdt.internal.junit.runner.RemoteTestRunner.runTests(RemoteTestRunner.java:459)
	at org.eclipse.jdt.internal.junit.runner.RemoteTestRunner.runTests(RemoteTestRunner.java:675)
	at org.eclipse.jdt.internal.junit.runner.RemoteTestRunner.run(RemoteTestRunner.java:382)
	at org.eclipse.jdt.internal.junit.runner.RemoteTestRunner.main(RemoteTestRunner.java:192)
Caused by: java.lang.ClassNotFoundException: com.mysql.jdbc.Driver
	at java.net.URLClassLoader$1.run(URLClassLoader.java:366)
	at java.net.URLClassLoader$1.run(URLClassLoader.java:355)
	at java.security.AccessController.doPrivileged(Native Method)
	at java.net.URLClassLoader.findClass(URLClassLoader.java:354)
	at java.lang.ClassLoader.loadClass(ClassLoader.java:425)
	at sun.misc.Launcher$AppClassLoader.loadClass(Launcher.java:308)
	at java.lang.ClassLoader.loadClass(ClassLoader.java:358)
	at java.lang.Class.forName0(Native Method)
	at java.lang.Class.forName(Class.java:191)
	at com.alibaba.druid.util.JdbcUtils.createDriver(JdbcUtils.java:544)
	... 85 more
[DEBUG][2016-03-19 18:59:48,094][org.springframework.beans.factory.support.DefaultListableBeanFactory]Ignoring bean creation exception on FactoryBean type check: org.springframework.beans.factory.BeanCreationException: Error creating bean with name 'userMapper' defined in file [D:\eclipse-workspace\test\target\classes\sy\dao\UserMapper.class]: Cannot resolve reference to bean 'sqlSessionFactory' while setting bean property 'sqlSessionFactory'; nested exception is org.springframework.beans.factory.BeanCreationException: Error creating bean with name 'sqlSessionFactory' defined in class path resource [spring-mybatis.xml]: Cannot resolve reference to bean 'dataSource' while setting bean property 'dataSource'; nested exception is org.springframework.beans.factory.BeanCreationException: Error creating bean with name 'dataSource' defined in class path resource [spring-mybatis.xml]: Invocation of init method failed; nested exception is java.sql.SQLException: com.mysql.jdbc.Driver
[INFO][2016-03-19 18:59:48,094][org.springframework.beans.factory.support.DefaultListableBeanFactory]Destroying singletons in org.springframework.beans.factory.support.DefaultListableBeanFactory@29fd28da: defining beans [userService,org.springframework.context.annotation.internalConfigurationAnnotationProcessor,org.springframework.context.annotation.internalAutowiredAnnotationProcessor,org.springframework.context.annotation.internalRequiredAnnotationProcessor,org.springframework.context.annotation.internalCommonAnnotationProcessor,org.springframework.beans.factory.config.PropertyPlaceholderConfigurer#0,dataSource,sqlSessionFactory,org.mybatis.spring.mapper.MapperScannerConfigurer#0,transactionManager,transactionAdvice,org.springframework.aop.config.internalAutoProxyCreator,transactionPointcut,org.springframework.aop.support.DefaultBeanFactoryPointcutAdvisor#0,druid-stat-interceptor,druid-stat-pointcut,org.springframework.aop.support.DefaultBeanFactoryPointcutAdvisor#1,org.springframework.context.annotation.ConfigurationClassPostProcessor$ImportAwareBeanPostProcessor#0,userMapper]; root of factory hierarchy
[ERROR][2016-03-19 18:59:48,095][org.springframework.test.context.TestContextManager]Caught exception while allowing TestExecutionListener [org.springframework.test.context.support.DependencyInjectionTestExecutionListener@5680e480] to prepare test instance [sy.test.TestUtil@5cc75d38]
java.lang.IllegalStateException: Failed to load ApplicationContext
	at org.springframework.test.context.CacheAwareContextLoaderDelegate.loadContext(CacheAwareContextLoaderDelegate.java:103)
	at org.springframework.test.context.TestContext.getApplicationContext(TestContext.java:122)
	at org.springframework.test.context.support.DependencyInjectionTestExecutionListener.injectDependencies(DependencyInjectionTestExecutionListener.java:109)
	at org.springframework.test.context.support.DependencyInjectionTestExecutionListener.prepareTestInstance(DependencyInjectionTestExecutionListener.java:75)
	at org.springframework.test.context.TestContextManager.prepareTestInstance(TestContextManager.java:321)
	at org.springframework.test.context.junit4.SpringJUnit4ClassRunner.createTest(SpringJUnit4ClassRunner.java:211)
	at org.springframework.test.context.junit4.SpringJUnit4ClassRunner$1.runReflectiveCall(SpringJUnit4ClassRunner.java:288)
	at org.junit.internal.runners.model.ReflectiveCallable.run(ReflectiveCallable.java:12)
	at org.springframework.test.context.junit4.SpringJUnit4ClassRunner.methodBlock(SpringJUnit4ClassRunner.java:284)
	at org.springframework.test.context.junit4.SpringJUnit4ClassRunner.runChild(SpringJUnit4ClassRunner.java:231)
	at org.springframework.test.context.junit4.SpringJUnit4ClassRunner.runChild(SpringJUnit4ClassRunner.java:88)
	at org.junit.runners.ParentRunner$3.run(ParentRunner.java:290)
	at org.junit.runners.ParentRunner$1.schedule(ParentRunner.java:71)
	at org.junit.runners.ParentRunner.runChildren(ParentRunner.java:288)
	at org.junit.runners.ParentRunner.access$000(ParentRunner.java:58)
	at org.junit.runners.ParentRunner$2.evaluate(ParentRunner.java:268)
	at org.springframework.test.context.junit4.statements.RunBeforeTestClassCallbacks.evaluate(RunBeforeTestClassCallbacks.java:61)
	at org.springframework.test.context.junit4.statements.RunAfterTestClassCallbacks.evaluate(RunAfterTestClassCallbacks.java:71)
	at org.junit.runners.ParentRunner.run(ParentRunner.java:363)
	at org.springframework.test.context.junit4.SpringJUnit4ClassRunner.run(SpringJUnit4ClassRunner.java:174)
	at org.eclipse.jdt.internal.junit4.runner.JUnit4TestReference.run(JUnit4TestReference.java:86)
	at org.eclipse.jdt.internal.junit.runner.TestExecution.run(TestExecution.java:38)
	at org.eclipse.jdt.internal.junit.runner.RemoteTestRunner.runTests(RemoteTestRunner.java:459)
	at org.eclipse.jdt.internal.junit.runner.RemoteTestRunner.runTests(RemoteTestRunner.java:675)
	at org.eclipse.jdt.internal.junit.runner.RemoteTestRunner.run(RemoteTestRunner.java:382)
	at org.eclipse.jdt.internal.junit.runner.RemoteTestRunner.main(RemoteTestRunner.java:192)
Caused by: org.springframework.beans.factory.BeanCreationException: Error creating bean with name 'userService': Injection of autowired dependencies failed; nested exception is org.springframework.beans.factory.BeanCreationException: Could not autowire method: public void sy.service.UserServiceImpl.setUserMapper(sy.dao.UserMapper); nested exception is org.springframework.beans.factory.NoSuchBeanDefinitionException: No matching bean of type [sy.dao.UserMapper] found for dependency: expected at least 1 bean which qualifies as autowire candidate for this dependency. Dependency annotations: {}
Related cause: org.springframework.beans.factory.BeanCreationException: Error creating bean with name 'userMapper' defined in file [D:\eclipse-workspace\test\target\classes\sy\dao\UserMapper.class]: Cannot resolve reference to bean 'sqlSessionFactory' while setting bean property 'sqlSessionFactory'; nested exception is org.springframework.beans.factory.BeanCreationException: Error creating bean with name 'sqlSessionFactory' defined in class path resource [spring-mybatis.xml]: Cannot resolve reference to bean 'dataSource' while setting bean property 'dataSource'; nested exception is org.springframework.beans.factory.BeanCreationException: Error creating bean with name 'dataSource' defined in class path resource [spring-mybatis.xml]: Invocation of init method failed; nested exception is java.sql.SQLException: com.mysql.jdbc.Driver
	at org.springframework.beans.factory.annotation.AutowiredAnnotationBeanPostProcessor.postProcessPropertyValues(AutowiredAnnotationBeanPostProcessor.java:287)
	at org.springframework.beans.factory.support.AbstractAutowireCapableBeanFactory.populateBean(AbstractAutowireCapableBeanFactory.java:1106)
	at org.springframework.beans.factory.support.AbstractAutowireCapableBeanFactory.doCreateBean(AbstractAutowireCapableBeanFactory.java:517)
	at org.springframework.beans.factory.support.AbstractAutowireCapableBeanFactory.createBean(AbstractAutowireCapableBeanFactory.java:456)
	at org.springframework.beans.factory.support.AbstractBeanFactory$1.getObject(AbstractBeanFactory.java:294)
	at org.springframework.beans.factory.support.DefaultSingletonBeanRegistry.getSingleton(DefaultSingletonBeanRegistry.java:225)
	at org.springframework.beans.factory.support.AbstractBeanFactory.doGetBean(AbstractBeanFactory.java:291)
	at org.springframework.beans.factory.support.AbstractBeanFactory.getBean(AbstractBeanFactory.java:193)
	at org.springframework.beans.factory.support.DefaultListableBeanFactory.preInstantiateSingletons(DefaultListableBeanFactory.java:585)
	at org.springframework.context.support.AbstractApplicationContext.finishBeanFactoryInitialization(AbstractApplicationContext.java:913)
	at org.springframework.context.support.AbstractApplicationContext.refresh(AbstractApplicationContext.java:464)
	at org.springframework.test.context.support.AbstractGenericContextLoader.loadContext(AbstractGenericContextLoader.java:120)
	at org.springframework.test.context.support.AbstractGenericContextLoader.loadContext(AbstractGenericContextLoader.java:60)
	at org.springframework.test.context.support.AbstractDelegatingSmartContextLoader.delegateLoading(AbstractDelegatingSmartContextLoader.java:102)
	at org.springframework.test.context.support.AbstractDelegatingSmartContextLoader.loadContext(AbstractDelegatingSmartContextLoader.java:246)
	at org.springframework.test.context.CacheAwareContextLoaderDelegate.loadContextInternal(CacheAwareContextLoaderDelegate.java:69)
	at org.springframework.test.context.CacheAwareContextLoaderDelegate.loadContext(CacheAwareContextLoaderDelegate.java:95)
	... 25 more
Caused by: org.springframework.beans.factory.BeanCreationException: Could not autowire method: public void sy.service.UserServiceImpl.setUserMapper(sy.dao.UserMapper); nested exception is org.springframework.beans.factory.NoSuchBeanDefinitionException: No matching bean of type [sy.dao.UserMapper] found for dependency: expected at least 1 bean which qualifies as autowire candidate for this dependency. Dependency annotations: {}
	at org.springframework.beans.factory.annotation.AutowiredAnnotationBeanPostProcessor$AutowiredMethodElement.inject(AutowiredAnnotationBeanPostProcessor.java:593)
	at org.springframework.beans.factory.annotation.InjectionMetadata.inject(InjectionMetadata.java:87)
	at org.springframework.beans.factory.annotation.AutowiredAnnotationBeanPostProcessor.postProcessPropertyValues(AutowiredAnnotationBeanPostProcessor.java:284)
	... 41 more
Caused by: org.springframework.beans.factory.NoSuchBeanDefinitionException: No matching bean of type [sy.dao.UserMapper] found for dependency: expected at least 1 bean which qualifies as autowire candidate for this dependency. Dependency annotations: {}
	at org.springframework.beans.factory.support.DefaultListableBeanFactory.raiseNoSuchBeanDefinitionException(DefaultListableBeanFactory.java:924)
	at org.springframework.beans.factory.support.DefaultListableBeanFactory.doResolveDependency(DefaultListableBeanFactory.java:793)
	at org.springframework.beans.factory.support.DefaultListableBeanFactory.resolveDependency(DefaultListableBeanFactory.java:707)
	at org.springframework.beans.factory.annotation.AutowiredAnnotationBeanPostProcessor$AutowiredMethodElement.inject(AutowiredAnnotationBeanPostProcessor.java:551)
	... 43 more
[DEBUG][2016-03-19 18:59:48,099][org.springframework.test.context.support.DirtiesContextTestExecutionListener]After test class: context [[TestContext@61ee30d2 testClass = TestUtil, testInstance = [null], testMethod = [null], testException = [null], mergedContextConfiguration = [MergedContextConfiguration@24b9371e testClass = TestUtil, locations = '{classpath:spring.xml, classpath:spring-mybatis.xml}', classes = '{}', contextInitializerClasses = '[]', activeProfiles = '{}', contextLoader = 'org.springframework.test.context.support.DelegatingSmartContextLoader', parent = [null]]]], dirtiesContext [false].
[DEBUG][2016-03-19 19:04:13,314][org.springframework.test.context.junit4.SpringJUnit4ClassRunner]SpringJUnit4ClassRunner constructor called with [class sy.test.TestUtil].
[DEBUG][2016-03-19 19:04:13,356][org.springframework.test.context.support.AbstractDelegatingSmartContextLoader]Delegating to GenericXmlContextLoader to process context configuration [ContextConfigurationAttributes@65a601b0 declaringClass = 'sy.test.TestUtil', classes = '{}', locations = '{classpath:spring.xml, classpath:spring-mybatis.xml}', inheritLocations = true, initializers = '{}', inheritInitializers = true, name = [null], contextLoaderClass = 'org.springframework.test.context.ContextLoader'].
[DEBUG][2016-03-19 19:04:13,358][org.springframework.test.context.ContextLoaderUtils]Could not find an 'annotation declaring class' for annotation type [org.springframework.test.context.ActiveProfiles] and class [sy.test.TestUtil]
[DEBUG][2016-03-19 19:04:13,361][org.springframework.test.context.TestContextManager]@TestExecutionListeners is not present for class [sy.test.TestUtil]: using defaults.
[INFO][2016-03-19 19:04:13,368][org.springframework.test.context.TestContextManager]Could not instantiate TestExecutionListener [org.springframework.test.context.web.ServletTestExecutionListener]. Specify custom listener classes or make the default listener classes (and their required dependencies) available. Offending class: [org/springframework/web/context/request/RequestAttributes]
[DEBUG][2016-03-19 19:04:13,379][org.springframework.test.annotation.ProfileValueUtils]Retrieved @ProfileValueSourceConfiguration [null] for test class [sy.test.TestUtil]
[DEBUG][2016-03-19 19:04:13,379][org.springframework.test.annotation.ProfileValueUtils]Retrieved ProfileValueSource type [class org.springframework.test.annotation.SystemProfileValueSource] for class [sy.test.TestUtil]
[DEBUG][2016-03-19 19:04:13,380][org.springframework.test.annotation.ProfileValueUtils]Retrieved @ProfileValueSourceConfiguration [null] for test class [sy.test.TestUtil]
[DEBUG][2016-03-19 19:04:13,381][org.springframework.test.annotation.ProfileValueUtils]Retrieved ProfileValueSource type [class org.springframework.test.annotation.SystemProfileValueSource] for class [sy.test.TestUtil]
[DEBUG][2016-03-19 19:04:13,391][org.springframework.test.annotation.ProfileValueUtils]Retrieved @ProfileValueSourceConfiguration [null] for test class [sy.test.TestUtil]
[DEBUG][2016-03-19 19:04:13,391][org.springframework.test.annotation.ProfileValueUtils]Retrieved ProfileValueSource type [class org.springframework.test.annotation.SystemProfileValueSource] for class [sy.test.TestUtil]
[DEBUG][2016-03-19 19:04:13,392][org.springframework.test.annotation.ProfileValueUtils]Retrieved @ProfileValueSourceConfiguration [null] for test class [sy.test.TestUtil]
[DEBUG][2016-03-19 19:04:13,392][org.springframework.test.annotation.ProfileValueUtils]Retrieved ProfileValueSource type [class org.springframework.test.annotation.SystemProfileValueSource] for class [sy.test.TestUtil]
[DEBUG][2016-03-19 19:04:13,393][org.springframework.test.annotation.ProfileValueUtils]Retrieved @ProfileValueSourceConfiguration [null] for test class [sy.test.TestUtil]
[DEBUG][2016-03-19 19:04:13,393][org.springframework.test.annotation.ProfileValueUtils]Retrieved ProfileValueSource type [class org.springframework.test.annotation.SystemProfileValueSource] for class [sy.test.TestUtil]
[DEBUG][2016-03-19 19:04:13,394][org.springframework.test.annotation.ProfileValueUtils]Retrieved @ProfileValueSourceConfiguration [null] for test class [sy.test.TestUtil]
[DEBUG][2016-03-19 19:04:13,394][org.springframework.test.annotation.ProfileValueUtils]Retrieved ProfileValueSource type [class org.springframework.test.annotation.SystemProfileValueSource] for class [sy.test.TestUtil]
[DEBUG][2016-03-19 19:04:13,396][org.springframework.test.context.support.DependencyInjectionTestExecutionListener]Performing dependency injection for test context [[TestContext@24177697 testClass = TestUtil, testInstance = sy.test.TestUtil@6ac604, testMethod = [null], testException = [null], mergedContextConfiguration = [MergedContextConfiguration@61ee30d2 testClass = TestUtil, locations = '{classpath:spring.xml, classpath:spring-mybatis.xml}', classes = '{}', contextInitializerClasses = '[]', activeProfiles = '{}', contextLoader = 'org.springframework.test.context.support.DelegatingSmartContextLoader', parent = [null]]]].
[DEBUG][2016-03-19 19:04:13,397][org.springframework.test.context.support.AbstractDelegatingSmartContextLoader]Delegating to GenericXmlContextLoader to load context from [MergedContextConfiguration@61ee30d2 testClass = TestUtil, locations = '{classpath:spring.xml, classpath:spring-mybatis.xml}', classes = '{}', contextInitializerClasses = '[]', activeProfiles = '{}', contextLoader = 'org.springframework.test.context.support.DelegatingSmartContextLoader', parent = [null]].
[DEBUG][2016-03-19 19:04:13,397][org.springframework.test.context.support.AbstractGenericContextLoader]Loading ApplicationContext for merged context configuration [[MergedContextConfiguration@61ee30d2 testClass = TestUtil, locations = '{classpath:spring.xml, classpath:spring-mybatis.xml}', classes = '{}', contextInitializerClasses = '[]', activeProfiles = '{}', contextLoader = 'org.springframework.test.context.support.DelegatingSmartContextLoader', parent = [null]]].
[DEBUG][2016-03-19 19:04:13,439][org.springframework.core.env.StandardEnvironment]Adding [systemProperties] PropertySource with lowest search precedence
[DEBUG][2016-03-19 19:04:13,441][org.springframework.core.env.StandardEnvironment]Adding [systemEnvironment] PropertySource with lowest search precedence
[DEBUG][2016-03-19 19:04:13,441][org.springframework.core.env.StandardEnvironment]Initialized StandardEnvironment with PropertySources [systemProperties,systemEnvironment]
[DEBUG][2016-03-19 19:04:13,473][org.springframework.core.env.StandardEnvironment]Adding [systemProperties] PropertySource with lowest search precedence
[DEBUG][2016-03-19 19:04:13,474][org.springframework.core.env.StandardEnvironment]Adding [systemEnvironment] PropertySource with lowest search precedence
[DEBUG][2016-03-19 19:04:13,474][org.springframework.core.env.StandardEnvironment]Initialized StandardEnvironment with PropertySources [systemProperties,systemEnvironment]
[INFO][2016-03-19 19:04:13,480][org.springframework.beans.factory.xml.XmlBeanDefinitionReader]Loading XML bean definitions from class path resource [spring.xml]
[DEBUG][2016-03-19 19:04:13,496][org.springframework.beans.factory.xml.DefaultDocumentLoader]Using JAXP provider [com.sun.org.apache.xerces.internal.jaxp.DocumentBuilderFactoryImpl]
[DEBUG][2016-03-19 19:04:13,524][org.springframework.beans.factory.xml.PluggableSchemaResolver]Loading schema mappings from [META-INF/spring.schemas]
[DEBUG][2016-03-19 19:04:13,530][org.springframework.beans.factory.xml.PluggableSchemaResolver]Loaded schema mappings: {http://www.springframework.org/schema/util/spring-util.xsd=org/springframework/beans/factory/xml/spring-util-3.1.xsd, http://www.springframework.org/schema/task/spring-task.xsd=org/springframework/scheduling/config/spring-task-3.1.xsd, http://www.springframework.org/schema/beans/spring-beans-3.1.xsd=org/springframework/beans/factory/xml/spring-beans-3.1.xsd, http://www.springframework.org/schema/cache/spring-cache.xsd=org/springframework/cache/config/spring-cache-3.1.xsd, http://www.springframework.org/schema/aop/spring-aop-3.0.xsd=org/springframework/aop/config/spring-aop-3.0.xsd, http://www.springframework.org/schema/aop/spring-aop-2.0.xsd=org/springframework/aop/config/spring-aop-2.0.xsd, http://www.springframework.org/schema/task/spring-task-3.1.xsd=org/springframework/scheduling/config/spring-task-3.1.xsd, http://www.springframework.org/schema/tool/spring-tool-2.5.xsd=org/springframework/beans/factory/xml/spring-tool-2.5.xsd, http://www.springframework.org/schema/beans/spring-beans.xsd=org/springframework/beans/factory/xml/spring-beans-3.1.xsd, http://www.springframework.org/schema/jee/spring-jee-2.5.xsd=org/springframework/ejb/config/spring-jee-2.5.xsd, http://www.springframework.org/schema/jdbc/spring-jdbc-3.1.xsd=org/springframework/jdbc/config/spring-jdbc-3.1.xsd, http://www.springframework.org/schema/tool/spring-tool-3.1.xsd=org/springframework/beans/factory/xml/spring-tool-3.1.xsd, http://www.springframework.org/schema/aop/spring-aop.xsd=org/springframework/aop/config/spring-aop-3.1.xsd, http://www.springframework.org/schema/jee/spring-jee-3.1.xsd=org/springframework/ejb/config/spring-jee-3.1.xsd, http://www.springframework.org/schema/beans/spring-beans-2.0.xsd=org/springframework/beans/factory/xml/spring-beans-2.0.xsd, http://www.springframework.org/schema/beans/spring-beans-3.0.xsd=org/springframework/beans/factory/xml/spring-beans-3.0.xsd, http://www.springframework.org/schema/task/spring-task-3.0.xsd=org/springframework/scheduling/config/spring-task-3.0.xsd, http://www.springframework.org/schema/tx/spring-tx-2.5.xsd=org/springframework/transaction/config/spring-tx-2.5.xsd, http://www.springframework.org/schema/context/spring-context-2.5.xsd=org/springframework/context/config/spring-context-2.5.xsd, http://www.springframework.org/schema/jdbc/spring-jdbc-3.0.xsd=org/springframework/jdbc/config/spring-jdbc-3.0.xsd, http://www.springframework.org/schema/tool/spring-tool-3.0.xsd=org/springframework/beans/factory/xml/spring-tool-3.0.xsd, http://www.springframework.org/schema/lang/spring-lang.xsd=org/springframework/scripting/config/spring-lang-3.1.xsd, http://www.springframework.org/schema/tx/spring-tx.xsd=org/springframework/transaction/config/spring-tx-3.1.xsd, http://www.springframework.org/schema/tool/spring-tool-2.0.xsd=org/springframework/beans/factory/xml/spring-tool-2.0.xsd, http://www.springframework.org/schema/util/spring-util-2.5.xsd=org/springframework/beans/factory/xml/spring-util-2.5.xsd, http://www.springframework.org/schema/lang/spring-lang-2.5.xsd=org/springframework/scripting/config/spring-lang-2.5.xsd, http://www.springframework.org/schema/jee/spring-jee-3.0.xsd=org/springframework/ejb/config/spring-jee-3.0.xsd, http://www.springframework.org/schema/jee/spring-jee-2.0.xsd=org/springframework/ejb/config/spring-jee-2.0.xsd, http://www.springframework.org/schema/tx/spring-tx-3.1.xsd=org/springframework/transaction/config/spring-tx-3.1.xsd, http://www.springframework.org/schema/context/spring-context-3.1.xsd=org/springframework/context/config/spring-context-3.1.xsd, http://www.springframework.org/schema/util/spring-util-3.1.xsd=org/springframework/beans/factory/xml/spring-util-3.1.xsd, http://www.springframework.org/schema/lang/spring-lang-3.1.xsd=org/springframework/scripting/config/spring-lang-3.1.xsd, http://www.springframework.org/schema/cache/spring-cache-3.1.xsd=org/springframework/cache/config/spring-cache-3.1.xsd, http://www.springframework.org/schema/context/spring-context.xsd=org/springframework/context/config/spring-context-3.1.xsd, http://www.springframework.org/schema/jee/spring-jee.xsd=org/springframework/ejb/config/spring-jee-3.1.xsd, http://www.springframework.org/schema/aop/spring-aop-2.5.xsd=org/springframework/aop/config/spring-aop-2.5.xsd, http://www.springframework.org/schema/jdbc/spring-jdbc.xsd=org/springframework/jdbc/config/spring-jdbc-3.1.xsd, http://www.springframework.org/schema/aop/spring-aop-3.1.xsd=org/springframework/aop/config/spring-aop-3.1.xsd, http://www.springframework.org/schema/tx/spring-tx-2.0.xsd=org/springframework/transaction/config/spring-tx-2.0.xsd, http://www.springframework.org/schema/tx/spring-tx-3.0.xsd=org/springframework/transaction/config/spring-tx-3.0.xsd, http://www.springframework.org/schema/context/spring-context-3.0.xsd=org/springframework/context/config/spring-context-3.0.xsd, http://www.springframework.org/schema/tool/spring-tool.xsd=org/springframework/beans/factory/xml/spring-tool-3.1.xsd, http://www.springframework.org/schema/util/spring-util-3.0.xsd=org/springframework/beans/factory/xml/spring-util-3.0.xsd, http://www.alibaba.com/schema/stat.xsd=META-INF/stat.xsd, http://www.springframework.org/schema/lang/spring-lang-3.0.xsd=org/springframework/scripting/config/spring-lang-3.0.xsd, http://www.springframework.org/schema/util/spring-util-2.0.xsd=org/springframework/beans/factory/xml/spring-util-2.0.xsd, http://www.springframework.org/schema/lang/spring-lang-2.0.xsd=org/springframework/scripting/config/spring-lang-2.0.xsd, http://www.springframework.org/schema/beans/spring-beans-2.5.xsd=org/springframework/beans/factory/xml/spring-beans-2.5.xsd}
[DEBUG][2016-03-19 19:04:13,532][org.springframework.beans.factory.xml.PluggableSchemaResolver]Found XML schema [http://www.springframework.org/schema/beans/spring-beans-3.0.xsd] in classpath: org/springframework/beans/factory/xml/spring-beans-3.0.xsd
[DEBUG][2016-03-19 19:04:13,570][org.springframework.beans.factory.xml.PluggableSchemaResolver]Found XML schema [http://www.springframework.org/schema/context/spring-context-3.0.xsd] in classpath: org/springframework/context/config/spring-context-3.0.xsd
[DEBUG][2016-03-19 19:04:13,578][org.springframework.beans.factory.xml.PluggableSchemaResolver]Found XML schema [http://www.springframework.org/schema/tool/spring-tool-3.0.xsd] in classpath: org/springframework/beans/factory/xml/spring-tool-3.0.xsd
[DEBUG][2016-03-19 19:04:13,586][org.springframework.beans.factory.xml.DefaultBeanDefinitionDocumentReader]Loading bean definitions
[DEBUG][2016-03-19 19:04:13,596][org.springframework.beans.factory.xml.DefaultNamespaceHandlerResolver]Loaded NamespaceHandler mappings: {http://www.springframework.org/schema/p=org.springframework.beans.factory.xml.SimplePropertyNamespaceHandler, http://www.springframework.org/schema/util=org.springframework.beans.factory.xml.UtilNamespaceHandler, http://www.alibaba.com/schema/stat=com.alibaba.druid.support.spring.stat.config.DruidStatNamespaceHandler, http://www.springframework.org/schema/jee=org.springframework.ejb.config.JeeNamespaceHandler, http://www.springframework.org/schema/aop=org.springframework.aop.config.AopNamespaceHandler, http://www.springframework.org/schema/jdbc=org.springframework.jdbc.config.JdbcNamespaceHandler, http://www.springframework.org/schema/cache=org.springframework.cache.config.CacheNamespaceHandler, http://www.springframework.org/schema/c=org.springframework.beans.factory.xml.SimpleConstructorNamespaceHandler, http://www.springframework.org/schema/tx=org.springframework.transaction.config.TxNamespaceHandler, http://www.springframework.org/schema/task=org.springframework.scheduling.config.TaskNamespaceHandler, http://www.springframework.org/schema/lang=org.springframework.scripting.config.LangNamespaceHandler, http://www.springframework.org/schema/context=org.springframework.context.config.ContextNamespaceHandler}
[DEBUG][2016-03-19 19:04:13,619][org.springframework.core.io.support.PathMatchingResourcePatternResolver]Looking for matching resources in directory tree [D:\eclipse-workspace\test\target\classes\sy\service]
[DEBUG][2016-03-19 19:04:13,619][org.springframework.core.io.support.PathMatchingResourcePatternResolver]Searching directory [D:\eclipse-workspace\test\target\classes\sy\service] for files matching pattern [D:/eclipse-workspace/test/target/classes/sy/service/**/*.class]
[DEBUG][2016-03-19 19:04:13,621][org.springframework.core.io.support.PathMatchingResourcePatternResolver]Resolved location pattern [classpath*:sy/service/**/*.class] to resources [file [D:\eclipse-workspace\test\target\classes\sy\service\UserServiceI.class], file [D:\eclipse-workspace\test\target\classes\sy\service\UserServiceImpl.class]]
[DEBUG][2016-03-19 19:04:13,643][org.springframework.context.annotation.ClassPathBeanDefinitionScanner]Identified candidate component class: file [D:\eclipse-workspace\test\target\classes\sy\service\UserServiceImpl.class]
[DEBUG][2016-03-19 19:04:13,656][org.springframework.beans.factory.xml.XmlBeanDefinitionReader]Loaded 6 bean definitions from location pattern [classpath:spring.xml]
[INFO][2016-03-19 19:04:13,656][org.springframework.beans.factory.xml.XmlBeanDefinitionReader]Loading XML bean definitions from class path resource [spring-mybatis.xml]
[DEBUG][2016-03-19 19:04:13,657][org.springframework.beans.factory.xml.DefaultDocumentLoader]Using JAXP provider [com.sun.org.apache.xerces.internal.jaxp.DocumentBuilderFactoryImpl]
[DEBUG][2016-03-19 19:04:13,659][org.springframework.beans.factory.xml.PluggableSchemaResolver]Found XML schema [http://www.springframework.org/schema/beans/spring-beans-3.0.xsd] in classpath: org/springframework/beans/factory/xml/spring-beans-3.0.xsd
[DEBUG][2016-03-19 19:04:13,678][org.springframework.beans.factory.xml.PluggableSchemaResolver]Found XML schema [http://www.springframework.org/schema/tx/spring-tx-3.0.xsd] in classpath: org/springframework/transaction/config/spring-tx-3.0.xsd
[DEBUG][2016-03-19 19:04:13,681][org.springframework.beans.factory.xml.PluggableSchemaResolver]Found XML schema [http://www.springframework.org/schema/tool/spring-tool-3.0.xsd] in classpath: org/springframework/beans/factory/xml/spring-tool-3.0.xsd
[DEBUG][2016-03-19 19:04:13,687][org.springframework.beans.factory.xml.PluggableSchemaResolver]Found XML schema [http://www.springframework.org/schema/aop/spring-aop-3.0.xsd] in classpath: org/springframework/aop/config/spring-aop-3.0.xsd
[DEBUG][2016-03-19 19:04:13,695][org.springframework.beans.factory.xml.DefaultBeanDefinitionDocumentReader]Loading bean definitions
[DEBUG][2016-03-19 19:04:13,696][org.springframework.beans.factory.xml.BeanDefinitionParserDelegate]No XML 'id' specified - using 'dataSource' as bean name and [] as aliases
[DEBUG][2016-03-19 19:04:13,700][org.springframework.beans.factory.xml.BeanDefinitionParserDelegate]Neither XML 'id' nor 'name' specified - using generated bean name [org.mybatis.spring.mapper.MapperScannerConfigurer#0]
[DEBUG][2016-03-19 19:04:13,724][org.springframework.beans.factory.xml.XmlBeanDefinitionReader]Loaded 11 bean definitions from location pattern [classpath:spring-mybatis.xml]
[INFO][2016-03-19 19:04:13,727][org.springframework.context.support.GenericApplicationContext]Refreshing org.springframework.context.support.GenericApplicationContext@3057d6ee: startup date [Sat Mar 19 19:04:13 CST 2016]; root of context hierarchy
[DEBUG][2016-03-19 19:04:13,727][org.springframework.context.support.GenericApplicationContext]Bean factory for org.springframework.context.support.GenericApplicationContext@3057d6ee: org.springframework.beans.factory.support.DefaultListableBeanFactory@31a0a62a: defining beans [userService,org.springframework.context.annotation.internalConfigurationAnnotationProcessor,org.springframework.context.annotation.internalAutowiredAnnotationProcessor,org.springframework.context.annotation.internalRequiredAnnotationProcessor,org.springframework.context.annotation.internalCommonAnnotationProcessor,org.springframework.beans.factory.config.PropertyPlaceholderConfigurer#0,dataSource,sqlSessionFactory,org.mybatis.spring.mapper.MapperScannerConfigurer#0,transactionManager,transactionAdvice,org.springframework.aop.config.internalAutoProxyCreator,transactionPointcut,org.springframework.aop.support.DefaultBeanFactoryPointcutAdvisor#0,druid-stat-interceptor,druid-stat-pointcut,org.springframework.aop.support.DefaultBeanFactoryPointcutAdvisor#1]; root of factory hierarchy
[DEBUG][2016-03-19 19:04:13,748][org.springframework.beans.factory.support.DefaultListableBeanFactory]Creating shared instance of singleton bean 'org.springframework.context.annotation.internalConfigurationAnnotationProcessor'
[DEBUG][2016-03-19 19:04:13,748][org.springframework.beans.factory.support.DefaultListableBeanFactory]Creating instance of bean 'org.springframework.context.annotation.internalConfigurationAnnotationProcessor'
[DEBUG][2016-03-19 19:04:13,762][org.springframework.beans.factory.support.DefaultListableBeanFactory]Eagerly caching bean 'org.springframework.context.annotation.internalConfigurationAnnotationProcessor' to allow for resolving potential circular references
[DEBUG][2016-03-19 19:04:13,763][org.springframework.beans.factory.support.DefaultListableBeanFactory]Finished creating instance of bean 'org.springframework.context.annotation.internalConfigurationAnnotationProcessor'
[DEBUG][2016-03-19 19:04:13,764][org.springframework.beans.factory.support.DefaultListableBeanFactory]Creating shared instance of singleton bean 'org.mybatis.spring.mapper.MapperScannerConfigurer#0'
[DEBUG][2016-03-19 19:04:13,764][org.springframework.beans.factory.support.DefaultListableBeanFactory]Creating instance of bean 'org.mybatis.spring.mapper.MapperScannerConfigurer#0'
[DEBUG][2016-03-19 19:04:13,764][org.springframework.beans.factory.support.DefaultListableBeanFactory]Eagerly caching bean 'org.mybatis.spring.mapper.MapperScannerConfigurer#0' to allow for resolving potential circular references
[DEBUG][2016-03-19 19:04:13,796][org.springframework.beans.factory.support.DefaultListableBeanFactory]Invoking afterPropertiesSet() on bean with name 'org.mybatis.spring.mapper.MapperScannerConfigurer#0'
[DEBUG][2016-03-19 19:04:13,796][org.springframework.beans.factory.support.DefaultListableBeanFactory]Finished creating instance of bean 'org.mybatis.spring.mapper.MapperScannerConfigurer#0'
[DEBUG][2016-03-19 19:04:13,845][org.springframework.core.env.StandardEnvironment]Adding [systemProperties] PropertySource with lowest search precedence
[DEBUG][2016-03-19 19:04:13,845][org.springframework.core.env.StandardEnvironment]Adding [systemEnvironment] PropertySource with lowest search precedence
[DEBUG][2016-03-19 19:04:13,845][org.springframework.core.env.StandardEnvironment]Initialized StandardEnvironment with PropertySources [systemProperties,systemEnvironment]
[DEBUG][2016-03-19 19:04:13,847][org.springframework.core.io.support.PathMatchingResourcePatternResolver]Looking for matching resources in directory tree [D:\eclipse-workspace\test\target\classes\sy\dao]
[DEBUG][2016-03-19 19:04:13,847][org.springframework.core.io.support.PathMatchingResourcePatternResolver]Searching directory [D:\eclipse-workspace\test\target\classes\sy\dao] for files matching pattern [D:/eclipse-workspace/test/target/classes/sy/dao/**/*.class]
[DEBUG][2016-03-19 19:04:13,848][org.springframework.core.io.support.PathMatchingResourcePatternResolver]Resolved location pattern [classpath*:sy/dao/**/*.class] to resources [file [D:\eclipse-workspace\test\target\classes\sy\dao\UserMapper.class]]
[DEBUG][2016-03-19 19:04:13,848][org.mybatis.spring.mapper.MapperScannerConfigurer$Scanner]Identified candidate component class: file [D:\eclipse-workspace\test\target\classes\sy\dao\UserMapper.class]
[DEBUG][2016-03-19 19:04:13,849][org.mybatis.spring.mapper.MapperScannerConfigurer$Scanner]Creating MapperFactoryBean with name 'userMapper' and 'sy.dao.UserMapper' mapperInterface
[DEBUG][2016-03-19 19:04:13,853][org.springframework.beans.factory.support.DefaultListableBeanFactory]Creating shared instance of singleton bean 'org.springframework.beans.factory.config.PropertyPlaceholderConfigurer#0'
[DEBUG][2016-03-19 19:04:13,853][org.springframework.beans.factory.support.DefaultListableBeanFactory]Creating instance of bean 'org.springframework.beans.factory.config.PropertyPlaceholderConfigurer#0'
[DEBUG][2016-03-19 19:04:13,854][org.springframework.beans.factory.support.DefaultListableBeanFactory]Eagerly caching bean 'org.springframework.beans.factory.config.PropertyPlaceholderConfigurer#0' to allow for resolving potential circular references
[DEBUG][2016-03-19 19:04:13,867][org.springframework.beans.factory.support.DefaultListableBeanFactory]Finished creating instance of bean 'org.springframework.beans.factory.config.PropertyPlaceholderConfigurer#0'
[INFO][2016-03-19 19:04:13,867][org.springframework.beans.factory.config.PropertyPlaceholderConfigurer]Loading properties file from class path resource [config.properties]
[DEBUG][2016-03-19 19:04:13,874][org.springframework.beans.factory.support.DefaultListableBeanFactory]Creating shared instance of singleton bean 'org.springframework.context.annotation.internalAutowiredAnnotationProcessor'
[DEBUG][2016-03-19 19:04:13,874][org.springframework.beans.factory.support.DefaultListableBeanFactory]Creating instance of bean 'org.springframework.context.annotation.internalAutowiredAnnotationProcessor'
[DEBUG][2016-03-19 19:04:13,874][org.springframework.beans.factory.support.DefaultListableBeanFactory]Eagerly caching bean 'org.springframework.context.annotation.internalAutowiredAnnotationProcessor' to allow for resolving potential circular references
[DEBUG][2016-03-19 19:04:13,874][org.springframework.beans.factory.support.DefaultListableBeanFactory]Finished creating instance of bean 'org.springframework.context.annotation.internalAutowiredAnnotationProcessor'
[DEBUG][2016-03-19 19:04:13,875][org.springframework.beans.factory.support.DefaultListableBeanFactory]Creating shared instance of singleton bean 'org.springframework.context.annotation.internalRequiredAnnotationProcessor'
[DEBUG][2016-03-19 19:04:13,875][org.springframework.beans.factory.support.DefaultListableBeanFactory]Creating instance of bean 'org.springframework.context.annotation.internalRequiredAnnotationProcessor'
[DEBUG][2016-03-19 19:04:13,875][org.springframework.beans.factory.support.DefaultListableBeanFactory]Eagerly caching bean 'org.springframework.context.annotation.internalRequiredAnnotationProcessor' to allow for resolving potential circular references
[DEBUG][2016-03-19 19:04:13,875][org.springframework.beans.factory.support.DefaultListableBeanFactory]Finished creating instance of bean 'org.springframework.context.annotation.internalRequiredAnnotationProcessor'
[DEBUG][2016-03-19 19:04:13,876][org.springframework.beans.factory.support.DefaultListableBeanFactory]Creating shared instance of singleton bean 'org.springframework.context.annotation.internalCommonAnnotationProcessor'
[DEBUG][2016-03-19 19:04:13,876][org.springframework.beans.factory.support.DefaultListableBeanFactory]Creating instance of bean 'org.springframework.context.annotation.internalCommonAnnotationProcessor'
[DEBUG][2016-03-19 19:04:13,880][org.springframework.beans.factory.support.DefaultListableBeanFactory]Eagerly caching bean 'org.springframework.context.annotation.internalCommonAnnotationProcessor' to allow for resolving potential circular references
[DEBUG][2016-03-19 19:04:13,881][org.springframework.beans.factory.support.DefaultListableBeanFactory]Finished creating instance of bean 'org.springframework.context.annotation.internalCommonAnnotationProcessor'
[DEBUG][2016-03-19 19:04:13,881][org.springframework.beans.factory.support.DefaultListableBeanFactory]Creating shared instance of singleton bean 'org.springframework.context.annotation.ConfigurationClassPostProcessor$ImportAwareBeanPostProcessor#0'
[DEBUG][2016-03-19 19:04:13,881][org.springframework.beans.factory.support.DefaultListableBeanFactory]Creating instance of bean 'org.springframework.context.annotation.ConfigurationClassPostProcessor$ImportAwareBeanPostProcessor#0'
[DEBUG][2016-03-19 19:04:13,881][org.springframework.beans.factory.support.DefaultListableBeanFactory]Eagerly caching bean 'org.springframework.context.annotation.ConfigurationClassPostProcessor$ImportAwareBeanPostProcessor#0' to allow for resolving potential circular references
[DEBUG][2016-03-19 19:04:13,881][org.springframework.beans.factory.support.DefaultListableBeanFactory]Finished creating instance of bean 'org.springframework.context.annotation.ConfigurationClassPostProcessor$ImportAwareBeanPostProcessor#0'
[DEBUG][2016-03-19 19:04:13,882][org.springframework.beans.factory.support.DefaultListableBeanFactory]Creating shared instance of singleton bean 'org.springframework.aop.config.internalAutoProxyCreator'
[DEBUG][2016-03-19 19:04:13,882][org.springframework.beans.factory.support.DefaultListableBeanFactory]Creating instance of bean 'org.springframework.aop.config.internalAutoProxyCreator'
[DEBUG][2016-03-19 19:04:13,889][org.springframework.beans.factory.support.DefaultListableBeanFactory]Eagerly caching bean 'org.springframework.aop.config.internalAutoProxyCreator' to allow for resolving potential circular references
[DEBUG][2016-03-19 19:04:13,902][org.springframework.beans.factory.support.DefaultListableBeanFactory]Finished creating instance of bean 'org.springframework.aop.config.internalAutoProxyCreator'
[DEBUG][2016-03-19 19:04:13,904][org.springframework.context.support.GenericApplicationContext]Unable to locate MessageSource with name 'messageSource': using default [org.springframework.context.support.DelegatingMessageSource@66310f46]
[DEBUG][2016-03-19 19:04:13,906][org.springframework.context.support.GenericApplicationContext]Unable to locate ApplicationEventMulticaster with name 'applicationEventMulticaster': using default [org.springframework.context.event.SimpleApplicationEventMulticaster@589c4b8a]
[INFO][2016-03-19 19:04:13,907][org.springframework.beans.factory.support.DefaultListableBeanFactory]Pre-instantiating singletons in org.springframework.beans.factory.support.DefaultListableBeanFactory@31a0a62a: defining beans [userService,org.springframework.context.annotation.internalConfigurationAnnotationProcessor,org.springframework.context.annotation.internalAutowiredAnnotationProcessor,org.springframework.context.annotation.internalRequiredAnnotationProcessor,org.springframework.context.annotation.internalCommonAnnotationProcessor,org.springframework.beans.factory.config.PropertyPlaceholderConfigurer#0,dataSource,sqlSessionFactory,org.mybatis.spring.mapper.MapperScannerConfigurer#0,transactionManager,transactionAdvice,org.springframework.aop.config.internalAutoProxyCreator,transactionPointcut,org.springframework.aop.support.DefaultBeanFactoryPointcutAdvisor#0,druid-stat-interceptor,druid-stat-pointcut,org.springframework.aop.support.DefaultBeanFactoryPointcutAdvisor#1,org.springframework.context.annotation.ConfigurationClassPostProcessor$ImportAwareBeanPostProcessor#0,userMapper]; root of factory hierarchy
[DEBUG][2016-03-19 19:04:13,907][org.springframework.beans.factory.support.DefaultListableBeanFactory]Creating shared instance of singleton bean 'userService'
[DEBUG][2016-03-19 19:04:13,908][org.springframework.beans.factory.support.DefaultListableBeanFactory]Creating instance of bean 'userService'
[DEBUG][2016-03-19 19:04:13,908][org.springframework.beans.factory.support.DefaultListableBeanFactory]Creating shared instance of singleton bean 'org.springframework.aop.support.DefaultBeanFactoryPointcutAdvisor#0'
[DEBUG][2016-03-19 19:04:13,908][org.springframework.beans.factory.support.DefaultListableBeanFactory]Creating instance of bean 'org.springframework.aop.support.DefaultBeanFactoryPointcutAdvisor#0'
[DEBUG][2016-03-19 19:04:13,909][org.springframework.beans.factory.support.DefaultListableBeanFactory]Eagerly caching bean 'org.springframework.aop.support.DefaultBeanFactoryPointcutAdvisor#0' to allow for resolving potential circular references
[DEBUG][2016-03-19 19:04:13,917][org.springframework.beans.factory.support.DefaultListableBeanFactory]Creating instance of bean 'transactionPointcut'
[DEBUG][2016-03-19 19:04:13,927][org.springframework.beans.factory.support.DefaultListableBeanFactory]Finished creating instance of bean 'transactionPointcut'
[DEBUG][2016-03-19 19:04:13,928][org.springframework.beans.factory.support.DefaultListableBeanFactory]Finished creating instance of bean 'org.springframework.aop.support.DefaultBeanFactoryPointcutAdvisor#0'
[DEBUG][2016-03-19 19:04:13,928][org.springframework.beans.factory.support.DefaultListableBeanFactory]Creating shared instance of singleton bean 'org.springframework.aop.support.DefaultBeanFactoryPointcutAdvisor#1'
[DEBUG][2016-03-19 19:04:13,928][org.springframework.beans.factory.support.DefaultListableBeanFactory]Creating instance of bean 'org.springframework.aop.support.DefaultBeanFactoryPointcutAdvisor#1'
[DEBUG][2016-03-19 19:04:13,928][org.springframework.beans.factory.support.DefaultListableBeanFactory]Eagerly caching bean 'org.springframework.aop.support.DefaultBeanFactoryPointcutAdvisor#1' to allow for resolving potential circular references
[DEBUG][2016-03-19 19:04:13,929][org.springframework.beans.factory.support.DefaultListableBeanFactory]Creating instance of bean 'druid-stat-pointcut'
[DEBUG][2016-03-19 19:04:13,929][org.springframework.beans.factory.support.DefaultListableBeanFactory]Returning cached instance of singleton bean 'org.springframework.aop.support.DefaultBeanFactoryPointcutAdvisor#0'
[DEBUG][2016-03-19 19:04:13,946][org.springframework.beans.factory.support.DefaultListableBeanFactory]Returning cached instance of singleton bean 'org.springframework.aop.support.DefaultBeanFactoryPointcutAdvisor#0'
[DEBUG][2016-03-19 19:04:13,946][org.springframework.beans.factory.support.DefaultListableBeanFactory]Returning cached instance of singleton bean 'org.springframework.aop.support.DefaultBeanFactoryPointcutAdvisor#0'
[DEBUG][2016-03-19 19:04:14,070][org.springframework.beans.factory.support.DefaultListableBeanFactory]Finished creating instance of bean 'druid-stat-pointcut'
[DEBUG][2016-03-19 19:04:14,070][org.springframework.beans.factory.support.DefaultListableBeanFactory]Finished creating instance of bean 'org.springframework.aop.support.DefaultBeanFactoryPointcutAdvisor#1'
[DEBUG][2016-03-19 19:04:14,074][org.springframework.beans.factory.annotation.InjectionMetadata]Found injected element on class [sy.service.UserServiceImpl]: AutowiredMethodElement for public void sy.service.UserServiceImpl.setUserMapper(sy.dao.UserMapper)
[DEBUG][2016-03-19 19:04:14,074][org.springframework.beans.factory.support.DefaultListableBeanFactory]Eagerly caching bean 'userService' to allow for resolving potential circular references
[DEBUG][2016-03-19 19:04:14,074][org.springframework.beans.factory.annotation.InjectionMetadata]Processing injected method of bean 'userService': AutowiredMethodElement for public void sy.service.UserServiceImpl.setUserMapper(sy.dao.UserMapper)
[DEBUG][2016-03-19 19:04:14,075][org.springframework.beans.factory.support.DefaultListableBeanFactory]Returning cached instance of singleton bean 'org.springframework.aop.support.DefaultBeanFactoryPointcutAdvisor#0'
[DEBUG][2016-03-19 19:04:14,076][org.springframework.beans.factory.support.DefaultListableBeanFactory]Returning cached instance of singleton bean 'org.springframework.aop.support.DefaultBeanFactoryPointcutAdvisor#1'
[DEBUG][2016-03-19 19:04:14,079][org.apache.ibatis.logging.LogFactory]Logging initialized using 'class org.apache.ibatis.logging.commons.JakartaCommonsLoggingImpl' adapter.
[DEBUG][2016-03-19 19:04:14,082][org.springframework.beans.factory.support.DefaultListableBeanFactory]Returning cached instance of singleton bean 'org.springframework.aop.support.DefaultBeanFactoryPointcutAdvisor#0'
[DEBUG][2016-03-19 19:04:14,082][org.springframework.beans.factory.support.DefaultListableBeanFactory]Returning cached instance of singleton bean 'org.springframework.aop.support.DefaultBeanFactoryPointcutAdvisor#1'
[DEBUG][2016-03-19 19:04:14,082][org.springframework.beans.factory.support.DefaultListableBeanFactory]Creating shared instance of singleton bean 'userMapper'
[DEBUG][2016-03-19 19:04:14,082][org.springframework.beans.factory.support.DefaultListableBeanFactory]Creating instance of bean 'userMapper'
[DEBUG][2016-03-19 19:04:14,086][org.springframework.beans.factory.annotation.InjectionMetadata]Found injected element on class [org.mybatis.spring.mapper.MapperFactoryBean]: AutowiredMethodElement for public final void org.mybatis.spring.support.SqlSessionDaoSupport.setSqlSessionTemplate(org.mybatis.spring.SqlSessionTemplate)
[DEBUG][2016-03-19 19:04:14,087][org.springframework.beans.factory.annotation.InjectionMetadata]Found injected element on class [org.mybatis.spring.mapper.MapperFactoryBean]: AutowiredMethodElement for public final void org.mybatis.spring.support.SqlSessionDaoSupport.setSqlSessionFactory(org.apache.ibatis.session.SqlSessionFactory)
[DEBUG][2016-03-19 19:04:14,087][org.springframework.beans.factory.support.DefaultListableBeanFactory]Eagerly caching bean 'userMapper' to allow for resolving potential circular references
[DEBUG][2016-03-19 19:04:14,092][org.springframework.beans.factory.annotation.InjectionMetadata]Processing injected method of bean 'userMapper': AutowiredMethodElement for public final void org.mybatis.spring.support.SqlSessionDaoSupport.setSqlSessionTemplate(org.mybatis.spring.SqlSessionTemplate)
[DEBUG][2016-03-19 19:04:14,093][org.springframework.beans.factory.support.DefaultListableBeanFactory]Returning cached instance of singleton bean 'org.springframework.aop.support.DefaultBeanFactoryPointcutAdvisor#0'
[DEBUG][2016-03-19 19:04:14,093][org.springframework.beans.factory.support.DefaultListableBeanFactory]Returning cached instance of singleton bean 'org.springframework.aop.support.DefaultBeanFactoryPointcutAdvisor#1'
[DEBUG][2016-03-19 19:04:14,093][org.springframework.beans.factory.support.DefaultListableBeanFactory]Returning cached instance of singleton bean 'org.springframework.aop.support.DefaultBeanFactoryPointcutAdvisor#0'
[DEBUG][2016-03-19 19:04:14,093][org.springframework.beans.factory.support.DefaultListableBeanFactory]Returning cached instance of singleton bean 'org.springframework.aop.support.DefaultBeanFactoryPointcutAdvisor#1'
[DEBUG][2016-03-19 19:04:14,098][org.springframework.beans.factory.support.DefaultListableBeanFactory]Returning eagerly cached instance of singleton bean 'userMapper' that is not fully initialized yet - a consequence of a circular reference
[DEBUG][2016-03-19 19:04:14,098][org.springframework.beans.factory.annotation.InjectionMetadata]Processing injected method of bean 'userMapper': AutowiredMethodElement for public final void org.mybatis.spring.support.SqlSessionDaoSupport.setSqlSessionFactory(org.apache.ibatis.session.SqlSessionFactory)
[DEBUG][2016-03-19 19:04:14,099][org.springframework.beans.factory.support.DefaultListableBeanFactory]Creating shared instance of singleton bean 'sqlSessionFactory'
[DEBUG][2016-03-19 19:04:14,099][org.springframework.beans.factory.support.DefaultListableBeanFactory]Creating instance of bean 'sqlSessionFactory'
[DEBUG][2016-03-19 19:04:14,100][org.springframework.beans.factory.support.DefaultListableBeanFactory]Eagerly caching bean 'sqlSessionFactory' to allow for resolving potential circular references
[DEBUG][2016-03-19 19:04:14,105][org.springframework.beans.factory.support.DefaultListableBeanFactory]Creating shared instance of singleton bean 'dataSource'
[DEBUG][2016-03-19 19:04:14,105][org.springframework.beans.factory.support.DefaultListableBeanFactory]Creating instance of bean 'dataSource'
[DEBUG][2016-03-19 19:04:14,105][org.springframework.beans.factory.support.DefaultListableBeanFactory]Returning cached instance of singleton bean 'org.springframework.aop.support.DefaultBeanFactoryPointcutAdvisor#0'
[DEBUG][2016-03-19 19:04:14,105][org.springframework.beans.factory.support.DefaultListableBeanFactory]Returning cached instance of singleton bean 'org.springframework.aop.support.DefaultBeanFactoryPointcutAdvisor#1'
[DEBUG][2016-03-19 19:04:14,128][org.springframework.beans.factory.support.DefaultListableBeanFactory]Eagerly caching bean 'dataSource' to allow for resolving potential circular references
[ERROR][2016-03-19 19:04:14,447][com.alibaba.druid.pool.DruidAbstractDataSource]maxIdle is deprecated
[DEBUG][2016-03-19 19:04:14,471][org.springframework.beans.factory.support.DefaultListableBeanFactory]Invoking init method  'init' on bean with name 'dataSource'
[ERROR][2016-03-19 19:04:14,508][com.alibaba.druid.pool.DruidDataSource]{dataSource-1} init error
java.sql.SQLException: com.mysql.jdbc.Driver
	at com.alibaba.druid.util.JdbcUtils.createDriver(JdbcUtils.java:546)
	at com.alibaba.druid.pool.DruidDataSource.init(DruidDataSource.java:648)
	at sun.reflect.NativeMethodAccessorImpl.invoke0(Native Method)
	at sun.reflect.NativeMethodAccessorImpl.invoke(NativeMethodAccessorImpl.java:57)
	at sun.reflect.DelegatingMethodAccessorImpl.invoke(DelegatingMethodAccessorImpl.java:43)
	at java.lang.reflect.Method.invoke(Method.java:606)
	at org.springframework.beans.factory.support.AbstractAutowireCapableBeanFactory.invokeCustomInitMethod(AbstractAutowireCapableBeanFactory.java:1581)
	at org.springframework.beans.factory.support.AbstractAutowireCapableBeanFactory.invokeInitMethods(AbstractAutowireCapableBeanFactory.java:1522)
	at org.springframework.beans.factory.support.AbstractAutowireCapableBeanFactory.initializeBean(AbstractAutowireCapableBeanFactory.java:1452)
	at org.springframework.beans.factory.support.AbstractAutowireCapableBeanFactory.doCreateBean(AbstractAutowireCapableBeanFactory.java:519)
	at org.springframework.beans.factory.support.AbstractAutowireCapableBeanFactory.createBean(AbstractAutowireCapableBeanFactory.java:456)
	at org.springframework.beans.factory.support.AbstractBeanFactory$1.getObject(AbstractBeanFactory.java:294)
	at org.springframework.beans.factory.support.DefaultSingletonBeanRegistry.getSingleton(DefaultSingletonBeanRegistry.java:225)
	at org.springframework.beans.factory.support.AbstractBeanFactory.doGetBean(AbstractBeanFactory.java:291)
	at org.springframework.beans.factory.support.AbstractBeanFactory.getBean(AbstractBeanFactory.java:193)
	at org.springframework.beans.factory.support.BeanDefinitionValueResolver.resolveReference(BeanDefinitionValueResolver.java:322)
	at org.springframework.beans.factory.support.BeanDefinitionValueResolver.resolveValueIfNecessary(BeanDefinitionValueResolver.java:106)
	at org.springframework.beans.factory.support.AbstractAutowireCapableBeanFactory.applyPropertyValues(AbstractAutowireCapableBeanFactory.java:1360)
	at org.springframework.beans.factory.support.AbstractAutowireCapableBeanFactory.populateBean(AbstractAutowireCapableBeanFactory.java:1118)
	at org.springframework.beans.factory.support.AbstractAutowireCapableBeanFactory.doCreateBean(AbstractAutowireCapableBeanFactory.java:517)
	at org.springframework.beans.factory.support.AbstractAutowireCapableBeanFactory.createBean(AbstractAutowireCapableBeanFactory.java:456)
	at org.springframework.beans.factory.support.AbstractBeanFactory$1.getObject(AbstractBeanFactory.java:294)
	at org.springframework.beans.factory.support.DefaultSingletonBeanRegistry.getSingleton(DefaultSingletonBeanRegistry.java:225)
	at org.springframework.beans.factory.support.AbstractBeanFactory.doGetBean(AbstractBeanFactory.java:291)
	at org.springframework.beans.factory.support.AbstractBeanFactory.getBean(AbstractBeanFactory.java:193)
	at org.springframework.beans.factory.support.BeanDefinitionValueResolver.resolveReference(BeanDefinitionValueResolver.java:322)
	at org.springframework.beans.factory.support.BeanDefinitionValueResolver.resolveValueIfNecessary(BeanDefinitionValueResolver.java:106)
	at org.springframework.beans.factory.support.AbstractAutowireCapableBeanFactory.applyPropertyValues(AbstractAutowireCapableBeanFactory.java:1360)
	at org.springframework.beans.factory.support.AbstractAutowireCapableBeanFactory.populateBean(AbstractAutowireCapableBeanFactory.java:1118)
	at org.springframework.beans.factory.support.AbstractAutowireCapableBeanFactory.doCreateBean(AbstractAutowireCapableBeanFactory.java:517)
	at org.springframework.beans.factory.support.AbstractAutowireCapableBeanFactory.createBean(AbstractAutowireCapableBeanFactory.java:456)
	at org.springframework.beans.factory.support.AbstractBeanFactory$1.getObject(AbstractBeanFactory.java:294)
	at org.springframework.beans.factory.support.DefaultSingletonBeanRegistry.getSingleton(DefaultSingletonBeanRegistry.java:225)
	at org.springframework.beans.factory.support.AbstractBeanFactory.doGetBean(AbstractBeanFactory.java:291)
	at org.springframework.beans.factory.support.AbstractBeanFactory.getTypeForFactoryBean(AbstractBeanFactory.java:1356)
	at org.springframework.beans.factory.support.AbstractAutowireCapableBeanFactory.getTypeForFactoryBean(AbstractAutowireCapableBeanFactory.java:710)
	at org.springframework.beans.factory.support.AbstractBeanFactory.isTypeMatch(AbstractBeanFactory.java:519)
	at org.springframework.beans.factory.support.DefaultListableBeanFactory.getBeanNamesForType(DefaultListableBeanFactory.java:319)
	at org.springframework.beans.factory.BeanFactoryUtils.beanNamesForTypeIncludingAncestors(BeanFactoryUtils.java:185)
	at org.springframework.beans.factory.support.DefaultListableBeanFactory.findAutowireCandidates(DefaultListableBeanFactory.java:833)
	at org.springframework.beans.factory.support.DefaultListableBeanFactory.doResolveDependency(DefaultListableBeanFactory.java:790)
	at org.springframework.beans.factory.support.DefaultListableBeanFactory.resolveDependency(DefaultListableBeanFactory.java:707)
	at org.springframework.beans.factory.annotation.AutowiredAnnotationBeanPostProcessor$AutowiredMethodElement.inject(AutowiredAnnotationBeanPostProcessor.java:551)
	at org.springframework.beans.factory.annotation.InjectionMetadata.inject(InjectionMetadata.java:87)
	at org.springframework.beans.factory.annotation.AutowiredAnnotationBeanPostProcessor.postProcessPropertyValues(AutowiredAnnotationBeanPostProcessor.java:284)
	at org.springframework.beans.factory.support.AbstractAutowireCapableBeanFactory.populateBean(AbstractAutowireCapableBeanFactory.java:1106)
	at org.springframework.beans.factory.support.AbstractAutowireCapableBeanFactory.doCreateBean(AbstractAutowireCapableBeanFactory.java:517)
	at org.springframework.beans.factory.support.AbstractAutowireCapableBeanFactory.createBean(AbstractAutowireCapableBeanFactory.java:456)
	at org.springframework.beans.factory.support.AbstractBeanFactory$1.getObject(AbstractBeanFactory.java:294)
	at org.springframework.beans.factory.support.DefaultSingletonBeanRegistry.getSingleton(DefaultSingletonBeanRegistry.java:225)
	at org.springframework.beans.factory.support.AbstractBeanFactory.doGetBean(AbstractBeanFactory.java:291)
	at org.springframework.beans.factory.support.AbstractBeanFactory.getBean(AbstractBeanFactory.java:193)
	at org.springframework.beans.factory.support.DefaultListableBeanFactory.preInstantiateSingletons(DefaultListableBeanFactory.java:585)
	at org.springframework.context.support.AbstractApplicationContext.finishBeanFactoryInitialization(AbstractApplicationContext.java:913)
	at org.springframework.context.support.AbstractApplicationContext.refresh(AbstractApplicationContext.java:464)
	at org.springframework.test.context.support.AbstractGenericContextLoader.loadContext(AbstractGenericContextLoader.java:120)
	at org.springframework.test.context.support.AbstractGenericContextLoader.loadContext(AbstractGenericContextLoader.java:60)
	at org.springframework.test.context.support.AbstractDelegatingSmartContextLoader.delegateLoading(AbstractDelegatingSmartContextLoader.java:102)
	at org.springframework.test.context.support.AbstractDelegatingSmartContextLoader.loadContext(AbstractDelegatingSmartContextLoader.java:246)
	at org.springframework.test.context.CacheAwareContextLoaderDelegate.loadContextInternal(CacheAwareContextLoaderDelegate.java:69)
	at org.springframework.test.context.CacheAwareContextLoaderDelegate.loadContext(CacheAwareContextLoaderDelegate.java:95)
	at org.springframework.test.context.TestContext.getApplicationContext(TestContext.java:122)
	at org.springframework.test.context.support.DependencyInjectionTestExecutionListener.injectDependencies(DependencyInjectionTestExecutionListener.java:109)
	at org.springframework.test.context.support.DependencyInjectionTestExecutionListener.prepareTestInstance(DependencyInjectionTestExecutionListener.java:75)
	at org.springframework.test.context.TestContextManager.prepareTestInstance(TestContextManager.java:321)
	at org.springframework.test.context.junit4.SpringJUnit4ClassRunner.createTest(SpringJUnit4ClassRunner.java:211)
	at org.springframework.test.context.junit4.SpringJUnit4ClassRunner$1.runReflectiveCall(SpringJUnit4ClassRunner.java:288)
	at org.junit.internal.runners.model.ReflectiveCallable.run(ReflectiveCallable.java:12)
	at org.springframework.test.context.junit4.SpringJUnit4ClassRunner.methodBlock(SpringJUnit4ClassRunner.java:284)
	at org.springframework.test.context.junit4.SpringJUnit4ClassRunner.runChild(SpringJUnit4ClassRunner.java:231)
	at org.springframework.test.context.junit4.SpringJUnit4ClassRunner.runChild(SpringJUnit4ClassRunner.java:88)
	at org.junit.runners.ParentRunner$3.run(ParentRunner.java:290)
	at org.junit.runners.ParentRunner$1.schedule(ParentRunner.java:71)
	at org.junit.runners.ParentRunner.runChildren(ParentRunner.java:288)
	at org.junit.runners.ParentRunner.access$000(ParentRunner.java:58)
	at org.junit.runners.ParentRunner$2.evaluate(ParentRunner.java:268)
	at org.springframework.test.context.junit4.statements.RunBeforeTestClassCallbacks.evaluate(RunBeforeTestClassCallbacks.java:61)
	at org.springframework.test.context.junit4.statements.RunAfterTestClassCallbacks.evaluate(RunAfterTestClassCallbacks.java:71)
	at org.junit.runners.ParentRunner.run(ParentRunner.java:363)
	at org.springframework.test.context.junit4.SpringJUnit4ClassRunner.run(SpringJUnit4ClassRunner.java:174)
	at org.eclipse.jdt.internal.junit4.runner.JUnit4TestReference.run(JUnit4TestReference.java:86)
	at org.eclipse.jdt.internal.junit.runner.TestExecution.run(TestExecution.java:38)
	at org.eclipse.jdt.internal.junit.runner.RemoteTestRunner.runTests(RemoteTestRunner.java:459)
	at org.eclipse.jdt.internal.junit.runner.RemoteTestRunner.runTests(RemoteTestRunner.java:675)
	at org.eclipse.jdt.internal.junit.runner.RemoteTestRunner.run(RemoteTestRunner.java:382)
	at org.eclipse.jdt.internal.junit.runner.RemoteTestRunner.main(RemoteTestRunner.java:192)
Caused by: java.lang.ClassNotFoundException: com.mysql.jdbc.Driver
	at java.net.URLClassLoader$1.run(URLClassLoader.java:366)
	at java.net.URLClassLoader$1.run(URLClassLoader.java:355)
	at java.security.AccessController.doPrivileged(Native Method)
	at java.net.URLClassLoader.findClass(URLClassLoader.java:354)
	at java.lang.ClassLoader.loadClass(ClassLoader.java:425)
	at sun.misc.Launcher$AppClassLoader.loadClass(Launcher.java:308)
	at java.lang.ClassLoader.loadClass(ClassLoader.java:358)
	at java.lang.Class.forName0(Native Method)
	at java.lang.Class.forName(Class.java:191)
	at com.alibaba.druid.util.JdbcUtils.createDriver(JdbcUtils.java:544)
	... 85 more
[DEBUG][2016-03-19 19:04:14,514][org.springframework.beans.factory.support.DefaultListableBeanFactory]Ignoring bean creation exception on FactoryBean type check: org.springframework.beans.factory.BeanCreationException: Error creating bean with name 'userMapper' defined in file [D:\eclipse-workspace\test\target\classes\sy\dao\UserMapper.class]: Cannot resolve reference to bean 'sqlSessionFactory' while setting bean property 'sqlSessionFactory'; nested exception is org.springframework.beans.factory.BeanCreationException: Error creating bean with name 'sqlSessionFactory' defined in class path resource [spring-mybatis.xml]: Cannot resolve reference to bean 'dataSource' while setting bean property 'dataSource'; nested exception is org.springframework.beans.factory.BeanCreationException: Error creating bean with name 'dataSource' defined in class path resource [spring-mybatis.xml]: Invocation of init method failed; nested exception is java.sql.SQLException: com.mysql.jdbc.Driver
[INFO][2016-03-19 19:04:14,515][org.springframework.beans.factory.support.DefaultListableBeanFactory]Destroying singletons in org.springframework.beans.factory.support.DefaultListableBeanFactory@31a0a62a: defining beans [userService,org.springframework.context.annotation.internalConfigurationAnnotationProcessor,org.springframework.context.annotation.internalAutowiredAnnotationProcessor,org.springframework.context.annotation.internalRequiredAnnotationProcessor,org.springframework.context.annotation.internalCommonAnnotationProcessor,org.springframework.beans.factory.config.PropertyPlaceholderConfigurer#0,dataSource,sqlSessionFactory,org.mybatis.spring.mapper.MapperScannerConfigurer#0,transactionManager,transactionAdvice,org.springframework.aop.config.internalAutoProxyCreator,transactionPointcut,org.springframework.aop.support.DefaultBeanFactoryPointcutAdvisor#0,druid-stat-interceptor,druid-stat-pointcut,org.springframework.aop.support.DefaultBeanFactoryPointcutAdvisor#1,org.springframework.context.annotation.ConfigurationClassPostProcessor$ImportAwareBeanPostProcessor#0,userMapper]; root of factory hierarchy
[ERROR][2016-03-19 19:04:14,515][org.springframework.test.context.TestContextManager]Caught exception while allowing TestExecutionListener [org.springframework.test.context.support.DependencyInjectionTestExecutionListener@494e4ae9] to prepare test instance [sy.test.TestUtil@6ac604]
java.lang.IllegalStateException: Failed to load ApplicationContext
	at org.springframework.test.context.CacheAwareContextLoaderDelegate.loadContext(CacheAwareContextLoaderDelegate.java:103)
	at org.springframework.test.context.TestContext.getApplicationContext(TestContext.java:122)
	at org.springframework.test.context.support.DependencyInjectionTestExecutionListener.injectDependencies(DependencyInjectionTestExecutionListener.java:109)
	at org.springframework.test.context.support.DependencyInjectionTestExecutionListener.prepareTestInstance(DependencyInjectionTestExecutionListener.java:75)
	at org.springframework.test.context.TestContextManager.prepareTestInstance(TestContextManager.java:321)
	at org.springframework.test.context.junit4.SpringJUnit4ClassRunner.createTest(SpringJUnit4ClassRunner.java:211)
	at org.springframework.test.context.junit4.SpringJUnit4ClassRunner$1.runReflectiveCall(SpringJUnit4ClassRunner.java:288)
	at org.junit.internal.runners.model.ReflectiveCallable.run(ReflectiveCallable.java:12)
	at org.springframework.test.context.junit4.SpringJUnit4ClassRunner.methodBlock(SpringJUnit4ClassRunner.java:284)
	at org.springframework.test.context.junit4.SpringJUnit4ClassRunner.runChild(SpringJUnit4ClassRunner.java:231)
	at org.springframework.test.context.junit4.SpringJUnit4ClassRunner.runChild(SpringJUnit4ClassRunner.java:88)
	at org.junit.runners.ParentRunner$3.run(ParentRunner.java:290)
	at org.junit.runners.ParentRunner$1.schedule(ParentRunner.java:71)
	at org.junit.runners.ParentRunner.runChildren(ParentRunner.java:288)
	at org.junit.runners.ParentRunner.access$000(ParentRunner.java:58)
	at org.junit.runners.ParentRunner$2.evaluate(ParentRunner.java:268)
	at org.springframework.test.context.junit4.statements.RunBeforeTestClassCallbacks.evaluate(RunBeforeTestClassCallbacks.java:61)
	at org.springframework.test.context.junit4.statements.RunAfterTestClassCallbacks.evaluate(RunAfterTestClassCallbacks.java:71)
	at org.junit.runners.ParentRunner.run(ParentRunner.java:363)
	at org.springframework.test.context.junit4.SpringJUnit4ClassRunner.run(SpringJUnit4ClassRunner.java:174)
	at org.eclipse.jdt.internal.junit4.runner.JUnit4TestReference.run(JUnit4TestReference.java:86)
	at org.eclipse.jdt.internal.junit.runner.TestExecution.run(TestExecution.java:38)
	at org.eclipse.jdt.internal.junit.runner.RemoteTestRunner.runTests(RemoteTestRunner.java:459)
	at org.eclipse.jdt.internal.junit.runner.RemoteTestRunner.runTests(RemoteTestRunner.java:675)
	at org.eclipse.jdt.internal.junit.runner.RemoteTestRunner.run(RemoteTestRunner.java:382)
	at org.eclipse.jdt.internal.junit.runner.RemoteTestRunner.main(RemoteTestRunner.java:192)
Caused by: org.springframework.beans.factory.BeanCreationException: Error creating bean with name 'userService': Injection of autowired dependencies failed; nested exception is org.springframework.beans.factory.BeanCreationException: Could not autowire method: public void sy.service.UserServiceImpl.setUserMapper(sy.dao.UserMapper); nested exception is org.springframework.beans.factory.NoSuchBeanDefinitionException: No matching bean of type [sy.dao.UserMapper] found for dependency: expected at least 1 bean which qualifies as autowire candidate for this dependency. Dependency annotations: {}
Related cause: org.springframework.beans.factory.BeanCreationException: Error creating bean with name 'userMapper' defined in file [D:\eclipse-workspace\test\target\classes\sy\dao\UserMapper.class]: Cannot resolve reference to bean 'sqlSessionFactory' while setting bean property 'sqlSessionFactory'; nested exception is org.springframework.beans.factory.BeanCreationException: Error creating bean with name 'sqlSessionFactory' defined in class path resource [spring-mybatis.xml]: Cannot resolve reference to bean 'dataSource' while setting bean property 'dataSource'; nested exception is org.springframework.beans.factory.BeanCreationException: Error creating bean with name 'dataSource' defined in class path resource [spring-mybatis.xml]: Invocation of init method failed; nested exception is java.sql.SQLException: com.mysql.jdbc.Driver
	at org.springframework.beans.factory.annotation.AutowiredAnnotationBeanPostProcessor.postProcessPropertyValues(AutowiredAnnotationBeanPostProcessor.java:287)
	at org.springframework.beans.factory.support.AbstractAutowireCapableBeanFactory.populateBean(AbstractAutowireCapableBeanFactory.java:1106)
	at org.springframework.beans.factory.support.AbstractAutowireCapableBeanFactory.doCreateBean(AbstractAutowireCapableBeanFactory.java:517)
	at org.springframework.beans.factory.support.AbstractAutowireCapableBeanFactory.createBean(AbstractAutowireCapableBeanFactory.java:456)
	at org.springframework.beans.factory.support.AbstractBeanFactory$1.getObject(AbstractBeanFactory.java:294)
	at org.springframework.beans.factory.support.DefaultSingletonBeanRegistry.getSingleton(DefaultSingletonBeanRegistry.java:225)
	at org.springframework.beans.factory.support.AbstractBeanFactory.doGetBean(AbstractBeanFactory.java:291)
	at org.springframework.beans.factory.support.AbstractBeanFactory.getBean(AbstractBeanFactory.java:193)
	at org.springframework.beans.factory.support.DefaultListableBeanFactory.preInstantiateSingletons(DefaultListableBeanFactory.java:585)
	at org.springframework.context.support.AbstractApplicationContext.finishBeanFactoryInitialization(AbstractApplicationContext.java:913)
	at org.springframework.context.support.AbstractApplicationContext.refresh(AbstractApplicationContext.java:464)
	at org.springframework.test.context.support.AbstractGenericContextLoader.loadContext(AbstractGenericContextLoader.java:120)
	at org.springframework.test.context.support.AbstractGenericContextLoader.loadContext(AbstractGenericContextLoader.java:60)
	at org.springframework.test.context.support.AbstractDelegatingSmartContextLoader.delegateLoading(AbstractDelegatingSmartContextLoader.java:102)
	at org.springframework.test.context.support.AbstractDelegatingSmartContextLoader.loadContext(AbstractDelegatingSmartContextLoader.java:246)
	at org.springframework.test.context.CacheAwareContextLoaderDelegate.loadContextInternal(CacheAwareContextLoaderDelegate.java:69)
	at org.springframework.test.context.CacheAwareContextLoaderDelegate.loadContext(CacheAwareContextLoaderDelegate.java:95)
	... 25 more
Caused by: org.springframework.beans.factory.BeanCreationException: Could not autowire method: public void sy.service.UserServiceImpl.setUserMapper(sy.dao.UserMapper); nested exception is org.springframework.beans.factory.NoSuchBeanDefinitionException: No matching bean of type [sy.dao.UserMapper] found for dependency: expected at least 1 bean which qualifies as autowire candidate for this dependency. Dependency annotations: {}
	at org.springframework.beans.factory.annotation.AutowiredAnnotationBeanPostProcessor$AutowiredMethodElement.inject(AutowiredAnnotationBeanPostProcessor.java:593)
	at org.springframework.beans.factory.annotation.InjectionMetadata.inject(InjectionMetadata.java:87)
	at org.springframework.beans.factory.annotation.AutowiredAnnotationBeanPostProcessor.postProcessPropertyValues(AutowiredAnnotationBeanPostProcessor.java:284)
	... 41 more
Caused by: org.springframework.beans.factory.NoSuchBeanDefinitionException: No matching bean of type [sy.dao.UserMapper] found for dependency: expected at least 1 bean which qualifies as autowire candidate for this dependency. Dependency annotations: {}
	at org.springframework.beans.factory.support.DefaultListableBeanFactory.raiseNoSuchBeanDefinitionException(DefaultListableBeanFactory.java:924)
	at org.springframework.beans.factory.support.DefaultListableBeanFactory.doResolveDependency(DefaultListableBeanFactory.java:793)
	at org.springframework.beans.factory.support.DefaultListableBeanFactory.resolveDependency(DefaultListableBeanFactory.java:707)
	at org.springframework.beans.factory.annotation.AutowiredAnnotationBeanPostProcessor$AutowiredMethodElement.inject(AutowiredAnnotationBeanPostProcessor.java:551)
	... 43 more
[DEBUG][2016-03-19 19:04:14,519][org.springframework.test.context.support.DirtiesContextTestExecutionListener]After test class: context [[TestContext@24177697 testClass = TestUtil, testInstance = [null], testMethod = [null], testException = [null], mergedContextConfiguration = [MergedContextConfiguration@61ee30d2 testClass = TestUtil, locations = '{classpath:spring.xml, classpath:spring-mybatis.xml}', classes = '{}', contextInitializerClasses = '[]', activeProfiles = '{}', contextLoader = 'org.springframework.test.context.support.DelegatingSmartContextLoader', parent = [null]]]], dirtiesContext [false].
[DEBUG][2016-03-19 19:07:13,491][org.springframework.test.context.junit4.SpringJUnit4ClassRunner]SpringJUnit4ClassRunner constructor called with [class sy.test.TestUtil].
[DEBUG][2016-03-19 19:07:13,530][org.springframework.test.context.support.AbstractDelegatingSmartContextLoader]Delegating to GenericXmlContextLoader to process context configuration [ContextConfigurationAttributes@5be24af0 declaringClass = 'sy.test.TestUtil', classes = '{}', locations = '{classpath:spring.xml, classpath:spring-mybatis.xml}', inheritLocations = true, initializers = '{}', inheritInitializers = true, name = [null], contextLoaderClass = 'org.springframework.test.context.ContextLoader'].
[DEBUG][2016-03-19 19:07:13,532][org.springframework.test.context.ContextLoaderUtils]Could not find an 'annotation declaring class' for annotation type [org.springframework.test.context.ActiveProfiles] and class [sy.test.TestUtil]
[DEBUG][2016-03-19 19:07:13,534][org.springframework.test.context.TestContextManager]@TestExecutionListeners is not present for class [sy.test.TestUtil]: using defaults.
[INFO][2016-03-19 19:07:13,540][org.springframework.test.context.TestContextManager]Could not instantiate TestExecutionListener [org.springframework.test.context.web.ServletTestExecutionListener]. Specify custom listener classes or make the default listener classes (and their required dependencies) available. Offending class: [org/springframework/web/context/request/RequestAttributes]
[DEBUG][2016-03-19 19:07:13,551][org.springframework.test.annotation.ProfileValueUtils]Retrieved @ProfileValueSourceConfiguration [null] for test class [sy.test.TestUtil]
[DEBUG][2016-03-19 19:07:13,551][org.springframework.test.annotation.ProfileValueUtils]Retrieved ProfileValueSource type [class org.springframework.test.annotation.SystemProfileValueSource] for class [sy.test.TestUtil]
[DEBUG][2016-03-19 19:07:13,553][org.springframework.test.annotation.ProfileValueUtils]Retrieved @ProfileValueSourceConfiguration [null] for test class [sy.test.TestUtil]
[DEBUG][2016-03-19 19:07:13,553][org.springframework.test.annotation.ProfileValueUtils]Retrieved ProfileValueSource type [class org.springframework.test.annotation.SystemProfileValueSource] for class [sy.test.TestUtil]
[DEBUG][2016-03-19 19:07:13,563][org.springframework.test.annotation.ProfileValueUtils]Retrieved @ProfileValueSourceConfiguration [null] for test class [sy.test.TestUtil]
[DEBUG][2016-03-19 19:07:13,563][org.springframework.test.annotation.ProfileValueUtils]Retrieved ProfileValueSource type [class org.springframework.test.annotation.SystemProfileValueSource] for class [sy.test.TestUtil]
[DEBUG][2016-03-19 19:07:13,564][org.springframework.test.annotation.ProfileValueUtils]Retrieved @ProfileValueSourceConfiguration [null] for test class [sy.test.TestUtil]
[DEBUG][2016-03-19 19:07:13,564][org.springframework.test.annotation.ProfileValueUtils]Retrieved ProfileValueSource type [class org.springframework.test.annotation.SystemProfileValueSource] for class [sy.test.TestUtil]
[DEBUG][2016-03-19 19:07:13,565][org.springframework.test.annotation.ProfileValueUtils]Retrieved @ProfileValueSourceConfiguration [null] for test class [sy.test.TestUtil]
[DEBUG][2016-03-19 19:07:13,565][org.springframework.test.annotation.ProfileValueUtils]Retrieved ProfileValueSource type [class org.springframework.test.annotation.SystemProfileValueSource] for class [sy.test.TestUtil]
[DEBUG][2016-03-19 19:07:13,567][org.springframework.test.annotation.ProfileValueUtils]Retrieved @ProfileValueSourceConfiguration [null] for test class [sy.test.TestUtil]
[DEBUG][2016-03-19 19:07:13,567][org.springframework.test.annotation.ProfileValueUtils]Retrieved ProfileValueSource type [class org.springframework.test.annotation.SystemProfileValueSource] for class [sy.test.TestUtil]
[DEBUG][2016-03-19 19:07:13,568][org.springframework.test.context.support.DependencyInjectionTestExecutionListener]Performing dependency injection for test context [[TestContext@24177697 testClass = TestUtil, testInstance = sy.test.TestUtil@6ac604, testMethod = [null], testException = [null], mergedContextConfiguration = [MergedContextConfiguration@61ee30d2 testClass = TestUtil, locations = '{classpath:spring.xml, classpath:spring-mybatis.xml}', classes = '{}', contextInitializerClasses = '[]', activeProfiles = '{}', contextLoader = 'org.springframework.test.context.support.DelegatingSmartContextLoader', parent = [null]]]].
[DEBUG][2016-03-19 19:07:13,569][org.springframework.test.context.support.AbstractDelegatingSmartContextLoader]Delegating to GenericXmlContextLoader to load context from [MergedContextConfiguration@61ee30d2 testClass = TestUtil, locations = '{classpath:spring.xml, classpath:spring-mybatis.xml}', classes = '{}', contextInitializerClasses = '[]', activeProfiles = '{}', contextLoader = 'org.springframework.test.context.support.DelegatingSmartContextLoader', parent = [null]].
[DEBUG][2016-03-19 19:07:13,569][org.springframework.test.context.support.AbstractGenericContextLoader]Loading ApplicationContext for merged context configuration [[MergedContextConfiguration@61ee30d2 testClass = TestUtil, locations = '{classpath:spring.xml, classpath:spring-mybatis.xml}', classes = '{}', contextInitializerClasses = '[]', activeProfiles = '{}', contextLoader = 'org.springframework.test.context.support.DelegatingSmartContextLoader', parent = [null]]].
[DEBUG][2016-03-19 19:07:13,612][org.springframework.core.env.StandardEnvironment]Adding [systemProperties] PropertySource with lowest search precedence
[DEBUG][2016-03-19 19:07:13,615][org.springframework.core.env.StandardEnvironment]Adding [systemEnvironment] PropertySource with lowest search precedence
[DEBUG][2016-03-19 19:07:13,615][org.springframework.core.env.StandardEnvironment]Initialized StandardEnvironment with PropertySources [systemProperties,systemEnvironment]
[DEBUG][2016-03-19 19:07:13,645][org.springframework.core.env.StandardEnvironment]Adding [systemProperties] PropertySource with lowest search precedence
[DEBUG][2016-03-19 19:07:13,646][org.springframework.core.env.StandardEnvironment]Adding [systemEnvironment] PropertySource with lowest search precedence
[DEBUG][2016-03-19 19:07:13,646][org.springframework.core.env.StandardEnvironment]Initialized StandardEnvironment with PropertySources [systemProperties,systemEnvironment]
[INFO][2016-03-19 19:07:13,652][org.springframework.beans.factory.xml.XmlBeanDefinitionReader]Loading XML bean definitions from class path resource [spring.xml]
[DEBUG][2016-03-19 19:07:13,668][org.springframework.beans.factory.xml.DefaultDocumentLoader]Using JAXP provider [com.sun.org.apache.xerces.internal.jaxp.DocumentBuilderFactoryImpl]
[DEBUG][2016-03-19 19:07:13,696][org.springframework.beans.factory.xml.PluggableSchemaResolver]Loading schema mappings from [META-INF/spring.schemas]
[DEBUG][2016-03-19 19:07:13,701][org.springframework.beans.factory.xml.PluggableSchemaResolver]Loaded schema mappings: {http://www.springframework.org/schema/util/spring-util.xsd=org/springframework/beans/factory/xml/spring-util-3.1.xsd, http://www.springframework.org/schema/task/spring-task.xsd=org/springframework/scheduling/config/spring-task-3.1.xsd, http://www.springframework.org/schema/beans/spring-beans-3.1.xsd=org/springframework/beans/factory/xml/spring-beans-3.1.xsd, http://www.springframework.org/schema/cache/spring-cache.xsd=org/springframework/cache/config/spring-cache-3.1.xsd, http://www.springframework.org/schema/aop/spring-aop-3.0.xsd=org/springframework/aop/config/spring-aop-3.0.xsd, http://www.springframework.org/schema/aop/spring-aop-2.0.xsd=org/springframework/aop/config/spring-aop-2.0.xsd, http://www.springframework.org/schema/task/spring-task-3.1.xsd=org/springframework/scheduling/config/spring-task-3.1.xsd, http://www.springframework.org/schema/tool/spring-tool-2.5.xsd=org/springframework/beans/factory/xml/spring-tool-2.5.xsd, http://www.springframework.org/schema/beans/spring-beans.xsd=org/springframework/beans/factory/xml/spring-beans-3.1.xsd, http://www.springframework.org/schema/jee/spring-jee-2.5.xsd=org/springframework/ejb/config/spring-jee-2.5.xsd, http://www.springframework.org/schema/jdbc/spring-jdbc-3.1.xsd=org/springframework/jdbc/config/spring-jdbc-3.1.xsd, http://www.springframework.org/schema/tool/spring-tool-3.1.xsd=org/springframework/beans/factory/xml/spring-tool-3.1.xsd, http://www.springframework.org/schema/aop/spring-aop.xsd=org/springframework/aop/config/spring-aop-3.1.xsd, http://www.springframework.org/schema/jee/spring-jee-3.1.xsd=org/springframework/ejb/config/spring-jee-3.1.xsd, http://www.springframework.org/schema/beans/spring-beans-2.0.xsd=org/springframework/beans/factory/xml/spring-beans-2.0.xsd, http://www.springframework.org/schema/beans/spring-beans-3.0.xsd=org/springframework/beans/factory/xml/spring-beans-3.0.xsd, http://www.springframework.org/schema/task/spring-task-3.0.xsd=org/springframework/scheduling/config/spring-task-3.0.xsd, http://www.springframework.org/schema/tx/spring-tx-2.5.xsd=org/springframework/transaction/config/spring-tx-2.5.xsd, http://www.springframework.org/schema/context/spring-context-2.5.xsd=org/springframework/context/config/spring-context-2.5.xsd, http://www.springframework.org/schema/jdbc/spring-jdbc-3.0.xsd=org/springframework/jdbc/config/spring-jdbc-3.0.xsd, http://www.springframework.org/schema/tool/spring-tool-3.0.xsd=org/springframework/beans/factory/xml/spring-tool-3.0.xsd, http://www.springframework.org/schema/lang/spring-lang.xsd=org/springframework/scripting/config/spring-lang-3.1.xsd, http://www.springframework.org/schema/tx/spring-tx.xsd=org/springframework/transaction/config/spring-tx-3.1.xsd, http://www.springframework.org/schema/tool/spring-tool-2.0.xsd=org/springframework/beans/factory/xml/spring-tool-2.0.xsd, http://www.springframework.org/schema/util/spring-util-2.5.xsd=org/springframework/beans/factory/xml/spring-util-2.5.xsd, http://www.springframework.org/schema/lang/spring-lang-2.5.xsd=org/springframework/scripting/config/spring-lang-2.5.xsd, http://www.springframework.org/schema/jee/spring-jee-3.0.xsd=org/springframework/ejb/config/spring-jee-3.0.xsd, http://www.springframework.org/schema/jee/spring-jee-2.0.xsd=org/springframework/ejb/config/spring-jee-2.0.xsd, http://www.springframework.org/schema/tx/spring-tx-3.1.xsd=org/springframework/transaction/config/spring-tx-3.1.xsd, http://www.springframework.org/schema/context/spring-context-3.1.xsd=org/springframework/context/config/spring-context-3.1.xsd, http://www.springframework.org/schema/util/spring-util-3.1.xsd=org/springframework/beans/factory/xml/spring-util-3.1.xsd, http://www.springframework.org/schema/lang/spring-lang-3.1.xsd=org/springframework/scripting/config/spring-lang-3.1.xsd, http://www.springframework.org/schema/cache/spring-cache-3.1.xsd=org/springframework/cache/config/spring-cache-3.1.xsd, http://www.springframework.org/schema/context/spring-context.xsd=org/springframework/context/config/spring-context-3.1.xsd, http://www.springframework.org/schema/jee/spring-jee.xsd=org/springframework/ejb/config/spring-jee-3.1.xsd, http://www.springframework.org/schema/aop/spring-aop-2.5.xsd=org/springframework/aop/config/spring-aop-2.5.xsd, http://www.springframework.org/schema/jdbc/spring-jdbc.xsd=org/springframework/jdbc/config/spring-jdbc-3.1.xsd, http://www.springframework.org/schema/aop/spring-aop-3.1.xsd=org/springframework/aop/config/spring-aop-3.1.xsd, http://www.springframework.org/schema/tx/spring-tx-2.0.xsd=org/springframework/transaction/config/spring-tx-2.0.xsd, http://www.springframework.org/schema/tx/spring-tx-3.0.xsd=org/springframework/transaction/config/spring-tx-3.0.xsd, http://www.springframework.org/schema/context/spring-context-3.0.xsd=org/springframework/context/config/spring-context-3.0.xsd, http://www.springframework.org/schema/tool/spring-tool.xsd=org/springframework/beans/factory/xml/spring-tool-3.1.xsd, http://www.springframework.org/schema/util/spring-util-3.0.xsd=org/springframework/beans/factory/xml/spring-util-3.0.xsd, http://www.alibaba.com/schema/stat.xsd=META-INF/stat.xsd, http://www.springframework.org/schema/lang/spring-lang-3.0.xsd=org/springframework/scripting/config/spring-lang-3.0.xsd, http://www.springframework.org/schema/util/spring-util-2.0.xsd=org/springframework/beans/factory/xml/spring-util-2.0.xsd, http://www.springframework.org/schema/lang/spring-lang-2.0.xsd=org/springframework/scripting/config/spring-lang-2.0.xsd, http://www.springframework.org/schema/beans/spring-beans-2.5.xsd=org/springframework/beans/factory/xml/spring-beans-2.5.xsd}
[DEBUG][2016-03-19 19:07:13,703][org.springframework.beans.factory.xml.PluggableSchemaResolver]Found XML schema [http://www.springframework.org/schema/beans/spring-beans-3.0.xsd] in classpath: org/springframework/beans/factory/xml/spring-beans-3.0.xsd
[DEBUG][2016-03-19 19:07:13,743][org.springframework.beans.factory.xml.PluggableSchemaResolver]Found XML schema [http://www.springframework.org/schema/context/spring-context-3.0.xsd] in classpath: org/springframework/context/config/spring-context-3.0.xsd
[DEBUG][2016-03-19 19:07:13,752][org.springframework.beans.factory.xml.PluggableSchemaResolver]Found XML schema [http://www.springframework.org/schema/tool/spring-tool-3.0.xsd] in classpath: org/springframework/beans/factory/xml/spring-tool-3.0.xsd
[DEBUG][2016-03-19 19:07:13,764][org.springframework.beans.factory.xml.DefaultBeanDefinitionDocumentReader]Loading bean definitions
[DEBUG][2016-03-19 19:07:13,775][org.springframework.beans.factory.xml.DefaultNamespaceHandlerResolver]Loaded NamespaceHandler mappings: {http://www.springframework.org/schema/p=org.springframework.beans.factory.xml.SimplePropertyNamespaceHandler, http://www.springframework.org/schema/util=org.springframework.beans.factory.xml.UtilNamespaceHandler, http://www.alibaba.com/schema/stat=com.alibaba.druid.support.spring.stat.config.DruidStatNamespaceHandler, http://www.springframework.org/schema/jee=org.springframework.ejb.config.JeeNamespaceHandler, http://www.springframework.org/schema/aop=org.springframework.aop.config.AopNamespaceHandler, http://www.springframework.org/schema/jdbc=org.springframework.jdbc.config.JdbcNamespaceHandler, http://www.springframework.org/schema/cache=org.springframework.cache.config.CacheNamespaceHandler, http://www.springframework.org/schema/c=org.springframework.beans.factory.xml.SimpleConstructorNamespaceHandler, http://www.springframework.org/schema/tx=org.springframework.transaction.config.TxNamespaceHandler, http://www.springframework.org/schema/task=org.springframework.scheduling.config.TaskNamespaceHandler, http://www.springframework.org/schema/lang=org.springframework.scripting.config.LangNamespaceHandler, http://www.springframework.org/schema/context=org.springframework.context.config.ContextNamespaceHandler}
[DEBUG][2016-03-19 19:07:13,793][org.springframework.core.io.support.PathMatchingResourcePatternResolver]Looking for matching resources in directory tree [D:\eclipse-workspace\test\target\classes\sy\service]
[DEBUG][2016-03-19 19:07:13,793][org.springframework.core.io.support.PathMatchingResourcePatternResolver]Searching directory [D:\eclipse-workspace\test\target\classes\sy\service] for files matching pattern [D:/eclipse-workspace/test/target/classes/sy/service/**/*.class]
[DEBUG][2016-03-19 19:07:13,795][org.springframework.core.io.support.PathMatchingResourcePatternResolver]Resolved location pattern [classpath*:sy/service/**/*.class] to resources [file [D:\eclipse-workspace\test\target\classes\sy\service\UserServiceI.class], file [D:\eclipse-workspace\test\target\classes\sy\service\UserServiceImpl.class]]
[DEBUG][2016-03-19 19:07:13,817][org.springframework.context.annotation.ClassPathBeanDefinitionScanner]Identified candidate component class: file [D:\eclipse-workspace\test\target\classes\sy\service\UserServiceImpl.class]
[DEBUG][2016-03-19 19:07:13,830][org.springframework.beans.factory.xml.XmlBeanDefinitionReader]Loaded 6 bean definitions from location pattern [classpath:spring.xml]
[INFO][2016-03-19 19:07:13,830][org.springframework.beans.factory.xml.XmlBeanDefinitionReader]Loading XML bean definitions from class path resource [spring-mybatis.xml]
[DEBUG][2016-03-19 19:07:13,832][org.springframework.beans.factory.xml.DefaultDocumentLoader]Using JAXP provider [com.sun.org.apache.xerces.internal.jaxp.DocumentBuilderFactoryImpl]
[DEBUG][2016-03-19 19:07:13,833][org.springframework.beans.factory.xml.PluggableSchemaResolver]Found XML schema [http://www.springframework.org/schema/beans/spring-beans-3.0.xsd] in classpath: org/springframework/beans/factory/xml/spring-beans-3.0.xsd
[DEBUG][2016-03-19 19:07:13,854][org.springframework.beans.factory.xml.PluggableSchemaResolver]Found XML schema [http://www.springframework.org/schema/tx/spring-tx-3.0.xsd] in classpath: org/springframework/transaction/config/spring-tx-3.0.xsd
[DEBUG][2016-03-19 19:07:13,857][org.springframework.beans.factory.xml.PluggableSchemaResolver]Found XML schema [http://www.springframework.org/schema/tool/spring-tool-3.0.xsd] in classpath: org/springframework/beans/factory/xml/spring-tool-3.0.xsd
[DEBUG][2016-03-19 19:07:13,865][org.springframework.beans.factory.xml.PluggableSchemaResolver]Found XML schema [http://www.springframework.org/schema/aop/spring-aop-3.0.xsd] in classpath: org/springframework/aop/config/spring-aop-3.0.xsd
[DEBUG][2016-03-19 19:07:13,874][org.springframework.beans.factory.xml.DefaultBeanDefinitionDocumentReader]Loading bean definitions
[DEBUG][2016-03-19 19:07:13,875][org.springframework.beans.factory.xml.BeanDefinitionParserDelegate]No XML 'id' specified - using 'dataSource' as bean name and [] as aliases
[DEBUG][2016-03-19 19:07:13,880][org.springframework.beans.factory.xml.BeanDefinitionParserDelegate]Neither XML 'id' nor 'name' specified - using generated bean name [org.mybatis.spring.mapper.MapperScannerConfigurer#0]
[DEBUG][2016-03-19 19:07:13,903][org.springframework.beans.factory.xml.XmlBeanDefinitionReader]Loaded 11 bean definitions from location pattern [classpath:spring-mybatis.xml]
[INFO][2016-03-19 19:07:13,906][org.springframework.context.support.GenericApplicationContext]Refreshing org.springframework.context.support.GenericApplicationContext@3057d6ee: startup date [Sat Mar 19 19:07:13 CST 2016]; root of context hierarchy
[DEBUG][2016-03-19 19:07:13,906][org.springframework.context.support.GenericApplicationContext]Bean factory for org.springframework.context.support.GenericApplicationContext@3057d6ee: org.springframework.beans.factory.support.DefaultListableBeanFactory@2d9b57ca: defining beans [userService,org.springframework.context.annotation.internalConfigurationAnnotationProcessor,org.springframework.context.annotation.internalAutowiredAnnotationProcessor,org.springframework.context.annotation.internalRequiredAnnotationProcessor,org.springframework.context.annotation.internalCommonAnnotationProcessor,org.springframework.beans.factory.config.PropertyPlaceholderConfigurer#0,dataSource,sqlSessionFactory,org.mybatis.spring.mapper.MapperScannerConfigurer#0,transactionManager,transactionAdvice,org.springframework.aop.config.internalAutoProxyCreator,transactionPointcut,org.springframework.aop.support.DefaultBeanFactoryPointcutAdvisor#0,druid-stat-interceptor,druid-stat-pointcut,org.springframework.aop.support.DefaultBeanFactoryPointcutAdvisor#1]; root of factory hierarchy
[DEBUG][2016-03-19 19:07:13,927][org.springframework.beans.factory.support.DefaultListableBeanFactory]Creating shared instance of singleton bean 'org.springframework.context.annotation.internalConfigurationAnnotationProcessor'
[DEBUG][2016-03-19 19:07:13,928][org.springframework.beans.factory.support.DefaultListableBeanFactory]Creating instance of bean 'org.springframework.context.annotation.internalConfigurationAnnotationProcessor'
[DEBUG][2016-03-19 19:07:13,943][org.springframework.beans.factory.support.DefaultListableBeanFactory]Eagerly caching bean 'org.springframework.context.annotation.internalConfigurationAnnotationProcessor' to allow for resolving potential circular references
[DEBUG][2016-03-19 19:07:13,944][org.springframework.beans.factory.support.DefaultListableBeanFactory]Finished creating instance of bean 'org.springframework.context.annotation.internalConfigurationAnnotationProcessor'
[DEBUG][2016-03-19 19:07:13,944][org.springframework.beans.factory.support.DefaultListableBeanFactory]Creating shared instance of singleton bean 'org.mybatis.spring.mapper.MapperScannerConfigurer#0'
[DEBUG][2016-03-19 19:07:13,944][org.springframework.beans.factory.support.DefaultListableBeanFactory]Creating instance of bean 'org.mybatis.spring.mapper.MapperScannerConfigurer#0'
[DEBUG][2016-03-19 19:07:13,944][org.springframework.beans.factory.support.DefaultListableBeanFactory]Eagerly caching bean 'org.mybatis.spring.mapper.MapperScannerConfigurer#0' to allow for resolving potential circular references
[DEBUG][2016-03-19 19:07:13,981][org.springframework.beans.factory.support.DefaultListableBeanFactory]Invoking afterPropertiesSet() on bean with name 'org.mybatis.spring.mapper.MapperScannerConfigurer#0'
[DEBUG][2016-03-19 19:07:13,981][org.springframework.beans.factory.support.DefaultListableBeanFactory]Finished creating instance of bean 'org.mybatis.spring.mapper.MapperScannerConfigurer#0'
[DEBUG][2016-03-19 19:07:14,027][org.springframework.core.env.StandardEnvironment]Adding [systemProperties] PropertySource with lowest search precedence
[DEBUG][2016-03-19 19:07:14,027][org.springframework.core.env.StandardEnvironment]Adding [systemEnvironment] PropertySource with lowest search precedence
[DEBUG][2016-03-19 19:07:14,027][org.springframework.core.env.StandardEnvironment]Initialized StandardEnvironment with PropertySources [systemProperties,systemEnvironment]
[DEBUG][2016-03-19 19:07:14,029][org.springframework.core.io.support.PathMatchingResourcePatternResolver]Looking for matching resources in directory tree [D:\eclipse-workspace\test\target\classes\sy\dao]
[DEBUG][2016-03-19 19:07:14,029][org.springframework.core.io.support.PathMatchingResourcePatternResolver]Searching directory [D:\eclipse-workspace\test\target\classes\sy\dao] for files matching pattern [D:/eclipse-workspace/test/target/classes/sy/dao/**/*.class]
[DEBUG][2016-03-19 19:07:14,030][org.springframework.core.io.support.PathMatchingResourcePatternResolver]Resolved location pattern [classpath*:sy/dao/**/*.class] to resources [file [D:\eclipse-workspace\test\target\classes\sy\dao\UserMapper.class]]
[DEBUG][2016-03-19 19:07:14,031][org.mybatis.spring.mapper.MapperScannerConfigurer$Scanner]Identified candidate component class: file [D:\eclipse-workspace\test\target\classes\sy\dao\UserMapper.class]
[DEBUG][2016-03-19 19:07:14,031][org.mybatis.spring.mapper.MapperScannerConfigurer$Scanner]Creating MapperFactoryBean with name 'userMapper' and 'sy.dao.UserMapper' mapperInterface
[DEBUG][2016-03-19 19:07:14,035][org.springframework.beans.factory.support.DefaultListableBeanFactory]Creating shared instance of singleton bean 'org.springframework.beans.factory.config.PropertyPlaceholderConfigurer#0'
[DEBUG][2016-03-19 19:07:14,035][org.springframework.beans.factory.support.DefaultListableBeanFactory]Creating instance of bean 'org.springframework.beans.factory.config.PropertyPlaceholderConfigurer#0'
[DEBUG][2016-03-19 19:07:14,037][org.springframework.beans.factory.support.DefaultListableBeanFactory]Eagerly caching bean 'org.springframework.beans.factory.config.PropertyPlaceholderConfigurer#0' to allow for resolving potential circular references
[DEBUG][2016-03-19 19:07:14,050][org.springframework.beans.factory.support.DefaultListableBeanFactory]Finished creating instance of bean 'org.springframework.beans.factory.config.PropertyPlaceholderConfigurer#0'
[INFO][2016-03-19 19:07:14,050][org.springframework.beans.factory.config.PropertyPlaceholderConfigurer]Loading properties file from class path resource [config.properties]
[DEBUG][2016-03-19 19:07:14,056][org.springframework.beans.factory.support.DefaultListableBeanFactory]Creating shared instance of singleton bean 'org.springframework.context.annotation.internalAutowiredAnnotationProcessor'
[DEBUG][2016-03-19 19:07:14,056][org.springframework.beans.factory.support.DefaultListableBeanFactory]Creating instance of bean 'org.springframework.context.annotation.internalAutowiredAnnotationProcessor'
[DEBUG][2016-03-19 19:07:14,057][org.springframework.beans.factory.support.DefaultListableBeanFactory]Eagerly caching bean 'org.springframework.context.annotation.internalAutowiredAnnotationProcessor' to allow for resolving potential circular references
[DEBUG][2016-03-19 19:07:14,057][org.springframework.beans.factory.support.DefaultListableBeanFactory]Finished creating instance of bean 'org.springframework.context.annotation.internalAutowiredAnnotationProcessor'
[DEBUG][2016-03-19 19:07:14,057][org.springframework.beans.factory.support.DefaultListableBeanFactory]Creating shared instance of singleton bean 'org.springframework.context.annotation.internalRequiredAnnotationProcessor'
[DEBUG][2016-03-19 19:07:14,057][org.springframework.beans.factory.support.DefaultListableBeanFactory]Creating instance of bean 'org.springframework.context.annotation.internalRequiredAnnotationProcessor'
[DEBUG][2016-03-19 19:07:14,058][org.springframework.beans.factory.support.DefaultListableBeanFactory]Eagerly caching bean 'org.springframework.context.annotation.internalRequiredAnnotationProcessor' to allow for resolving potential circular references
[DEBUG][2016-03-19 19:07:14,058][org.springframework.beans.factory.support.DefaultListableBeanFactory]Finished creating instance of bean 'org.springframework.context.annotation.internalRequiredAnnotationProcessor'
[DEBUG][2016-03-19 19:07:14,058][org.springframework.beans.factory.support.DefaultListableBeanFactory]Creating shared instance of singleton bean 'org.springframework.context.annotation.internalCommonAnnotationProcessor'
[DEBUG][2016-03-19 19:07:14,058][org.springframework.beans.factory.support.DefaultListableBeanFactory]Creating instance of bean 'org.springframework.context.annotation.internalCommonAnnotationProcessor'
[DEBUG][2016-03-19 19:07:14,061][org.springframework.beans.factory.support.DefaultListableBeanFactory]Eagerly caching bean 'org.springframework.context.annotation.internalCommonAnnotationProcessor' to allow for resolving potential circular references
[DEBUG][2016-03-19 19:07:14,061][org.springframework.beans.factory.support.DefaultListableBeanFactory]Finished creating instance of bean 'org.springframework.context.annotation.internalCommonAnnotationProcessor'
[DEBUG][2016-03-19 19:07:14,061][org.springframework.beans.factory.support.DefaultListableBeanFactory]Creating shared instance of singleton bean 'org.springframework.context.annotation.ConfigurationClassPostProcessor$ImportAwareBeanPostProcessor#0'
[DEBUG][2016-03-19 19:07:14,062][org.springframework.beans.factory.support.DefaultListableBeanFactory]Creating instance of bean 'org.springframework.context.annotation.ConfigurationClassPostProcessor$ImportAwareBeanPostProcessor#0'
[DEBUG][2016-03-19 19:07:14,062][org.springframework.beans.factory.support.DefaultListableBeanFactory]Eagerly caching bean 'org.springframework.context.annotation.ConfigurationClassPostProcessor$ImportAwareBeanPostProcessor#0' to allow for resolving potential circular references
[DEBUG][2016-03-19 19:07:14,062][org.springframework.beans.factory.support.DefaultListableBeanFactory]Finished creating instance of bean 'org.springframework.context.annotation.ConfigurationClassPostProcessor$ImportAwareBeanPostProcessor#0'
[DEBUG][2016-03-19 19:07:14,062][org.springframework.beans.factory.support.DefaultListableBeanFactory]Creating shared instance of singleton bean 'org.springframework.aop.config.internalAutoProxyCreator'
[DEBUG][2016-03-19 19:07:14,062][org.springframework.beans.factory.support.DefaultListableBeanFactory]Creating instance of bean 'org.springframework.aop.config.internalAutoProxyCreator'
[DEBUG][2016-03-19 19:07:14,069][org.springframework.beans.factory.support.DefaultListableBeanFactory]Eagerly caching bean 'org.springframework.aop.config.internalAutoProxyCreator' to allow for resolving potential circular references
[DEBUG][2016-03-19 19:07:14,088][org.springframework.beans.factory.support.DefaultListableBeanFactory]Finished creating instance of bean 'org.springframework.aop.config.internalAutoProxyCreator'
[DEBUG][2016-03-19 19:07:14,091][org.springframework.context.support.GenericApplicationContext]Unable to locate MessageSource with name 'messageSource': using default [org.springframework.context.support.DelegatingMessageSource@53c00f5e]
[DEBUG][2016-03-19 19:07:14,093][org.springframework.context.support.GenericApplicationContext]Unable to locate ApplicationEventMulticaster with name 'applicationEventMulticaster': using default [org.springframework.context.event.SimpleApplicationEventMulticaster@273444f9]
[INFO][2016-03-19 19:07:14,094][org.springframework.beans.factory.support.DefaultListableBeanFactory]Pre-instantiating singletons in org.springframework.beans.factory.support.DefaultListableBeanFactory@2d9b57ca: defining beans [userService,org.springframework.context.annotation.internalConfigurationAnnotationProcessor,org.springframework.context.annotation.internalAutowiredAnnotationProcessor,org.springframework.context.annotation.internalRequiredAnnotationProcessor,org.springframework.context.annotation.internalCommonAnnotationProcessor,org.springframework.beans.factory.config.PropertyPlaceholderConfigurer#0,dataSource,sqlSessionFactory,org.mybatis.spring.mapper.MapperScannerConfigurer#0,transactionManager,transactionAdvice,org.springframework.aop.config.internalAutoProxyCreator,transactionPointcut,org.springframework.aop.support.DefaultBeanFactoryPointcutAdvisor#0,druid-stat-interceptor,druid-stat-pointcut,org.springframework.aop.support.DefaultBeanFactoryPointcutAdvisor#1,org.springframework.context.annotation.ConfigurationClassPostProcessor$ImportAwareBeanPostProcessor#0,userMapper]; root of factory hierarchy
[DEBUG][2016-03-19 19:07:14,095][org.springframework.beans.factory.support.DefaultListableBeanFactory]Creating shared instance of singleton bean 'userService'
[DEBUG][2016-03-19 19:07:14,095][org.springframework.beans.factory.support.DefaultListableBeanFactory]Creating instance of bean 'userService'
[DEBUG][2016-03-19 19:07:14,095][org.springframework.beans.factory.support.DefaultListableBeanFactory]Creating shared instance of singleton bean 'org.springframework.aop.support.DefaultBeanFactoryPointcutAdvisor#0'
[DEBUG][2016-03-19 19:07:14,096][org.springframework.beans.factory.support.DefaultListableBeanFactory]Creating instance of bean 'org.springframework.aop.support.DefaultBeanFactoryPointcutAdvisor#0'
[DEBUG][2016-03-19 19:07:14,096][org.springframework.beans.factory.support.DefaultListableBeanFactory]Eagerly caching bean 'org.springframework.aop.support.DefaultBeanFactoryPointcutAdvisor#0' to allow for resolving potential circular references
[DEBUG][2016-03-19 19:07:14,103][org.springframework.beans.factory.support.DefaultListableBeanFactory]Creating instance of bean 'transactionPointcut'
[DEBUG][2016-03-19 19:07:14,110][org.springframework.beans.factory.support.DefaultListableBeanFactory]Finished creating instance of bean 'transactionPointcut'
[DEBUG][2016-03-19 19:07:14,110][org.springframework.beans.factory.support.DefaultListableBeanFactory]Finished creating instance of bean 'org.springframework.aop.support.DefaultBeanFactoryPointcutAdvisor#0'
[DEBUG][2016-03-19 19:07:14,110][org.springframework.beans.factory.support.DefaultListableBeanFactory]Creating shared instance of singleton bean 'org.springframework.aop.support.DefaultBeanFactoryPointcutAdvisor#1'
[DEBUG][2016-03-19 19:07:14,110][org.springframework.beans.factory.support.DefaultListableBeanFactory]Creating instance of bean 'org.springframework.aop.support.DefaultBeanFactoryPointcutAdvisor#1'
[DEBUG][2016-03-19 19:07:14,110][org.springframework.beans.factory.support.DefaultListableBeanFactory]Eagerly caching bean 'org.springframework.aop.support.DefaultBeanFactoryPointcutAdvisor#1' to allow for resolving potential circular references
[DEBUG][2016-03-19 19:07:14,110][org.springframework.beans.factory.support.DefaultListableBeanFactory]Creating instance of bean 'druid-stat-pointcut'
[DEBUG][2016-03-19 19:07:14,111][org.springframework.beans.factory.support.DefaultListableBeanFactory]Returning cached instance of singleton bean 'org.springframework.aop.support.DefaultBeanFactoryPointcutAdvisor#0'
[DEBUG][2016-03-19 19:07:14,126][org.springframework.beans.factory.support.DefaultListableBeanFactory]Returning cached instance of singleton bean 'org.springframework.aop.support.DefaultBeanFactoryPointcutAdvisor#0'
[DEBUG][2016-03-19 19:07:14,126][org.springframework.beans.factory.support.DefaultListableBeanFactory]Returning cached instance of singleton bean 'org.springframework.aop.support.DefaultBeanFactoryPointcutAdvisor#0'
[DEBUG][2016-03-19 19:07:14,251][org.springframework.beans.factory.support.DefaultListableBeanFactory]Finished creating instance of bean 'druid-stat-pointcut'
[DEBUG][2016-03-19 19:07:14,251][org.springframework.beans.factory.support.DefaultListableBeanFactory]Finished creating instance of bean 'org.springframework.aop.support.DefaultBeanFactoryPointcutAdvisor#1'
[DEBUG][2016-03-19 19:07:14,255][org.springframework.beans.factory.annotation.InjectionMetadata]Found injected element on class [sy.service.UserServiceImpl]: AutowiredMethodElement for public void sy.service.UserServiceImpl.setUserMapper(sy.dao.UserMapper)
[DEBUG][2016-03-19 19:07:14,256][org.springframework.beans.factory.support.DefaultListableBeanFactory]Eagerly caching bean 'userService' to allow for resolving potential circular references
[DEBUG][2016-03-19 19:07:14,256][org.springframework.beans.factory.annotation.InjectionMetadata]Processing injected method of bean 'userService': AutowiredMethodElement for public void sy.service.UserServiceImpl.setUserMapper(sy.dao.UserMapper)
[DEBUG][2016-03-19 19:07:14,257][org.springframework.beans.factory.support.DefaultListableBeanFactory]Returning cached instance of singleton bean 'org.springframework.aop.support.DefaultBeanFactoryPointcutAdvisor#0'
[DEBUG][2016-03-19 19:07:14,257][org.springframework.beans.factory.support.DefaultListableBeanFactory]Returning cached instance of singleton bean 'org.springframework.aop.support.DefaultBeanFactoryPointcutAdvisor#1'
[DEBUG][2016-03-19 19:07:14,261][org.apache.ibatis.logging.LogFactory]Logging initialized using 'class org.apache.ibatis.logging.commons.JakartaCommonsLoggingImpl' adapter.
[DEBUG][2016-03-19 19:07:14,264][org.springframework.beans.factory.support.DefaultListableBeanFactory]Returning cached instance of singleton bean 'org.springframework.aop.support.DefaultBeanFactoryPointcutAdvisor#0'
[DEBUG][2016-03-19 19:07:14,264][org.springframework.beans.factory.support.DefaultListableBeanFactory]Returning cached instance of singleton bean 'org.springframework.aop.support.DefaultBeanFactoryPointcutAdvisor#1'
[DEBUG][2016-03-19 19:07:14,264][org.springframework.beans.factory.support.DefaultListableBeanFactory]Creating shared instance of singleton bean 'userMapper'
[DEBUG][2016-03-19 19:07:14,264][org.springframework.beans.factory.support.DefaultListableBeanFactory]Creating instance of bean 'userMapper'
[DEBUG][2016-03-19 19:07:14,268][org.springframework.beans.factory.annotation.InjectionMetadata]Found injected element on class [org.mybatis.spring.mapper.MapperFactoryBean]: AutowiredMethodElement for public final void org.mybatis.spring.support.SqlSessionDaoSupport.setSqlSessionFactory(org.apache.ibatis.session.SqlSessionFactory)
[DEBUG][2016-03-19 19:07:14,268][org.springframework.beans.factory.annotation.InjectionMetadata]Found injected element on class [org.mybatis.spring.mapper.MapperFactoryBean]: AutowiredMethodElement for public final void org.mybatis.spring.support.SqlSessionDaoSupport.setSqlSessionTemplate(org.mybatis.spring.SqlSessionTemplate)
[DEBUG][2016-03-19 19:07:14,268][org.springframework.beans.factory.support.DefaultListableBeanFactory]Eagerly caching bean 'userMapper' to allow for resolving potential circular references
[DEBUG][2016-03-19 19:07:14,274][org.springframework.beans.factory.annotation.InjectionMetadata]Processing injected method of bean 'userMapper': AutowiredMethodElement for public final void org.mybatis.spring.support.SqlSessionDaoSupport.setSqlSessionFactory(org.apache.ibatis.session.SqlSessionFactory)
[DEBUG][2016-03-19 19:07:14,274][org.springframework.beans.factory.annotation.InjectionMetadata]Processing injected method of bean 'userMapper': AutowiredMethodElement for public final void org.mybatis.spring.support.SqlSessionDaoSupport.setSqlSessionTemplate(org.mybatis.spring.SqlSessionTemplate)
[DEBUG][2016-03-19 19:07:14,275][org.springframework.beans.factory.support.DefaultListableBeanFactory]Returning cached instance of singleton bean 'org.springframework.aop.support.DefaultBeanFactoryPointcutAdvisor#0'
[DEBUG][2016-03-19 19:07:14,275][org.springframework.beans.factory.support.DefaultListableBeanFactory]Returning cached instance of singleton bean 'org.springframework.aop.support.DefaultBeanFactoryPointcutAdvisor#1'
[DEBUG][2016-03-19 19:07:14,275][org.springframework.beans.factory.support.DefaultListableBeanFactory]Returning cached instance of singleton bean 'org.springframework.aop.support.DefaultBeanFactoryPointcutAdvisor#0'
[DEBUG][2016-03-19 19:07:14,275][org.springframework.beans.factory.support.DefaultListableBeanFactory]Returning cached instance of singleton bean 'org.springframework.aop.support.DefaultBeanFactoryPointcutAdvisor#1'
[DEBUG][2016-03-19 19:07:14,280][org.springframework.beans.factory.support.DefaultListableBeanFactory]Returning eagerly cached instance of singleton bean 'userMapper' that is not fully initialized yet - a consequence of a circular reference
[DEBUG][2016-03-19 19:07:14,281][org.springframework.beans.factory.support.DefaultListableBeanFactory]Creating shared instance of singleton bean 'sqlSessionFactory'
[DEBUG][2016-03-19 19:07:14,281][org.springframework.beans.factory.support.DefaultListableBeanFactory]Creating instance of bean 'sqlSessionFactory'
[DEBUG][2016-03-19 19:07:14,282][org.springframework.beans.factory.support.DefaultListableBeanFactory]Eagerly caching bean 'sqlSessionFactory' to allow for resolving potential circular references
[DEBUG][2016-03-19 19:07:14,287][org.springframework.beans.factory.support.DefaultListableBeanFactory]Creating shared instance of singleton bean 'dataSource'
[DEBUG][2016-03-19 19:07:14,287][org.springframework.beans.factory.support.DefaultListableBeanFactory]Creating instance of bean 'dataSource'
[DEBUG][2016-03-19 19:07:14,287][org.springframework.beans.factory.support.DefaultListableBeanFactory]Returning cached instance of singleton bean 'org.springframework.aop.support.DefaultBeanFactoryPointcutAdvisor#0'
[DEBUG][2016-03-19 19:07:14,287][org.springframework.beans.factory.support.DefaultListableBeanFactory]Returning cached instance of singleton bean 'org.springframework.aop.support.DefaultBeanFactoryPointcutAdvisor#1'
[DEBUG][2016-03-19 19:07:14,310][org.springframework.beans.factory.support.DefaultListableBeanFactory]Eagerly caching bean 'dataSource' to allow for resolving potential circular references
[ERROR][2016-03-19 19:07:14,625][com.alibaba.druid.pool.DruidAbstractDataSource]maxIdle is deprecated
[DEBUG][2016-03-19 19:07:14,648][org.springframework.beans.factory.support.DefaultListableBeanFactory]Invoking init method  'init' on bean with name 'dataSource'
[ERROR][2016-03-19 19:07:14,685][com.alibaba.druid.pool.DruidDataSource]{dataSource-1} init error
java.sql.SQLException: com.mysql.jdbc.Driver
	at com.alibaba.druid.util.JdbcUtils.createDriver(JdbcUtils.java:546)
	at com.alibaba.druid.pool.DruidDataSource.init(DruidDataSource.java:648)
	at sun.reflect.NativeMethodAccessorImpl.invoke0(Native Method)
	at sun.reflect.NativeMethodAccessorImpl.invoke(NativeMethodAccessorImpl.java:57)
	at sun.reflect.DelegatingMethodAccessorImpl.invoke(DelegatingMethodAccessorImpl.java:43)
	at java.lang.reflect.Method.invoke(Method.java:606)
	at org.springframework.beans.factory.support.AbstractAutowireCapableBeanFactory.invokeCustomInitMethod(AbstractAutowireCapableBeanFactory.java:1581)
	at org.springframework.beans.factory.support.AbstractAutowireCapableBeanFactory.invokeInitMethods(AbstractAutowireCapableBeanFactory.java:1522)
	at org.springframework.beans.factory.support.AbstractAutowireCapableBeanFactory.initializeBean(AbstractAutowireCapableBeanFactory.java:1452)
	at org.springframework.beans.factory.support.AbstractAutowireCapableBeanFactory.doCreateBean(AbstractAutowireCapableBeanFactory.java:519)
	at org.springframework.beans.factory.support.AbstractAutowireCapableBeanFactory.createBean(AbstractAutowireCapableBeanFactory.java:456)
	at org.springframework.beans.factory.support.AbstractBeanFactory$1.getObject(AbstractBeanFactory.java:294)
	at org.springframework.beans.factory.support.DefaultSingletonBeanRegistry.getSingleton(DefaultSingletonBeanRegistry.java:225)
	at org.springframework.beans.factory.support.AbstractBeanFactory.doGetBean(AbstractBeanFactory.java:291)
	at org.springframework.beans.factory.support.AbstractBeanFactory.getBean(AbstractBeanFactory.java:193)
	at org.springframework.beans.factory.support.BeanDefinitionValueResolver.resolveReference(BeanDefinitionValueResolver.java:322)
	at org.springframework.beans.factory.support.BeanDefinitionValueResolver.resolveValueIfNecessary(BeanDefinitionValueResolver.java:106)
	at org.springframework.beans.factory.support.AbstractAutowireCapableBeanFactory.applyPropertyValues(AbstractAutowireCapableBeanFactory.java:1360)
	at org.springframework.beans.factory.support.AbstractAutowireCapableBeanFactory.populateBean(AbstractAutowireCapableBeanFactory.java:1118)
	at org.springframework.beans.factory.support.AbstractAutowireCapableBeanFactory.doCreateBean(AbstractAutowireCapableBeanFactory.java:517)
	at org.springframework.beans.factory.support.AbstractAutowireCapableBeanFactory.createBean(AbstractAutowireCapableBeanFactory.java:456)
	at org.springframework.beans.factory.support.AbstractBeanFactory$1.getObject(AbstractBeanFactory.java:294)
	at org.springframework.beans.factory.support.DefaultSingletonBeanRegistry.getSingleton(DefaultSingletonBeanRegistry.java:225)
	at org.springframework.beans.factory.support.AbstractBeanFactory.doGetBean(AbstractBeanFactory.java:291)
	at org.springframework.beans.factory.support.AbstractBeanFactory.getBean(AbstractBeanFactory.java:193)
	at org.springframework.beans.factory.support.BeanDefinitionValueResolver.resolveReference(BeanDefinitionValueResolver.java:322)
	at org.springframework.beans.factory.support.BeanDefinitionValueResolver.resolveValueIfNecessary(BeanDefinitionValueResolver.java:106)
	at org.springframework.beans.factory.support.AbstractAutowireCapableBeanFactory.applyPropertyValues(AbstractAutowireCapableBeanFactory.java:1360)
	at org.springframework.beans.factory.support.AbstractAutowireCapableBeanFactory.populateBean(AbstractAutowireCapableBeanFactory.java:1118)
	at org.springframework.beans.factory.support.AbstractAutowireCapableBeanFactory.doCreateBean(AbstractAutowireCapableBeanFactory.java:517)
	at org.springframework.beans.factory.support.AbstractAutowireCapableBeanFactory.createBean(AbstractAutowireCapableBeanFactory.java:456)
	at org.springframework.beans.factory.support.AbstractBeanFactory$1.getObject(AbstractBeanFactory.java:294)
	at org.springframework.beans.factory.support.DefaultSingletonBeanRegistry.getSingleton(DefaultSingletonBeanRegistry.java:225)
	at org.springframework.beans.factory.support.AbstractBeanFactory.doGetBean(AbstractBeanFactory.java:291)
	at org.springframework.beans.factory.support.AbstractBeanFactory.getTypeForFactoryBean(AbstractBeanFactory.java:1356)
	at org.springframework.beans.factory.support.AbstractAutowireCapableBeanFactory.getTypeForFactoryBean(AbstractAutowireCapableBeanFactory.java:710)
	at org.springframework.beans.factory.support.AbstractBeanFactory.isTypeMatch(AbstractBeanFactory.java:519)
	at org.springframework.beans.factory.support.DefaultListableBeanFactory.getBeanNamesForType(DefaultListableBeanFactory.java:319)
	at org.springframework.beans.factory.BeanFactoryUtils.beanNamesForTypeIncludingAncestors(BeanFactoryUtils.java:185)
	at org.springframework.beans.factory.support.DefaultListableBeanFactory.findAutowireCandidates(DefaultListableBeanFactory.java:833)
	at org.springframework.beans.factory.support.DefaultListableBeanFactory.doResolveDependency(DefaultListableBeanFactory.java:790)
	at org.springframework.beans.factory.support.DefaultListableBeanFactory.resolveDependency(DefaultListableBeanFactory.java:707)
	at org.springframework.beans.factory.annotation.AutowiredAnnotationBeanPostProcessor$AutowiredMethodElement.inject(AutowiredAnnotationBeanPostProcessor.java:551)
	at org.springframework.beans.factory.annotation.InjectionMetadata.inject(InjectionMetadata.java:87)
	at org.springframework.beans.factory.annotation.AutowiredAnnotationBeanPostProcessor.postProcessPropertyValues(AutowiredAnnotationBeanPostProcessor.java:284)
	at org.springframework.beans.factory.support.AbstractAutowireCapableBeanFactory.populateBean(AbstractAutowireCapableBeanFactory.java:1106)
	at org.springframework.beans.factory.support.AbstractAutowireCapableBeanFactory.doCreateBean(AbstractAutowireCapableBeanFactory.java:517)
	at org.springframework.beans.factory.support.AbstractAutowireCapableBeanFactory.createBean(AbstractAutowireCapableBeanFactory.java:456)
	at org.springframework.beans.factory.support.AbstractBeanFactory$1.getObject(AbstractBeanFactory.java:294)
	at org.springframework.beans.factory.support.DefaultSingletonBeanRegistry.getSingleton(DefaultSingletonBeanRegistry.java:225)
	at org.springframework.beans.factory.support.AbstractBeanFactory.doGetBean(AbstractBeanFactory.java:291)
	at org.springframework.beans.factory.support.AbstractBeanFactory.getBean(AbstractBeanFactory.java:193)
	at org.springframework.beans.factory.support.DefaultListableBeanFactory.preInstantiateSingletons(DefaultListableBeanFactory.java:585)
	at org.springframework.context.support.AbstractApplicationContext.finishBeanFactoryInitialization(AbstractApplicationContext.java:913)
	at org.springframework.context.support.AbstractApplicationContext.refresh(AbstractApplicationContext.java:464)
	at org.springframework.test.context.support.AbstractGenericContextLoader.loadContext(AbstractGenericContextLoader.java:120)
	at org.springframework.test.context.support.AbstractGenericContextLoader.loadContext(AbstractGenericContextLoader.java:60)
	at org.springframework.test.context.support.AbstractDelegatingSmartContextLoader.delegateLoading(AbstractDelegatingSmartContextLoader.java:102)
	at org.springframework.test.context.support.AbstractDelegatingSmartContextLoader.loadContext(AbstractDelegatingSmartContextLoader.java:246)
	at org.springframework.test.context.CacheAwareContextLoaderDelegate.loadContextInternal(CacheAwareContextLoaderDelegate.java:69)
	at org.springframework.test.context.CacheAwareContextLoaderDelegate.loadContext(CacheAwareContextLoaderDelegate.java:95)
	at org.springframework.test.context.TestContext.getApplicationContext(TestContext.java:122)
	at org.springframework.test.context.support.DependencyInjectionTestExecutionListener.injectDependencies(DependencyInjectionTestExecutionListener.java:109)
	at org.springframework.test.context.support.DependencyInjectionTestExecutionListener.prepareTestInstance(DependencyInjectionTestExecutionListener.java:75)
	at org.springframework.test.context.TestContextManager.prepareTestInstance(TestContextManager.java:321)
	at org.springframework.test.context.junit4.SpringJUnit4ClassRunner.createTest(SpringJUnit4ClassRunner.java:211)
	at org.springframework.test.context.junit4.SpringJUnit4ClassRunner$1.runReflectiveCall(SpringJUnit4ClassRunner.java:288)
	at org.junit.internal.runners.model.ReflectiveCallable.run(ReflectiveCallable.java:12)
	at org.springframework.test.context.junit4.SpringJUnit4ClassRunner.methodBlock(SpringJUnit4ClassRunner.java:284)
	at org.springframework.test.context.junit4.SpringJUnit4ClassRunner.runChild(SpringJUnit4ClassRunner.java:231)
	at org.springframework.test.context.junit4.SpringJUnit4ClassRunner.runChild(SpringJUnit4ClassRunner.java:88)
	at org.junit.runners.ParentRunner$3.run(ParentRunner.java:290)
	at org.junit.runners.ParentRunner$1.schedule(ParentRunner.java:71)
	at org.junit.runners.ParentRunner.runChildren(ParentRunner.java:288)
	at org.junit.runners.ParentRunner.access$000(ParentRunner.java:58)
	at org.junit.runners.ParentRunner$2.evaluate(ParentRunner.java:268)
	at org.springframework.test.context.junit4.statements.RunBeforeTestClassCallbacks.evaluate(RunBeforeTestClassCallbacks.java:61)
	at org.springframework.test.context.junit4.statements.RunAfterTestClassCallbacks.evaluate(RunAfterTestClassCallbacks.java:71)
	at org.junit.runners.ParentRunner.run(ParentRunner.java:363)
	at org.springframework.test.context.junit4.SpringJUnit4ClassRunner.run(SpringJUnit4ClassRunner.java:174)
	at org.eclipse.jdt.internal.junit4.runner.JUnit4TestReference.run(JUnit4TestReference.java:86)
	at org.eclipse.jdt.internal.junit.runner.TestExecution.run(TestExecution.java:38)
	at org.eclipse.jdt.internal.junit.runner.RemoteTestRunner.runTests(RemoteTestRunner.java:459)
	at org.eclipse.jdt.internal.junit.runner.RemoteTestRunner.runTests(RemoteTestRunner.java:675)
	at org.eclipse.jdt.internal.junit.runner.RemoteTestRunner.run(RemoteTestRunner.java:382)
	at org.eclipse.jdt.internal.junit.runner.RemoteTestRunner.main(RemoteTestRunner.java:192)
Caused by: java.lang.ClassNotFoundException: com.mysql.jdbc.Driver
	at java.net.URLClassLoader$1.run(URLClassLoader.java:366)
	at java.net.URLClassLoader$1.run(URLClassLoader.java:355)
	at java.security.AccessController.doPrivileged(Native Method)
	at java.net.URLClassLoader.findClass(URLClassLoader.java:354)
	at java.lang.ClassLoader.loadClass(ClassLoader.java:425)
	at sun.misc.Launcher$AppClassLoader.loadClass(Launcher.java:308)
	at java.lang.ClassLoader.loadClass(ClassLoader.java:358)
	at java.lang.Class.forName0(Native Method)
	at java.lang.Class.forName(Class.java:191)
	at com.alibaba.druid.util.JdbcUtils.createDriver(JdbcUtils.java:544)
	... 85 more
[DEBUG][2016-03-19 19:07:14,689][org.springframework.beans.factory.support.DefaultListableBeanFactory]Ignoring bean creation exception on FactoryBean type check: org.springframework.beans.factory.BeanCreationException: Error creating bean with name 'userMapper' defined in file [D:\eclipse-workspace\test\target\classes\sy\dao\UserMapper.class]: Cannot resolve reference to bean 'sqlSessionFactory' while setting bean property 'sqlSessionFactory'; nested exception is org.springframework.beans.factory.BeanCreationException: Error creating bean with name 'sqlSessionFactory' defined in class path resource [spring-mybatis.xml]: Cannot resolve reference to bean 'dataSource' while setting bean property 'dataSource'; nested exception is org.springframework.beans.factory.BeanCreationException: Error creating bean with name 'dataSource' defined in class path resource [spring-mybatis.xml]: Invocation of init method failed; nested exception is java.sql.SQLException: com.mysql.jdbc.Driver
[INFO][2016-03-19 19:07:14,689][org.springframework.beans.factory.support.DefaultListableBeanFactory]Destroying singletons in org.springframework.beans.factory.support.DefaultListableBeanFactory@2d9b57ca: defining beans [userService,org.springframework.context.annotation.internalConfigurationAnnotationProcessor,org.springframework.context.annotation.internalAutowiredAnnotationProcessor,org.springframework.context.annotation.internalRequiredAnnotationProcessor,org.springframework.context.annotation.internalCommonAnnotationProcessor,org.springframework.beans.factory.config.PropertyPlaceholderConfigurer#0,dataSource,sqlSessionFactory,org.mybatis.spring.mapper.MapperScannerConfigurer#0,transactionManager,transactionAdvice,org.springframework.aop.config.internalAutoProxyCreator,transactionPointcut,org.springframework.aop.support.DefaultBeanFactoryPointcutAdvisor#0,druid-stat-interceptor,druid-stat-pointcut,org.springframework.aop.support.DefaultBeanFactoryPointcutAdvisor#1,org.springframework.context.annotation.ConfigurationClassPostProcessor$ImportAwareBeanPostProcessor#0,userMapper]; root of factory hierarchy
[ERROR][2016-03-19 19:07:14,689][org.springframework.test.context.TestContextManager]Caught exception while allowing TestExecutionListener [org.springframework.test.context.support.DependencyInjectionTestExecutionListener@494e4ae9] to prepare test instance [sy.test.TestUtil@6ac604]
java.lang.IllegalStateException: Failed to load ApplicationContext
	at org.springframework.test.context.CacheAwareContextLoaderDelegate.loadContext(CacheAwareContextLoaderDelegate.java:103)
	at org.springframework.test.context.TestContext.getApplicationContext(TestContext.java:122)
	at org.springframework.test.context.support.DependencyInjectionTestExecutionListener.injectDependencies(DependencyInjectionTestExecutionListener.java:109)
	at org.springframework.test.context.support.DependencyInjectionTestExecutionListener.prepareTestInstance(DependencyInjectionTestExecutionListener.java:75)
	at org.springframework.test.context.TestContextManager.prepareTestInstance(TestContextManager.java:321)
	at org.springframework.test.context.junit4.SpringJUnit4ClassRunner.createTest(SpringJUnit4ClassRunner.java:211)
	at org.springframework.test.context.junit4.SpringJUnit4ClassRunner$1.runReflectiveCall(SpringJUnit4ClassRunner.java:288)
	at org.junit.internal.runners.model.ReflectiveCallable.run(ReflectiveCallable.java:12)
	at org.springframework.test.context.junit4.SpringJUnit4ClassRunner.methodBlock(SpringJUnit4ClassRunner.java:284)
	at org.springframework.test.context.junit4.SpringJUnit4ClassRunner.runChild(SpringJUnit4ClassRunner.java:231)
	at org.springframework.test.context.junit4.SpringJUnit4ClassRunner.runChild(SpringJUnit4ClassRunner.java:88)
	at org.junit.runners.ParentRunner$3.run(ParentRunner.java:290)
	at org.junit.runners.ParentRunner$1.schedule(ParentRunner.java:71)
	at org.junit.runners.ParentRunner.runChildren(ParentRunner.java:288)
	at org.junit.runners.ParentRunner.access$000(ParentRunner.java:58)
	at org.junit.runners.ParentRunner$2.evaluate(ParentRunner.java:268)
	at org.springframework.test.context.junit4.statements.RunBeforeTestClassCallbacks.evaluate(RunBeforeTestClassCallbacks.java:61)
	at org.springframework.test.context.junit4.statements.RunAfterTestClassCallbacks.evaluate(RunAfterTestClassCallbacks.java:71)
	at org.junit.runners.ParentRunner.run(ParentRunner.java:363)
	at org.springframework.test.context.junit4.SpringJUnit4ClassRunner.run(SpringJUnit4ClassRunner.java:174)
	at org.eclipse.jdt.internal.junit4.runner.JUnit4TestReference.run(JUnit4TestReference.java:86)
	at org.eclipse.jdt.internal.junit.runner.TestExecution.run(TestExecution.java:38)
	at org.eclipse.jdt.internal.junit.runner.RemoteTestRunner.runTests(RemoteTestRunner.java:459)
	at org.eclipse.jdt.internal.junit.runner.RemoteTestRunner.runTests(RemoteTestRunner.java:675)
	at org.eclipse.jdt.internal.junit.runner.RemoteTestRunner.run(RemoteTestRunner.java:382)
	at org.eclipse.jdt.internal.junit.runner.RemoteTestRunner.main(RemoteTestRunner.java:192)
Caused by: org.springframework.beans.factory.BeanCreationException: Error creating bean with name 'userService': Injection of autowired dependencies failed; nested exception is org.springframework.beans.factory.BeanCreationException: Could not autowire method: public void sy.service.UserServiceImpl.setUserMapper(sy.dao.UserMapper); nested exception is org.springframework.beans.factory.NoSuchBeanDefinitionException: No matching bean of type [sy.dao.UserMapper] found for dependency: expected at least 1 bean which qualifies as autowire candidate for this dependency. Dependency annotations: {}
Related cause: org.springframework.beans.factory.BeanCreationException: Error creating bean with name 'userMapper' defined in file [D:\eclipse-workspace\test\target\classes\sy\dao\UserMapper.class]: Cannot resolve reference to bean 'sqlSessionFactory' while setting bean property 'sqlSessionFactory'; nested exception is org.springframework.beans.factory.BeanCreationException: Error creating bean with name 'sqlSessionFactory' defined in class path resource [spring-mybatis.xml]: Cannot resolve reference to bean 'dataSource' while setting bean property 'dataSource'; nested exception is org.springframework.beans.factory.BeanCreationException: Error creating bean with name 'dataSource' defined in class path resource [spring-mybatis.xml]: Invocation of init method failed; nested exception is java.sql.SQLException: com.mysql.jdbc.Driver
	at org.springframework.beans.factory.annotation.AutowiredAnnotationBeanPostProcessor.postProcessPropertyValues(AutowiredAnnotationBeanPostProcessor.java:287)
	at org.springframework.beans.factory.support.AbstractAutowireCapableBeanFactory.populateBean(AbstractAutowireCapableBeanFactory.java:1106)
	at org.springframework.beans.factory.support.AbstractAutowireCapableBeanFactory.doCreateBean(AbstractAutowireCapableBeanFactory.java:517)
	at org.springframework.beans.factory.support.AbstractAutowireCapableBeanFactory.createBean(AbstractAutowireCapableBeanFactory.java:456)
	at org.springframework.beans.factory.support.AbstractBeanFactory$1.getObject(AbstractBeanFactory.java:294)
	at org.springframework.beans.factory.support.DefaultSingletonBeanRegistry.getSingleton(DefaultSingletonBeanRegistry.java:225)
	at org.springframework.beans.factory.support.AbstractBeanFactory.doGetBean(AbstractBeanFactory.java:291)
	at org.springframework.beans.factory.support.AbstractBeanFactory.getBean(AbstractBeanFactory.java:193)
	at org.springframework.beans.factory.support.DefaultListableBeanFactory.preInstantiateSingletons(DefaultListableBeanFactory.java:585)
	at org.springframework.context.support.AbstractApplicationContext.finishBeanFactoryInitialization(AbstractApplicationContext.java:913)
	at org.springframework.context.support.AbstractApplicationContext.refresh(AbstractApplicationContext.java:464)
	at org.springframework.test.context.support.AbstractGenericContextLoader.loadContext(AbstractGenericContextLoader.java:120)
	at org.springframework.test.context.support.AbstractGenericContextLoader.loadContext(AbstractGenericContextLoader.java:60)
	at org.springframework.test.context.support.AbstractDelegatingSmartContextLoader.delegateLoading(AbstractDelegatingSmartContextLoader.java:102)
	at org.springframework.test.context.support.AbstractDelegatingSmartContextLoader.loadContext(AbstractDelegatingSmartContextLoader.java:246)
	at org.springframework.test.context.CacheAwareContextLoaderDelegate.loadContextInternal(CacheAwareContextLoaderDelegate.java:69)
	at org.springframework.test.context.CacheAwareContextLoaderDelegate.loadContext(CacheAwareContextLoaderDelegate.java:95)
	... 25 more
Caused by: org.springframework.beans.factory.BeanCreationException: Could not autowire method: public void sy.service.UserServiceImpl.setUserMapper(sy.dao.UserMapper); nested exception is org.springframework.beans.factory.NoSuchBeanDefinitionException: No matching bean of type [sy.dao.UserMapper] found for dependency: expected at least 1 bean which qualifies as autowire candidate for this dependency. Dependency annotations: {}
	at org.springframework.beans.factory.annotation.AutowiredAnnotationBeanPostProcessor$AutowiredMethodElement.inject(AutowiredAnnotationBeanPostProcessor.java:593)
	at org.springframework.beans.factory.annotation.InjectionMetadata.inject(InjectionMetadata.java:87)
	at org.springframework.beans.factory.annotation.AutowiredAnnotationBeanPostProcessor.postProcessPropertyValues(AutowiredAnnotationBeanPostProcessor.java:284)
	... 41 more
Caused by: org.springframework.beans.factory.NoSuchBeanDefinitionException: No matching bean of type [sy.dao.UserMapper] found for dependency: expected at least 1 bean which qualifies as autowire candidate for this dependency. Dependency annotations: {}
	at org.springframework.beans.factory.support.DefaultListableBeanFactory.raiseNoSuchBeanDefinitionException(DefaultListableBeanFactory.java:924)
	at org.springframework.beans.factory.support.DefaultListableBeanFactory.doResolveDependency(DefaultListableBeanFactory.java:793)
	at org.springframework.beans.factory.support.DefaultListableBeanFactory.resolveDependency(DefaultListableBeanFactory.java:707)
	at org.springframework.beans.factory.annotation.AutowiredAnnotationBeanPostProcessor$AutowiredMethodElement.inject(AutowiredAnnotationBeanPostProcessor.java:551)
	... 43 more
[DEBUG][2016-03-19 19:07:14,694][org.springframework.test.context.support.DirtiesContextTestExecutionListener]After test class: context [[TestContext@24177697 testClass = TestUtil, testInstance = [null], testMethod = [null], testException = [null], mergedContextConfiguration = [MergedContextConfiguration@61ee30d2 testClass = TestUtil, locations = '{classpath:spring.xml, classpath:spring-mybatis.xml}', classes = '{}', contextInitializerClasses = '[]', activeProfiles = '{}', contextLoader = 'org.springframework.test.context.support.DelegatingSmartContextLoader', parent = [null]]]], dirtiesContext [false].
[DEBUG][2016-03-19 19:09:24,628][org.springframework.test.context.junit4.SpringJUnit4ClassRunner]SpringJUnit4ClassRunner constructor called with [class sy.test.TestUtil].
[DEBUG][2016-03-19 19:09:24,667][org.springframework.test.context.support.AbstractDelegatingSmartContextLoader]Delegating to GenericXmlContextLoader to process context configuration [ContextConfigurationAttributes@34780c0e declaringClass = 'sy.test.TestUtil', classes = '{}', locations = '{classpath:spring.xml, classpath:spring-mybatis.xml}', inheritLocations = true, initializers = '{}', inheritInitializers = true, name = [null], contextLoaderClass = 'org.springframework.test.context.ContextLoader'].
[DEBUG][2016-03-19 19:09:24,669][org.springframework.test.context.ContextLoaderUtils]Could not find an 'annotation declaring class' for annotation type [org.springframework.test.context.ActiveProfiles] and class [sy.test.TestUtil]
[DEBUG][2016-03-19 19:09:24,670][org.springframework.test.context.TestContextManager]@TestExecutionListeners is not present for class [sy.test.TestUtil]: using defaults.
[INFO][2016-03-19 19:09:24,676][org.springframework.test.context.TestContextManager]Could not instantiate TestExecutionListener [org.springframework.test.context.web.ServletTestExecutionListener]. Specify custom listener classes or make the default listener classes (and their required dependencies) available. Offending class: [org/springframework/web/context/request/RequestAttributes]
[DEBUG][2016-03-19 19:09:24,687][org.springframework.test.annotation.ProfileValueUtils]Retrieved @ProfileValueSourceConfiguration [null] for test class [sy.test.TestUtil]
[DEBUG][2016-03-19 19:09:24,687][org.springframework.test.annotation.ProfileValueUtils]Retrieved ProfileValueSource type [class org.springframework.test.annotation.SystemProfileValueSource] for class [sy.test.TestUtil]
[DEBUG][2016-03-19 19:09:24,689][org.springframework.test.annotation.ProfileValueUtils]Retrieved @ProfileValueSourceConfiguration [null] for test class [sy.test.TestUtil]
[DEBUG][2016-03-19 19:09:24,689][org.springframework.test.annotation.ProfileValueUtils]Retrieved ProfileValueSource type [class org.springframework.test.annotation.SystemProfileValueSource] for class [sy.test.TestUtil]
[DEBUG][2016-03-19 19:09:24,700][org.springframework.test.annotation.ProfileValueUtils]Retrieved @ProfileValueSourceConfiguration [null] for test class [sy.test.TestUtil]
[DEBUG][2016-03-19 19:09:24,700][org.springframework.test.annotation.ProfileValueUtils]Retrieved ProfileValueSource type [class org.springframework.test.annotation.SystemProfileValueSource] for class [sy.test.TestUtil]
[DEBUG][2016-03-19 19:09:24,701][org.springframework.test.annotation.ProfileValueUtils]Retrieved @ProfileValueSourceConfiguration [null] for test class [sy.test.TestUtil]
[DEBUG][2016-03-19 19:09:24,701][org.springframework.test.annotation.ProfileValueUtils]Retrieved ProfileValueSource type [class org.springframework.test.annotation.SystemProfileValueSource] for class [sy.test.TestUtil]
[DEBUG][2016-03-19 19:09:24,702][org.springframework.test.annotation.ProfileValueUtils]Retrieved @ProfileValueSourceConfiguration [null] for test class [sy.test.TestUtil]
[DEBUG][2016-03-19 19:09:24,702][org.springframework.test.annotation.ProfileValueUtils]Retrieved ProfileValueSource type [class org.springframework.test.annotation.SystemProfileValueSource] for class [sy.test.TestUtil]
[DEBUG][2016-03-19 19:09:24,704][org.springframework.test.annotation.ProfileValueUtils]Retrieved @ProfileValueSourceConfiguration [null] for test class [sy.test.TestUtil]
[DEBUG][2016-03-19 19:09:24,704][org.springframework.test.annotation.ProfileValueUtils]Retrieved ProfileValueSource type [class org.springframework.test.annotation.SystemProfileValueSource] for class [sy.test.TestUtil]
[DEBUG][2016-03-19 19:09:24,705][org.springframework.test.context.support.DependencyInjectionTestExecutionListener]Performing dependency injection for test context [[TestContext@5cc75d38 testClass = TestUtil, testInstance = sy.test.TestUtil@24b9371e, testMethod = [null], testException = [null], mergedContextConfiguration = [MergedContextConfiguration@7bd1a567 testClass = TestUtil, locations = '{classpath:spring.xml, classpath:spring-mybatis.xml}', classes = '{}', contextInitializerClasses = '[]', activeProfiles = '{}', contextLoader = 'org.springframework.test.context.support.DelegatingSmartContextLoader', parent = [null]]]].
[DEBUG][2016-03-19 19:09:24,706][org.springframework.test.context.support.AbstractDelegatingSmartContextLoader]Delegating to GenericXmlContextLoader to load context from [MergedContextConfiguration@7bd1a567 testClass = TestUtil, locations = '{classpath:spring.xml, classpath:spring-mybatis.xml}', classes = '{}', contextInitializerClasses = '[]', activeProfiles = '{}', contextLoader = 'org.springframework.test.context.support.DelegatingSmartContextLoader', parent = [null]].
[DEBUG][2016-03-19 19:09:24,706][org.springframework.test.context.support.AbstractGenericContextLoader]Loading ApplicationContext for merged context configuration [[MergedContextConfiguration@7bd1a567 testClass = TestUtil, locations = '{classpath:spring.xml, classpath:spring-mybatis.xml}', classes = '{}', contextInitializerClasses = '[]', activeProfiles = '{}', contextLoader = 'org.springframework.test.context.support.DelegatingSmartContextLoader', parent = [null]]].
[DEBUG][2016-03-19 19:09:24,749][org.springframework.core.env.StandardEnvironment]Adding [systemProperties] PropertySource with lowest search precedence
[DEBUG][2016-03-19 19:09:24,751][org.springframework.core.env.StandardEnvironment]Adding [systemEnvironment] PropertySource with lowest search precedence
[DEBUG][2016-03-19 19:09:24,751][org.springframework.core.env.StandardEnvironment]Initialized StandardEnvironment with PropertySources [systemProperties,systemEnvironment]
[DEBUG][2016-03-19 19:09:24,785][org.springframework.core.env.StandardEnvironment]Adding [systemProperties] PropertySource with lowest search precedence
[DEBUG][2016-03-19 19:09:24,785][org.springframework.core.env.StandardEnvironment]Adding [systemEnvironment] PropertySource with lowest search precedence
[DEBUG][2016-03-19 19:09:24,785][org.springframework.core.env.StandardEnvironment]Initialized StandardEnvironment with PropertySources [systemProperties,systemEnvironment]
[INFO][2016-03-19 19:09:24,794][org.springframework.beans.factory.xml.XmlBeanDefinitionReader]Loading XML bean definitions from class path resource [spring.xml]
[DEBUG][2016-03-19 19:09:24,813][org.springframework.beans.factory.xml.DefaultDocumentLoader]Using JAXP provider [com.sun.org.apache.xerces.internal.jaxp.DocumentBuilderFactoryImpl]
[DEBUG][2016-03-19 19:09:24,840][org.springframework.beans.factory.xml.PluggableSchemaResolver]Loading schema mappings from [META-INF/spring.schemas]
[DEBUG][2016-03-19 19:09:24,844][org.springframework.beans.factory.xml.PluggableSchemaResolver]Loaded schema mappings: {http://www.springframework.org/schema/util/spring-util.xsd=org/springframework/beans/factory/xml/spring-util-3.1.xsd, http://www.springframework.org/schema/task/spring-task.xsd=org/springframework/scheduling/config/spring-task-3.1.xsd, http://www.springframework.org/schema/beans/spring-beans-3.1.xsd=org/springframework/beans/factory/xml/spring-beans-3.1.xsd, http://www.springframework.org/schema/cache/spring-cache.xsd=org/springframework/cache/config/spring-cache-3.1.xsd, http://www.springframework.org/schema/aop/spring-aop-3.0.xsd=org/springframework/aop/config/spring-aop-3.0.xsd, http://www.springframework.org/schema/aop/spring-aop-2.0.xsd=org/springframework/aop/config/spring-aop-2.0.xsd, http://www.springframework.org/schema/task/spring-task-3.1.xsd=org/springframework/scheduling/config/spring-task-3.1.xsd, http://www.springframework.org/schema/tool/spring-tool-2.5.xsd=org/springframework/beans/factory/xml/spring-tool-2.5.xsd, http://www.springframework.org/schema/beans/spring-beans.xsd=org/springframework/beans/factory/xml/spring-beans-3.1.xsd, http://www.springframework.org/schema/jee/spring-jee-2.5.xsd=org/springframework/ejb/config/spring-jee-2.5.xsd, http://www.springframework.org/schema/jdbc/spring-jdbc-3.1.xsd=org/springframework/jdbc/config/spring-jdbc-3.1.xsd, http://www.springframework.org/schema/tool/spring-tool-3.1.xsd=org/springframework/beans/factory/xml/spring-tool-3.1.xsd, http://www.springframework.org/schema/aop/spring-aop.xsd=org/springframework/aop/config/spring-aop-3.1.xsd, http://www.springframework.org/schema/jee/spring-jee-3.1.xsd=org/springframework/ejb/config/spring-jee-3.1.xsd, http://www.springframework.org/schema/beans/spring-beans-2.0.xsd=org/springframework/beans/factory/xml/spring-beans-2.0.xsd, http://www.springframework.org/schema/beans/spring-beans-3.0.xsd=org/springframework/beans/factory/xml/spring-beans-3.0.xsd, http://www.springframework.org/schema/task/spring-task-3.0.xsd=org/springframework/scheduling/config/spring-task-3.0.xsd, http://www.springframework.org/schema/tx/spring-tx-2.5.xsd=org/springframework/transaction/config/spring-tx-2.5.xsd, http://www.springframework.org/schema/context/spring-context-2.5.xsd=org/springframework/context/config/spring-context-2.5.xsd, http://www.springframework.org/schema/jdbc/spring-jdbc-3.0.xsd=org/springframework/jdbc/config/spring-jdbc-3.0.xsd, http://www.springframework.org/schema/tool/spring-tool-3.0.xsd=org/springframework/beans/factory/xml/spring-tool-3.0.xsd, http://www.springframework.org/schema/lang/spring-lang.xsd=org/springframework/scripting/config/spring-lang-3.1.xsd, http://www.springframework.org/schema/tx/spring-tx.xsd=org/springframework/transaction/config/spring-tx-3.1.xsd, http://www.springframework.org/schema/tool/spring-tool-2.0.xsd=org/springframework/beans/factory/xml/spring-tool-2.0.xsd, http://www.springframework.org/schema/util/spring-util-2.5.xsd=org/springframework/beans/factory/xml/spring-util-2.5.xsd, http://www.springframework.org/schema/lang/spring-lang-2.5.xsd=org/springframework/scripting/config/spring-lang-2.5.xsd, http://www.springframework.org/schema/jee/spring-jee-3.0.xsd=org/springframework/ejb/config/spring-jee-3.0.xsd, http://www.springframework.org/schema/jee/spring-jee-2.0.xsd=org/springframework/ejb/config/spring-jee-2.0.xsd, http://www.springframework.org/schema/tx/spring-tx-3.1.xsd=org/springframework/transaction/config/spring-tx-3.1.xsd, http://www.springframework.org/schema/context/spring-context-3.1.xsd=org/springframework/context/config/spring-context-3.1.xsd, http://www.springframework.org/schema/util/spring-util-3.1.xsd=org/springframework/beans/factory/xml/spring-util-3.1.xsd, http://www.springframework.org/schema/lang/spring-lang-3.1.xsd=org/springframework/scripting/config/spring-lang-3.1.xsd, http://www.springframework.org/schema/cache/spring-cache-3.1.xsd=org/springframework/cache/config/spring-cache-3.1.xsd, http://www.springframework.org/schema/context/spring-context.xsd=org/springframework/context/config/spring-context-3.1.xsd, http://www.springframework.org/schema/jee/spring-jee.xsd=org/springframework/ejb/config/spring-jee-3.1.xsd, http://www.springframework.org/schema/aop/spring-aop-2.5.xsd=org/springframework/aop/config/spring-aop-2.5.xsd, http://www.springframework.org/schema/jdbc/spring-jdbc.xsd=org/springframework/jdbc/config/spring-jdbc-3.1.xsd, http://www.springframework.org/schema/aop/spring-aop-3.1.xsd=org/springframework/aop/config/spring-aop-3.1.xsd, http://www.springframework.org/schema/tx/spring-tx-2.0.xsd=org/springframework/transaction/config/spring-tx-2.0.xsd, http://www.springframework.org/schema/tx/spring-tx-3.0.xsd=org/springframework/transaction/config/spring-tx-3.0.xsd, http://www.springframework.org/schema/context/spring-context-3.0.xsd=org/springframework/context/config/spring-context-3.0.xsd, http://www.springframework.org/schema/tool/spring-tool.xsd=org/springframework/beans/factory/xml/spring-tool-3.1.xsd, http://www.springframework.org/schema/util/spring-util-3.0.xsd=org/springframework/beans/factory/xml/spring-util-3.0.xsd, http://www.alibaba.com/schema/stat.xsd=META-INF/stat.xsd, http://www.springframework.org/schema/lang/spring-lang-3.0.xsd=org/springframework/scripting/config/spring-lang-3.0.xsd, http://www.springframework.org/schema/util/spring-util-2.0.xsd=org/springframework/beans/factory/xml/spring-util-2.0.xsd, http://www.springframework.org/schema/lang/spring-lang-2.0.xsd=org/springframework/scripting/config/spring-lang-2.0.xsd, http://www.springframework.org/schema/beans/spring-beans-2.5.xsd=org/springframework/beans/factory/xml/spring-beans-2.5.xsd}
[DEBUG][2016-03-19 19:09:24,845][org.springframework.beans.factory.xml.PluggableSchemaResolver]Found XML schema [http://www.springframework.org/schema/beans/spring-beans-3.0.xsd] in classpath: org/springframework/beans/factory/xml/spring-beans-3.0.xsd
[DEBUG][2016-03-19 19:09:24,883][org.springframework.beans.factory.xml.PluggableSchemaResolver]Found XML schema [http://www.springframework.org/schema/context/spring-context-3.0.xsd] in classpath: org/springframework/context/config/spring-context-3.0.xsd
[DEBUG][2016-03-19 19:09:24,891][org.springframework.beans.factory.xml.PluggableSchemaResolver]Found XML schema [http://www.springframework.org/schema/tool/spring-tool-3.0.xsd] in classpath: org/springframework/beans/factory/xml/spring-tool-3.0.xsd
[DEBUG][2016-03-19 19:09:24,900][org.springframework.beans.factory.xml.DefaultBeanDefinitionDocumentReader]Loading bean definitions
[DEBUG][2016-03-19 19:09:24,910][org.springframework.beans.factory.xml.DefaultNamespaceHandlerResolver]Loaded NamespaceHandler mappings: {http://www.springframework.org/schema/p=org.springframework.beans.factory.xml.SimplePropertyNamespaceHandler, http://www.springframework.org/schema/util=org.springframework.beans.factory.xml.UtilNamespaceHandler, http://www.alibaba.com/schema/stat=com.alibaba.druid.support.spring.stat.config.DruidStatNamespaceHandler, http://www.springframework.org/schema/jee=org.springframework.ejb.config.JeeNamespaceHandler, http://www.springframework.org/schema/aop=org.springframework.aop.config.AopNamespaceHandler, http://www.springframework.org/schema/jdbc=org.springframework.jdbc.config.JdbcNamespaceHandler, http://www.springframework.org/schema/cache=org.springframework.cache.config.CacheNamespaceHandler, http://www.springframework.org/schema/c=org.springframework.beans.factory.xml.SimpleConstructorNamespaceHandler, http://www.springframework.org/schema/tx=org.springframework.transaction.config.TxNamespaceHandler, http://www.springframework.org/schema/task=org.springframework.scheduling.config.TaskNamespaceHandler, http://www.springframework.org/schema/lang=org.springframework.scripting.config.LangNamespaceHandler, http://www.springframework.org/schema/context=org.springframework.context.config.ContextNamespaceHandler}
[DEBUG][2016-03-19 19:09:24,929][org.springframework.core.io.support.PathMatchingResourcePatternResolver]Looking for matching resources in directory tree [D:\eclipse-workspace\test\target\classes\sy\service]
[DEBUG][2016-03-19 19:09:24,929][org.springframework.core.io.support.PathMatchingResourcePatternResolver]Searching directory [D:\eclipse-workspace\test\target\classes\sy\service] for files matching pattern [D:/eclipse-workspace/test/target/classes/sy/service/**/*.class]
[DEBUG][2016-03-19 19:09:24,932][org.springframework.core.io.support.PathMatchingResourcePatternResolver]Resolved location pattern [classpath*:sy/service/**/*.class] to resources [file [D:\eclipse-workspace\test\target\classes\sy\service\UserServiceI.class], file [D:\eclipse-workspace\test\target\classes\sy\service\UserServiceImpl.class]]
[DEBUG][2016-03-19 19:09:24,954][org.springframework.context.annotation.ClassPathBeanDefinitionScanner]Identified candidate component class: file [D:\eclipse-workspace\test\target\classes\sy\service\UserServiceImpl.class]
[DEBUG][2016-03-19 19:09:24,967][org.springframework.beans.factory.xml.XmlBeanDefinitionReader]Loaded 6 bean definitions from location pattern [classpath:spring.xml]
[INFO][2016-03-19 19:09:24,967][org.springframework.beans.factory.xml.XmlBeanDefinitionReader]Loading XML bean definitions from class path resource [spring-mybatis.xml]
[DEBUG][2016-03-19 19:09:24,969][org.springframework.beans.factory.xml.DefaultDocumentLoader]Using JAXP provider [com.sun.org.apache.xerces.internal.jaxp.DocumentBuilderFactoryImpl]
[DEBUG][2016-03-19 19:09:24,970][org.springframework.beans.factory.xml.PluggableSchemaResolver]Found XML schema [http://www.springframework.org/schema/beans/spring-beans-3.0.xsd] in classpath: org/springframework/beans/factory/xml/spring-beans-3.0.xsd
[DEBUG][2016-03-19 19:09:24,993][org.springframework.beans.factory.xml.PluggableSchemaResolver]Found XML schema [http://www.springframework.org/schema/tx/spring-tx-3.0.xsd] in classpath: org/springframework/transaction/config/spring-tx-3.0.xsd
[DEBUG][2016-03-19 19:09:24,996][org.springframework.beans.factory.xml.PluggableSchemaResolver]Found XML schema [http://www.springframework.org/schema/tool/spring-tool-3.0.xsd] in classpath: org/springframework/beans/factory/xml/spring-tool-3.0.xsd
[DEBUG][2016-03-19 19:09:25,002][org.springframework.beans.factory.xml.PluggableSchemaResolver]Found XML schema [http://www.springframework.org/schema/aop/spring-aop-3.0.xsd] in classpath: org/springframework/aop/config/spring-aop-3.0.xsd
[DEBUG][2016-03-19 19:09:25,010][org.springframework.beans.factory.xml.DefaultBeanDefinitionDocumentReader]Loading bean definitions
[DEBUG][2016-03-19 19:09:25,011][org.springframework.beans.factory.xml.BeanDefinitionParserDelegate]No XML 'id' specified - using 'dataSource' as bean name and [] as aliases
[DEBUG][2016-03-19 19:09:25,019][org.springframework.beans.factory.xml.BeanDefinitionParserDelegate]Neither XML 'id' nor 'name' specified - using generated bean name [org.mybatis.spring.mapper.MapperScannerConfigurer#0]
[DEBUG][2016-03-19 19:09:25,047][org.springframework.beans.factory.xml.XmlBeanDefinitionReader]Loaded 11 bean definitions from location pattern [classpath:spring-mybatis.xml]
[INFO][2016-03-19 19:09:25,050][org.springframework.context.support.GenericApplicationContext]Refreshing org.springframework.context.support.GenericApplicationContext@78657ce: startup date [Sat Mar 19 19:09:25 CST 2016]; root of context hierarchy
[DEBUG][2016-03-19 19:09:25,050][org.springframework.context.support.GenericApplicationContext]Bean factory for org.springframework.context.support.GenericApplicationContext@78657ce: org.springframework.beans.factory.support.DefaultListableBeanFactory@2b8515bf: defining beans [userService,org.springframework.context.annotation.internalConfigurationAnnotationProcessor,org.springframework.context.annotation.internalAutowiredAnnotationProcessor,org.springframework.context.annotation.internalRequiredAnnotationProcessor,org.springframework.context.annotation.internalCommonAnnotationProcessor,org.springframework.beans.factory.config.PropertyPlaceholderConfigurer#0,dataSource,sqlSessionFactory,org.mybatis.spring.mapper.MapperScannerConfigurer#0,transactionManager,transactionAdvice,org.springframework.aop.config.internalAutoProxyCreator,transactionPointcut,org.springframework.aop.support.DefaultBeanFactoryPointcutAdvisor#0,druid-stat-interceptor,druid-stat-pointcut,org.springframework.aop.support.DefaultBeanFactoryPointcutAdvisor#1]; root of factory hierarchy
[DEBUG][2016-03-19 19:09:25,072][org.springframework.beans.factory.support.DefaultListableBeanFactory]Creating shared instance of singleton bean 'org.springframework.context.annotation.internalConfigurationAnnotationProcessor'
[DEBUG][2016-03-19 19:09:25,073][org.springframework.beans.factory.support.DefaultListableBeanFactory]Creating instance of bean 'org.springframework.context.annotation.internalConfigurationAnnotationProcessor'
[DEBUG][2016-03-19 19:09:25,089][org.springframework.beans.factory.support.DefaultListableBeanFactory]Eagerly caching bean 'org.springframework.context.annotation.internalConfigurationAnnotationProcessor' to allow for resolving potential circular references
[DEBUG][2016-03-19 19:09:25,090][org.springframework.beans.factory.support.DefaultListableBeanFactory]Finished creating instance of bean 'org.springframework.context.annotation.internalConfigurationAnnotationProcessor'
[DEBUG][2016-03-19 19:09:25,090][org.springframework.beans.factory.support.DefaultListableBeanFactory]Creating shared instance of singleton bean 'org.mybatis.spring.mapper.MapperScannerConfigurer#0'
[DEBUG][2016-03-19 19:09:25,090][org.springframework.beans.factory.support.DefaultListableBeanFactory]Creating instance of bean 'org.mybatis.spring.mapper.MapperScannerConfigurer#0'
[DEBUG][2016-03-19 19:09:25,090][org.springframework.beans.factory.support.DefaultListableBeanFactory]Eagerly caching bean 'org.mybatis.spring.mapper.MapperScannerConfigurer#0' to allow for resolving potential circular references
[DEBUG][2016-03-19 19:09:25,120][org.springframework.beans.factory.support.DefaultListableBeanFactory]Invoking afterPropertiesSet() on bean with name 'org.mybatis.spring.mapper.MapperScannerConfigurer#0'
[DEBUG][2016-03-19 19:09:25,120][org.springframework.beans.factory.support.DefaultListableBeanFactory]Finished creating instance of bean 'org.mybatis.spring.mapper.MapperScannerConfigurer#0'
[DEBUG][2016-03-19 19:09:25,160][org.springframework.core.env.StandardEnvironment]Adding [systemProperties] PropertySource with lowest search precedence
[DEBUG][2016-03-19 19:09:25,160][org.springframework.core.env.StandardEnvironment]Adding [systemEnvironment] PropertySource with lowest search precedence
[DEBUG][2016-03-19 19:09:25,160][org.springframework.core.env.StandardEnvironment]Initialized StandardEnvironment with PropertySources [systemProperties,systemEnvironment]
[DEBUG][2016-03-19 19:09:25,162][org.springframework.core.io.support.PathMatchingResourcePatternResolver]Looking for matching resources in directory tree [D:\eclipse-workspace\test\target\classes\sy\dao]
[DEBUG][2016-03-19 19:09:25,162][org.springframework.core.io.support.PathMatchingResourcePatternResolver]Searching directory [D:\eclipse-workspace\test\target\classes\sy\dao] for files matching pattern [D:/eclipse-workspace/test/target/classes/sy/dao/**/*.class]
[DEBUG][2016-03-19 19:09:25,162][org.springframework.core.io.support.PathMatchingResourcePatternResolver]Resolved location pattern [classpath*:sy/dao/**/*.class] to resources [file [D:\eclipse-workspace\test\target\classes\sy\dao\UserMapper.class]]
[DEBUG][2016-03-19 19:09:25,162][org.mybatis.spring.mapper.MapperScannerConfigurer$Scanner]Identified candidate component class: file [D:\eclipse-workspace\test\target\classes\sy\dao\UserMapper.class]
[DEBUG][2016-03-19 19:09:25,163][org.mybatis.spring.mapper.MapperScannerConfigurer$Scanner]Creating MapperFactoryBean with name 'userMapper' and 'sy.dao.UserMapper' mapperInterface
[DEBUG][2016-03-19 19:09:25,166][org.springframework.beans.factory.support.DefaultListableBeanFactory]Creating shared instance of singleton bean 'org.springframework.beans.factory.config.PropertyPlaceholderConfigurer#0'
[DEBUG][2016-03-19 19:09:25,167][org.springframework.beans.factory.support.DefaultListableBeanFactory]Creating instance of bean 'org.springframework.beans.factory.config.PropertyPlaceholderConfigurer#0'
[DEBUG][2016-03-19 19:09:25,168][org.springframework.beans.factory.support.DefaultListableBeanFactory]Eagerly caching bean 'org.springframework.beans.factory.config.PropertyPlaceholderConfigurer#0' to allow for resolving potential circular references
[DEBUG][2016-03-19 19:09:25,178][org.springframework.beans.factory.support.DefaultListableBeanFactory]Finished creating instance of bean 'org.springframework.beans.factory.config.PropertyPlaceholderConfigurer#0'
[INFO][2016-03-19 19:09:25,178][org.springframework.beans.factory.config.PropertyPlaceholderConfigurer]Loading properties file from class path resource [config.properties]
[DEBUG][2016-03-19 19:09:25,184][org.springframework.beans.factory.support.DefaultListableBeanFactory]Creating shared instance of singleton bean 'org.springframework.context.annotation.internalAutowiredAnnotationProcessor'
[DEBUG][2016-03-19 19:09:25,184][org.springframework.beans.factory.support.DefaultListableBeanFactory]Creating instance of bean 'org.springframework.context.annotation.internalAutowiredAnnotationProcessor'
[DEBUG][2016-03-19 19:09:25,185][org.springframework.beans.factory.support.DefaultListableBeanFactory]Eagerly caching bean 'org.springframework.context.annotation.internalAutowiredAnnotationProcessor' to allow for resolving potential circular references
[DEBUG][2016-03-19 19:09:25,185][org.springframework.beans.factory.support.DefaultListableBeanFactory]Finished creating instance of bean 'org.springframework.context.annotation.internalAutowiredAnnotationProcessor'
[DEBUG][2016-03-19 19:09:25,185][org.springframework.beans.factory.support.DefaultListableBeanFactory]Creating shared instance of singleton bean 'org.springframework.context.annotation.internalRequiredAnnotationProcessor'
[DEBUG][2016-03-19 19:09:25,185][org.springframework.beans.factory.support.DefaultListableBeanFactory]Creating instance of bean 'org.springframework.context.annotation.internalRequiredAnnotationProcessor'
[DEBUG][2016-03-19 19:09:25,185][org.springframework.beans.factory.support.DefaultListableBeanFactory]Eagerly caching bean 'org.springframework.context.annotation.internalRequiredAnnotationProcessor' to allow for resolving potential circular references
[DEBUG][2016-03-19 19:09:25,185][org.springframework.beans.factory.support.DefaultListableBeanFactory]Finished creating instance of bean 'org.springframework.context.annotation.internalRequiredAnnotationProcessor'
[DEBUG][2016-03-19 19:09:25,186][org.springframework.beans.factory.support.DefaultListableBeanFactory]Creating shared instance of singleton bean 'org.springframework.context.annotation.internalCommonAnnotationProcessor'
[DEBUG][2016-03-19 19:09:25,186][org.springframework.beans.factory.support.DefaultListableBeanFactory]Creating instance of bean 'org.springframework.context.annotation.internalCommonAnnotationProcessor'
[DEBUG][2016-03-19 19:09:25,189][org.springframework.beans.factory.support.DefaultListableBeanFactory]Eagerly caching bean 'org.springframework.context.annotation.internalCommonAnnotationProcessor' to allow for resolving potential circular references
[DEBUG][2016-03-19 19:09:25,189][org.springframework.beans.factory.support.DefaultListableBeanFactory]Finished creating instance of bean 'org.springframework.context.annotation.internalCommonAnnotationProcessor'
[DEBUG][2016-03-19 19:09:25,190][org.springframework.beans.factory.support.DefaultListableBeanFactory]Creating shared instance of singleton bean 'org.springframework.context.annotation.ConfigurationClassPostProcessor$ImportAwareBeanPostProcessor#0'
[DEBUG][2016-03-19 19:09:25,190][org.springframework.beans.factory.support.DefaultListableBeanFactory]Creating instance of bean 'org.springframework.context.annotation.ConfigurationClassPostProcessor$ImportAwareBeanPostProcessor#0'
[DEBUG][2016-03-19 19:09:25,190][org.springframework.beans.factory.support.DefaultListableBeanFactory]Eagerly caching bean 'org.springframework.context.annotation.ConfigurationClassPostProcessor$ImportAwareBeanPostProcessor#0' to allow for resolving potential circular references
[DEBUG][2016-03-19 19:09:25,190][org.springframework.beans.factory.support.DefaultListableBeanFactory]Finished creating instance of bean 'org.springframework.context.annotation.ConfigurationClassPostProcessor$ImportAwareBeanPostProcessor#0'
[DEBUG][2016-03-19 19:09:25,190][org.springframework.beans.factory.support.DefaultListableBeanFactory]Creating shared instance of singleton bean 'org.springframework.aop.config.internalAutoProxyCreator'
[DEBUG][2016-03-19 19:09:25,190][org.springframework.beans.factory.support.DefaultListableBeanFactory]Creating instance of bean 'org.springframework.aop.config.internalAutoProxyCreator'
[DEBUG][2016-03-19 19:09:25,198][org.springframework.beans.factory.support.DefaultListableBeanFactory]Eagerly caching bean 'org.springframework.aop.config.internalAutoProxyCreator' to allow for resolving potential circular references
[DEBUG][2016-03-19 19:09:25,213][org.springframework.beans.factory.support.DefaultListableBeanFactory]Finished creating instance of bean 'org.springframework.aop.config.internalAutoProxyCreator'
[DEBUG][2016-03-19 19:09:25,217][org.springframework.context.support.GenericApplicationContext]Unable to locate MessageSource with name 'messageSource': using default [org.springframework.context.support.DelegatingMessageSource@e1a69ee]
[DEBUG][2016-03-19 19:09:25,219][org.springframework.context.support.GenericApplicationContext]Unable to locate ApplicationEventMulticaster with name 'applicationEventMulticaster': using default [org.springframework.context.event.SimpleApplicationEventMulticaster@21d71fbe]
[INFO][2016-03-19 19:09:25,221][org.springframework.beans.factory.support.DefaultListableBeanFactory]Pre-instantiating singletons in org.springframework.beans.factory.support.DefaultListableBeanFactory@2b8515bf: defining beans [userService,org.springframework.context.annotation.internalConfigurationAnnotationProcessor,org.springframework.context.annotation.internalAutowiredAnnotationProcessor,org.springframework.context.annotation.internalRequiredAnnotationProcessor,org.springframework.context.annotation.internalCommonAnnotationProcessor,org.springframework.beans.factory.config.PropertyPlaceholderConfigurer#0,dataSource,sqlSessionFactory,org.mybatis.spring.mapper.MapperScannerConfigurer#0,transactionManager,transactionAdvice,org.springframework.aop.config.internalAutoProxyCreator,transactionPointcut,org.springframework.aop.support.DefaultBeanFactoryPointcutAdvisor#0,druid-stat-interceptor,druid-stat-pointcut,org.springframework.aop.support.DefaultBeanFactoryPointcutAdvisor#1,org.springframework.context.annotation.ConfigurationClassPostProcessor$ImportAwareBeanPostProcessor#0,userMapper]; root of factory hierarchy
[DEBUG][2016-03-19 19:09:25,221][org.springframework.beans.factory.support.DefaultListableBeanFactory]Creating shared instance of singleton bean 'userService'
[DEBUG][2016-03-19 19:09:25,221][org.springframework.beans.factory.support.DefaultListableBeanFactory]Creating instance of bean 'userService'
[DEBUG][2016-03-19 19:09:25,223][org.springframework.beans.factory.support.DefaultListableBeanFactory]Creating shared instance of singleton bean 'org.springframework.aop.support.DefaultBeanFactoryPointcutAdvisor#0'
[DEBUG][2016-03-19 19:09:25,223][org.springframework.beans.factory.support.DefaultListableBeanFactory]Creating instance of bean 'org.springframework.aop.support.DefaultBeanFactoryPointcutAdvisor#0'
[DEBUG][2016-03-19 19:09:25,224][org.springframework.beans.factory.support.DefaultListableBeanFactory]Eagerly caching bean 'org.springframework.aop.support.DefaultBeanFactoryPointcutAdvisor#0' to allow for resolving potential circular references
[DEBUG][2016-03-19 19:09:25,232][org.springframework.beans.factory.support.DefaultListableBeanFactory]Creating instance of bean 'transactionPointcut'
[DEBUG][2016-03-19 19:09:25,239][org.springframework.beans.factory.support.DefaultListableBeanFactory]Finished creating instance of bean 'transactionPointcut'
[DEBUG][2016-03-19 19:09:25,240][org.springframework.beans.factory.support.DefaultListableBeanFactory]Finished creating instance of bean 'org.springframework.aop.support.DefaultBeanFactoryPointcutAdvisor#0'
[DEBUG][2016-03-19 19:09:25,240][org.springframework.beans.factory.support.DefaultListableBeanFactory]Creating shared instance of singleton bean 'org.springframework.aop.support.DefaultBeanFactoryPointcutAdvisor#1'
[DEBUG][2016-03-19 19:09:25,240][org.springframework.beans.factory.support.DefaultListableBeanFactory]Creating instance of bean 'org.springframework.aop.support.DefaultBeanFactoryPointcutAdvisor#1'
[DEBUG][2016-03-19 19:09:25,240][org.springframework.beans.factory.support.DefaultListableBeanFactory]Eagerly caching bean 'org.springframework.aop.support.DefaultBeanFactoryPointcutAdvisor#1' to allow for resolving potential circular references
[DEBUG][2016-03-19 19:09:25,240][org.springframework.beans.factory.support.DefaultListableBeanFactory]Creating instance of bean 'druid-stat-pointcut'
[DEBUG][2016-03-19 19:09:25,241][org.springframework.beans.factory.support.DefaultListableBeanFactory]Returning cached instance of singleton bean 'org.springframework.aop.support.DefaultBeanFactoryPointcutAdvisor#0'
[DEBUG][2016-03-19 19:09:25,258][org.springframework.beans.factory.support.DefaultListableBeanFactory]Returning cached instance of singleton bean 'org.springframework.aop.support.DefaultBeanFactoryPointcutAdvisor#0'
[DEBUG][2016-03-19 19:09:25,258][org.springframework.beans.factory.support.DefaultListableBeanFactory]Returning cached instance of singleton bean 'org.springframework.aop.support.DefaultBeanFactoryPointcutAdvisor#0'
[DEBUG][2016-03-19 19:09:25,383][org.springframework.beans.factory.support.DefaultListableBeanFactory]Finished creating instance of bean 'druid-stat-pointcut'
[DEBUG][2016-03-19 19:09:25,383][org.springframework.beans.factory.support.DefaultListableBeanFactory]Finished creating instance of bean 'org.springframework.aop.support.DefaultBeanFactoryPointcutAdvisor#1'
[DEBUG][2016-03-19 19:09:25,387][org.springframework.beans.factory.annotation.InjectionMetadata]Found injected element on class [sy.service.UserServiceImpl]: AutowiredMethodElement for public void sy.service.UserServiceImpl.setUserMapper(sy.dao.UserMapper)
[DEBUG][2016-03-19 19:09:25,388][org.springframework.beans.factory.support.DefaultListableBeanFactory]Eagerly caching bean 'userService' to allow for resolving potential circular references
[DEBUG][2016-03-19 19:09:25,388][org.springframework.beans.factory.annotation.InjectionMetadata]Processing injected method of bean 'userService': AutowiredMethodElement for public void sy.service.UserServiceImpl.setUserMapper(sy.dao.UserMapper)
[DEBUG][2016-03-19 19:09:25,389][org.springframework.beans.factory.support.DefaultListableBeanFactory]Returning cached instance of singleton bean 'org.springframework.aop.support.DefaultBeanFactoryPointcutAdvisor#0'
[DEBUG][2016-03-19 19:09:25,389][org.springframework.beans.factory.support.DefaultListableBeanFactory]Returning cached instance of singleton bean 'org.springframework.aop.support.DefaultBeanFactoryPointcutAdvisor#1'
[DEBUG][2016-03-19 19:09:25,392][org.apache.ibatis.logging.LogFactory]Logging initialized using 'class org.apache.ibatis.logging.commons.JakartaCommonsLoggingImpl' adapter.
[DEBUG][2016-03-19 19:09:25,395][org.springframework.beans.factory.support.DefaultListableBeanFactory]Returning cached instance of singleton bean 'org.springframework.aop.support.DefaultBeanFactoryPointcutAdvisor#0'
[DEBUG][2016-03-19 19:09:25,395][org.springframework.beans.factory.support.DefaultListableBeanFactory]Returning cached instance of singleton bean 'org.springframework.aop.support.DefaultBeanFactoryPointcutAdvisor#1'
[DEBUG][2016-03-19 19:09:25,396][org.springframework.beans.factory.support.DefaultListableBeanFactory]Creating shared instance of singleton bean 'userMapper'
[DEBUG][2016-03-19 19:09:25,396][org.springframework.beans.factory.support.DefaultListableBeanFactory]Creating instance of bean 'userMapper'
[DEBUG][2016-03-19 19:09:25,400][org.springframework.beans.factory.annotation.InjectionMetadata]Found injected element on class [org.mybatis.spring.mapper.MapperFactoryBean]: AutowiredMethodElement for public final void org.mybatis.spring.support.SqlSessionDaoSupport.setSqlSessionTemplate(org.mybatis.spring.SqlSessionTemplate)
[DEBUG][2016-03-19 19:09:25,400][org.springframework.beans.factory.annotation.InjectionMetadata]Found injected element on class [org.mybatis.spring.mapper.MapperFactoryBean]: AutowiredMethodElement for public final void org.mybatis.spring.support.SqlSessionDaoSupport.setSqlSessionFactory(org.apache.ibatis.session.SqlSessionFactory)
[DEBUG][2016-03-19 19:09:25,400][org.springframework.beans.factory.support.DefaultListableBeanFactory]Eagerly caching bean 'userMapper' to allow for resolving potential circular references
[DEBUG][2016-03-19 19:09:25,405][org.springframework.beans.factory.annotation.InjectionMetadata]Processing injected method of bean 'userMapper': AutowiredMethodElement for public final void org.mybatis.spring.support.SqlSessionDaoSupport.setSqlSessionTemplate(org.mybatis.spring.SqlSessionTemplate)
[DEBUG][2016-03-19 19:09:25,406][org.springframework.beans.factory.support.DefaultListableBeanFactory]Returning cached instance of singleton bean 'org.springframework.aop.support.DefaultBeanFactoryPointcutAdvisor#0'
[DEBUG][2016-03-19 19:09:25,406][org.springframework.beans.factory.support.DefaultListableBeanFactory]Returning cached instance of singleton bean 'org.springframework.aop.support.DefaultBeanFactoryPointcutAdvisor#1'
[DEBUG][2016-03-19 19:09:25,406][org.springframework.beans.factory.support.DefaultListableBeanFactory]Returning cached instance of singleton bean 'org.springframework.aop.support.DefaultBeanFactoryPointcutAdvisor#0'
[DEBUG][2016-03-19 19:09:25,406][org.springframework.beans.factory.support.DefaultListableBeanFactory]Returning cached instance of singleton bean 'org.springframework.aop.support.DefaultBeanFactoryPointcutAdvisor#1'
[DEBUG][2016-03-19 19:09:25,412][org.springframework.beans.factory.support.DefaultListableBeanFactory]Returning eagerly cached instance of singleton bean 'userMapper' that is not fully initialized yet - a consequence of a circular reference
[DEBUG][2016-03-19 19:09:25,412][org.springframework.beans.factory.annotation.InjectionMetadata]Processing injected method of bean 'userMapper': AutowiredMethodElement for public final void org.mybatis.spring.support.SqlSessionDaoSupport.setSqlSessionFactory(org.apache.ibatis.session.SqlSessionFactory)
[DEBUG][2016-03-19 19:09:25,412][org.springframework.beans.factory.support.DefaultListableBeanFactory]Creating shared instance of singleton bean 'sqlSessionFactory'
[DEBUG][2016-03-19 19:09:25,412][org.springframework.beans.factory.support.DefaultListableBeanFactory]Creating instance of bean 'sqlSessionFactory'
[DEBUG][2016-03-19 19:09:25,414][org.springframework.beans.factory.support.DefaultListableBeanFactory]Eagerly caching bean 'sqlSessionFactory' to allow for resolving potential circular references
[DEBUG][2016-03-19 19:09:25,418][org.springframework.beans.factory.support.DefaultListableBeanFactory]Creating shared instance of singleton bean 'dataSource'
[DEBUG][2016-03-19 19:09:25,418][org.springframework.beans.factory.support.DefaultListableBeanFactory]Creating instance of bean 'dataSource'
[DEBUG][2016-03-19 19:09:25,418][org.springframework.beans.factory.support.DefaultListableBeanFactory]Returning cached instance of singleton bean 'org.springframework.aop.support.DefaultBeanFactoryPointcutAdvisor#0'
[DEBUG][2016-03-19 19:09:25,418][org.springframework.beans.factory.support.DefaultListableBeanFactory]Returning cached instance of singleton bean 'org.springframework.aop.support.DefaultBeanFactoryPointcutAdvisor#1'
[DEBUG][2016-03-19 19:09:25,441][org.springframework.beans.factory.support.DefaultListableBeanFactory]Eagerly caching bean 'dataSource' to allow for resolving potential circular references
[ERROR][2016-03-19 19:09:25,749][com.alibaba.druid.pool.DruidAbstractDataSource]maxIdle is deprecated
[DEBUG][2016-03-19 19:09:25,773][org.springframework.beans.factory.support.DefaultListableBeanFactory]Invoking init method  'init' on bean with name 'dataSource'
[INFO][2016-03-19 19:09:25,834][com.alibaba.druid.pool.DruidDataSource]{dataSource-1} inited
[DEBUG][2016-03-19 19:09:25,834][org.springframework.beans.factory.support.DefaultListableBeanFactory]Returning cached instance of singleton bean 'org.springframework.aop.support.DefaultBeanFactoryPointcutAdvisor#0'
[DEBUG][2016-03-19 19:09:25,834][org.springframework.beans.factory.support.DefaultListableBeanFactory]Returning cached instance of singleton bean 'org.springframework.aop.support.DefaultBeanFactoryPointcutAdvisor#1'
[DEBUG][2016-03-19 19:09:25,834][org.springframework.beans.factory.support.DefaultListableBeanFactory]Returning cached instance of singleton bean 'org.springframework.aop.support.DefaultBeanFactoryPointcutAdvisor#0'
[DEBUG][2016-03-19 19:09:25,834][org.springframework.beans.factory.support.DefaultListableBeanFactory]Returning cached instance of singleton bean 'org.springframework.aop.support.DefaultBeanFactoryPointcutAdvisor#1'
[DEBUG][2016-03-19 19:09:25,922][org.springframework.beans.factory.support.DefaultListableBeanFactory]Finished creating instance of bean 'dataSource'
[DEBUG][2016-03-19 19:09:25,923][org.springframework.core.io.support.PathMatchingResourcePatternResolver]Looking for matching resources in directory tree [D:\eclipse-workspace\test\target\classes\sy\mapping]
[DEBUG][2016-03-19 19:09:25,923][org.springframework.core.io.support.PathMatchingResourcePatternResolver]Searching directory [D:\eclipse-workspace\test\target\classes\sy\mapping] for files matching pattern [D:/eclipse-workspace/test/target/classes/sy/mapping/*.xml]
[DEBUG][2016-03-19 19:09:25,924][org.springframework.core.io.support.PathMatchingResourcePatternResolver]Resolved location pattern [classpath:sy/mapping/*.xml] to resources [file [D:\eclipse-workspace\test\target\classes\sy\mapping\UserMapper.xml]]
[DEBUG][2016-03-19 19:09:25,925][org.springframework.beans.factory.support.DefaultListableBeanFactory]Invoking afterPropertiesSet() on bean with name 'sqlSessionFactory'
[DEBUG][2016-03-19 19:09:25,925][org.mybatis.spring.SqlSessionFactoryBean]Property 'configLocation' not specified, using default MyBatis Configuration
[DEBUG][2016-03-19 19:09:26,190][org.springframework.beans.factory.support.DefaultListableBeanFactory]Ignoring bean creation exception on FactoryBean type check: org.springframework.beans.factory.BeanCreationException: Error creating bean with name 'userMapper' defined in file [D:\eclipse-workspace\test\target\classes\sy\dao\UserMapper.class]: Cannot resolve reference to bean 'sqlSessionFactory' while setting bean property 'sqlSessionFactory'; nested exception is org.springframework.beans.factory.BeanCreationException: Error creating bean with name 'sqlSessionFactory' defined in class path resource [spring-mybatis.xml]: Invocation of init method failed; nested exception is org.springframework.core.NestedIOException: Failed to parse mapping resource: 'file [D:\eclipse-workspace\test\target\classes\sy\mapping\UserMapper.xml]'; nested exception is org.apache.ibatis.builder.BuilderException: Error parsing Mapper XML. Cause: org.apache.ibatis.builder.BuilderException: Error resolving JdbcType. Cause: java.lang.IllegalArgumentException: No enum constant org.apache.ibatis.type.JdbcType."INTEGER"
[INFO][2016-03-19 19:09:26,190][org.springframework.beans.factory.support.DefaultListableBeanFactory]Destroying singletons in org.springframework.beans.factory.support.DefaultListableBeanFactory@2b8515bf: defining beans [userService,org.springframework.context.annotation.internalConfigurationAnnotationProcessor,org.springframework.context.annotation.internalAutowiredAnnotationProcessor,org.springframework.context.annotation.internalRequiredAnnotationProcessor,org.springframework.context.annotation.internalCommonAnnotationProcessor,org.springframework.beans.factory.config.PropertyPlaceholderConfigurer#0,dataSource,sqlSessionFactory,org.mybatis.spring.mapper.MapperScannerConfigurer#0,transactionManager,transactionAdvice,org.springframework.aop.config.internalAutoProxyCreator,transactionPointcut,org.springframework.aop.support.DefaultBeanFactoryPointcutAdvisor#0,druid-stat-interceptor,druid-stat-pointcut,org.springframework.aop.support.DefaultBeanFactoryPointcutAdvisor#1,org.springframework.context.annotation.ConfigurationClassPostProcessor$ImportAwareBeanPostProcessor#0,userMapper]; root of factory hierarchy
[DEBUG][2016-03-19 19:09:26,190][org.springframework.beans.factory.support.DisposableBeanAdapter]Invoking destroy method 'close' on bean with name 'dataSource'
[INFO][2016-03-19 19:09:26,193][com.alibaba.druid.pool.DruidDataSource]{dataSource-1} closed
[ERROR][2016-03-19 19:09:26,193][org.springframework.test.context.TestContextManager]Caught exception while allowing TestExecutionListener [org.springframework.test.context.support.DependencyInjectionTestExecutionListener@4b730404] to prepare test instance [sy.test.TestUtil@24b9371e]
java.lang.IllegalStateException: Failed to load ApplicationContext
	at org.springframework.test.context.CacheAwareContextLoaderDelegate.loadContext(CacheAwareContextLoaderDelegate.java:103)
	at org.springframework.test.context.TestContext.getApplicationContext(TestContext.java:122)
	at org.springframework.test.context.support.DependencyInjectionTestExecutionListener.injectDependencies(DependencyInjectionTestExecutionListener.java:109)
	at org.springframework.test.context.support.DependencyInjectionTestExecutionListener.prepareTestInstance(DependencyInjectionTestExecutionListener.java:75)
	at org.springframework.test.context.TestContextManager.prepareTestInstance(TestContextManager.java:321)
	at org.springframework.test.context.junit4.SpringJUnit4ClassRunner.createTest(SpringJUnit4ClassRunner.java:211)
	at org.springframework.test.context.junit4.SpringJUnit4ClassRunner$1.runReflectiveCall(SpringJUnit4ClassRunner.java:288)
	at org.junit.internal.runners.model.ReflectiveCallable.run(ReflectiveCallable.java:12)
	at org.springframework.test.context.junit4.SpringJUnit4ClassRunner.methodBlock(SpringJUnit4ClassRunner.java:284)
	at org.springframework.test.context.junit4.SpringJUnit4ClassRunner.runChild(SpringJUnit4ClassRunner.java:231)
	at org.springframework.test.context.junit4.SpringJUnit4ClassRunner.runChild(SpringJUnit4ClassRunner.java:88)
	at org.junit.runners.ParentRunner$3.run(ParentRunner.java:290)
	at org.junit.runners.ParentRunner$1.schedule(ParentRunner.java:71)
	at org.junit.runners.ParentRunner.runChildren(ParentRunner.java:288)
	at org.junit.runners.ParentRunner.access$000(ParentRunner.java:58)
	at org.junit.runners.ParentRunner$2.evaluate(ParentRunner.java:268)
	at org.springframework.test.context.junit4.statements.RunBeforeTestClassCallbacks.evaluate(RunBeforeTestClassCallbacks.java:61)
	at org.springframework.test.context.junit4.statements.RunAfterTestClassCallbacks.evaluate(RunAfterTestClassCallbacks.java:71)
	at org.junit.runners.ParentRunner.run(ParentRunner.java:363)
	at org.springframework.test.context.junit4.SpringJUnit4ClassRunner.run(SpringJUnit4ClassRunner.java:174)
	at org.eclipse.jdt.internal.junit4.runner.JUnit4TestReference.run(JUnit4TestReference.java:86)
	at org.eclipse.jdt.internal.junit.runner.TestExecution.run(TestExecution.java:38)
	at org.eclipse.jdt.internal.junit.runner.RemoteTestRunner.runTests(RemoteTestRunner.java:459)
	at org.eclipse.jdt.internal.junit.runner.RemoteTestRunner.runTests(RemoteTestRunner.java:675)
	at org.eclipse.jdt.internal.junit.runner.RemoteTestRunner.run(RemoteTestRunner.java:382)
	at org.eclipse.jdt.internal.junit.runner.RemoteTestRunner.main(RemoteTestRunner.java:192)
Caused by: org.springframework.beans.factory.BeanCreationException: Error creating bean with name 'userService': Injection of autowired dependencies failed; nested exception is org.springframework.beans.factory.BeanCreationException: Could not autowire method: public void sy.service.UserServiceImpl.setUserMapper(sy.dao.UserMapper); nested exception is org.springframework.beans.factory.NoSuchBeanDefinitionException: No matching bean of type [sy.dao.UserMapper] found for dependency: expected at least 1 bean which qualifies as autowire candidate for this dependency. Dependency annotations: {}
Related cause: org.springframework.beans.factory.BeanCreationException: Error creating bean with name 'userMapper' defined in file [D:\eclipse-workspace\test\target\classes\sy\dao\UserMapper.class]: Cannot resolve reference to bean 'sqlSessionFactory' while setting bean property 'sqlSessionFactory'; nested exception is org.springframework.beans.factory.BeanCreationException: Error creating bean with name 'sqlSessionFactory' defined in class path resource [spring-mybatis.xml]: Invocation of init method failed; nested exception is org.springframework.core.NestedIOException: Failed to parse mapping resource: 'file [D:\eclipse-workspace\test\target\classes\sy\mapping\UserMapper.xml]'; nested exception is org.apache.ibatis.builder.BuilderException: Error parsing Mapper XML. Cause: org.apache.ibatis.builder.BuilderException: Error resolving JdbcType. Cause: java.lang.IllegalArgumentException: No enum constant org.apache.ibatis.type.JdbcType."INTEGER"
	at org.springframework.beans.factory.annotation.AutowiredAnnotationBeanPostProcessor.postProcessPropertyValues(AutowiredAnnotationBeanPostProcessor.java:287)
	at org.springframework.beans.factory.support.AbstractAutowireCapableBeanFactory.populateBean(AbstractAutowireCapableBeanFactory.java:1106)
	at org.springframework.beans.factory.support.AbstractAutowireCapableBeanFactory.doCreateBean(AbstractAutowireCapableBeanFactory.java:517)
	at org.springframework.beans.factory.support.AbstractAutowireCapableBeanFactory.createBean(AbstractAutowireCapableBeanFactory.java:456)
	at org.springframework.beans.factory.support.AbstractBeanFactory$1.getObject(AbstractBeanFactory.java:294)
	at org.springframework.beans.factory.support.DefaultSingletonBeanRegistry.getSingleton(DefaultSingletonBeanRegistry.java:225)
	at org.springframework.beans.factory.support.AbstractBeanFactory.doGetBean(AbstractBeanFactory.java:291)
	at org.springframework.beans.factory.support.AbstractBeanFactory.getBean(AbstractBeanFactory.java:193)
	at org.springframework.beans.factory.support.DefaultListableBeanFactory.preInstantiateSingletons(DefaultListableBeanFactory.java:585)
	at org.springframework.context.support.AbstractApplicationContext.finishBeanFactoryInitialization(AbstractApplicationContext.java:913)
	at org.springframework.context.support.AbstractApplicationContext.refresh(AbstractApplicationContext.java:464)
	at org.springframework.test.context.support.AbstractGenericContextLoader.loadContext(AbstractGenericContextLoader.java:120)
	at org.springframework.test.context.support.AbstractGenericContextLoader.loadContext(AbstractGenericContextLoader.java:60)
	at org.springframework.test.context.support.AbstractDelegatingSmartContextLoader.delegateLoading(AbstractDelegatingSmartContextLoader.java:102)
	at org.springframework.test.context.support.AbstractDelegatingSmartContextLoader.loadContext(AbstractDelegatingSmartContextLoader.java:246)
	at org.springframework.test.context.CacheAwareContextLoaderDelegate.loadContextInternal(CacheAwareContextLoaderDelegate.java:69)
	at org.springframework.test.context.CacheAwareContextLoaderDelegate.loadContext(CacheAwareContextLoaderDelegate.java:95)
	... 25 more
Caused by: org.springframework.beans.factory.BeanCreationException: Could not autowire method: public void sy.service.UserServiceImpl.setUserMapper(sy.dao.UserMapper); nested exception is org.springframework.beans.factory.NoSuchBeanDefinitionException: No matching bean of type [sy.dao.UserMapper] found for dependency: expected at least 1 bean which qualifies as autowire candidate for this dependency. Dependency annotations: {}
	at org.springframework.beans.factory.annotation.AutowiredAnnotationBeanPostProcessor$AutowiredMethodElement.inject(AutowiredAnnotationBeanPostProcessor.java:593)
	at org.springframework.beans.factory.annotation.InjectionMetadata.inject(InjectionMetadata.java:87)
	at org.springframework.beans.factory.annotation.AutowiredAnnotationBeanPostProcessor.postProcessPropertyValues(AutowiredAnnotationBeanPostProcessor.java:284)
	... 41 more
Caused by: org.springframework.beans.factory.NoSuchBeanDefinitionException: No matching bean of type [sy.dao.UserMapper] found for dependency: expected at least 1 bean which qualifies as autowire candidate for this dependency. Dependency annotations: {}
	at org.springframework.beans.factory.support.DefaultListableBeanFactory.raiseNoSuchBeanDefinitionException(DefaultListableBeanFactory.java:924)
	at org.springframework.beans.factory.support.DefaultListableBeanFactory.doResolveDependency(DefaultListableBeanFactory.java:793)
	at org.springframework.beans.factory.support.DefaultListableBeanFactory.resolveDependency(DefaultListableBeanFactory.java:707)
	at org.springframework.beans.factory.annotation.AutowiredAnnotationBeanPostProcessor$AutowiredMethodElement.inject(AutowiredAnnotationBeanPostProcessor.java:551)
	... 43 more
[DEBUG][2016-03-19 19:09:26,200][org.springframework.test.context.support.DirtiesContextTestExecutionListener]After test class: context [[TestContext@5cc75d38 testClass = TestUtil, testInstance = [null], testMethod = [null], testException = [null], mergedContextConfiguration = [MergedContextConfiguration@7bd1a567 testClass = TestUtil, locations = '{classpath:spring.xml, classpath:spring-mybatis.xml}', classes = '{}', contextInitializerClasses = '[]', activeProfiles = '{}', contextLoader = 'org.springframework.test.context.support.DelegatingSmartContextLoader', parent = [null]]]], dirtiesContext [false].
[DEBUG][2016-03-19 19:14:05,655][org.springframework.test.context.junit4.SpringJUnit4ClassRunner]SpringJUnit4ClassRunner constructor called with [class sy.test.TestUtil].
[DEBUG][2016-03-19 19:14:05,693][org.springframework.test.context.support.AbstractDelegatingSmartContextLoader]Delegating to GenericXmlContextLoader to process context configuration [ContextConfigurationAttributes@355f860b declaringClass = 'sy.test.TestUtil', classes = '{}', locations = '{classpath:spring.xml, classpath:spring-mybatis.xml}', inheritLocations = true, initializers = '{}', inheritInitializers = true, name = [null], contextLoaderClass = 'org.springframework.test.context.ContextLoader'].
[DEBUG][2016-03-19 19:14:05,695][org.springframework.test.context.ContextLoaderUtils]Could not find an 'annotation declaring class' for annotation type [org.springframework.test.context.ActiveProfiles] and class [sy.test.TestUtil]
[DEBUG][2016-03-19 19:14:05,696][org.springframework.test.context.TestContextManager]@TestExecutionListeners is not present for class [sy.test.TestUtil]: using defaults.
[INFO][2016-03-19 19:14:05,702][org.springframework.test.context.TestContextManager]Could not instantiate TestExecutionListener [org.springframework.test.context.web.ServletTestExecutionListener]. Specify custom listener classes or make the default listener classes (and their required dependencies) available. Offending class: [org/springframework/web/context/request/RequestAttributes]
[DEBUG][2016-03-19 19:14:05,713][org.springframework.test.annotation.ProfileValueUtils]Retrieved @ProfileValueSourceConfiguration [null] for test class [sy.test.TestUtil]
[DEBUG][2016-03-19 19:14:05,713][org.springframework.test.annotation.ProfileValueUtils]Retrieved ProfileValueSource type [class org.springframework.test.annotation.SystemProfileValueSource] for class [sy.test.TestUtil]
[DEBUG][2016-03-19 19:14:05,715][org.springframework.test.annotation.ProfileValueUtils]Retrieved @ProfileValueSourceConfiguration [null] for test class [sy.test.TestUtil]
[DEBUG][2016-03-19 19:14:05,715][org.springframework.test.annotation.ProfileValueUtils]Retrieved ProfileValueSource type [class org.springframework.test.annotation.SystemProfileValueSource] for class [sy.test.TestUtil]
[DEBUG][2016-03-19 19:14:05,725][org.springframework.test.annotation.ProfileValueUtils]Retrieved @ProfileValueSourceConfiguration [null] for test class [sy.test.TestUtil]
[DEBUG][2016-03-19 19:14:05,725][org.springframework.test.annotation.ProfileValueUtils]Retrieved ProfileValueSource type [class org.springframework.test.annotation.SystemProfileValueSource] for class [sy.test.TestUtil]
[DEBUG][2016-03-19 19:14:05,726][org.springframework.test.annotation.ProfileValueUtils]Retrieved @ProfileValueSourceConfiguration [null] for test class [sy.test.TestUtil]
[DEBUG][2016-03-19 19:14:05,727][org.springframework.test.annotation.ProfileValueUtils]Retrieved ProfileValueSource type [class org.springframework.test.annotation.SystemProfileValueSource] for class [sy.test.TestUtil]
[DEBUG][2016-03-19 19:14:05,727][org.springframework.test.annotation.ProfileValueUtils]Retrieved @ProfileValueSourceConfiguration [null] for test class [sy.test.TestUtil]
[DEBUG][2016-03-19 19:14:05,728][org.springframework.test.annotation.ProfileValueUtils]Retrieved ProfileValueSource type [class org.springframework.test.annotation.SystemProfileValueSource] for class [sy.test.TestUtil]
[DEBUG][2016-03-19 19:14:05,730][org.springframework.test.annotation.ProfileValueUtils]Retrieved @ProfileValueSourceConfiguration [null] for test class [sy.test.TestUtil]
[DEBUG][2016-03-19 19:14:05,730][org.springframework.test.annotation.ProfileValueUtils]Retrieved ProfileValueSource type [class org.springframework.test.annotation.SystemProfileValueSource] for class [sy.test.TestUtil]
[DEBUG][2016-03-19 19:14:05,731][org.springframework.test.context.support.DependencyInjectionTestExecutionListener]Performing dependency injection for test context [[TestContext@24b9371e testClass = TestUtil, testInstance = sy.test.TestUtil@7bd1a567, testMethod = [null], testException = [null], mergedContextConfiguration = [MergedContextConfiguration@c24cb3 testClass = TestUtil, locations = '{classpath:spring.xml, classpath:spring-mybatis.xml}', classes = '{}', contextInitializerClasses = '[]', activeProfiles = '{}', contextLoader = 'org.springframework.test.context.support.DelegatingSmartContextLoader', parent = [null]]]].
[DEBUG][2016-03-19 19:14:05,732][org.springframework.test.context.support.AbstractDelegatingSmartContextLoader]Delegating to GenericXmlContextLoader to load context from [MergedContextConfiguration@c24cb3 testClass = TestUtil, locations = '{classpath:spring.xml, classpath:spring-mybatis.xml}', classes = '{}', contextInitializerClasses = '[]', activeProfiles = '{}', contextLoader = 'org.springframework.test.context.support.DelegatingSmartContextLoader', parent = [null]].
[DEBUG][2016-03-19 19:14:05,732][org.springframework.test.context.support.AbstractGenericContextLoader]Loading ApplicationContext for merged context configuration [[MergedContextConfiguration@c24cb3 testClass = TestUtil, locations = '{classpath:spring.xml, classpath:spring-mybatis.xml}', classes = '{}', contextInitializerClasses = '[]', activeProfiles = '{}', contextLoader = 'org.springframework.test.context.support.DelegatingSmartContextLoader', parent = [null]]].
[DEBUG][2016-03-19 19:14:05,776][org.springframework.core.env.StandardEnvironment]Adding [systemProperties] PropertySource with lowest search precedence
[DEBUG][2016-03-19 19:14:05,778][org.springframework.core.env.StandardEnvironment]Adding [systemEnvironment] PropertySource with lowest search precedence
[DEBUG][2016-03-19 19:14:05,779][org.springframework.core.env.StandardEnvironment]Initialized StandardEnvironment with PropertySources [systemProperties,systemEnvironment]
[DEBUG][2016-03-19 19:14:05,819][org.springframework.core.env.StandardEnvironment]Adding [systemProperties] PropertySource with lowest search precedence
[DEBUG][2016-03-19 19:14:05,819][org.springframework.core.env.StandardEnvironment]Adding [systemEnvironment] PropertySource with lowest search precedence
[DEBUG][2016-03-19 19:14:05,819][org.springframework.core.env.StandardEnvironment]Initialized StandardEnvironment with PropertySources [systemProperties,systemEnvironment]
[INFO][2016-03-19 19:14:05,826][org.springframework.beans.factory.xml.XmlBeanDefinitionReader]Loading XML bean definitions from class path resource [spring.xml]
[DEBUG][2016-03-19 19:14:05,845][org.springframework.beans.factory.xml.DefaultDocumentLoader]Using JAXP provider [com.sun.org.apache.xerces.internal.jaxp.DocumentBuilderFactoryImpl]
[DEBUG][2016-03-19 19:14:05,873][org.springframework.beans.factory.xml.PluggableSchemaResolver]Loading schema mappings from [META-INF/spring.schemas]
[DEBUG][2016-03-19 19:14:05,878][org.springframework.beans.factory.xml.PluggableSchemaResolver]Loaded schema mappings: {http://www.springframework.org/schema/util/spring-util.xsd=org/springframework/beans/factory/xml/spring-util-3.1.xsd, http://www.springframework.org/schema/task/spring-task.xsd=org/springframework/scheduling/config/spring-task-3.1.xsd, http://www.springframework.org/schema/beans/spring-beans-3.1.xsd=org/springframework/beans/factory/xml/spring-beans-3.1.xsd, http://www.springframework.org/schema/cache/spring-cache.xsd=org/springframework/cache/config/spring-cache-3.1.xsd, http://www.springframework.org/schema/aop/spring-aop-3.0.xsd=org/springframework/aop/config/spring-aop-3.0.xsd, http://www.springframework.org/schema/aop/spring-aop-2.0.xsd=org/springframework/aop/config/spring-aop-2.0.xsd, http://www.springframework.org/schema/task/spring-task-3.1.xsd=org/springframework/scheduling/config/spring-task-3.1.xsd, http://www.springframework.org/schema/tool/spring-tool-2.5.xsd=org/springframework/beans/factory/xml/spring-tool-2.5.xsd, http://www.springframework.org/schema/beans/spring-beans.xsd=org/springframework/beans/factory/xml/spring-beans-3.1.xsd, http://www.springframework.org/schema/jee/spring-jee-2.5.xsd=org/springframework/ejb/config/spring-jee-2.5.xsd, http://www.springframework.org/schema/jdbc/spring-jdbc-3.1.xsd=org/springframework/jdbc/config/spring-jdbc-3.1.xsd, http://www.springframework.org/schema/tool/spring-tool-3.1.xsd=org/springframework/beans/factory/xml/spring-tool-3.1.xsd, http://www.springframework.org/schema/aop/spring-aop.xsd=org/springframework/aop/config/spring-aop-3.1.xsd, http://www.springframework.org/schema/jee/spring-jee-3.1.xsd=org/springframework/ejb/config/spring-jee-3.1.xsd, http://www.springframework.org/schema/beans/spring-beans-2.0.xsd=org/springframework/beans/factory/xml/spring-beans-2.0.xsd, http://www.springframework.org/schema/beans/spring-beans-3.0.xsd=org/springframework/beans/factory/xml/spring-beans-3.0.xsd, http://www.springframework.org/schema/task/spring-task-3.0.xsd=org/springframework/scheduling/config/spring-task-3.0.xsd, http://www.springframework.org/schema/tx/spring-tx-2.5.xsd=org/springframework/transaction/config/spring-tx-2.5.xsd, http://www.springframework.org/schema/context/spring-context-2.5.xsd=org/springframework/context/config/spring-context-2.5.xsd, http://www.springframework.org/schema/jdbc/spring-jdbc-3.0.xsd=org/springframework/jdbc/config/spring-jdbc-3.0.xsd, http://www.springframework.org/schema/tool/spring-tool-3.0.xsd=org/springframework/beans/factory/xml/spring-tool-3.0.xsd, http://www.springframework.org/schema/lang/spring-lang.xsd=org/springframework/scripting/config/spring-lang-3.1.xsd, http://www.springframework.org/schema/tx/spring-tx.xsd=org/springframework/transaction/config/spring-tx-3.1.xsd, http://www.springframework.org/schema/tool/spring-tool-2.0.xsd=org/springframework/beans/factory/xml/spring-tool-2.0.xsd, http://www.springframework.org/schema/util/spring-util-2.5.xsd=org/springframework/beans/factory/xml/spring-util-2.5.xsd, http://www.springframework.org/schema/lang/spring-lang-2.5.xsd=org/springframework/scripting/config/spring-lang-2.5.xsd, http://www.springframework.org/schema/jee/spring-jee-3.0.xsd=org/springframework/ejb/config/spring-jee-3.0.xsd, http://www.springframework.org/schema/jee/spring-jee-2.0.xsd=org/springframework/ejb/config/spring-jee-2.0.xsd, http://www.springframework.org/schema/tx/spring-tx-3.1.xsd=org/springframework/transaction/config/spring-tx-3.1.xsd, http://www.springframework.org/schema/context/spring-context-3.1.xsd=org/springframework/context/config/spring-context-3.1.xsd, http://www.springframework.org/schema/util/spring-util-3.1.xsd=org/springframework/beans/factory/xml/spring-util-3.1.xsd, http://www.springframework.org/schema/lang/spring-lang-3.1.xsd=org/springframework/scripting/config/spring-lang-3.1.xsd, http://www.springframework.org/schema/cache/spring-cache-3.1.xsd=org/springframework/cache/config/spring-cache-3.1.xsd, http://www.springframework.org/schema/context/spring-context.xsd=org/springframework/context/config/spring-context-3.1.xsd, http://www.springframework.org/schema/jee/spring-jee.xsd=org/springframework/ejb/config/spring-jee-3.1.xsd, http://www.springframework.org/schema/aop/spring-aop-2.5.xsd=org/springframework/aop/config/spring-aop-2.5.xsd, http://www.springframework.org/schema/jdbc/spring-jdbc.xsd=org/springframework/jdbc/config/spring-jdbc-3.1.xsd, http://www.springframework.org/schema/aop/spring-aop-3.1.xsd=org/springframework/aop/config/spring-aop-3.1.xsd, http://www.springframework.org/schema/tx/spring-tx-2.0.xsd=org/springframework/transaction/config/spring-tx-2.0.xsd, http://www.springframework.org/schema/tx/spring-tx-3.0.xsd=org/springframework/transaction/config/spring-tx-3.0.xsd, http://www.springframework.org/schema/context/spring-context-3.0.xsd=org/springframework/context/config/spring-context-3.0.xsd, http://www.springframework.org/schema/tool/spring-tool.xsd=org/springframework/beans/factory/xml/spring-tool-3.1.xsd, http://www.springframework.org/schema/util/spring-util-3.0.xsd=org/springframework/beans/factory/xml/spring-util-3.0.xsd, http://www.alibaba.com/schema/stat.xsd=META-INF/stat.xsd, http://www.springframework.org/schema/lang/spring-lang-3.0.xsd=org/springframework/scripting/config/spring-lang-3.0.xsd, http://www.springframework.org/schema/util/spring-util-2.0.xsd=org/springframework/beans/factory/xml/spring-util-2.0.xsd, http://www.springframework.org/schema/lang/spring-lang-2.0.xsd=org/springframework/scripting/config/spring-lang-2.0.xsd, http://www.springframework.org/schema/beans/spring-beans-2.5.xsd=org/springframework/beans/factory/xml/spring-beans-2.5.xsd}
[DEBUG][2016-03-19 19:14:05,879][org.springframework.beans.factory.xml.PluggableSchemaResolver]Found XML schema [http://www.springframework.org/schema/beans/spring-beans-3.0.xsd] in classpath: org/springframework/beans/factory/xml/spring-beans-3.0.xsd
[DEBUG][2016-03-19 19:14:05,915][org.springframework.beans.factory.xml.PluggableSchemaResolver]Found XML schema [http://www.springframework.org/schema/context/spring-context-3.0.xsd] in classpath: org/springframework/context/config/spring-context-3.0.xsd
[DEBUG][2016-03-19 19:14:05,925][org.springframework.beans.factory.xml.PluggableSchemaResolver]Found XML schema [http://www.springframework.org/schema/tool/spring-tool-3.0.xsd] in classpath: org/springframework/beans/factory/xml/spring-tool-3.0.xsd
[DEBUG][2016-03-19 19:14:05,934][org.springframework.beans.factory.xml.DefaultBeanDefinitionDocumentReader]Loading bean definitions
[DEBUG][2016-03-19 19:14:05,947][org.springframework.beans.factory.xml.DefaultNamespaceHandlerResolver]Loaded NamespaceHandler mappings: {http://www.springframework.org/schema/p=org.springframework.beans.factory.xml.SimplePropertyNamespaceHandler, http://www.springframework.org/schema/util=org.springframework.beans.factory.xml.UtilNamespaceHandler, http://www.alibaba.com/schema/stat=com.alibaba.druid.support.spring.stat.config.DruidStatNamespaceHandler, http://www.springframework.org/schema/jee=org.springframework.ejb.config.JeeNamespaceHandler, http://www.springframework.org/schema/aop=org.springframework.aop.config.AopNamespaceHandler, http://www.springframework.org/schema/jdbc=org.springframework.jdbc.config.JdbcNamespaceHandler, http://www.springframework.org/schema/cache=org.springframework.cache.config.CacheNamespaceHandler, http://www.springframework.org/schema/c=org.springframework.beans.factory.xml.SimpleConstructorNamespaceHandler, http://www.springframework.org/schema/tx=org.springframework.transaction.config.TxNamespaceHandler, http://www.springframework.org/schema/task=org.springframework.scheduling.config.TaskNamespaceHandler, http://www.springframework.org/schema/lang=org.springframework.scripting.config.LangNamespaceHandler, http://www.springframework.org/schema/context=org.springframework.context.config.ContextNamespaceHandler}
[DEBUG][2016-03-19 19:14:05,966][org.springframework.core.io.support.PathMatchingResourcePatternResolver]Looking for matching resources in directory tree [D:\eclipse-workspace\test\target\classes\sy\service]
[DEBUG][2016-03-19 19:14:05,966][org.springframework.core.io.support.PathMatchingResourcePatternResolver]Searching directory [D:\eclipse-workspace\test\target\classes\sy\service] for files matching pattern [D:/eclipse-workspace/test/target/classes/sy/service/**/*.class]
[DEBUG][2016-03-19 19:14:05,969][org.springframework.core.io.support.PathMatchingResourcePatternResolver]Resolved location pattern [classpath*:sy/service/**/*.class] to resources [file [D:\eclipse-workspace\test\target\classes\sy\service\UserServiceI.class], file [D:\eclipse-workspace\test\target\classes\sy\service\UserServiceImpl.class]]
[DEBUG][2016-03-19 19:14:05,991][org.springframework.context.annotation.ClassPathBeanDefinitionScanner]Identified candidate component class: file [D:\eclipse-workspace\test\target\classes\sy\service\UserServiceImpl.class]
[DEBUG][2016-03-19 19:14:06,004][org.springframework.beans.factory.xml.XmlBeanDefinitionReader]Loaded 6 bean definitions from location pattern [classpath:spring.xml]
[INFO][2016-03-19 19:14:06,004][org.springframework.beans.factory.xml.XmlBeanDefinitionReader]Loading XML bean definitions from class path resource [spring-mybatis.xml]
[DEBUG][2016-03-19 19:14:06,006][org.springframework.beans.factory.xml.DefaultDocumentLoader]Using JAXP provider [com.sun.org.apache.xerces.internal.jaxp.DocumentBuilderFactoryImpl]
[DEBUG][2016-03-19 19:14:06,007][org.springframework.beans.factory.xml.PluggableSchemaResolver]Found XML schema [http://www.springframework.org/schema/beans/spring-beans-3.0.xsd] in classpath: org/springframework/beans/factory/xml/spring-beans-3.0.xsd
[DEBUG][2016-03-19 19:14:06,028][org.springframework.beans.factory.xml.PluggableSchemaResolver]Found XML schema [http://www.springframework.org/schema/tx/spring-tx-3.0.xsd] in classpath: org/springframework/transaction/config/spring-tx-3.0.xsd
[DEBUG][2016-03-19 19:14:06,031][org.springframework.beans.factory.xml.PluggableSchemaResolver]Found XML schema [http://www.springframework.org/schema/tool/spring-tool-3.0.xsd] in classpath: org/springframework/beans/factory/xml/spring-tool-3.0.xsd
[DEBUG][2016-03-19 19:14:06,036][org.springframework.beans.factory.xml.PluggableSchemaResolver]Found XML schema [http://www.springframework.org/schema/aop/spring-aop-3.0.xsd] in classpath: org/springframework/aop/config/spring-aop-3.0.xsd
[DEBUG][2016-03-19 19:14:06,047][org.springframework.beans.factory.xml.DefaultBeanDefinitionDocumentReader]Loading bean definitions
[DEBUG][2016-03-19 19:14:06,048][org.springframework.beans.factory.xml.BeanDefinitionParserDelegate]No XML 'id' specified - using 'dataSource' as bean name and [] as aliases
[DEBUG][2016-03-19 19:14:06,053][org.springframework.beans.factory.xml.BeanDefinitionParserDelegate]Neither XML 'id' nor 'name' specified - using generated bean name [org.mybatis.spring.mapper.MapperScannerConfigurer#0]
[DEBUG][2016-03-19 19:14:06,079][org.springframework.beans.factory.xml.XmlBeanDefinitionReader]Loaded 11 bean definitions from location pattern [classpath:spring-mybatis.xml]
[INFO][2016-03-19 19:14:06,081][org.springframework.context.support.GenericApplicationContext]Refreshing org.springframework.context.support.GenericApplicationContext@4ee993e: startup date [Sat Mar 19 19:14:06 CST 2016]; root of context hierarchy
[DEBUG][2016-03-19 19:14:06,081][org.springframework.context.support.GenericApplicationContext]Bean factory for org.springframework.context.support.GenericApplicationContext@4ee993e: org.springframework.beans.factory.support.DefaultListableBeanFactory@429a3811: defining beans [userService,org.springframework.context.annotation.internalConfigurationAnnotationProcessor,org.springframework.context.annotation.internalAutowiredAnnotationProcessor,org.springframework.context.annotation.internalRequiredAnnotationProcessor,org.springframework.context.annotation.internalCommonAnnotationProcessor,org.springframework.beans.factory.config.PropertyPlaceholderConfigurer#0,dataSource,sqlSessionFactory,org.mybatis.spring.mapper.MapperScannerConfigurer#0,transactionManager,transactionAdvice,org.springframework.aop.config.internalAutoProxyCreator,transactionPointcut,org.springframework.aop.support.DefaultBeanFactoryPointcutAdvisor#0,druid-stat-interceptor,druid-stat-pointcut,org.springframework.aop.support.DefaultBeanFactoryPointcutAdvisor#1]; root of factory hierarchy
[DEBUG][2016-03-19 19:14:06,101][org.springframework.beans.factory.support.DefaultListableBeanFactory]Creating shared instance of singleton bean 'org.springframework.context.annotation.internalConfigurationAnnotationProcessor'
[DEBUG][2016-03-19 19:14:06,101][org.springframework.beans.factory.support.DefaultListableBeanFactory]Creating instance of bean 'org.springframework.context.annotation.internalConfigurationAnnotationProcessor'
[DEBUG][2016-03-19 19:14:06,113][org.springframework.beans.factory.support.DefaultListableBeanFactory]Eagerly caching bean 'org.springframework.context.annotation.internalConfigurationAnnotationProcessor' to allow for resolving potential circular references
[DEBUG][2016-03-19 19:14:06,114][org.springframework.beans.factory.support.DefaultListableBeanFactory]Finished creating instance of bean 'org.springframework.context.annotation.internalConfigurationAnnotationProcessor'
[DEBUG][2016-03-19 19:14:06,114][org.springframework.beans.factory.support.DefaultListableBeanFactory]Creating shared instance of singleton bean 'org.mybatis.spring.mapper.MapperScannerConfigurer#0'
[DEBUG][2016-03-19 19:14:06,114][org.springframework.beans.factory.support.DefaultListableBeanFactory]Creating instance of bean 'org.mybatis.spring.mapper.MapperScannerConfigurer#0'
[DEBUG][2016-03-19 19:14:06,115][org.springframework.beans.factory.support.DefaultListableBeanFactory]Eagerly caching bean 'org.mybatis.spring.mapper.MapperScannerConfigurer#0' to allow for resolving potential circular references
[DEBUG][2016-03-19 19:14:06,144][org.springframework.beans.factory.support.DefaultListableBeanFactory]Invoking afterPropertiesSet() on bean with name 'org.mybatis.spring.mapper.MapperScannerConfigurer#0'
[DEBUG][2016-03-19 19:14:06,144][org.springframework.beans.factory.support.DefaultListableBeanFactory]Finished creating instance of bean 'org.mybatis.spring.mapper.MapperScannerConfigurer#0'
[DEBUG][2016-03-19 19:14:06,185][org.springframework.core.env.StandardEnvironment]Adding [systemProperties] PropertySource with lowest search precedence
[DEBUG][2016-03-19 19:14:06,186][org.springframework.core.env.StandardEnvironment]Adding [systemEnvironment] PropertySource with lowest search precedence
[DEBUG][2016-03-19 19:14:06,186][org.springframework.core.env.StandardEnvironment]Initialized StandardEnvironment with PropertySources [systemProperties,systemEnvironment]
[DEBUG][2016-03-19 19:14:06,187][org.springframework.core.io.support.PathMatchingResourcePatternResolver]Looking for matching resources in directory tree [D:\eclipse-workspace\test\target\classes\sy\dao]
[DEBUG][2016-03-19 19:14:06,187][org.springframework.core.io.support.PathMatchingResourcePatternResolver]Searching directory [D:\eclipse-workspace\test\target\classes\sy\dao] for files matching pattern [D:/eclipse-workspace/test/target/classes/sy/dao/**/*.class]
[DEBUG][2016-03-19 19:14:06,188][org.springframework.core.io.support.PathMatchingResourcePatternResolver]Resolved location pattern [classpath*:sy/dao/**/*.class] to resources [file [D:\eclipse-workspace\test\target\classes\sy\dao\UserMapper.class]]
[DEBUG][2016-03-19 19:14:06,188][org.mybatis.spring.mapper.MapperScannerConfigurer$Scanner]Identified candidate component class: file [D:\eclipse-workspace\test\target\classes\sy\dao\UserMapper.class]
[DEBUG][2016-03-19 19:14:06,188][org.mybatis.spring.mapper.MapperScannerConfigurer$Scanner]Creating MapperFactoryBean with name 'userMapper' and 'sy.dao.UserMapper' mapperInterface
[DEBUG][2016-03-19 19:14:06,191][org.springframework.beans.factory.support.DefaultListableBeanFactory]Creating shared instance of singleton bean 'org.springframework.beans.factory.config.PropertyPlaceholderConfigurer#0'
[DEBUG][2016-03-19 19:14:06,191][org.springframework.beans.factory.support.DefaultListableBeanFactory]Creating instance of bean 'org.springframework.beans.factory.config.PropertyPlaceholderConfigurer#0'
[DEBUG][2016-03-19 19:14:06,192][org.springframework.beans.factory.support.DefaultListableBeanFactory]Eagerly caching bean 'org.springframework.beans.factory.config.PropertyPlaceholderConfigurer#0' to allow for resolving potential circular references
[DEBUG][2016-03-19 19:14:06,203][org.springframework.beans.factory.support.DefaultListableBeanFactory]Finished creating instance of bean 'org.springframework.beans.factory.config.PropertyPlaceholderConfigurer#0'
[INFO][2016-03-19 19:14:06,203][org.springframework.beans.factory.config.PropertyPlaceholderConfigurer]Loading properties file from class path resource [config.properties]
[DEBUG][2016-03-19 19:14:06,208][org.springframework.beans.factory.support.DefaultListableBeanFactory]Creating shared instance of singleton bean 'org.springframework.context.annotation.internalAutowiredAnnotationProcessor'
[DEBUG][2016-03-19 19:14:06,208][org.springframework.beans.factory.support.DefaultListableBeanFactory]Creating instance of bean 'org.springframework.context.annotation.internalAutowiredAnnotationProcessor'
[DEBUG][2016-03-19 19:14:06,209][org.springframework.beans.factory.support.DefaultListableBeanFactory]Eagerly caching bean 'org.springframework.context.annotation.internalAutowiredAnnotationProcessor' to allow for resolving potential circular references
[DEBUG][2016-03-19 19:14:06,209][org.springframework.beans.factory.support.DefaultListableBeanFactory]Finished creating instance of bean 'org.springframework.context.annotation.internalAutowiredAnnotationProcessor'
[DEBUG][2016-03-19 19:14:06,209][org.springframework.beans.factory.support.DefaultListableBeanFactory]Creating shared instance of singleton bean 'org.springframework.context.annotation.internalRequiredAnnotationProcessor'
[DEBUG][2016-03-19 19:14:06,209][org.springframework.beans.factory.support.DefaultListableBeanFactory]Creating instance of bean 'org.springframework.context.annotation.internalRequiredAnnotationProcessor'
[DEBUG][2016-03-19 19:14:06,210][org.springframework.beans.factory.support.DefaultListableBeanFactory]Eagerly caching bean 'org.springframework.context.annotation.internalRequiredAnnotationProcessor' to allow for resolving potential circular references
[DEBUG][2016-03-19 19:14:06,210][org.springframework.beans.factory.support.DefaultListableBeanFactory]Finished creating instance of bean 'org.springframework.context.annotation.internalRequiredAnnotationProcessor'
[DEBUG][2016-03-19 19:14:06,210][org.springframework.beans.factory.support.DefaultListableBeanFactory]Creating shared instance of singleton bean 'org.springframework.context.annotation.internalCommonAnnotationProcessor'
[DEBUG][2016-03-19 19:14:06,210][org.springframework.beans.factory.support.DefaultListableBeanFactory]Creating instance of bean 'org.springframework.context.annotation.internalCommonAnnotationProcessor'
[DEBUG][2016-03-19 19:14:06,214][org.springframework.beans.factory.support.DefaultListableBeanFactory]Eagerly caching bean 'org.springframework.context.annotation.internalCommonAnnotationProcessor' to allow for resolving potential circular references
[DEBUG][2016-03-19 19:14:06,214][org.springframework.beans.factory.support.DefaultListableBeanFactory]Finished creating instance of bean 'org.springframework.context.annotation.internalCommonAnnotationProcessor'
[DEBUG][2016-03-19 19:14:06,214][org.springframework.beans.factory.support.DefaultListableBeanFactory]Creating shared instance of singleton bean 'org.springframework.context.annotation.ConfigurationClassPostProcessor$ImportAwareBeanPostProcessor#0'
[DEBUG][2016-03-19 19:14:06,214][org.springframework.beans.factory.support.DefaultListableBeanFactory]Creating instance of bean 'org.springframework.context.annotation.ConfigurationClassPostProcessor$ImportAwareBeanPostProcessor#0'
[DEBUG][2016-03-19 19:14:06,214][org.springframework.beans.factory.support.DefaultListableBeanFactory]Eagerly caching bean 'org.springframework.context.annotation.ConfigurationClassPostProcessor$ImportAwareBeanPostProcessor#0' to allow for resolving potential circular references
[DEBUG][2016-03-19 19:14:06,214][org.springframework.beans.factory.support.DefaultListableBeanFactory]Finished creating instance of bean 'org.springframework.context.annotation.ConfigurationClassPostProcessor$ImportAwareBeanPostProcessor#0'
[DEBUG][2016-03-19 19:14:06,215][org.springframework.beans.factory.support.DefaultListableBeanFactory]Creating shared instance of singleton bean 'org.springframework.aop.config.internalAutoProxyCreator'
[DEBUG][2016-03-19 19:14:06,215][org.springframework.beans.factory.support.DefaultListableBeanFactory]Creating instance of bean 'org.springframework.aop.config.internalAutoProxyCreator'
[DEBUG][2016-03-19 19:14:06,222][org.springframework.beans.factory.support.DefaultListableBeanFactory]Eagerly caching bean 'org.springframework.aop.config.internalAutoProxyCreator' to allow for resolving potential circular references
[DEBUG][2016-03-19 19:14:06,239][org.springframework.beans.factory.support.DefaultListableBeanFactory]Finished creating instance of bean 'org.springframework.aop.config.internalAutoProxyCreator'
[DEBUG][2016-03-19 19:14:06,243][org.springframework.context.support.GenericApplicationContext]Unable to locate MessageSource with name 'messageSource': using default [org.springframework.context.support.DelegatingMessageSource@66310f46]
[DEBUG][2016-03-19 19:14:06,245][org.springframework.context.support.GenericApplicationContext]Unable to locate ApplicationEventMulticaster with name 'applicationEventMulticaster': using default [org.springframework.context.event.SimpleApplicationEventMulticaster@589c4b8a]
[INFO][2016-03-19 19:14:06,247][org.springframework.beans.factory.support.DefaultListableBeanFactory]Pre-instantiating singletons in org.springframework.beans.factory.support.DefaultListableBeanFactory@429a3811: defining beans [userService,org.springframework.context.annotation.internalConfigurationAnnotationProcessor,org.springframework.context.annotation.internalAutowiredAnnotationProcessor,org.springframework.context.annotation.internalRequiredAnnotationProcessor,org.springframework.context.annotation.internalCommonAnnotationProcessor,org.springframework.beans.factory.config.PropertyPlaceholderConfigurer#0,dataSource,sqlSessionFactory,org.mybatis.spring.mapper.MapperScannerConfigurer#0,transactionManager,transactionAdvice,org.springframework.aop.config.internalAutoProxyCreator,transactionPointcut,org.springframework.aop.support.DefaultBeanFactoryPointcutAdvisor#0,druid-stat-interceptor,druid-stat-pointcut,org.springframework.aop.support.DefaultBeanFactoryPointcutAdvisor#1,org.springframework.context.annotation.ConfigurationClassPostProcessor$ImportAwareBeanPostProcessor#0,userMapper]; root of factory hierarchy
[DEBUG][2016-03-19 19:14:06,247][org.springframework.beans.factory.support.DefaultListableBeanFactory]Creating shared instance of singleton bean 'userService'
[DEBUG][2016-03-19 19:14:06,247][org.springframework.beans.factory.support.DefaultListableBeanFactory]Creating instance of bean 'userService'
[DEBUG][2016-03-19 19:14:06,248][org.springframework.beans.factory.support.DefaultListableBeanFactory]Creating shared instance of singleton bean 'org.springframework.aop.support.DefaultBeanFactoryPointcutAdvisor#0'
[DEBUG][2016-03-19 19:14:06,248][org.springframework.beans.factory.support.DefaultListableBeanFactory]Creating instance of bean 'org.springframework.aop.support.DefaultBeanFactoryPointcutAdvisor#0'
[DEBUG][2016-03-19 19:14:06,249][org.springframework.beans.factory.support.DefaultListableBeanFactory]Eagerly caching bean 'org.springframework.aop.support.DefaultBeanFactoryPointcutAdvisor#0' to allow for resolving potential circular references
[DEBUG][2016-03-19 19:14:06,258][org.springframework.beans.factory.support.DefaultListableBeanFactory]Creating instance of bean 'transactionPointcut'
[DEBUG][2016-03-19 19:14:06,266][org.springframework.beans.factory.support.DefaultListableBeanFactory]Finished creating instance of bean 'transactionPointcut'
[DEBUG][2016-03-19 19:14:06,267][org.springframework.beans.factory.support.DefaultListableBeanFactory]Finished creating instance of bean 'org.springframework.aop.support.DefaultBeanFactoryPointcutAdvisor#0'
[DEBUG][2016-03-19 19:14:06,267][org.springframework.beans.factory.support.DefaultListableBeanFactory]Creating shared instance of singleton bean 'org.springframework.aop.support.DefaultBeanFactoryPointcutAdvisor#1'
[DEBUG][2016-03-19 19:14:06,267][org.springframework.beans.factory.support.DefaultListableBeanFactory]Creating instance of bean 'org.springframework.aop.support.DefaultBeanFactoryPointcutAdvisor#1'
[DEBUG][2016-03-19 19:14:06,267][org.springframework.beans.factory.support.DefaultListableBeanFactory]Eagerly caching bean 'org.springframework.aop.support.DefaultBeanFactoryPointcutAdvisor#1' to allow for resolving potential circular references
[DEBUG][2016-03-19 19:14:06,267][org.springframework.beans.factory.support.DefaultListableBeanFactory]Creating instance of bean 'druid-stat-pointcut'
[DEBUG][2016-03-19 19:14:06,267][org.springframework.beans.factory.support.DefaultListableBeanFactory]Returning cached instance of singleton bean 'org.springframework.aop.support.DefaultBeanFactoryPointcutAdvisor#0'
[DEBUG][2016-03-19 19:14:06,285][org.springframework.beans.factory.support.DefaultListableBeanFactory]Returning cached instance of singleton bean 'org.springframework.aop.support.DefaultBeanFactoryPointcutAdvisor#0'
[DEBUG][2016-03-19 19:14:06,285][org.springframework.beans.factory.support.DefaultListableBeanFactory]Returning cached instance of singleton bean 'org.springframework.aop.support.DefaultBeanFactoryPointcutAdvisor#0'
[DEBUG][2016-03-19 19:14:06,425][org.springframework.beans.factory.support.DefaultListableBeanFactory]Finished creating instance of bean 'druid-stat-pointcut'
[DEBUG][2016-03-19 19:14:06,426][org.springframework.beans.factory.support.DefaultListableBeanFactory]Finished creating instance of bean 'org.springframework.aop.support.DefaultBeanFactoryPointcutAdvisor#1'
[DEBUG][2016-03-19 19:14:06,430][org.springframework.beans.factory.annotation.InjectionMetadata]Found injected element on class [sy.service.UserServiceImpl]: AutowiredMethodElement for public void sy.service.UserServiceImpl.setUserMapper(sy.dao.UserMapper)
[DEBUG][2016-03-19 19:14:06,430][org.springframework.beans.factory.support.DefaultListableBeanFactory]Eagerly caching bean 'userService' to allow for resolving potential circular references
[DEBUG][2016-03-19 19:14:06,430][org.springframework.beans.factory.annotation.InjectionMetadata]Processing injected method of bean 'userService': AutowiredMethodElement for public void sy.service.UserServiceImpl.setUserMapper(sy.dao.UserMapper)
[DEBUG][2016-03-19 19:14:06,431][org.springframework.beans.factory.support.DefaultListableBeanFactory]Returning cached instance of singleton bean 'org.springframework.aop.support.DefaultBeanFactoryPointcutAdvisor#0'
[DEBUG][2016-03-19 19:14:06,431][org.springframework.beans.factory.support.DefaultListableBeanFactory]Returning cached instance of singleton bean 'org.springframework.aop.support.DefaultBeanFactoryPointcutAdvisor#1'
[DEBUG][2016-03-19 19:14:06,435][org.apache.ibatis.logging.LogFactory]Logging initialized using 'class org.apache.ibatis.logging.commons.JakartaCommonsLoggingImpl' adapter.
[DEBUG][2016-03-19 19:14:06,438][org.springframework.beans.factory.support.DefaultListableBeanFactory]Returning cached instance of singleton bean 'org.springframework.aop.support.DefaultBeanFactoryPointcutAdvisor#0'
[DEBUG][2016-03-19 19:14:06,438][org.springframework.beans.factory.support.DefaultListableBeanFactory]Returning cached instance of singleton bean 'org.springframework.aop.support.DefaultBeanFactoryPointcutAdvisor#1'
[DEBUG][2016-03-19 19:14:06,438][org.springframework.beans.factory.support.DefaultListableBeanFactory]Creating shared instance of singleton bean 'userMapper'
[DEBUG][2016-03-19 19:14:06,438][org.springframework.beans.factory.support.DefaultListableBeanFactory]Creating instance of bean 'userMapper'
[DEBUG][2016-03-19 19:14:06,442][org.springframework.beans.factory.annotation.InjectionMetadata]Found injected element on class [org.mybatis.spring.mapper.MapperFactoryBean]: AutowiredMethodElement for public final void org.mybatis.spring.support.SqlSessionDaoSupport.setSqlSessionFactory(org.apache.ibatis.session.SqlSessionFactory)
[DEBUG][2016-03-19 19:14:06,443][org.springframework.beans.factory.annotation.InjectionMetadata]Found injected element on class [org.mybatis.spring.mapper.MapperFactoryBean]: AutowiredMethodElement for public final void org.mybatis.spring.support.SqlSessionDaoSupport.setSqlSessionTemplate(org.mybatis.spring.SqlSessionTemplate)
[DEBUG][2016-03-19 19:14:06,443][org.springframework.beans.factory.support.DefaultListableBeanFactory]Eagerly caching bean 'userMapper' to allow for resolving potential circular references
[DEBUG][2016-03-19 19:14:06,448][org.springframework.beans.factory.annotation.InjectionMetadata]Processing injected method of bean 'userMapper': AutowiredMethodElement for public final void org.mybatis.spring.support.SqlSessionDaoSupport.setSqlSessionFactory(org.apache.ibatis.session.SqlSessionFactory)
[DEBUG][2016-03-19 19:14:06,448][org.springframework.beans.factory.annotation.InjectionMetadata]Processing injected method of bean 'userMapper': AutowiredMethodElement for public final void org.mybatis.spring.support.SqlSessionDaoSupport.setSqlSessionTemplate(org.mybatis.spring.SqlSessionTemplate)
[DEBUG][2016-03-19 19:14:06,449][org.springframework.beans.factory.support.DefaultListableBeanFactory]Returning cached instance of singleton bean 'org.springframework.aop.support.DefaultBeanFactoryPointcutAdvisor#0'
[DEBUG][2016-03-19 19:14:06,449][org.springframework.beans.factory.support.DefaultListableBeanFactory]Returning cached instance of singleton bean 'org.springframework.aop.support.DefaultBeanFactoryPointcutAdvisor#1'
[DEBUG][2016-03-19 19:14:06,449][org.springframework.beans.factory.support.DefaultListableBeanFactory]Returning cached instance of singleton bean 'org.springframework.aop.support.DefaultBeanFactoryPointcutAdvisor#0'
[DEBUG][2016-03-19 19:14:06,449][org.springframework.beans.factory.support.DefaultListableBeanFactory]Returning cached instance of singleton bean 'org.springframework.aop.support.DefaultBeanFactoryPointcutAdvisor#1'
[DEBUG][2016-03-19 19:14:06,454][org.springframework.beans.factory.support.DefaultListableBeanFactory]Returning eagerly cached instance of singleton bean 'userMapper' that is not fully initialized yet - a consequence of a circular reference
[DEBUG][2016-03-19 19:14:06,455][org.springframework.beans.factory.support.DefaultListableBeanFactory]Creating shared instance of singleton bean 'sqlSessionFactory'
[DEBUG][2016-03-19 19:14:06,455][org.springframework.beans.factory.support.DefaultListableBeanFactory]Creating instance of bean 'sqlSessionFactory'
[DEBUG][2016-03-19 19:14:06,456][org.springframework.beans.factory.support.DefaultListableBeanFactory]Eagerly caching bean 'sqlSessionFactory' to allow for resolving potential circular references
[DEBUG][2016-03-19 19:14:06,461][org.springframework.beans.factory.support.DefaultListableBeanFactory]Creating shared instance of singleton bean 'dataSource'
[DEBUG][2016-03-19 19:14:06,461][org.springframework.beans.factory.support.DefaultListableBeanFactory]Creating instance of bean 'dataSource'
[DEBUG][2016-03-19 19:14:06,461][org.springframework.beans.factory.support.DefaultListableBeanFactory]Returning cached instance of singleton bean 'org.springframework.aop.support.DefaultBeanFactoryPointcutAdvisor#0'
[DEBUG][2016-03-19 19:14:06,461][org.springframework.beans.factory.support.DefaultListableBeanFactory]Returning cached instance of singleton bean 'org.springframework.aop.support.DefaultBeanFactoryPointcutAdvisor#1'
[DEBUG][2016-03-19 19:14:06,484][org.springframework.beans.factory.support.DefaultListableBeanFactory]Eagerly caching bean 'dataSource' to allow for resolving potential circular references
[ERROR][2016-03-19 19:14:06,791][com.alibaba.druid.pool.DruidAbstractDataSource]maxIdle is deprecated
[DEBUG][2016-03-19 19:14:06,816][org.springframework.beans.factory.support.DefaultListableBeanFactory]Invoking init method  'init' on bean with name 'dataSource'
[INFO][2016-03-19 19:14:06,879][com.alibaba.druid.pool.DruidDataSource]{dataSource-1} inited
[DEBUG][2016-03-19 19:14:06,879][org.springframework.beans.factory.support.DefaultListableBeanFactory]Returning cached instance of singleton bean 'org.springframework.aop.support.DefaultBeanFactoryPointcutAdvisor#0'
[DEBUG][2016-03-19 19:14:06,879][org.springframework.beans.factory.support.DefaultListableBeanFactory]Returning cached instance of singleton bean 'org.springframework.aop.support.DefaultBeanFactoryPointcutAdvisor#1'
[DEBUG][2016-03-19 19:14:06,879][org.springframework.beans.factory.support.DefaultListableBeanFactory]Returning cached instance of singleton bean 'org.springframework.aop.support.DefaultBeanFactoryPointcutAdvisor#0'
[DEBUG][2016-03-19 19:14:06,879][org.springframework.beans.factory.support.DefaultListableBeanFactory]Returning cached instance of singleton bean 'org.springframework.aop.support.DefaultBeanFactoryPointcutAdvisor#1'
[DEBUG][2016-03-19 19:14:06,963][org.springframework.beans.factory.support.DefaultListableBeanFactory]Finished creating instance of bean 'dataSource'
[DEBUG][2016-03-19 19:14:06,964][org.springframework.core.io.support.PathMatchingResourcePatternResolver]Looking for matching resources in directory tree [D:\eclipse-workspace\test\target\classes\sy\mapping]
[DEBUG][2016-03-19 19:14:06,964][org.springframework.core.io.support.PathMatchingResourcePatternResolver]Searching directory [D:\eclipse-workspace\test\target\classes\sy\mapping] for files matching pattern [D:/eclipse-workspace/test/target/classes/sy/mapping/*.xml]
[DEBUG][2016-03-19 19:14:06,964][org.springframework.core.io.support.PathMatchingResourcePatternResolver]Resolved location pattern [classpath:sy/mapping/*.xml] to resources [file [D:\eclipse-workspace\test\target\classes\sy\mapping\UserMapper.xml]]
[DEBUG][2016-03-19 19:14:06,965][org.springframework.beans.factory.support.DefaultListableBeanFactory]Invoking afterPropertiesSet() on bean with name 'sqlSessionFactory'
[DEBUG][2016-03-19 19:14:06,965][org.mybatis.spring.SqlSessionFactoryBean]Property 'configLocation' not specified, using default MyBatis Configuration
[DEBUG][2016-03-19 19:14:07,227][org.mybatis.spring.SqlSessionFactoryBean]Parsed mapper file: 'file [D:\eclipse-workspace\test\target\classes\sy\mapping\UserMapper.xml]'
[DEBUG][2016-03-19 19:14:07,228][org.springframework.beans.factory.support.DefaultListableBeanFactory]Returning cached instance of singleton bean 'org.springframework.aop.support.DefaultBeanFactoryPointcutAdvisor#0'
[DEBUG][2016-03-19 19:14:07,228][org.springframework.beans.factory.support.DefaultListableBeanFactory]Returning cached instance of singleton bean 'org.springframework.aop.support.DefaultBeanFactoryPointcutAdvisor#1'
[DEBUG][2016-03-19 19:14:07,228][org.springframework.beans.factory.support.DefaultListableBeanFactory]Returning cached instance of singleton bean 'org.springframework.aop.support.DefaultBeanFactoryPointcutAdvisor#0'
[DEBUG][2016-03-19 19:14:07,228][org.springframework.beans.factory.support.DefaultListableBeanFactory]Returning cached instance of singleton bean 'org.springframework.aop.support.DefaultBeanFactoryPointcutAdvisor#1'
[DEBUG][2016-03-19 19:14:07,233][org.springframework.beans.factory.support.DefaultListableBeanFactory]Finished creating instance of bean 'sqlSessionFactory'
[DEBUG][2016-03-19 19:14:07,233][org.springframework.beans.factory.support.DefaultListableBeanFactory]Returning cached instance of singleton bean 'org.springframework.aop.support.DefaultBeanFactoryPointcutAdvisor#0'
[DEBUG][2016-03-19 19:14:07,233][org.springframework.beans.factory.support.DefaultListableBeanFactory]Returning cached instance of singleton bean 'org.springframework.aop.support.DefaultBeanFactoryPointcutAdvisor#1'
[DEBUG][2016-03-19 19:14:07,233][org.springframework.beans.factory.support.DefaultListableBeanFactory]Returning cached instance of singleton bean 'org.springframework.aop.support.DefaultBeanFactoryPointcutAdvisor#0'
[DEBUG][2016-03-19 19:14:07,233][org.springframework.beans.factory.support.DefaultListableBeanFactory]Returning cached instance of singleton bean 'org.springframework.aop.support.DefaultBeanFactoryPointcutAdvisor#1'
[DEBUG][2016-03-19 19:14:07,242][org.springframework.beans.factory.support.DefaultListableBeanFactory]Invoking afterPropertiesSet() on bean with name 'userMapper'
[DEBUG][2016-03-19 19:14:07,243][org.springframework.beans.factory.support.DefaultListableBeanFactory]Finished creating instance of bean 'userMapper'
[DEBUG][2016-03-19 19:14:07,243][org.springframework.beans.factory.support.DefaultListableBeanFactory]Returning cached instance of singleton bean 'userMapper'
[DEBUG][2016-03-19 19:14:07,244][org.springframework.beans.factory.support.DefaultListableBeanFactory]Returning cached instance of singleton bean 'org.springframework.aop.support.DefaultBeanFactoryPointcutAdvisor#0'
[DEBUG][2016-03-19 19:14:07,244][org.springframework.beans.factory.support.DefaultListableBeanFactory]Returning cached instance of singleton bean 'org.springframework.aop.support.DefaultBeanFactoryPointcutAdvisor#1'
[DEBUG][2016-03-19 19:14:07,244][org.springframework.beans.factory.support.DefaultListableBeanFactory]Returning cached instance of singleton bean 'org.springframework.aop.support.DefaultBeanFactoryPointcutAdvisor#0'
[DEBUG][2016-03-19 19:14:07,244][org.springframework.beans.factory.support.DefaultListableBeanFactory]Returning cached instance of singleton bean 'org.springframework.aop.support.DefaultBeanFactoryPointcutAdvisor#1'
[DEBUG][2016-03-19 19:14:07,248][org.springframework.beans.factory.annotation.AutowiredAnnotationBeanPostProcessor]Autowiring by type from bean name 'userService' to bean named 'userMapper'
[DEBUG][2016-03-19 19:14:07,248][org.springframework.beans.factory.support.DefaultListableBeanFactory]Returning cached instance of singleton bean 'org.springframework.aop.support.DefaultBeanFactoryPointcutAdvisor#0'
[DEBUG][2016-03-19 19:14:07,248][org.springframework.beans.factory.support.DefaultListableBeanFactory]Returning cached instance of singleton bean 'org.springframework.aop.support.DefaultBeanFactoryPointcutAdvisor#1'
[DEBUG][2016-03-19 19:14:07,248][org.springframework.beans.factory.support.DefaultListableBeanFactory]Returning cached instance of singleton bean 'org.springframework.aop.support.DefaultBeanFactoryPointcutAdvisor#0'
[DEBUG][2016-03-19 19:14:07,248][org.springframework.beans.factory.support.DefaultListableBeanFactory]Returning cached instance of singleton bean 'org.springframework.aop.support.DefaultBeanFactoryPointcutAdvisor#1'
[DEBUG][2016-03-19 19:14:07,250][org.springframework.beans.factory.support.DefaultListableBeanFactory]Creating shared instance of singleton bean 'transactionAdvice'
[DEBUG][2016-03-19 19:14:07,250][org.springframework.beans.factory.support.DefaultListableBeanFactory]Creating instance of bean 'transactionAdvice'
[DEBUG][2016-03-19 19:14:07,252][org.springframework.beans.factory.support.DefaultListableBeanFactory]Eagerly caching bean 'transactionAdvice' to allow for resolving potential circular references
[DEBUG][2016-03-19 19:14:07,256][org.springframework.beans.factory.support.DefaultListableBeanFactory]Creating shared instance of singleton bean 'transactionManager'
[DEBUG][2016-03-19 19:14:07,256][org.springframework.beans.factory.support.DefaultListableBeanFactory]Creating instance of bean 'transactionManager'
[DEBUG][2016-03-19 19:14:07,256][org.springframework.beans.factory.support.DefaultListableBeanFactory]Returning cached instance of singleton bean 'org.springframework.aop.support.DefaultBeanFactoryPointcutAdvisor#0'
[DEBUG][2016-03-19 19:14:07,256][org.springframework.beans.factory.support.DefaultListableBeanFactory]Returning cached instance of singleton bean 'org.springframework.aop.support.DefaultBeanFactoryPointcutAdvisor#1'
[DEBUG][2016-03-19 19:14:07,261][org.springframework.beans.factory.support.DefaultListableBeanFactory]Eagerly caching bean 'transactionManager' to allow for resolving potential circular references
[DEBUG][2016-03-19 19:14:07,266][org.springframework.beans.factory.support.DefaultListableBeanFactory]Returning cached instance of singleton bean 'dataSource'
[DEBUG][2016-03-19 19:14:07,266][org.springframework.beans.factory.support.DefaultListableBeanFactory]Invoking afterPropertiesSet() on bean with name 'transactionManager'
[DEBUG][2016-03-19 19:14:07,266][org.springframework.beans.factory.support.DefaultListableBeanFactory]Returning cached instance of singleton bean 'org.springframework.aop.support.DefaultBeanFactoryPointcutAdvisor#0'
[DEBUG][2016-03-19 19:14:07,266][org.springframework.beans.factory.support.DefaultListableBeanFactory]Returning cached instance of singleton bean 'org.springframework.aop.support.DefaultBeanFactoryPointcutAdvisor#1'
[DEBUG][2016-03-19 19:14:07,266][org.springframework.beans.factory.support.DefaultListableBeanFactory]Returning cached instance of singleton bean 'org.springframework.aop.support.DefaultBeanFactoryPointcutAdvisor#0'
[DEBUG][2016-03-19 19:14:07,266][org.springframework.beans.factory.support.DefaultListableBeanFactory]Returning cached instance of singleton bean 'org.springframework.aop.support.DefaultBeanFactoryPointcutAdvisor#1'
[DEBUG][2016-03-19 19:14:07,270][org.springframework.beans.factory.support.DefaultListableBeanFactory]Finished creating instance of bean 'transactionManager'
[DEBUG][2016-03-19 19:14:07,270][org.springframework.beans.factory.support.DefaultListableBeanFactory]Creating instance of bean '(inner bean)'
[DEBUG][2016-03-19 19:14:07,271][org.springframework.beans.factory.support.DefaultListableBeanFactory]Returning cached instance of singleton bean 'org.springframework.aop.support.DefaultBeanFactoryPointcutAdvisor#0'
[DEBUG][2016-03-19 19:14:07,271][org.springframework.beans.factory.support.DefaultListableBeanFactory]Returning cached instance of singleton bean 'org.springframework.aop.support.DefaultBeanFactoryPointcutAdvisor#1'
[DEBUG][2016-03-19 19:14:07,276][org.springframework.transaction.interceptor.NameMatchTransactionAttributeSource]Adding transactional method [add*] with attribute [PROPAGATION_REQUIRED,ISOLATION_DEFAULT]
[DEBUG][2016-03-19 19:14:07,276][org.springframework.transaction.interceptor.NameMatchTransactionAttributeSource]Adding transactional method [append*] with attribute [PROPAGATION_REQUIRED,ISOLATION_DEFAULT]
[DEBUG][2016-03-19 19:14:07,276][org.springframework.transaction.interceptor.NameMatchTransactionAttributeSource]Adding transactional method [insert*] with attribute [PROPAGATION_REQUIRED,ISOLATION_DEFAULT]
[DEBUG][2016-03-19 19:14:07,276][org.springframework.transaction.interceptor.NameMatchTransactionAttributeSource]Adding transactional method [save*] with attribute [PROPAGATION_REQUIRED,ISOLATION_DEFAULT]
[DEBUG][2016-03-19 19:14:07,276][org.springframework.transaction.interceptor.NameMatchTransactionAttributeSource]Adding transactional method [update*] with attribute [PROPAGATION_REQUIRED,ISOLATION_DEFAULT]
[DEBUG][2016-03-19 19:14:07,276][org.springframework.transaction.interceptor.NameMatchTransactionAttributeSource]Adding transactional method [modify*] with attribute [PROPAGATION_REQUIRED,ISOLATION_DEFAULT]
[DEBUG][2016-03-19 19:14:07,276][org.springframework.transaction.interceptor.NameMatchTransactionAttributeSource]Adding transactional method [edit*] with attribute [PROPAGATION_REQUIRED,ISOLATION_DEFAULT]
[DEBUG][2016-03-19 19:14:07,276][org.springframework.transaction.interceptor.NameMatchTransactionAttributeSource]Adding transactional method [delete*] with attribute [PROPAGATION_REQUIRED,ISOLATION_DEFAULT]
[DEBUG][2016-03-19 19:14:07,276][org.springframework.transaction.interceptor.NameMatchTransactionAttributeSource]Adding transactional method [remove*] with attribute [PROPAGATION_REQUIRED,ISOLATION_DEFAULT]
[DEBUG][2016-03-19 19:14:07,276][org.springframework.transaction.interceptor.NameMatchTransactionAttributeSource]Adding transactional method [repair] with attribute [PROPAGATION_REQUIRED,ISOLATION_DEFAULT]
[DEBUG][2016-03-19 19:14:07,276][org.springframework.transaction.interceptor.NameMatchTransactionAttributeSource]Adding transactional method [delAndRepair] with attribute [PROPAGATION_REQUIRED,ISOLATION_DEFAULT]
[DEBUG][2016-03-19 19:14:07,276][org.springframework.transaction.interceptor.NameMatchTransactionAttributeSource]Adding transactional method [get*] with attribute [PROPAGATION_SUPPORTS,ISOLATION_DEFAULT]
[DEBUG][2016-03-19 19:14:07,276][org.springframework.transaction.interceptor.NameMatchTransactionAttributeSource]Adding transactional method [find*] with attribute [PROPAGATION_SUPPORTS,ISOLATION_DEFAULT]
[DEBUG][2016-03-19 19:14:07,276][org.springframework.transaction.interceptor.NameMatchTransactionAttributeSource]Adding transactional method [load*] with attribute [PROPAGATION_SUPPORTS,ISOLATION_DEFAULT]
[DEBUG][2016-03-19 19:14:07,277][org.springframework.transaction.interceptor.NameMatchTransactionAttributeSource]Adding transactional method [search*] with attribute [PROPAGATION_SUPPORTS,ISOLATION_DEFAULT]
[DEBUG][2016-03-19 19:14:07,277][org.springframework.transaction.interceptor.NameMatchTransactionAttributeSource]Adding transactional method [datagrid*] with attribute [PROPAGATION_SUPPORTS,ISOLATION_DEFAULT]
[DEBUG][2016-03-19 19:14:07,277][org.springframework.transaction.interceptor.NameMatchTransactionAttributeSource]Adding transactional method [*] with attribute [PROPAGATION_SUPPORTS,ISOLATION_DEFAULT]
[DEBUG][2016-03-19 19:14:07,277][org.springframework.beans.factory.support.DefaultListableBeanFactory]Returning cached instance of singleton bean 'org.springframework.aop.support.DefaultBeanFactoryPointcutAdvisor#0'
[DEBUG][2016-03-19 19:14:07,277][org.springframework.beans.factory.support.DefaultListableBeanFactory]Returning cached instance of singleton bean 'org.springframework.aop.support.DefaultBeanFactoryPointcutAdvisor#1'
[DEBUG][2016-03-19 19:14:07,277][org.springframework.beans.factory.support.DefaultListableBeanFactory]Returning cached instance of singleton bean 'org.springframework.aop.support.DefaultBeanFactoryPointcutAdvisor#0'
[DEBUG][2016-03-19 19:14:07,277][org.springframework.beans.factory.support.DefaultListableBeanFactory]Returning cached instance of singleton bean 'org.springframework.aop.support.DefaultBeanFactoryPointcutAdvisor#1'
[DEBUG][2016-03-19 19:14:07,278][org.springframework.beans.factory.support.DefaultListableBeanFactory]Finished creating instance of bean '(inner bean)'
[DEBUG][2016-03-19 19:14:07,279][org.springframework.beans.factory.support.DefaultListableBeanFactory]Invoking afterPropertiesSet() on bean with name 'transactionAdvice'
[DEBUG][2016-03-19 19:14:07,279][org.springframework.beans.factory.support.DefaultListableBeanFactory]Finished creating instance of bean 'transactionAdvice'
[DEBUG][2016-03-19 19:14:07,280][org.springframework.beans.factory.support.DefaultListableBeanFactory]Creating shared instance of singleton bean 'druid-stat-interceptor'
[DEBUG][2016-03-19 19:14:07,280][org.springframework.beans.factory.support.DefaultListableBeanFactory]Creating instance of bean 'druid-stat-interceptor'
[DEBUG][2016-03-19 19:14:07,283][org.springframework.beans.factory.support.DefaultListableBeanFactory]Eagerly caching bean 'druid-stat-interceptor' to allow for resolving potential circular references
[DEBUG][2016-03-19 19:14:07,286][org.springframework.beans.factory.support.DefaultListableBeanFactory]Invoking afterPropertiesSet() on bean with name 'druid-stat-interceptor'
[DEBUG][2016-03-19 19:14:07,287][org.springframework.beans.factory.support.DefaultListableBeanFactory]Finished creating instance of bean 'druid-stat-interceptor'
[DEBUG][2016-03-19 19:14:07,295][org.springframework.aop.aspectj.autoproxy.AspectJAwareAdvisorAutoProxyCreator]Creating implicit proxy for bean 'userService' with 0 common interceptors and 3 specific interceptors
[DEBUG][2016-03-19 19:14:07,296][org.springframework.aop.framework.JdkDynamicAopProxy]Creating JDK dynamic proxy: target source is SingletonTargetSource for target object [sy.service.UserServiceImpl@5cff14be]
[DEBUG][2016-03-19 19:14:07,300][org.springframework.beans.factory.support.DefaultListableBeanFactory]Finished creating instance of bean 'userService'
[DEBUG][2016-03-19 19:14:07,300][org.springframework.beans.factory.support.DefaultListableBeanFactory]Returning cached instance of singleton bean 'org.springframework.context.annotation.internalConfigurationAnnotationProcessor'
[DEBUG][2016-03-19 19:14:07,300][org.springframework.beans.factory.support.DefaultListableBeanFactory]Returning cached instance of singleton bean 'org.springframework.context.annotation.internalAutowiredAnnotationProcessor'
[DEBUG][2016-03-19 19:14:07,300][org.springframework.beans.factory.support.DefaultListableBeanFactory]Returning cached instance of singleton bean 'org.springframework.context.annotation.internalRequiredAnnotationProcessor'
[DEBUG][2016-03-19 19:14:07,300][org.springframework.beans.factory.support.DefaultListableBeanFactory]Returning cached instance of singleton bean 'org.springframework.context.annotation.internalCommonAnnotationProcessor'
[DEBUG][2016-03-19 19:14:07,301][org.springframework.beans.factory.support.DefaultListableBeanFactory]Returning cached instance of singleton bean 'org.springframework.beans.factory.config.PropertyPlaceholderConfigurer#0'
[DEBUG][2016-03-19 19:14:07,301][org.springframework.beans.factory.support.DefaultListableBeanFactory]Returning cached instance of singleton bean 'dataSource'
[DEBUG][2016-03-19 19:14:07,301][org.springframework.beans.factory.support.DefaultListableBeanFactory]Returning cached instance of singleton bean 'sqlSessionFactory'
[DEBUG][2016-03-19 19:14:07,301][org.springframework.beans.factory.support.DefaultListableBeanFactory]Returning cached instance of singleton bean 'org.mybatis.spring.mapper.MapperScannerConfigurer#0'
[DEBUG][2016-03-19 19:14:07,301][org.springframework.beans.factory.support.DefaultListableBeanFactory]Returning cached instance of singleton bean 'transactionManager'
[DEBUG][2016-03-19 19:14:07,301][org.springframework.beans.factory.support.DefaultListableBeanFactory]Returning cached instance of singleton bean 'transactionAdvice'
[DEBUG][2016-03-19 19:14:07,301][org.springframework.beans.factory.support.DefaultListableBeanFactory]Returning cached instance of singleton bean 'org.springframework.aop.config.internalAutoProxyCreator'
[DEBUG][2016-03-19 19:14:07,301][org.springframework.beans.factory.support.DefaultListableBeanFactory]Returning cached instance of singleton bean 'org.springframework.aop.support.DefaultBeanFactoryPointcutAdvisor#0'
[DEBUG][2016-03-19 19:14:07,301][org.springframework.beans.factory.support.DefaultListableBeanFactory]Returning cached instance of singleton bean 'druid-stat-interceptor'
[DEBUG][2016-03-19 19:14:07,301][org.springframework.beans.factory.support.DefaultListableBeanFactory]Returning cached instance of singleton bean 'org.springframework.aop.support.DefaultBeanFactoryPointcutAdvisor#1'
[DEBUG][2016-03-19 19:14:07,301][org.springframework.beans.factory.support.DefaultListableBeanFactory]Returning cached instance of singleton bean 'org.springframework.context.annotation.ConfigurationClassPostProcessor$ImportAwareBeanPostProcessor#0'
[DEBUG][2016-03-19 19:14:07,301][org.springframework.beans.factory.support.DefaultListableBeanFactory]Returning cached instance of singleton bean 'userMapper'
[DEBUG][2016-03-19 19:14:07,303][org.springframework.context.support.GenericApplicationContext]Unable to locate LifecycleProcessor with name 'lifecycleProcessor': using default [org.springframework.context.support.DefaultLifecycleProcessor@6e5ed41e]
[DEBUG][2016-03-19 19:14:07,303][org.springframework.beans.factory.support.DefaultListableBeanFactory]Returning cached instance of singleton bean 'lifecycleProcessor'
[DEBUG][2016-03-19 19:14:07,304][org.springframework.beans.factory.support.DefaultListableBeanFactory]Returning cached instance of singleton bean 'sqlSessionFactory'
[DEBUG][2016-03-19 19:14:07,305][org.springframework.test.context.CacheAwareContextLoaderDelegate]Storing ApplicationContext in cache under key [[MergedContextConfiguration@c24cb3 testClass = TestUtil, locations = '{classpath:spring.xml, classpath:spring-mybatis.xml}', classes = '{}', contextInitializerClasses = '[]', activeProfiles = '{}', contextLoader = 'org.springframework.test.context.support.DelegatingSmartContextLoader', parent = [null]]]
[DEBUG][2016-03-19 19:14:07,305][org.springframework.test.context.cache]Spring test ApplicationContext cache statistics: [ContextCache@79278ae3 size = 1, hitCount = 0, missCount = 1, parentContextCount = 0]
[DEBUG][2016-03-19 19:14:07,307][org.springframework.beans.factory.annotation.InjectionMetadata]Found injected element on class [sy.test.TestUtil]: AutowiredMethodElement for public void sy.test.TestUtil.setUserService(sy.service.UserServiceI)
[DEBUG][2016-03-19 19:14:07,307][org.springframework.beans.factory.annotation.InjectionMetadata]Processing injected method of bean 'sy.test.TestUtil': AutowiredMethodElement for public void sy.test.TestUtil.setUserService(sy.service.UserServiceI)
[DEBUG][2016-03-19 19:14:07,307][org.springframework.beans.factory.support.DefaultListableBeanFactory]Returning cached instance of singleton bean 'userService'
[DEBUG][2016-03-19 19:14:07,307][org.springframework.beans.factory.annotation.AutowiredAnnotationBeanPostProcessor]Autowiring by type from bean name 'sy.test.TestUtil' to bean named 'userService'
[DEBUG][2016-03-19 19:14:07,307][org.springframework.beans.factory.support.DefaultListableBeanFactory]Returning cached instance of singleton bean 'org.springframework.aop.support.DefaultBeanFactoryPointcutAdvisor#0'
[DEBUG][2016-03-19 19:14:07,308][org.springframework.beans.factory.support.DefaultListableBeanFactory]Returning cached instance of singleton bean 'org.springframework.aop.support.DefaultBeanFactoryPointcutAdvisor#1'
[DEBUG][2016-03-19 19:14:07,308][org.springframework.beans.factory.support.DefaultListableBeanFactory]Returning cached instance of singleton bean 'org.springframework.aop.support.DefaultBeanFactoryPointcutAdvisor#0'
[DEBUG][2016-03-19 19:14:07,308][org.springframework.beans.factory.support.DefaultListableBeanFactory]Returning cached instance of singleton bean 'org.springframework.aop.support.DefaultBeanFactoryPointcutAdvisor#1'
[DEBUG][2016-03-19 19:14:07,326][org.mybatis.spring.SqlSessionUtils]Creating a new SqlSession
[DEBUG][2016-03-19 19:14:07,331][org.mybatis.spring.SqlSessionUtils]Registering transaction synchronization for SqlSession [org.apache.ibatis.session.defaults.DefaultSqlSession@24ed587c]
[DEBUG][2016-03-19 19:14:07,343][org.springframework.jdbc.datasource.DataSourceUtils]Fetching JDBC Connection from DataSource
[DEBUG][2016-03-19 19:14:07,343][org.springframework.jdbc.datasource.DataSourceUtils]Registering transaction synchronization for JDBC Connection
[DEBUG][2016-03-19 19:14:07,344][org.mybatis.spring.transaction.SpringManagedTransaction]JDBC Connection [com.alibaba.druid.proxy.jdbc.ConnectionProxyImpl@7d070026] will be managed by Spring
[DEBUG][2016-03-19 19:14:07,351][sy.dao.UserMapper.getUserById]==>  Preparing: select id, userName, userAge, userAddress from user where id = ? 
[DEBUG][2016-03-19 19:14:07,454][sy.dao.UserMapper.getUserById]==> Parameters: 1(Integer)
[DEBUG][2016-03-19 19:14:07,474][sy.dao.UserMapper.getUserById]<==      Total: 1
[DEBUG][2016-03-19 19:14:07,475][org.mybatis.spring.SqlSessionUtils]Releasing transactional SqlSession [org.apache.ibatis.session.defaults.DefaultSqlSession@24ed587c]
[DEBUG][2016-03-19 19:14:07,475][org.mybatis.spring.SqlSessionUtils]Transaction synchronization closing SqlSession [org.apache.ibatis.session.defaults.DefaultSqlSession@24ed587c]
[DEBUG][2016-03-19 19:14:07,476][org.springframework.jdbc.datasource.DataSourceUtils]Returning JDBC Connection to DataSource
[INFO][2016-03-19 19:14:07,476][sy.test.TestUtil]sy.model.User@1f04d183
[DEBUG][2016-03-19 19:14:07,476][org.springframework.test.context.support.DirtiesContextTestExecutionListener]After test method: context [[TestContext@24b9371e testClass = TestUtil, testInstance = sy.test.TestUtil@7bd1a567, testMethod = test@TestUtil, testException = [null], mergedContextConfiguration = [MergedContextConfiguration@c24cb3 testClass = TestUtil, locations = '{classpath:spring.xml, classpath:spring-mybatis.xml}', classes = '{}', contextInitializerClasses = '[]', activeProfiles = '{}', contextLoader = 'org.springframework.test.context.support.DelegatingSmartContextLoader', parent = [null]]]], class dirties context [false], class mode [null], method dirties context [false].
[DEBUG][2016-03-19 19:14:07,477][org.springframework.test.context.support.DirtiesContextTestExecutionListener]After test class: context [[TestContext@24b9371e testClass = TestUtil, testInstance = [null], testMethod = [null], testException = [null], mergedContextConfiguration = [MergedContextConfiguration@c24cb3 testClass = TestUtil, locations = '{classpath:spring.xml, classpath:spring-mybatis.xml}', classes = '{}', contextInitializerClasses = '[]', activeProfiles = '{}', contextLoader = 'org.springframework.test.context.support.DelegatingSmartContextLoader', parent = [null]]]], dirtiesContext [false].
[INFO][2016-03-19 19:14:07,478][org.springframework.context.support.GenericApplicationContext]Closing org.springframework.context.support.GenericApplicationContext@4ee993e: startup date [Sat Mar 19 19:14:06 CST 2016]; root of context hierarchy
[DEBUG][2016-03-19 19:14:07,478][org.springframework.beans.factory.support.DefaultListableBeanFactory]Returning cached instance of singleton bean 'sqlSessionFactory'
[DEBUG][2016-03-19 19:14:07,479][org.springframework.beans.factory.support.DefaultListableBeanFactory]Returning cached instance of singleton bean 'lifecycleProcessor'
[INFO][2016-03-19 19:14:07,479][org.springframework.beans.factory.support.DefaultListableBeanFactory]Destroying singletons in org.springframework.beans.factory.support.DefaultListableBeanFactory@429a3811: defining beans [userService,org.springframework.context.annotation.internalConfigurationAnnotationProcessor,org.springframework.context.annotation.internalAutowiredAnnotationProcessor,org.springframework.context.annotation.internalRequiredAnnotationProcessor,org.springframework.context.annotation.internalCommonAnnotationProcessor,org.springframework.beans.factory.config.PropertyPlaceholderConfigurer#0,dataSource,sqlSessionFactory,org.mybatis.spring.mapper.MapperScannerConfigurer#0,transactionManager,transactionAdvice,org.springframework.aop.config.internalAutoProxyCreator,transactionPointcut,org.springframework.aop.support.DefaultBeanFactoryPointcutAdvisor#0,druid-stat-interceptor,druid-stat-pointcut,org.springframework.aop.support.DefaultBeanFactoryPointcutAdvisor#1,org.springframework.context.annotation.ConfigurationClassPostProcessor$ImportAwareBeanPostProcessor#0,userMapper]; root of factory hierarchy
[DEBUG][2016-03-19 19:14:07,479][org.springframework.beans.factory.support.DefaultListableBeanFactory]Retrieved dependent beans for bean 'userService': [sy.test.TestUtil]
[DEBUG][2016-03-19 19:14:07,479][org.springframework.beans.factory.support.DisposableBeanAdapter]Invoking destroy() on bean with name 'druid-stat-interceptor'
[DEBUG][2016-03-19 19:14:07,479][org.springframework.beans.factory.support.DefaultListableBeanFactory]Retrieved dependent beans for bean '(inner bean)': [transactionAdvice]
[DEBUG][2016-03-19 19:14:07,479][org.springframework.beans.factory.support.DisposableBeanAdapter]Invoking destroy method 'close' on bean with name 'dataSource'
[INFO][2016-03-19 19:14:07,482][com.alibaba.druid.pool.DruidDataSource]{dataSource-1} closed
[DEBUG][2016-03-19 19:16:16,300][org.springframework.test.context.junit4.SpringJUnit4ClassRunner]SpringJUnit4ClassRunner constructor called with [class sy.test.TestUtil].
[DEBUG][2016-03-19 19:16:16,338][org.springframework.test.context.support.AbstractDelegatingSmartContextLoader]Delegating to GenericXmlContextLoader to process context configuration [ContextConfigurationAttributes@67acfedb declaringClass = 'sy.test.TestUtil', classes = '{}', locations = '{classpath:spring.xml, classpath:spring-mybatis.xml}', inheritLocations = true, initializers = '{}', inheritInitializers = true, name = [null], contextLoaderClass = 'org.springframework.test.context.ContextLoader'].
[DEBUG][2016-03-19 19:16:16,340][org.springframework.test.context.ContextLoaderUtils]Could not find an 'annotation declaring class' for annotation type [org.springframework.test.context.ActiveProfiles] and class [sy.test.TestUtil]
[DEBUG][2016-03-19 19:16:16,342][org.springframework.test.context.TestContextManager]@TestExecutionListeners is not present for class [sy.test.TestUtil]: using defaults.
[INFO][2016-03-19 19:16:16,348][org.springframework.test.context.TestContextManager]Could not instantiate TestExecutionListener [org.springframework.test.context.web.ServletTestExecutionListener]. Specify custom listener classes or make the default listener classes (and their required dependencies) available. Offending class: [org/springframework/web/context/request/RequestAttributes]
[DEBUG][2016-03-19 19:16:16,359][org.springframework.test.annotation.ProfileValueUtils]Retrieved @ProfileValueSourceConfiguration [null] for test class [sy.test.TestUtil]
[DEBUG][2016-03-19 19:16:16,359][org.springframework.test.annotation.ProfileValueUtils]Retrieved ProfileValueSource type [class org.springframework.test.annotation.SystemProfileValueSource] for class [sy.test.TestUtil]
[DEBUG][2016-03-19 19:16:16,361][org.springframework.test.annotation.ProfileValueUtils]Retrieved @ProfileValueSourceConfiguration [null] for test class [sy.test.TestUtil]
[DEBUG][2016-03-19 19:16:16,361][org.springframework.test.annotation.ProfileValueUtils]Retrieved ProfileValueSource type [class org.springframework.test.annotation.SystemProfileValueSource] for class [sy.test.TestUtil]
[DEBUG][2016-03-19 19:16:16,371][org.springframework.test.annotation.ProfileValueUtils]Retrieved @ProfileValueSourceConfiguration [null] for test class [sy.test.TestUtil]
[DEBUG][2016-03-19 19:16:16,372][org.springframework.test.annotation.ProfileValueUtils]Retrieved ProfileValueSource type [class org.springframework.test.annotation.SystemProfileValueSource] for class [sy.test.TestUtil]
[DEBUG][2016-03-19 19:16:16,373][org.springframework.test.annotation.ProfileValueUtils]Retrieved @ProfileValueSourceConfiguration [null] for test class [sy.test.TestUtil]
[DEBUG][2016-03-19 19:16:16,373][org.springframework.test.annotation.ProfileValueUtils]Retrieved ProfileValueSource type [class org.springframework.test.annotation.SystemProfileValueSource] for class [sy.test.TestUtil]
[DEBUG][2016-03-19 19:16:16,373][org.springframework.test.annotation.ProfileValueUtils]Retrieved @ProfileValueSourceConfiguration [null] for test class [sy.test.TestUtil]
[DEBUG][2016-03-19 19:16:16,373][org.springframework.test.annotation.ProfileValueUtils]Retrieved ProfileValueSource type [class org.springframework.test.annotation.SystemProfileValueSource] for class [sy.test.TestUtil]
[DEBUG][2016-03-19 19:16:16,375][org.springframework.test.annotation.ProfileValueUtils]Retrieved @ProfileValueSourceConfiguration [null] for test class [sy.test.TestUtil]
[DEBUG][2016-03-19 19:16:16,375][org.springframework.test.annotation.ProfileValueUtils]Retrieved ProfileValueSource type [class org.springframework.test.annotation.SystemProfileValueSource] for class [sy.test.TestUtil]
[DEBUG][2016-03-19 19:16:16,377][org.springframework.test.context.support.DependencyInjectionTestExecutionListener]Performing dependency injection for test context [[TestContext@2296c1d testClass = TestUtil, testInstance = sy.test.TestUtil@6d78e506, testMethod = [null], testException = [null], mergedContextConfiguration = [MergedContextConfiguration@1c042510 testClass = TestUtil, locations = '{classpath:spring.xml, classpath:spring-mybatis.xml}', classes = '{}', contextInitializerClasses = '[]', activeProfiles = '{}', contextLoader = 'org.springframework.test.context.support.DelegatingSmartContextLoader', parent = [null]]]].
[DEBUG][2016-03-19 19:16:16,377][org.springframework.test.context.support.AbstractDelegatingSmartContextLoader]Delegating to GenericXmlContextLoader to load context from [MergedContextConfiguration@1c042510 testClass = TestUtil, locations = '{classpath:spring.xml, classpath:spring-mybatis.xml}', classes = '{}', contextInitializerClasses = '[]', activeProfiles = '{}', contextLoader = 'org.springframework.test.context.support.DelegatingSmartContextLoader', parent = [null]].
[DEBUG][2016-03-19 19:16:16,377][org.springframework.test.context.support.AbstractGenericContextLoader]Loading ApplicationContext for merged context configuration [[MergedContextConfiguration@1c042510 testClass = TestUtil, locations = '{classpath:spring.xml, classpath:spring-mybatis.xml}', classes = '{}', contextInitializerClasses = '[]', activeProfiles = '{}', contextLoader = 'org.springframework.test.context.support.DelegatingSmartContextLoader', parent = [null]]].
[DEBUG][2016-03-19 19:16:16,420][org.springframework.core.env.StandardEnvironment]Adding [systemProperties] PropertySource with lowest search precedence
[DEBUG][2016-03-19 19:16:16,423][org.springframework.core.env.StandardEnvironment]Adding [systemEnvironment] PropertySource with lowest search precedence
[DEBUG][2016-03-19 19:16:16,424][org.springframework.core.env.StandardEnvironment]Initialized StandardEnvironment with PropertySources [systemProperties,systemEnvironment]
[DEBUG][2016-03-19 19:16:16,455][org.springframework.core.env.StandardEnvironment]Adding [systemProperties] PropertySource with lowest search precedence
[DEBUG][2016-03-19 19:16:16,455][org.springframework.core.env.StandardEnvironment]Adding [systemEnvironment] PropertySource with lowest search precedence
[DEBUG][2016-03-19 19:16:16,455][org.springframework.core.env.StandardEnvironment]Initialized StandardEnvironment with PropertySources [systemProperties,systemEnvironment]
[INFO][2016-03-19 19:16:16,461][org.springframework.beans.factory.xml.XmlBeanDefinitionReader]Loading XML bean definitions from class path resource [spring.xml]
[DEBUG][2016-03-19 19:16:16,481][org.springframework.beans.factory.xml.DefaultDocumentLoader]Using JAXP provider [com.sun.org.apache.xerces.internal.jaxp.DocumentBuilderFactoryImpl]
[DEBUG][2016-03-19 19:16:16,509][org.springframework.beans.factory.xml.PluggableSchemaResolver]Loading schema mappings from [META-INF/spring.schemas]
[DEBUG][2016-03-19 19:16:16,513][org.springframework.beans.factory.xml.PluggableSchemaResolver]Loaded schema mappings: {http://www.springframework.org/schema/util/spring-util.xsd=org/springframework/beans/factory/xml/spring-util-3.1.xsd, http://www.springframework.org/schema/task/spring-task.xsd=org/springframework/scheduling/config/spring-task-3.1.xsd, http://www.springframework.org/schema/beans/spring-beans-3.1.xsd=org/springframework/beans/factory/xml/spring-beans-3.1.xsd, http://www.springframework.org/schema/cache/spring-cache.xsd=org/springframework/cache/config/spring-cache-3.1.xsd, http://www.springframework.org/schema/aop/spring-aop-3.0.xsd=org/springframework/aop/config/spring-aop-3.0.xsd, http://www.springframework.org/schema/aop/spring-aop-2.0.xsd=org/springframework/aop/config/spring-aop-2.0.xsd, http://www.springframework.org/schema/task/spring-task-3.1.xsd=org/springframework/scheduling/config/spring-task-3.1.xsd, http://www.springframework.org/schema/tool/spring-tool-2.5.xsd=org/springframework/beans/factory/xml/spring-tool-2.5.xsd, http://www.springframework.org/schema/beans/spring-beans.xsd=org/springframework/beans/factory/xml/spring-beans-3.1.xsd, http://www.springframework.org/schema/jee/spring-jee-2.5.xsd=org/springframework/ejb/config/spring-jee-2.5.xsd, http://www.springframework.org/schema/jdbc/spring-jdbc-3.1.xsd=org/springframework/jdbc/config/spring-jdbc-3.1.xsd, http://www.springframework.org/schema/tool/spring-tool-3.1.xsd=org/springframework/beans/factory/xml/spring-tool-3.1.xsd, http://www.springframework.org/schema/aop/spring-aop.xsd=org/springframework/aop/config/spring-aop-3.1.xsd, http://www.springframework.org/schema/jee/spring-jee-3.1.xsd=org/springframework/ejb/config/spring-jee-3.1.xsd, http://www.springframework.org/schema/beans/spring-beans-2.0.xsd=org/springframework/beans/factory/xml/spring-beans-2.0.xsd, http://www.springframework.org/schema/beans/spring-beans-3.0.xsd=org/springframework/beans/factory/xml/spring-beans-3.0.xsd, http://www.springframework.org/schema/task/spring-task-3.0.xsd=org/springframework/scheduling/config/spring-task-3.0.xsd, http://www.springframework.org/schema/tx/spring-tx-2.5.xsd=org/springframework/transaction/config/spring-tx-2.5.xsd, http://www.springframework.org/schema/context/spring-context-2.5.xsd=org/springframework/context/config/spring-context-2.5.xsd, http://www.springframework.org/schema/jdbc/spring-jdbc-3.0.xsd=org/springframework/jdbc/config/spring-jdbc-3.0.xsd, http://www.springframework.org/schema/tool/spring-tool-3.0.xsd=org/springframework/beans/factory/xml/spring-tool-3.0.xsd, http://www.springframework.org/schema/lang/spring-lang.xsd=org/springframework/scripting/config/spring-lang-3.1.xsd, http://www.springframework.org/schema/tx/spring-tx.xsd=org/springframework/transaction/config/spring-tx-3.1.xsd, http://www.springframework.org/schema/tool/spring-tool-2.0.xsd=org/springframework/beans/factory/xml/spring-tool-2.0.xsd, http://www.springframework.org/schema/util/spring-util-2.5.xsd=org/springframework/beans/factory/xml/spring-util-2.5.xsd, http://www.springframework.org/schema/lang/spring-lang-2.5.xsd=org/springframework/scripting/config/spring-lang-2.5.xsd, http://www.springframework.org/schema/jee/spring-jee-3.0.xsd=org/springframework/ejb/config/spring-jee-3.0.xsd, http://www.springframework.org/schema/jee/spring-jee-2.0.xsd=org/springframework/ejb/config/spring-jee-2.0.xsd, http://www.springframework.org/schema/tx/spring-tx-3.1.xsd=org/springframework/transaction/config/spring-tx-3.1.xsd, http://www.springframework.org/schema/context/spring-context-3.1.xsd=org/springframework/context/config/spring-context-3.1.xsd, http://www.springframework.org/schema/util/spring-util-3.1.xsd=org/springframework/beans/factory/xml/spring-util-3.1.xsd, http://www.springframework.org/schema/lang/spring-lang-3.1.xsd=org/springframework/scripting/config/spring-lang-3.1.xsd, http://www.springframework.org/schema/cache/spring-cache-3.1.xsd=org/springframework/cache/config/spring-cache-3.1.xsd, http://www.springframework.org/schema/context/spring-context.xsd=org/springframework/context/config/spring-context-3.1.xsd, http://www.springframework.org/schema/jee/spring-jee.xsd=org/springframework/ejb/config/spring-jee-3.1.xsd, http://www.springframework.org/schema/aop/spring-aop-2.5.xsd=org/springframework/aop/config/spring-aop-2.5.xsd, http://www.springframework.org/schema/jdbc/spring-jdbc.xsd=org/springframework/jdbc/config/spring-jdbc-3.1.xsd, http://www.springframework.org/schema/aop/spring-aop-3.1.xsd=org/springframework/aop/config/spring-aop-3.1.xsd, http://www.springframework.org/schema/tx/spring-tx-2.0.xsd=org/springframework/transaction/config/spring-tx-2.0.xsd, http://www.springframework.org/schema/tx/spring-tx-3.0.xsd=org/springframework/transaction/config/spring-tx-3.0.xsd, http://www.springframework.org/schema/context/spring-context-3.0.xsd=org/springframework/context/config/spring-context-3.0.xsd, http://www.springframework.org/schema/tool/spring-tool.xsd=org/springframework/beans/factory/xml/spring-tool-3.1.xsd, http://www.springframework.org/schema/util/spring-util-3.0.xsd=org/springframework/beans/factory/xml/spring-util-3.0.xsd, http://www.alibaba.com/schema/stat.xsd=META-INF/stat.xsd, http://www.springframework.org/schema/lang/spring-lang-3.0.xsd=org/springframework/scripting/config/spring-lang-3.0.xsd, http://www.springframework.org/schema/util/spring-util-2.0.xsd=org/springframework/beans/factory/xml/spring-util-2.0.xsd, http://www.springframework.org/schema/lang/spring-lang-2.0.xsd=org/springframework/scripting/config/spring-lang-2.0.xsd, http://www.springframework.org/schema/beans/spring-beans-2.5.xsd=org/springframework/beans/factory/xml/spring-beans-2.5.xsd}
[DEBUG][2016-03-19 19:16:16,514][org.springframework.beans.factory.xml.PluggableSchemaResolver]Found XML schema [http://www.springframework.org/schema/beans/spring-beans-3.0.xsd] in classpath: org/springframework/beans/factory/xml/spring-beans-3.0.xsd
[DEBUG][2016-03-19 19:16:16,555][org.springframework.beans.factory.xml.PluggableSchemaResolver]Found XML schema [http://www.springframework.org/schema/context/spring-context-3.0.xsd] in classpath: org/springframework/context/config/spring-context-3.0.xsd
[DEBUG][2016-03-19 19:16:16,563][org.springframework.beans.factory.xml.PluggableSchemaResolver]Found XML schema [http://www.springframework.org/schema/tool/spring-tool-3.0.xsd] in classpath: org/springframework/beans/factory/xml/spring-tool-3.0.xsd
[DEBUG][2016-03-19 19:16:16,572][org.springframework.beans.factory.xml.DefaultBeanDefinitionDocumentReader]Loading bean definitions
[DEBUG][2016-03-19 19:16:16,583][org.springframework.beans.factory.xml.DefaultNamespaceHandlerResolver]Loaded NamespaceHandler mappings: {http://www.springframework.org/schema/p=org.springframework.beans.factory.xml.SimplePropertyNamespaceHandler, http://www.springframework.org/schema/util=org.springframework.beans.factory.xml.UtilNamespaceHandler, http://www.alibaba.com/schema/stat=com.alibaba.druid.support.spring.stat.config.DruidStatNamespaceHandler, http://www.springframework.org/schema/jee=org.springframework.ejb.config.JeeNamespaceHandler, http://www.springframework.org/schema/aop=org.springframework.aop.config.AopNamespaceHandler, http://www.springframework.org/schema/jdbc=org.springframework.jdbc.config.JdbcNamespaceHandler, http://www.springframework.org/schema/cache=org.springframework.cache.config.CacheNamespaceHandler, http://www.springframework.org/schema/c=org.springframework.beans.factory.xml.SimpleConstructorNamespaceHandler, http://www.springframework.org/schema/tx=org.springframework.transaction.config.TxNamespaceHandler, http://www.springframework.org/schema/task=org.springframework.scheduling.config.TaskNamespaceHandler, http://www.springframework.org/schema/lang=org.springframework.scripting.config.LangNamespaceHandler, http://www.springframework.org/schema/context=org.springframework.context.config.ContextNamespaceHandler}
[DEBUG][2016-03-19 19:16:16,601][org.springframework.core.io.support.PathMatchingResourcePatternResolver]Looking for matching resources in directory tree [D:\eclipse-workspace\test\target\classes\sy\service]
[DEBUG][2016-03-19 19:16:16,602][org.springframework.core.io.support.PathMatchingResourcePatternResolver]Searching directory [D:\eclipse-workspace\test\target\classes\sy\service] for files matching pattern [D:/eclipse-workspace/test/target/classes/sy/service/**/*.class]
[DEBUG][2016-03-19 19:16:16,604][org.springframework.core.io.support.PathMatchingResourcePatternResolver]Resolved location pattern [classpath*:sy/service/**/*.class] to resources [file [D:\eclipse-workspace\test\target\classes\sy\service\UserServiceI.class], file [D:\eclipse-workspace\test\target\classes\sy\service\UserServiceImpl.class]]
[DEBUG][2016-03-19 19:16:16,626][org.springframework.context.annotation.ClassPathBeanDefinitionScanner]Identified candidate component class: file [D:\eclipse-workspace\test\target\classes\sy\service\UserServiceImpl.class]
[DEBUG][2016-03-19 19:16:16,640][org.springframework.beans.factory.xml.XmlBeanDefinitionReader]Loaded 6 bean definitions from location pattern [classpath:spring.xml]
[INFO][2016-03-19 19:16:16,640][org.springframework.beans.factory.xml.XmlBeanDefinitionReader]Loading XML bean definitions from class path resource [spring-mybatis.xml]
[DEBUG][2016-03-19 19:16:16,641][org.springframework.beans.factory.xml.DefaultDocumentLoader]Using JAXP provider [com.sun.org.apache.xerces.internal.jaxp.DocumentBuilderFactoryImpl]
[DEBUG][2016-03-19 19:16:16,643][org.springframework.beans.factory.xml.PluggableSchemaResolver]Found XML schema [http://www.springframework.org/schema/beans/spring-beans-3.0.xsd] in classpath: org/springframework/beans/factory/xml/spring-beans-3.0.xsd
[DEBUG][2016-03-19 19:16:16,663][org.springframework.beans.factory.xml.PluggableSchemaResolver]Found XML schema [http://www.springframework.org/schema/tx/spring-tx-3.0.xsd] in classpath: org/springframework/transaction/config/spring-tx-3.0.xsd
[DEBUG][2016-03-19 19:16:16,666][org.springframework.beans.factory.xml.PluggableSchemaResolver]Found XML schema [http://www.springframework.org/schema/tool/spring-tool-3.0.xsd] in classpath: org/springframework/beans/factory/xml/spring-tool-3.0.xsd
[DEBUG][2016-03-19 19:16:16,672][org.springframework.beans.factory.xml.PluggableSchemaResolver]Found XML schema [http://www.springframework.org/schema/aop/spring-aop-3.0.xsd] in classpath: org/springframework/aop/config/spring-aop-3.0.xsd
[DEBUG][2016-03-19 19:16:16,681][org.springframework.beans.factory.xml.DefaultBeanDefinitionDocumentReader]Loading bean definitions
[DEBUG][2016-03-19 19:16:16,682][org.springframework.beans.factory.xml.BeanDefinitionParserDelegate]No XML 'id' specified - using 'dataSource' as bean name and [] as aliases
[DEBUG][2016-03-19 19:16:16,688][org.springframework.beans.factory.xml.BeanDefinitionParserDelegate]Neither XML 'id' nor 'name' specified - using generated bean name [org.mybatis.spring.mapper.MapperScannerConfigurer#0]
[DEBUG][2016-03-19 19:16:16,712][org.springframework.beans.factory.xml.XmlBeanDefinitionReader]Loaded 11 bean definitions from location pattern [classpath:spring-mybatis.xml]
[INFO][2016-03-19 19:16:16,715][org.springframework.context.support.GenericApplicationContext]Refreshing org.springframework.context.support.GenericApplicationContext@74c31651: startup date [Sat Mar 19 19:16:16 CST 2016]; root of context hierarchy
[DEBUG][2016-03-19 19:16:16,715][org.springframework.context.support.GenericApplicationContext]Bean factory for org.springframework.context.support.GenericApplicationContext@74c31651: org.springframework.beans.factory.support.DefaultListableBeanFactory@1735949d: defining beans [userService,org.springframework.context.annotation.internalConfigurationAnnotationProcessor,org.springframework.context.annotation.internalAutowiredAnnotationProcessor,org.springframework.context.annotation.internalRequiredAnnotationProcessor,org.springframework.context.annotation.internalCommonAnnotationProcessor,org.springframework.beans.factory.config.PropertyPlaceholderConfigurer#0,dataSource,sqlSessionFactory,org.mybatis.spring.mapper.MapperScannerConfigurer#0,transactionManager,transactionAdvice,org.springframework.aop.config.internalAutoProxyCreator,transactionPointcut,org.springframework.aop.support.DefaultBeanFactoryPointcutAdvisor#0,druid-stat-interceptor,druid-stat-pointcut,org.springframework.aop.support.DefaultBeanFactoryPointcutAdvisor#1]; root of factory hierarchy
[DEBUG][2016-03-19 19:16:16,737][org.springframework.beans.factory.support.DefaultListableBeanFactory]Creating shared instance of singleton bean 'org.springframework.context.annotation.internalConfigurationAnnotationProcessor'
[DEBUG][2016-03-19 19:16:16,737][org.springframework.beans.factory.support.DefaultListableBeanFactory]Creating instance of bean 'org.springframework.context.annotation.internalConfigurationAnnotationProcessor'
[DEBUG][2016-03-19 19:16:16,751][org.springframework.beans.factory.support.DefaultListableBeanFactory]Eagerly caching bean 'org.springframework.context.annotation.internalConfigurationAnnotationProcessor' to allow for resolving potential circular references
[DEBUG][2016-03-19 19:16:16,752][org.springframework.beans.factory.support.DefaultListableBeanFactory]Finished creating instance of bean 'org.springframework.context.annotation.internalConfigurationAnnotationProcessor'
[DEBUG][2016-03-19 19:16:16,752][org.springframework.beans.factory.support.DefaultListableBeanFactory]Creating shared instance of singleton bean 'org.mybatis.spring.mapper.MapperScannerConfigurer#0'
[DEBUG][2016-03-19 19:16:16,752][org.springframework.beans.factory.support.DefaultListableBeanFactory]Creating instance of bean 'org.mybatis.spring.mapper.MapperScannerConfigurer#0'
[DEBUG][2016-03-19 19:16:16,753][org.springframework.beans.factory.support.DefaultListableBeanFactory]Eagerly caching bean 'org.mybatis.spring.mapper.MapperScannerConfigurer#0' to allow for resolving potential circular references
[DEBUG][2016-03-19 19:16:16,785][org.springframework.beans.factory.support.DefaultListableBeanFactory]Invoking afterPropertiesSet() on bean with name 'org.mybatis.spring.mapper.MapperScannerConfigurer#0'
[DEBUG][2016-03-19 19:16:16,785][org.springframework.beans.factory.support.DefaultListableBeanFactory]Finished creating instance of bean 'org.mybatis.spring.mapper.MapperScannerConfigurer#0'
[DEBUG][2016-03-19 19:16:16,829][org.springframework.core.env.StandardEnvironment]Adding [systemProperties] PropertySource with lowest search precedence
[DEBUG][2016-03-19 19:16:16,829][org.springframework.core.env.StandardEnvironment]Adding [systemEnvironment] PropertySource with lowest search precedence
[DEBUG][2016-03-19 19:16:16,829][org.springframework.core.env.StandardEnvironment]Initialized StandardEnvironment with PropertySources [systemProperties,systemEnvironment]
[DEBUG][2016-03-19 19:16:16,831][org.springframework.core.io.support.PathMatchingResourcePatternResolver]Looking for matching resources in directory tree [D:\eclipse-workspace\test\target\classes\sy\dao]
[DEBUG][2016-03-19 19:16:16,831][org.springframework.core.io.support.PathMatchingResourcePatternResolver]Searching directory [D:\eclipse-workspace\test\target\classes\sy\dao] for files matching pattern [D:/eclipse-workspace/test/target/classes/sy/dao/**/*.class]
[DEBUG][2016-03-19 19:16:16,831][org.springframework.core.io.support.PathMatchingResourcePatternResolver]Resolved location pattern [classpath*:sy/dao/**/*.class] to resources [file [D:\eclipse-workspace\test\target\classes\sy\dao\UserMapper.class]]
[DEBUG][2016-03-19 19:16:16,832][org.mybatis.spring.mapper.MapperScannerConfigurer$Scanner]Identified candidate component class: file [D:\eclipse-workspace\test\target\classes\sy\dao\UserMapper.class]
[DEBUG][2016-03-19 19:16:16,832][org.mybatis.spring.mapper.MapperScannerConfigurer$Scanner]Creating MapperFactoryBean with name 'userMapper' and 'sy.dao.UserMapper' mapperInterface
[DEBUG][2016-03-19 19:16:16,834][org.springframework.beans.factory.support.DefaultListableBeanFactory]Creating shared instance of singleton bean 'org.springframework.beans.factory.config.PropertyPlaceholderConfigurer#0'
[DEBUG][2016-03-19 19:16:16,834][org.springframework.beans.factory.support.DefaultListableBeanFactory]Creating instance of bean 'org.springframework.beans.factory.config.PropertyPlaceholderConfigurer#0'
[DEBUG][2016-03-19 19:16:16,835][org.springframework.beans.factory.support.DefaultListableBeanFactory]Eagerly caching bean 'org.springframework.beans.factory.config.PropertyPlaceholderConfigurer#0' to allow for resolving potential circular references
[DEBUG][2016-03-19 19:16:16,845][org.springframework.beans.factory.support.DefaultListableBeanFactory]Finished creating instance of bean 'org.springframework.beans.factory.config.PropertyPlaceholderConfigurer#0'
[INFO][2016-03-19 19:16:16,845][org.springframework.beans.factory.config.PropertyPlaceholderConfigurer]Loading properties file from class path resource [config.properties]
[DEBUG][2016-03-19 19:16:16,850][org.springframework.beans.factory.support.DefaultListableBeanFactory]Creating shared instance of singleton bean 'org.springframework.context.annotation.internalAutowiredAnnotationProcessor'
[DEBUG][2016-03-19 19:16:16,850][org.springframework.beans.factory.support.DefaultListableBeanFactory]Creating instance of bean 'org.springframework.context.annotation.internalAutowiredAnnotationProcessor'
[DEBUG][2016-03-19 19:16:16,850][org.springframework.beans.factory.support.DefaultListableBeanFactory]Eagerly caching bean 'org.springframework.context.annotation.internalAutowiredAnnotationProcessor' to allow for resolving potential circular references
[DEBUG][2016-03-19 19:16:16,850][org.springframework.beans.factory.support.DefaultListableBeanFactory]Finished creating instance of bean 'org.springframework.context.annotation.internalAutowiredAnnotationProcessor'
[DEBUG][2016-03-19 19:16:16,850][org.springframework.beans.factory.support.DefaultListableBeanFactory]Creating shared instance of singleton bean 'org.springframework.context.annotation.internalRequiredAnnotationProcessor'
[DEBUG][2016-03-19 19:16:16,851][org.springframework.beans.factory.support.DefaultListableBeanFactory]Creating instance of bean 'org.springframework.context.annotation.internalRequiredAnnotationProcessor'
[DEBUG][2016-03-19 19:16:16,851][org.springframework.beans.factory.support.DefaultListableBeanFactory]Eagerly caching bean 'org.springframework.context.annotation.internalRequiredAnnotationProcessor' to allow for resolving potential circular references
[DEBUG][2016-03-19 19:16:16,851][org.springframework.beans.factory.support.DefaultListableBeanFactory]Finished creating instance of bean 'org.springframework.context.annotation.internalRequiredAnnotationProcessor'
[DEBUG][2016-03-19 19:16:16,851][org.springframework.beans.factory.support.DefaultListableBeanFactory]Creating shared instance of singleton bean 'org.springframework.context.annotation.internalCommonAnnotationProcessor'
[DEBUG][2016-03-19 19:16:16,851][org.springframework.beans.factory.support.DefaultListableBeanFactory]Creating instance of bean 'org.springframework.context.annotation.internalCommonAnnotationProcessor'
[DEBUG][2016-03-19 19:16:16,855][org.springframework.beans.factory.support.DefaultListableBeanFactory]Eagerly caching bean 'org.springframework.context.annotation.internalCommonAnnotationProcessor' to allow for resolving potential circular references
[DEBUG][2016-03-19 19:16:16,855][org.springframework.beans.factory.support.DefaultListableBeanFactory]Finished creating instance of bean 'org.springframework.context.annotation.internalCommonAnnotationProcessor'
[DEBUG][2016-03-19 19:16:16,855][org.springframework.beans.factory.support.DefaultListableBeanFactory]Creating shared instance of singleton bean 'org.springframework.context.annotation.ConfigurationClassPostProcessor$ImportAwareBeanPostProcessor#0'
[DEBUG][2016-03-19 19:16:16,855][org.springframework.beans.factory.support.DefaultListableBeanFactory]Creating instance of bean 'org.springframework.context.annotation.ConfigurationClassPostProcessor$ImportAwareBeanPostProcessor#0'
[DEBUG][2016-03-19 19:16:16,855][org.springframework.beans.factory.support.DefaultListableBeanFactory]Eagerly caching bean 'org.springframework.context.annotation.ConfigurationClassPostProcessor$ImportAwareBeanPostProcessor#0' to allow for resolving potential circular references
[DEBUG][2016-03-19 19:16:16,855][org.springframework.beans.factory.support.DefaultListableBeanFactory]Finished creating instance of bean 'org.springframework.context.annotation.ConfigurationClassPostProcessor$ImportAwareBeanPostProcessor#0'
[DEBUG][2016-03-19 19:16:16,856][org.springframework.beans.factory.support.DefaultListableBeanFactory]Creating shared instance of singleton bean 'org.springframework.aop.config.internalAutoProxyCreator'
[DEBUG][2016-03-19 19:16:16,856][org.springframework.beans.factory.support.DefaultListableBeanFactory]Creating instance of bean 'org.springframework.aop.config.internalAutoProxyCreator'
[DEBUG][2016-03-19 19:16:16,862][org.springframework.beans.factory.support.DefaultListableBeanFactory]Eagerly caching bean 'org.springframework.aop.config.internalAutoProxyCreator' to allow for resolving potential circular references
[DEBUG][2016-03-19 19:16:16,875][org.springframework.beans.factory.support.DefaultListableBeanFactory]Finished creating instance of bean 'org.springframework.aop.config.internalAutoProxyCreator'
[DEBUG][2016-03-19 19:16:16,877][org.springframework.context.support.GenericApplicationContext]Unable to locate MessageSource with name 'messageSource': using default [org.springframework.context.support.DelegatingMessageSource@11346f77]
[DEBUG][2016-03-19 19:16:16,878][org.springframework.context.support.GenericApplicationContext]Unable to locate ApplicationEventMulticaster with name 'applicationEventMulticaster': using default [org.springframework.context.event.SimpleApplicationEventMulticaster@14545e37]
[INFO][2016-03-19 19:16:16,880][org.springframework.beans.factory.support.DefaultListableBeanFactory]Pre-instantiating singletons in org.springframework.beans.factory.support.DefaultListableBeanFactory@1735949d: defining beans [userService,org.springframework.context.annotation.internalConfigurationAnnotationProcessor,org.springframework.context.annotation.internalAutowiredAnnotationProcessor,org.springframework.context.annotation.internalRequiredAnnotationProcessor,org.springframework.context.annotation.internalCommonAnnotationProcessor,org.springframework.beans.factory.config.PropertyPlaceholderConfigurer#0,dataSource,sqlSessionFactory,org.mybatis.spring.mapper.MapperScannerConfigurer#0,transactionManager,transactionAdvice,org.springframework.aop.config.internalAutoProxyCreator,transactionPointcut,org.springframework.aop.support.DefaultBeanFactoryPointcutAdvisor#0,druid-stat-interceptor,druid-stat-pointcut,org.springframework.aop.support.DefaultBeanFactoryPointcutAdvisor#1,org.springframework.context.annotation.ConfigurationClassPostProcessor$ImportAwareBeanPostProcessor#0,userMapper]; root of factory hierarchy
[DEBUG][2016-03-19 19:16:16,880][org.springframework.beans.factory.support.DefaultListableBeanFactory]Creating shared instance of singleton bean 'userService'
[DEBUG][2016-03-19 19:16:16,880][org.springframework.beans.factory.support.DefaultListableBeanFactory]Creating instance of bean 'userService'
[DEBUG][2016-03-19 19:16:16,881][org.springframework.beans.factory.support.DefaultListableBeanFactory]Creating shared instance of singleton bean 'org.springframework.aop.support.DefaultBeanFactoryPointcutAdvisor#0'
[DEBUG][2016-03-19 19:16:16,881][org.springframework.beans.factory.support.DefaultListableBeanFactory]Creating instance of bean 'org.springframework.aop.support.DefaultBeanFactoryPointcutAdvisor#0'
[DEBUG][2016-03-19 19:16:16,882][org.springframework.beans.factory.support.DefaultListableBeanFactory]Eagerly caching bean 'org.springframework.aop.support.DefaultBeanFactoryPointcutAdvisor#0' to allow for resolving potential circular references
[DEBUG][2016-03-19 19:16:16,888][org.springframework.beans.factory.support.DefaultListableBeanFactory]Creating instance of bean 'transactionPointcut'
[DEBUG][2016-03-19 19:16:16,895][org.springframework.beans.factory.support.DefaultListableBeanFactory]Finished creating instance of bean 'transactionPointcut'
[DEBUG][2016-03-19 19:16:16,896][org.springframework.beans.factory.support.DefaultListableBeanFactory]Finished creating instance of bean 'org.springframework.aop.support.DefaultBeanFactoryPointcutAdvisor#0'
[DEBUG][2016-03-19 19:16:16,896][org.springframework.beans.factory.support.DefaultListableBeanFactory]Creating shared instance of singleton bean 'org.springframework.aop.support.DefaultBeanFactoryPointcutAdvisor#1'
[DEBUG][2016-03-19 19:16:16,896][org.springframework.beans.factory.support.DefaultListableBeanFactory]Creating instance of bean 'org.springframework.aop.support.DefaultBeanFactoryPointcutAdvisor#1'
[DEBUG][2016-03-19 19:16:16,896][org.springframework.beans.factory.support.DefaultListableBeanFactory]Eagerly caching bean 'org.springframework.aop.support.DefaultBeanFactoryPointcutAdvisor#1' to allow for resolving potential circular references
[DEBUG][2016-03-19 19:16:16,896][org.springframework.beans.factory.support.DefaultListableBeanFactory]Creating instance of bean 'druid-stat-pointcut'
[DEBUG][2016-03-19 19:16:16,896][org.springframework.beans.factory.support.DefaultListableBeanFactory]Returning cached instance of singleton bean 'org.springframework.aop.support.DefaultBeanFactoryPointcutAdvisor#0'
[DEBUG][2016-03-19 19:16:16,913][org.springframework.beans.factory.support.DefaultListableBeanFactory]Returning cached instance of singleton bean 'org.springframework.aop.support.DefaultBeanFactoryPointcutAdvisor#0'
[DEBUG][2016-03-19 19:16:16,914][org.springframework.beans.factory.support.DefaultListableBeanFactory]Returning cached instance of singleton bean 'org.springframework.aop.support.DefaultBeanFactoryPointcutAdvisor#0'
[DEBUG][2016-03-19 19:16:17,052][org.springframework.beans.factory.support.DefaultListableBeanFactory]Finished creating instance of bean 'druid-stat-pointcut'
[DEBUG][2016-03-19 19:16:17,052][org.springframework.beans.factory.support.DefaultListableBeanFactory]Finished creating instance of bean 'org.springframework.aop.support.DefaultBeanFactoryPointcutAdvisor#1'
[DEBUG][2016-03-19 19:16:17,057][org.springframework.beans.factory.annotation.InjectionMetadata]Found injected element on class [sy.service.UserServiceImpl]: AutowiredMethodElement for public void sy.service.UserServiceImpl.setUserMapper(sy.dao.UserMapper)
[DEBUG][2016-03-19 19:16:17,057][org.springframework.beans.factory.support.DefaultListableBeanFactory]Eagerly caching bean 'userService' to allow for resolving potential circular references
[DEBUG][2016-03-19 19:16:17,057][org.springframework.beans.factory.annotation.InjectionMetadata]Processing injected method of bean 'userService': AutowiredMethodElement for public void sy.service.UserServiceImpl.setUserMapper(sy.dao.UserMapper)
[DEBUG][2016-03-19 19:16:17,058][org.springframework.beans.factory.support.DefaultListableBeanFactory]Returning cached instance of singleton bean 'org.springframework.aop.support.DefaultBeanFactoryPointcutAdvisor#0'
[DEBUG][2016-03-19 19:16:17,058][org.springframework.beans.factory.support.DefaultListableBeanFactory]Returning cached instance of singleton bean 'org.springframework.aop.support.DefaultBeanFactoryPointcutAdvisor#1'
[DEBUG][2016-03-19 19:16:17,062][org.apache.ibatis.logging.LogFactory]Logging initialized using 'class org.apache.ibatis.logging.commons.JakartaCommonsLoggingImpl' adapter.
[DEBUG][2016-03-19 19:16:17,065][org.springframework.beans.factory.support.DefaultListableBeanFactory]Returning cached instance of singleton bean 'org.springframework.aop.support.DefaultBeanFactoryPointcutAdvisor#0'
[DEBUG][2016-03-19 19:16:17,065][org.springframework.beans.factory.support.DefaultListableBeanFactory]Returning cached instance of singleton bean 'org.springframework.aop.support.DefaultBeanFactoryPointcutAdvisor#1'
[DEBUG][2016-03-19 19:16:17,065][org.springframework.beans.factory.support.DefaultListableBeanFactory]Creating shared instance of singleton bean 'userMapper'
[DEBUG][2016-03-19 19:16:17,065][org.springframework.beans.factory.support.DefaultListableBeanFactory]Creating instance of bean 'userMapper'
[DEBUG][2016-03-19 19:16:17,069][org.springframework.beans.factory.annotation.InjectionMetadata]Found injected element on class [org.mybatis.spring.mapper.MapperFactoryBean]: AutowiredMethodElement for public final void org.mybatis.spring.support.SqlSessionDaoSupport.setSqlSessionTemplate(org.mybatis.spring.SqlSessionTemplate)
[DEBUG][2016-03-19 19:16:17,069][org.springframework.beans.factory.annotation.InjectionMetadata]Found injected element on class [org.mybatis.spring.mapper.MapperFactoryBean]: AutowiredMethodElement for public final void org.mybatis.spring.support.SqlSessionDaoSupport.setSqlSessionFactory(org.apache.ibatis.session.SqlSessionFactory)
[DEBUG][2016-03-19 19:16:17,070][org.springframework.beans.factory.support.DefaultListableBeanFactory]Eagerly caching bean 'userMapper' to allow for resolving potential circular references
[DEBUG][2016-03-19 19:16:17,075][org.springframework.beans.factory.annotation.InjectionMetadata]Processing injected method of bean 'userMapper': AutowiredMethodElement for public final void org.mybatis.spring.support.SqlSessionDaoSupport.setSqlSessionTemplate(org.mybatis.spring.SqlSessionTemplate)
[DEBUG][2016-03-19 19:16:17,075][org.springframework.beans.factory.support.DefaultListableBeanFactory]Returning cached instance of singleton bean 'org.springframework.aop.support.DefaultBeanFactoryPointcutAdvisor#0'
[DEBUG][2016-03-19 19:16:17,075][org.springframework.beans.factory.support.DefaultListableBeanFactory]Returning cached instance of singleton bean 'org.springframework.aop.support.DefaultBeanFactoryPointcutAdvisor#1'
[DEBUG][2016-03-19 19:16:17,075][org.springframework.beans.factory.support.DefaultListableBeanFactory]Returning cached instance of singleton bean 'org.springframework.aop.support.DefaultBeanFactoryPointcutAdvisor#0'
[DEBUG][2016-03-19 19:16:17,075][org.springframework.beans.factory.support.DefaultListableBeanFactory]Returning cached instance of singleton bean 'org.springframework.aop.support.DefaultBeanFactoryPointcutAdvisor#1'
[DEBUG][2016-03-19 19:16:17,081][org.springframework.beans.factory.support.DefaultListableBeanFactory]Returning eagerly cached instance of singleton bean 'userMapper' that is not fully initialized yet - a consequence of a circular reference
[DEBUG][2016-03-19 19:16:17,081][org.springframework.beans.factory.annotation.InjectionMetadata]Processing injected method of bean 'userMapper': AutowiredMethodElement for public final void org.mybatis.spring.support.SqlSessionDaoSupport.setSqlSessionFactory(org.apache.ibatis.session.SqlSessionFactory)
[DEBUG][2016-03-19 19:16:17,082][org.springframework.beans.factory.support.DefaultListableBeanFactory]Creating shared instance of singleton bean 'sqlSessionFactory'
[DEBUG][2016-03-19 19:16:17,082][org.springframework.beans.factory.support.DefaultListableBeanFactory]Creating instance of bean 'sqlSessionFactory'
[DEBUG][2016-03-19 19:16:17,083][org.springframework.beans.factory.support.DefaultListableBeanFactory]Eagerly caching bean 'sqlSessionFactory' to allow for resolving potential circular references
[DEBUG][2016-03-19 19:16:17,087][org.springframework.beans.factory.support.DefaultListableBeanFactory]Creating shared instance of singleton bean 'dataSource'
[DEBUG][2016-03-19 19:16:17,088][org.springframework.beans.factory.support.DefaultListableBeanFactory]Creating instance of bean 'dataSource'
[DEBUG][2016-03-19 19:16:17,088][org.springframework.beans.factory.support.DefaultListableBeanFactory]Returning cached instance of singleton bean 'org.springframework.aop.support.DefaultBeanFactoryPointcutAdvisor#0'
[DEBUG][2016-03-19 19:16:17,088][org.springframework.beans.factory.support.DefaultListableBeanFactory]Returning cached instance of singleton bean 'org.springframework.aop.support.DefaultBeanFactoryPointcutAdvisor#1'
[DEBUG][2016-03-19 19:16:17,111][org.springframework.beans.factory.support.DefaultListableBeanFactory]Eagerly caching bean 'dataSource' to allow for resolving potential circular references
[ERROR][2016-03-19 19:16:17,409][com.alibaba.druid.pool.DruidAbstractDataSource]maxIdle is deprecated
[DEBUG][2016-03-19 19:16:17,433][org.springframework.beans.factory.support.DefaultListableBeanFactory]Invoking init method  'init' on bean with name 'dataSource'
[INFO][2016-03-19 19:16:17,495][com.alibaba.druid.pool.DruidDataSource]{dataSource-1} inited
[DEBUG][2016-03-19 19:16:17,495][org.springframework.beans.factory.support.DefaultListableBeanFactory]Returning cached instance of singleton bean 'org.springframework.aop.support.DefaultBeanFactoryPointcutAdvisor#0'
[DEBUG][2016-03-19 19:16:17,495][org.springframework.beans.factory.support.DefaultListableBeanFactory]Returning cached instance of singleton bean 'org.springframework.aop.support.DefaultBeanFactoryPointcutAdvisor#1'
[DEBUG][2016-03-19 19:16:17,495][org.springframework.beans.factory.support.DefaultListableBeanFactory]Returning cached instance of singleton bean 'org.springframework.aop.support.DefaultBeanFactoryPointcutAdvisor#0'
[DEBUG][2016-03-19 19:16:17,495][org.springframework.beans.factory.support.DefaultListableBeanFactory]Returning cached instance of singleton bean 'org.springframework.aop.support.DefaultBeanFactoryPointcutAdvisor#1'
[DEBUG][2016-03-19 19:16:17,582][org.springframework.beans.factory.support.DefaultListableBeanFactory]Finished creating instance of bean 'dataSource'
[DEBUG][2016-03-19 19:16:17,582][org.springframework.core.io.support.PathMatchingResourcePatternResolver]Looking for matching resources in directory tree [D:\eclipse-workspace\test\target\classes\sy\mapping]
[DEBUG][2016-03-19 19:16:17,582][org.springframework.core.io.support.PathMatchingResourcePatternResolver]Searching directory [D:\eclipse-workspace\test\target\classes\sy\mapping] for files matching pattern [D:/eclipse-workspace/test/target/classes/sy/mapping/*.xml]
[DEBUG][2016-03-19 19:16:17,583][org.springframework.core.io.support.PathMatchingResourcePatternResolver]Resolved location pattern [classpath:sy/mapping/*.xml] to resources [file [D:\eclipse-workspace\test\target\classes\sy\mapping\UserMapper.xml]]
[DEBUG][2016-03-19 19:16:17,584][org.springframework.beans.factory.support.DefaultListableBeanFactory]Invoking afterPropertiesSet() on bean with name 'sqlSessionFactory'
[DEBUG][2016-03-19 19:16:17,584][org.mybatis.spring.SqlSessionFactoryBean]Property 'configLocation' not specified, using default MyBatis Configuration
[DEBUG][2016-03-19 19:16:17,844][org.mybatis.spring.SqlSessionFactoryBean]Parsed mapper file: 'file [D:\eclipse-workspace\test\target\classes\sy\mapping\UserMapper.xml]'
[DEBUG][2016-03-19 19:16:17,845][org.springframework.beans.factory.support.DefaultListableBeanFactory]Returning cached instance of singleton bean 'org.springframework.aop.support.DefaultBeanFactoryPointcutAdvisor#0'
[DEBUG][2016-03-19 19:16:17,845][org.springframework.beans.factory.support.DefaultListableBeanFactory]Returning cached instance of singleton bean 'org.springframework.aop.support.DefaultBeanFactoryPointcutAdvisor#1'
[DEBUG][2016-03-19 19:16:17,845][org.springframework.beans.factory.support.DefaultListableBeanFactory]Returning cached instance of singleton bean 'org.springframework.aop.support.DefaultBeanFactoryPointcutAdvisor#0'
[DEBUG][2016-03-19 19:16:17,845][org.springframework.beans.factory.support.DefaultListableBeanFactory]Returning cached instance of singleton bean 'org.springframework.aop.support.DefaultBeanFactoryPointcutAdvisor#1'
[DEBUG][2016-03-19 19:16:17,850][org.springframework.beans.factory.support.DefaultListableBeanFactory]Finished creating instance of bean 'sqlSessionFactory'
[DEBUG][2016-03-19 19:16:17,850][org.springframework.beans.factory.support.DefaultListableBeanFactory]Returning cached instance of singleton bean 'org.springframework.aop.support.DefaultBeanFactoryPointcutAdvisor#0'
[DEBUG][2016-03-19 19:16:17,850][org.springframework.beans.factory.support.DefaultListableBeanFactory]Returning cached instance of singleton bean 'org.springframework.aop.support.DefaultBeanFactoryPointcutAdvisor#1'
[DEBUG][2016-03-19 19:16:17,850][org.springframework.beans.factory.support.DefaultListableBeanFactory]Returning cached instance of singleton bean 'org.springframework.aop.support.DefaultBeanFactoryPointcutAdvisor#0'
[DEBUG][2016-03-19 19:16:17,850][org.springframework.beans.factory.support.DefaultListableBeanFactory]Returning cached instance of singleton bean 'org.springframework.aop.support.DefaultBeanFactoryPointcutAdvisor#1'
[DEBUG][2016-03-19 19:16:17,860][org.springframework.beans.factory.support.DefaultListableBeanFactory]Invoking afterPropertiesSet() on bean with name 'userMapper'
[DEBUG][2016-03-19 19:16:17,860][org.springframework.beans.factory.support.DefaultListableBeanFactory]Finished creating instance of bean 'userMapper'
[DEBUG][2016-03-19 19:16:17,860][org.springframework.beans.factory.support.DefaultListableBeanFactory]Returning cached instance of singleton bean 'userMapper'
[DEBUG][2016-03-19 19:16:17,861][org.springframework.beans.factory.support.DefaultListableBeanFactory]Returning cached instance of singleton bean 'org.springframework.aop.support.DefaultBeanFactoryPointcutAdvisor#0'
[DEBUG][2016-03-19 19:16:17,861][org.springframework.beans.factory.support.DefaultListableBeanFactory]Returning cached instance of singleton bean 'org.springframework.aop.support.DefaultBeanFactoryPointcutAdvisor#1'
[DEBUG][2016-03-19 19:16:17,861][org.springframework.beans.factory.support.DefaultListableBeanFactory]Returning cached instance of singleton bean 'org.springframework.aop.support.DefaultBeanFactoryPointcutAdvisor#0'
[DEBUG][2016-03-19 19:16:17,862][org.springframework.beans.factory.support.DefaultListableBeanFactory]Returning cached instance of singleton bean 'org.springframework.aop.support.DefaultBeanFactoryPointcutAdvisor#1'
[DEBUG][2016-03-19 19:16:17,865][org.springframework.beans.factory.annotation.AutowiredAnnotationBeanPostProcessor]Autowiring by type from bean name 'userService' to bean named 'userMapper'
[DEBUG][2016-03-19 19:16:17,865][org.springframework.beans.factory.support.DefaultListableBeanFactory]Returning cached instance of singleton bean 'org.springframework.aop.support.DefaultBeanFactoryPointcutAdvisor#0'
[DEBUG][2016-03-19 19:16:17,865][org.springframework.beans.factory.support.DefaultListableBeanFactory]Returning cached instance of singleton bean 'org.springframework.aop.support.DefaultBeanFactoryPointcutAdvisor#1'
[DEBUG][2016-03-19 19:16:17,865][org.springframework.beans.factory.support.DefaultListableBeanFactory]Returning cached instance of singleton bean 'org.springframework.aop.support.DefaultBeanFactoryPointcutAdvisor#0'
[DEBUG][2016-03-19 19:16:17,865][org.springframework.beans.factory.support.DefaultListableBeanFactory]Returning cached instance of singleton bean 'org.springframework.aop.support.DefaultBeanFactoryPointcutAdvisor#1'
[DEBUG][2016-03-19 19:16:17,867][org.springframework.beans.factory.support.DefaultListableBeanFactory]Creating shared instance of singleton bean 'transactionAdvice'
[DEBUG][2016-03-19 19:16:17,867][org.springframework.beans.factory.support.DefaultListableBeanFactory]Creating instance of bean 'transactionAdvice'
[DEBUG][2016-03-19 19:16:17,869][org.springframework.beans.factory.support.DefaultListableBeanFactory]Eagerly caching bean 'transactionAdvice' to allow for resolving potential circular references
[DEBUG][2016-03-19 19:16:17,873][org.springframework.beans.factory.support.DefaultListableBeanFactory]Creating shared instance of singleton bean 'transactionManager'
[DEBUG][2016-03-19 19:16:17,873][org.springframework.beans.factory.support.DefaultListableBeanFactory]Creating instance of bean 'transactionManager'
[DEBUG][2016-03-19 19:16:17,873][org.springframework.beans.factory.support.DefaultListableBeanFactory]Returning cached instance of singleton bean 'org.springframework.aop.support.DefaultBeanFactoryPointcutAdvisor#0'
[DEBUG][2016-03-19 19:16:17,873][org.springframework.beans.factory.support.DefaultListableBeanFactory]Returning cached instance of singleton bean 'org.springframework.aop.support.DefaultBeanFactoryPointcutAdvisor#1'
[DEBUG][2016-03-19 19:16:17,878][org.springframework.beans.factory.support.DefaultListableBeanFactory]Eagerly caching bean 'transactionManager' to allow for resolving potential circular references
[DEBUG][2016-03-19 19:16:17,882][org.springframework.beans.factory.support.DefaultListableBeanFactory]Returning cached instance of singleton bean 'dataSource'
[DEBUG][2016-03-19 19:16:17,883][org.springframework.beans.factory.support.DefaultListableBeanFactory]Invoking afterPropertiesSet() on bean with name 'transactionManager'
[DEBUG][2016-03-19 19:16:17,883][org.springframework.beans.factory.support.DefaultListableBeanFactory]Returning cached instance of singleton bean 'org.springframework.aop.support.DefaultBeanFactoryPointcutAdvisor#0'
[DEBUG][2016-03-19 19:16:17,883][org.springframework.beans.factory.support.DefaultListableBeanFactory]Returning cached instance of singleton bean 'org.springframework.aop.support.DefaultBeanFactoryPointcutAdvisor#1'
[DEBUG][2016-03-19 19:16:17,883][org.springframework.beans.factory.support.DefaultListableBeanFactory]Returning cached instance of singleton bean 'org.springframework.aop.support.DefaultBeanFactoryPointcutAdvisor#0'
[DEBUG][2016-03-19 19:16:17,883][org.springframework.beans.factory.support.DefaultListableBeanFactory]Returning cached instance of singleton bean 'org.springframework.aop.support.DefaultBeanFactoryPointcutAdvisor#1'
[DEBUG][2016-03-19 19:16:17,887][org.springframework.beans.factory.support.DefaultListableBeanFactory]Finished creating instance of bean 'transactionManager'
[DEBUG][2016-03-19 19:16:17,887][org.springframework.beans.factory.support.DefaultListableBeanFactory]Creating instance of bean '(inner bean)'
[DEBUG][2016-03-19 19:16:17,887][org.springframework.beans.factory.support.DefaultListableBeanFactory]Returning cached instance of singleton bean 'org.springframework.aop.support.DefaultBeanFactoryPointcutAdvisor#0'
[DEBUG][2016-03-19 19:16:17,888][org.springframework.beans.factory.support.DefaultListableBeanFactory]Returning cached instance of singleton bean 'org.springframework.aop.support.DefaultBeanFactoryPointcutAdvisor#1'
[DEBUG][2016-03-19 19:16:17,893][org.springframework.transaction.interceptor.NameMatchTransactionAttributeSource]Adding transactional method [add*] with attribute [PROPAGATION_REQUIRED,ISOLATION_DEFAULT]
[DEBUG][2016-03-19 19:16:17,893][org.springframework.transaction.interceptor.NameMatchTransactionAttributeSource]Adding transactional method [append*] with attribute [PROPAGATION_REQUIRED,ISOLATION_DEFAULT]
[DEBUG][2016-03-19 19:16:17,893][org.springframework.transaction.interceptor.NameMatchTransactionAttributeSource]Adding transactional method [insert*] with attribute [PROPAGATION_REQUIRED,ISOLATION_DEFAULT]
[DEBUG][2016-03-19 19:16:17,893][org.springframework.transaction.interceptor.NameMatchTransactionAttributeSource]Adding transactional method [save*] with attribute [PROPAGATION_REQUIRED,ISOLATION_DEFAULT]
[DEBUG][2016-03-19 19:16:17,893][org.springframework.transaction.interceptor.NameMatchTransactionAttributeSource]Adding transactional method [update*] with attribute [PROPAGATION_REQUIRED,ISOLATION_DEFAULT]
[DEBUG][2016-03-19 19:16:17,893][org.springframework.transaction.interceptor.NameMatchTransactionAttributeSource]Adding transactional method [modify*] with attribute [PROPAGATION_REQUIRED,ISOLATION_DEFAULT]
[DEBUG][2016-03-19 19:16:17,893][org.springframework.transaction.interceptor.NameMatchTransactionAttributeSource]Adding transactional method [edit*] with attribute [PROPAGATION_REQUIRED,ISOLATION_DEFAULT]
[DEBUG][2016-03-19 19:16:17,893][org.springframework.transaction.interceptor.NameMatchTransactionAttributeSource]Adding transactional method [delete*] with attribute [PROPAGATION_REQUIRED,ISOLATION_DEFAULT]
[DEBUG][2016-03-19 19:16:17,893][org.springframework.transaction.interceptor.NameMatchTransactionAttributeSource]Adding transactional method [remove*] with attribute [PROPAGATION_REQUIRED,ISOLATION_DEFAULT]
[DEBUG][2016-03-19 19:16:17,893][org.springframework.transaction.interceptor.NameMatchTransactionAttributeSource]Adding transactional method [repair] with attribute [PROPAGATION_REQUIRED,ISOLATION_DEFAULT]
[DEBUG][2016-03-19 19:16:17,893][org.springframework.transaction.interceptor.NameMatchTransactionAttributeSource]Adding transactional method [delAndRepair] with attribute [PROPAGATION_REQUIRED,ISOLATION_DEFAULT]
[DEBUG][2016-03-19 19:16:17,893][org.springframework.transaction.interceptor.NameMatchTransactionAttributeSource]Adding transactional method [get*] with attribute [PROPAGATION_SUPPORTS,ISOLATION_DEFAULT]
[DEBUG][2016-03-19 19:16:17,893][org.springframework.transaction.interceptor.NameMatchTransactionAttributeSource]Adding transactional method [find*] with attribute [PROPAGATION_SUPPORTS,ISOLATION_DEFAULT]
[DEBUG][2016-03-19 19:16:17,894][org.springframework.transaction.interceptor.NameMatchTransactionAttributeSource]Adding transactional method [load*] with attribute [PROPAGATION_SUPPORTS,ISOLATION_DEFAULT]
[DEBUG][2016-03-19 19:16:17,894][org.springframework.transaction.interceptor.NameMatchTransactionAttributeSource]Adding transactional method [search*] with attribute [PROPAGATION_SUPPORTS,ISOLATION_DEFAULT]
[DEBUG][2016-03-19 19:16:17,894][org.springframework.transaction.interceptor.NameMatchTransactionAttributeSource]Adding transactional method [datagrid*] with attribute [PROPAGATION_SUPPORTS,ISOLATION_DEFAULT]
[DEBUG][2016-03-19 19:16:17,894][org.springframework.transaction.interceptor.NameMatchTransactionAttributeSource]Adding transactional method [*] with attribute [PROPAGATION_SUPPORTS,ISOLATION_DEFAULT]
[DEBUG][2016-03-19 19:16:17,894][org.springframework.beans.factory.support.DefaultListableBeanFactory]Returning cached instance of singleton bean 'org.springframework.aop.support.DefaultBeanFactoryPointcutAdvisor#0'
[DEBUG][2016-03-19 19:16:17,894][org.springframework.beans.factory.support.DefaultListableBeanFactory]Returning cached instance of singleton bean 'org.springframework.aop.support.DefaultBeanFactoryPointcutAdvisor#1'
[DEBUG][2016-03-19 19:16:17,894][org.springframework.beans.factory.support.DefaultListableBeanFactory]Returning cached instance of singleton bean 'org.springframework.aop.support.DefaultBeanFactoryPointcutAdvisor#0'
[DEBUG][2016-03-19 19:16:17,894][org.springframework.beans.factory.support.DefaultListableBeanFactory]Returning cached instance of singleton bean 'org.springframework.aop.support.DefaultBeanFactoryPointcutAdvisor#1'
[DEBUG][2016-03-19 19:16:17,896][org.springframework.beans.factory.support.DefaultListableBeanFactory]Finished creating instance of bean '(inner bean)'
[DEBUG][2016-03-19 19:16:17,896][org.springframework.beans.factory.support.DefaultListableBeanFactory]Invoking afterPropertiesSet() on bean with name 'transactionAdvice'
[DEBUG][2016-03-19 19:16:17,896][org.springframework.beans.factory.support.DefaultListableBeanFactory]Finished creating instance of bean 'transactionAdvice'
[DEBUG][2016-03-19 19:16:17,897][org.springframework.beans.factory.support.DefaultListableBeanFactory]Creating shared instance of singleton bean 'druid-stat-interceptor'
[DEBUG][2016-03-19 19:16:17,897][org.springframework.beans.factory.support.DefaultListableBeanFactory]Creating instance of bean 'druid-stat-interceptor'
[DEBUG][2016-03-19 19:16:17,899][org.springframework.beans.factory.support.DefaultListableBeanFactory]Eagerly caching bean 'druid-stat-interceptor' to allow for resolving potential circular references
[DEBUG][2016-03-19 19:16:17,902][org.springframework.beans.factory.support.DefaultListableBeanFactory]Invoking afterPropertiesSet() on bean with name 'druid-stat-interceptor'
[DEBUG][2016-03-19 19:16:17,902][org.springframework.beans.factory.support.DefaultListableBeanFactory]Finished creating instance of bean 'druid-stat-interceptor'
[DEBUG][2016-03-19 19:16:17,910][org.springframework.aop.aspectj.autoproxy.AspectJAwareAdvisorAutoProxyCreator]Creating implicit proxy for bean 'userService' with 0 common interceptors and 3 specific interceptors
[DEBUG][2016-03-19 19:16:17,911][org.springframework.aop.framework.JdkDynamicAopProxy]Creating JDK dynamic proxy: target source is SingletonTargetSource for target object [sy.service.UserServiceImpl@54d0e307]
[DEBUG][2016-03-19 19:16:17,915][org.springframework.beans.factory.support.DefaultListableBeanFactory]Finished creating instance of bean 'userService'
[DEBUG][2016-03-19 19:16:17,915][org.springframework.beans.factory.support.DefaultListableBeanFactory]Returning cached instance of singleton bean 'org.springframework.context.annotation.internalConfigurationAnnotationProcessor'
[DEBUG][2016-03-19 19:16:17,915][org.springframework.beans.factory.support.DefaultListableBeanFactory]Returning cached instance of singleton bean 'org.springframework.context.annotation.internalAutowiredAnnotationProcessor'
[DEBUG][2016-03-19 19:16:17,915][org.springframework.beans.factory.support.DefaultListableBeanFactory]Returning cached instance of singleton bean 'org.springframework.context.annotation.internalRequiredAnnotationProcessor'
[DEBUG][2016-03-19 19:16:17,915][org.springframework.beans.factory.support.DefaultListableBeanFactory]Returning cached instance of singleton bean 'org.springframework.context.annotation.internalCommonAnnotationProcessor'
[DEBUG][2016-03-19 19:16:17,915][org.springframework.beans.factory.support.DefaultListableBeanFactory]Returning cached instance of singleton bean 'org.springframework.beans.factory.config.PropertyPlaceholderConfigurer#0'
[DEBUG][2016-03-19 19:16:17,915][org.springframework.beans.factory.support.DefaultListableBeanFactory]Returning cached instance of singleton bean 'dataSource'
[DEBUG][2016-03-19 19:16:17,915][org.springframework.beans.factory.support.DefaultListableBeanFactory]Returning cached instance of singleton bean 'sqlSessionFactory'
[DEBUG][2016-03-19 19:16:17,916][org.springframework.beans.factory.support.DefaultListableBeanFactory]Returning cached instance of singleton bean 'org.mybatis.spring.mapper.MapperScannerConfigurer#0'
[DEBUG][2016-03-19 19:16:17,916][org.springframework.beans.factory.support.DefaultListableBeanFactory]Returning cached instance of singleton bean 'transactionManager'
[DEBUG][2016-03-19 19:16:17,916][org.springframework.beans.factory.support.DefaultListableBeanFactory]Returning cached instance of singleton bean 'transactionAdvice'
[DEBUG][2016-03-19 19:16:17,916][org.springframework.beans.factory.support.DefaultListableBeanFactory]Returning cached instance of singleton bean 'org.springframework.aop.config.internalAutoProxyCreator'
[DEBUG][2016-03-19 19:16:17,916][org.springframework.beans.factory.support.DefaultListableBeanFactory]Returning cached instance of singleton bean 'org.springframework.aop.support.DefaultBeanFactoryPointcutAdvisor#0'
[DEBUG][2016-03-19 19:16:17,916][org.springframework.beans.factory.support.DefaultListableBeanFactory]Returning cached instance of singleton bean 'druid-stat-interceptor'
[DEBUG][2016-03-19 19:16:17,916][org.springframework.beans.factory.support.DefaultListableBeanFactory]Returning cached instance of singleton bean 'org.springframework.aop.support.DefaultBeanFactoryPointcutAdvisor#1'
[DEBUG][2016-03-19 19:16:17,916][org.springframework.beans.factory.support.DefaultListableBeanFactory]Returning cached instance of singleton bean 'org.springframework.context.annotation.ConfigurationClassPostProcessor$ImportAwareBeanPostProcessor#0'
[DEBUG][2016-03-19 19:16:17,916][org.springframework.beans.factory.support.DefaultListableBeanFactory]Returning cached instance of singleton bean 'userMapper'
[DEBUG][2016-03-19 19:16:17,918][org.springframework.context.support.GenericApplicationContext]Unable to locate LifecycleProcessor with name 'lifecycleProcessor': using default [org.springframework.context.support.DefaultLifecycleProcessor@1772da21]
[DEBUG][2016-03-19 19:16:17,918][org.springframework.beans.factory.support.DefaultListableBeanFactory]Returning cached instance of singleton bean 'lifecycleProcessor'
[DEBUG][2016-03-19 19:16:17,919][org.springframework.beans.factory.support.DefaultListableBeanFactory]Returning cached instance of singleton bean 'sqlSessionFactory'
[DEBUG][2016-03-19 19:16:17,919][org.springframework.test.context.CacheAwareContextLoaderDelegate]Storing ApplicationContext in cache under key [[MergedContextConfiguration@1c042510 testClass = TestUtil, locations = '{classpath:spring.xml, classpath:spring-mybatis.xml}', classes = '{}', contextInitializerClasses = '[]', activeProfiles = '{}', contextLoader = 'org.springframework.test.context.support.DelegatingSmartContextLoader', parent = [null]]]
[DEBUG][2016-03-19 19:16:17,919][org.springframework.test.context.cache]Spring test ApplicationContext cache statistics: [ContextCache@368936ca size = 1, hitCount = 0, missCount = 1, parentContextCount = 0]
[DEBUG][2016-03-19 19:16:17,921][org.springframework.beans.factory.annotation.InjectionMetadata]Found injected element on class [sy.test.TestUtil]: AutowiredMethodElement for public void sy.test.TestUtil.setUserService(sy.service.UserServiceI)
[DEBUG][2016-03-19 19:16:17,922][org.springframework.beans.factory.annotation.InjectionMetadata]Processing injected method of bean 'sy.test.TestUtil': AutowiredMethodElement for public void sy.test.TestUtil.setUserService(sy.service.UserServiceI)
[DEBUG][2016-03-19 19:16:17,922][org.springframework.beans.factory.support.DefaultListableBeanFactory]Returning cached instance of singleton bean 'userService'
[DEBUG][2016-03-19 19:16:17,922][org.springframework.beans.factory.annotation.AutowiredAnnotationBeanPostProcessor]Autowiring by type from bean name 'sy.test.TestUtil' to bean named 'userService'
[DEBUG][2016-03-19 19:16:17,922][org.springframework.beans.factory.support.DefaultListableBeanFactory]Returning cached instance of singleton bean 'org.springframework.aop.support.DefaultBeanFactoryPointcutAdvisor#0'
[DEBUG][2016-03-19 19:16:17,922][org.springframework.beans.factory.support.DefaultListableBeanFactory]Returning cached instance of singleton bean 'org.springframework.aop.support.DefaultBeanFactoryPointcutAdvisor#1'
[DEBUG][2016-03-19 19:16:17,922][org.springframework.beans.factory.support.DefaultListableBeanFactory]Returning cached instance of singleton bean 'org.springframework.aop.support.DefaultBeanFactoryPointcutAdvisor#0'
[DEBUG][2016-03-19 19:16:17,922][org.springframework.beans.factory.support.DefaultListableBeanFactory]Returning cached instance of singleton bean 'org.springframework.aop.support.DefaultBeanFactoryPointcutAdvisor#1'
[DEBUG][2016-03-19 19:16:17,941][org.mybatis.spring.SqlSessionUtils]Creating a new SqlSession
[DEBUG][2016-03-19 19:16:17,946][org.mybatis.spring.SqlSessionUtils]Registering transaction synchronization for SqlSession [org.apache.ibatis.session.defaults.DefaultSqlSession@73802b40]
[DEBUG][2016-03-19 19:16:17,957][org.springframework.jdbc.datasource.DataSourceUtils]Fetching JDBC Connection from DataSource
[DEBUG][2016-03-19 19:16:17,958][org.springframework.jdbc.datasource.DataSourceUtils]Registering transaction synchronization for JDBC Connection
[DEBUG][2016-03-19 19:16:17,959][org.mybatis.spring.transaction.SpringManagedTransaction]JDBC Connection [com.alibaba.druid.proxy.jdbc.ConnectionProxyImpl@4a9cf5de] will be managed by Spring
[DEBUG][2016-03-19 19:16:17,966][sy.dao.UserMapper.getUserById]==>  Preparing: select id, userName, userAge, userAddress from user where id = ? 
[DEBUG][2016-03-19 19:16:18,075][sy.dao.UserMapper.getUserById]==> Parameters: 1(Integer)
[DEBUG][2016-03-19 19:16:18,096][sy.dao.UserMapper.getUserById]<==      Total: 1
[DEBUG][2016-03-19 19:16:18,096][org.mybatis.spring.SqlSessionUtils]Releasing transactional SqlSession [org.apache.ibatis.session.defaults.DefaultSqlSession@73802b40]
[DEBUG][2016-03-19 19:16:18,097][org.mybatis.spring.SqlSessionUtils]Transaction synchronization closing SqlSession [org.apache.ibatis.session.defaults.DefaultSqlSession@73802b40]
[DEBUG][2016-03-19 19:16:18,097][org.springframework.jdbc.datasource.DataSourceUtils]Returning JDBC Connection to DataSource
[INFO][2016-03-19 19:16:18,154][sy.test.TestUtil]{"id":1,"useraddress":"shanghai,pudong","userage":100,"username":"summer"}
[DEBUG][2016-03-19 19:16:18,155][org.springframework.test.context.support.DirtiesContextTestExecutionListener]After test method: context [[TestContext@2296c1d testClass = TestUtil, testInstance = sy.test.TestUtil@6d78e506, testMethod = test@TestUtil, testException = [null], mergedContextConfiguration = [MergedContextConfiguration@1c042510 testClass = TestUtil, locations = '{classpath:spring.xml, classpath:spring-mybatis.xml}', classes = '{}', contextInitializerClasses = '[]', activeProfiles = '{}', contextLoader = 'org.springframework.test.context.support.DelegatingSmartContextLoader', parent = [null]]]], class dirties context [false], class mode [null], method dirties context [false].
[DEBUG][2016-03-19 19:16:18,155][org.springframework.test.context.support.DirtiesContextTestExecutionListener]After test class: context [[TestContext@2296c1d testClass = TestUtil, testInstance = [null], testMethod = [null], testException = [null], mergedContextConfiguration = [MergedContextConfiguration@1c042510 testClass = TestUtil, locations = '{classpath:spring.xml, classpath:spring-mybatis.xml}', classes = '{}', contextInitializerClasses = '[]', activeProfiles = '{}', contextLoader = 'org.springframework.test.context.support.DelegatingSmartContextLoader', parent = [null]]]], dirtiesContext [false].
[INFO][2016-03-19 19:16:18,157][org.springframework.context.support.GenericApplicationContext]Closing org.springframework.context.support.GenericApplicationContext@74c31651: startup date [Sat Mar 19 19:16:16 CST 2016]; root of context hierarchy
[DEBUG][2016-03-19 19:16:18,157][org.springframework.beans.factory.support.DefaultListableBeanFactory]Returning cached instance of singleton bean 'sqlSessionFactory'
[DEBUG][2016-03-19 19:16:18,157][org.springframework.beans.factory.support.DefaultListableBeanFactory]Returning cached instance of singleton bean 'lifecycleProcessor'
[INFO][2016-03-19 19:16:18,157][org.springframework.beans.factory.support.DefaultListableBeanFactory]Destroying singletons in org.springframework.beans.factory.support.DefaultListableBeanFactory@1735949d: defining beans [userService,org.springframework.context.annotation.internalConfigurationAnnotationProcessor,org.springframework.context.annotation.internalAutowiredAnnotationProcessor,org.springframework.context.annotation.internalRequiredAnnotationProcessor,org.springframework.context.annotation.internalCommonAnnotationProcessor,org.springframework.beans.factory.config.PropertyPlaceholderConfigurer#0,dataSource,sqlSessionFactory,org.mybatis.spring.mapper.MapperScannerConfigurer#0,transactionManager,transactionAdvice,org.springframework.aop.config.internalAutoProxyCreator,transactionPointcut,org.springframework.aop.support.DefaultBeanFactoryPointcutAdvisor#0,druid-stat-interceptor,druid-stat-pointcut,org.springframework.aop.support.DefaultBeanFactoryPointcutAdvisor#1,org.springframework.context.annotation.ConfigurationClassPostProcessor$ImportAwareBeanPostProcessor#0,userMapper]; root of factory hierarchy
[DEBUG][2016-03-19 19:16:18,157][org.springframework.beans.factory.support.DefaultListableBeanFactory]Retrieved dependent beans for bean 'userService': [sy.test.TestUtil]
[DEBUG][2016-03-19 19:16:18,157][org.springframework.beans.factory.support.DisposableBeanAdapter]Invoking destroy() on bean with name 'druid-stat-interceptor'
[DEBUG][2016-03-19 19:16:18,158][org.springframework.beans.factory.support.DefaultListableBeanFactory]Retrieved dependent beans for bean '(inner bean)': [transactionAdvice]
[DEBUG][2016-03-19 19:16:18,158][org.springframework.beans.factory.support.DisposableBeanAdapter]Invoking destroy method 'close' on bean with name 'dataSource'
[INFO][2016-03-19 19:16:18,161][com.alibaba.druid.pool.DruidDataSource]{dataSource-1} closed
[DEBUG][2016-03-19 19:34:58,066][org.springframework.test.context.junit4.SpringJUnit4ClassRunner]SpringJUnit4ClassRunner constructor called with [class sy.test.TestUtil].
[DEBUG][2016-03-19 19:34:58,107][org.springframework.test.context.support.AbstractDelegatingSmartContextLoader]Delegating to GenericXmlContextLoader to process context configuration [ContextConfigurationAttributes@6e56103e declaringClass = 'sy.test.TestUtil', classes = '{}', locations = '{classpath:spring.xml, classpath:spring-mybatis.xml}', inheritLocations = true, initializers = '{}', inheritInitializers = true, name = [null], contextLoaderClass = 'org.springframework.test.context.ContextLoader'].
[DEBUG][2016-03-19 19:34:58,109][org.springframework.test.context.ContextLoaderUtils]Could not find an 'annotation declaring class' for annotation type [org.springframework.test.context.ActiveProfiles] and class [sy.test.TestUtil]
[DEBUG][2016-03-19 19:34:58,110][org.springframework.test.context.TestContextManager]@TestExecutionListeners is not present for class [sy.test.TestUtil]: using defaults.
[DEBUG][2016-03-19 19:34:58,129][org.springframework.test.annotation.ProfileValueUtils]Retrieved @ProfileValueSourceConfiguration [null] for test class [sy.test.TestUtil]
[DEBUG][2016-03-19 19:34:58,129][org.springframework.test.annotation.ProfileValueUtils]Retrieved ProfileValueSource type [class org.springframework.test.annotation.SystemProfileValueSource] for class [sy.test.TestUtil]
[DEBUG][2016-03-19 19:34:58,130][org.springframework.test.annotation.ProfileValueUtils]Retrieved @ProfileValueSourceConfiguration [null] for test class [sy.test.TestUtil]
[DEBUG][2016-03-19 19:34:58,130][org.springframework.test.annotation.ProfileValueUtils]Retrieved ProfileValueSource type [class org.springframework.test.annotation.SystemProfileValueSource] for class [sy.test.TestUtil]
[DEBUG][2016-03-19 19:34:58,133][org.springframework.test.annotation.ProfileValueUtils]Retrieved @ProfileValueSourceConfiguration [null] for test class [sy.test.TestUtil]
[DEBUG][2016-03-19 19:34:58,133][org.springframework.test.annotation.ProfileValueUtils]Retrieved ProfileValueSource type [class org.springframework.test.annotation.SystemProfileValueSource] for class [sy.test.TestUtil]
[DEBUG][2016-03-19 19:34:58,135][org.springframework.test.context.support.DependencyInjectionTestExecutionListener]Performing dependency injection for test context [[TestContext@69ed790e testClass = TestUtil, testInstance = sy.test.TestUtil@65a6bc76, testMethod = [null], testException = [null], mergedContextConfiguration = [MergedContextConfiguration@259f1b1d testClass = TestUtil, locations = '{classpath:spring.xml, classpath:spring-mybatis.xml}', classes = '{}', contextInitializerClasses = '[]', activeProfiles = '{}', contextLoader = 'org.springframework.test.context.support.DelegatingSmartContextLoader', parent = [null]]]].
[DEBUG][2016-03-19 19:34:58,136][org.springframework.test.context.support.AbstractDelegatingSmartContextLoader]Delegating to GenericXmlContextLoader to load context from [MergedContextConfiguration@259f1b1d testClass = TestUtil, locations = '{classpath:spring.xml, classpath:spring-mybatis.xml}', classes = '{}', contextInitializerClasses = '[]', activeProfiles = '{}', contextLoader = 'org.springframework.test.context.support.DelegatingSmartContextLoader', parent = [null]].
[DEBUG][2016-03-19 19:34:58,136][org.springframework.test.context.support.AbstractGenericContextLoader]Loading ApplicationContext for merged context configuration [[MergedContextConfiguration@259f1b1d testClass = TestUtil, locations = '{classpath:spring.xml, classpath:spring-mybatis.xml}', classes = '{}', contextInitializerClasses = '[]', activeProfiles = '{}', contextLoader = 'org.springframework.test.context.support.DelegatingSmartContextLoader', parent = [null]]].
[DEBUG][2016-03-19 19:34:58,181][org.springframework.core.env.StandardEnvironment]Adding [systemProperties] PropertySource with lowest search precedence
[DEBUG][2016-03-19 19:34:58,183][org.springframework.core.env.StandardEnvironment]Adding [systemEnvironment] PropertySource with lowest search precedence
[DEBUG][2016-03-19 19:34:58,183][org.springframework.core.env.StandardEnvironment]Initialized StandardEnvironment with PropertySources [systemProperties,systemEnvironment]
[INFO][2016-03-19 19:34:58,218][org.springframework.beans.factory.xml.XmlBeanDefinitionReader]Loading XML bean definitions from class path resource [spring.xml]
[DEBUG][2016-03-19 19:34:58,233][org.springframework.beans.factory.xml.DefaultDocumentLoader]Using JAXP provider [com.sun.org.apache.xerces.internal.jaxp.DocumentBuilderFactoryImpl]
[DEBUG][2016-03-19 19:34:58,258][org.springframework.beans.factory.xml.PluggableSchemaResolver]Loading schema mappings from [META-INF/spring.schemas]
[DEBUG][2016-03-19 19:34:58,262][org.springframework.beans.factory.xml.PluggableSchemaResolver]Loaded schema mappings: {http://www.springframework.org/schema/util/spring-util.xsd=org/springframework/beans/factory/xml/spring-util-3.2.xsd, http://www.springframework.org/schema/mvc/spring-mvc-3.1.xsd=org/springframework/web/servlet/config/spring-mvc-3.1.xsd, http://www.springframework.org/schema/beans/spring-beans-3.1.xsd=org/springframework/beans/factory/xml/spring-beans-3.1.xsd, http://www.springframework.org/schema/task/spring-task.xsd=org/springframework/scheduling/config/spring-task-3.1.xsd, http://www.springframework.org/schema/cache/spring-cache.xsd=org/springframework/cache/config/spring-cache-3.1.xsd, http://www.springframework.org/schema/aop/spring-aop-3.0.xsd=org/springframework/aop/config/spring-aop-3.0.xsd, http://www.springframework.org/schema/task/spring-task-3.1.xsd=org/springframework/scheduling/config/spring-task-3.1.xsd, http://www.springframework.org/schema/aop/spring-aop-2.0.xsd=org/springframework/aop/config/spring-aop-2.0.xsd, http://www.springframework.org/schema/tool/spring-tool-2.5.xsd=org/springframework/beans/factory/xml/spring-tool-2.5.xsd, http://www.springframework.org/schema/beans/spring-beans.xsd=org/springframework/beans/factory/xml/spring-beans-3.2.xsd, http://www.springframework.org/schema/jee/spring-jee-2.5.xsd=org/springframework/ejb/config/spring-jee-2.5.xsd, http://www.springframework.org/schema/jdbc/spring-jdbc-3.1.xsd=org/springframework/jdbc/config/spring-jdbc-3.1.xsd, http://www.springframework.org/schema/tool/spring-tool-3.1.xsd=org/springframework/beans/factory/xml/spring-tool-3.1.xsd, http://www.springframework.org/schema/jee/spring-jee-3.1.xsd=org/springframework/ejb/config/spring-jee-3.1.xsd, http://www.springframework.org/schema/aop/spring-aop.xsd=org/springframework/aop/config/spring-aop-3.1.xsd, http://www.springframework.org/schema/util/spring-util-3.2.xsd=org/springframework/beans/factory/xml/spring-util-3.2.xsd, http://www.springframework.org/schema/beans/spring-beans-2.0.xsd=org/springframework/beans/factory/xml/spring-beans-2.0.xsd, http://www.springframework.org/schema/mvc/spring-mvc-3.0.xsd=org/springframework/web/servlet/config/spring-mvc-3.0.xsd, http://www.springframework.org/schema/beans/spring-beans-3.0.xsd=org/springframework/beans/factory/xml/spring-beans-3.0.xsd, http://www.springframework.org/schema/task/spring-task-3.0.xsd=org/springframework/scheduling/config/spring-task-3.0.xsd, http://www.springframework.org/schema/tx/spring-tx-2.5.xsd=org/springframework/transaction/config/spring-tx-2.5.xsd, http://www.springframework.org/schema/context/spring-context-2.5.xsd=org/springframework/context/config/spring-context-2.5.xsd, http://www.springframework.org/schema/jdbc/spring-jdbc-3.0.xsd=org/springframework/jdbc/config/spring-jdbc-3.0.xsd, http://www.springframework.org/schema/tool/spring-tool-3.0.xsd=org/springframework/beans/factory/xml/spring-tool-3.0.xsd, http://www.springframework.org/schema/util/spring-util-2.5.xsd=org/springframework/beans/factory/xml/spring-util-2.5.xsd, http://www.springframework.org/schema/tool/spring-tool-2.0.xsd=org/springframework/beans/factory/xml/spring-tool-2.0.xsd, http://www.springframework.org/schema/tx/spring-tx.xsd=org/springframework/transaction/config/spring-tx-3.1.xsd, http://www.springframework.org/schema/lang/spring-lang.xsd=org/springframework/scripting/config/spring-lang-3.1.xsd, http://www.springframework.org/schema/lang/spring-lang-2.5.xsd=org/springframework/scripting/config/spring-lang-2.5.xsd, http://www.springframework.org/schema/jee/spring-jee-3.0.xsd=org/springframework/ejb/config/spring-jee-3.0.xsd, http://www.springframework.org/schema/jee/spring-jee-2.0.xsd=org/springframework/ejb/config/spring-jee-2.0.xsd, http://www.springframework.org/schema/tx/spring-tx-3.1.xsd=org/springframework/transaction/config/spring-tx-3.1.xsd, http://www.springframework.org/schema/context/spring-context-3.1.xsd=org/springframework/context/config/spring-context-3.1.xsd, http://www.springframework.org/schema/util/spring-util-3.1.xsd=org/springframework/beans/factory/xml/spring-util-3.1.xsd, http://www.springframework.org/schema/lang/spring-lang-3.1.xsd=org/springframework/scripting/config/spring-lang-3.1.xsd, http://www.springframework.org/schema/cache/spring-cache-3.1.xsd=org/springframework/cache/config/spring-cache-3.1.xsd, http://www.springframework.org/schema/context/spring-context.xsd=org/springframework/context/config/spring-context-3.1.xsd, http://www.springframework.org/schema/jee/spring-jee.xsd=org/springframework/ejb/config/spring-jee-3.1.xsd, http://www.springframework.org/schema/aop/spring-aop-2.5.xsd=org/springframework/aop/config/spring-aop-2.5.xsd, http://www.springframework.org/schema/mvc/spring-mvc.xsd=org/springframework/web/servlet/config/spring-mvc-3.2.xsd, http://www.springframework.org/schema/mvc/spring-mvc-3.2.xsd=org/springframework/web/servlet/config/spring-mvc-3.2.xsd, http://www.springframework.org/schema/jdbc/spring-jdbc.xsd=org/springframework/jdbc/config/spring-jdbc-3.1.xsd, http://www.springframework.org/schema/beans/spring-beans-3.2.xsd=org/springframework/beans/factory/xml/spring-beans-3.2.xsd, http://www.springframework.org/schema/tx/spring-tx-2.0.xsd=org/springframework/transaction/config/spring-tx-2.0.xsd, http://www.springframework.org/schema/aop/spring-aop-3.1.xsd=org/springframework/aop/config/spring-aop-3.1.xsd, http://www.springframework.org/schema/tx/spring-tx-3.0.xsd=org/springframework/transaction/config/spring-tx-3.0.xsd, http://www.springframework.org/schema/context/spring-context-3.0.xsd=org/springframework/context/config/spring-context-3.0.xsd, http://www.springframework.org/schema/tool/spring-tool.xsd=org/springframework/beans/factory/xml/spring-tool-3.2.xsd, http://www.springframework.org/schema/util/spring-util-3.0.xsd=org/springframework/beans/factory/xml/spring-util-3.0.xsd, http://www.springframework.org/schema/util/spring-util-2.0.xsd=org/springframework/beans/factory/xml/spring-util-2.0.xsd, http://www.springframework.org/schema/lang/spring-lang-3.0.xsd=org/springframework/scripting/config/spring-lang-3.0.xsd, http://www.alibaba.com/schema/stat.xsd=META-INF/stat.xsd, http://www.springframework.org/schema/lang/spring-lang-2.0.xsd=org/springframework/scripting/config/spring-lang-2.0.xsd, http://www.springframework.org/schema/tool/spring-tool-3.2.xsd=org/springframework/beans/factory/xml/spring-tool-3.2.xsd, http://www.springframework.org/schema/beans/spring-beans-2.5.xsd=org/springframework/beans/factory/xml/spring-beans-2.5.xsd}
[DEBUG][2016-03-19 19:34:58,266][org.springframework.beans.factory.xml.PluggableSchemaResolver]Found XML schema [http://www.springframework.org/schema/beans/spring-beans-3.0.xsd] in classpath: org/springframework/beans/factory/xml/spring-beans-3.0.xsd
[DEBUG][2016-03-19 19:34:58,301][org.springframework.beans.factory.xml.PluggableSchemaResolver]Found XML schema [http://www.springframework.org/schema/context/spring-context-3.0.xsd] in classpath: org/springframework/context/config/spring-context-3.0.xsd
[DEBUG][2016-03-19 19:34:58,309][org.springframework.beans.factory.xml.PluggableSchemaResolver]Found XML schema [http://www.springframework.org/schema/tool/spring-tool-3.0.xsd] in classpath: org/springframework/beans/factory/xml/spring-tool-3.0.xsd
[DEBUG][2016-03-19 19:34:58,317][org.springframework.beans.factory.xml.DefaultBeanDefinitionDocumentReader]Loading bean definitions
[DEBUG][2016-03-19 19:34:58,331][org.springframework.beans.factory.xml.DefaultNamespaceHandlerResolver]Loaded NamespaceHandler mappings: {http://www.springframework.org/schema/p=org.springframework.beans.factory.xml.SimplePropertyNamespaceHandler, http://www.springframework.org/schema/mvc=org.springframework.web.servlet.config.MvcNamespaceHandler, http://www.springframework.org/schema/util=org.springframework.beans.factory.xml.UtilNamespaceHandler, http://www.alibaba.com/schema/stat=com.alibaba.druid.support.spring.stat.config.DruidStatNamespaceHandler, http://www.springframework.org/schema/jee=org.springframework.ejb.config.JeeNamespaceHandler, http://www.springframework.org/schema/aop=org.springframework.aop.config.AopNamespaceHandler, http://www.springframework.org/schema/jdbc=org.springframework.jdbc.config.JdbcNamespaceHandler, http://www.springframework.org/schema/cache=org.springframework.cache.config.CacheNamespaceHandler, http://www.springframework.org/schema/c=org.springframework.beans.factory.xml.SimpleConstructorNamespaceHandler, http://www.springframework.org/schema/tx=org.springframework.transaction.config.TxNamespaceHandler, http://www.springframework.org/schema/task=org.springframework.scheduling.config.TaskNamespaceHandler, http://www.springframework.org/schema/lang=org.springframework.scripting.config.LangNamespaceHandler, http://www.springframework.org/schema/context=org.springframework.context.config.ContextNamespaceHandler}
[DEBUG][2016-03-19 19:34:58,350][org.springframework.core.io.support.PathMatchingResourcePatternResolver]Looking for matching resources in directory tree [D:\eclipse-workspace\test\target\classes\sy\service]
[DEBUG][2016-03-19 19:34:58,351][org.springframework.core.io.support.PathMatchingResourcePatternResolver]Searching directory [D:\eclipse-workspace\test\target\classes\sy\service] for files matching pattern [D:/eclipse-workspace/test/target/classes/sy/service/**/*.class]
[DEBUG][2016-03-19 19:34:58,353][org.springframework.core.io.support.PathMatchingResourcePatternResolver]Resolved location pattern [classpath*:sy/service/**/*.class] to resources [file [D:\eclipse-workspace\test\target\classes\sy\service\UserServiceI.class], file [D:\eclipse-workspace\test\target\classes\sy\service\UserServiceImpl.class]]
[DEBUG][2016-03-19 19:34:58,376][org.springframework.context.annotation.ClassPathBeanDefinitionScanner]Identified candidate component class: file [D:\eclipse-workspace\test\target\classes\sy\service\UserServiceImpl.class]
[DEBUG][2016-03-19 19:34:58,392][org.springframework.beans.factory.xml.XmlBeanDefinitionReader]Loaded 6 bean definitions from location pattern [classpath:spring.xml]
[INFO][2016-03-19 19:34:58,392][org.springframework.beans.factory.xml.XmlBeanDefinitionReader]Loading XML bean definitions from class path resource [spring-mybatis.xml]
[DEBUG][2016-03-19 19:34:58,395][org.springframework.beans.factory.xml.DefaultDocumentLoader]Using JAXP provider [com.sun.org.apache.xerces.internal.jaxp.DocumentBuilderFactoryImpl]
[DEBUG][2016-03-19 19:34:58,397][org.springframework.beans.factory.xml.PluggableSchemaResolver]Found XML schema [http://www.springframework.org/schema/beans/spring-beans-3.0.xsd] in classpath: org/springframework/beans/factory/xml/spring-beans-3.0.xsd
[DEBUG][2016-03-19 19:34:58,423][org.springframework.beans.factory.xml.PluggableSchemaResolver]Found XML schema [http://www.springframework.org/schema/tx/spring-tx-3.0.xsd] in classpath: org/springframework/transaction/config/spring-tx-3.0.xsd
[DEBUG][2016-03-19 19:34:58,426][org.springframework.beans.factory.xml.PluggableSchemaResolver]Found XML schema [http://www.springframework.org/schema/tool/spring-tool-3.0.xsd] in classpath: org/springframework/beans/factory/xml/spring-tool-3.0.xsd
[DEBUG][2016-03-19 19:34:58,432][org.springframework.beans.factory.xml.PluggableSchemaResolver]Found XML schema [http://www.springframework.org/schema/aop/spring-aop-3.0.xsd] in classpath: org/springframework/aop/config/spring-aop-3.0.xsd
[DEBUG][2016-03-19 19:34:58,439][org.springframework.beans.factory.xml.DefaultBeanDefinitionDocumentReader]Loading bean definitions
[DEBUG][2016-03-19 19:34:58,440][org.springframework.beans.factory.xml.BeanDefinitionParserDelegate]No XML 'id' specified - using 'dataSource' as bean name and [] as aliases
[DEBUG][2016-03-19 19:34:58,445][org.springframework.beans.factory.xml.BeanDefinitionParserDelegate]Neither XML 'id' nor 'name' specified - using generated bean name [org.mybatis.spring.mapper.MapperScannerConfigurer#0]
[DEBUG][2016-03-19 19:34:58,473][org.springframework.beans.factory.xml.XmlBeanDefinitionReader]Loaded 11 bean definitions from location pattern [classpath:spring-mybatis.xml]
[INFO][2016-03-19 19:34:58,475][org.springframework.context.support.GenericApplicationContext]Refreshing org.springframework.context.support.GenericApplicationContext@76768931: startup date [Sat Mar 19 19:34:58 CST 2016]; root of context hierarchy
[DEBUG][2016-03-19 19:34:58,475][org.springframework.context.support.GenericApplicationContext]Bean factory for org.springframework.context.support.GenericApplicationContext@76768931: org.springframework.beans.factory.support.DefaultListableBeanFactory@5408ba25: defining beans [userService,org.springframework.context.annotation.internalConfigurationAnnotationProcessor,org.springframework.context.annotation.internalAutowiredAnnotationProcessor,org.springframework.context.annotation.internalRequiredAnnotationProcessor,org.springframework.context.annotation.internalCommonAnnotationProcessor,org.springframework.beans.factory.config.PropertyPlaceholderConfigurer#0,dataSource,sqlSessionFactory,org.mybatis.spring.mapper.MapperScannerConfigurer#0,transactionManager,transactionAdvice,org.springframework.aop.config.internalAutoProxyCreator,transactionPointcut,org.springframework.aop.support.DefaultBeanFactoryPointcutAdvisor#0,druid-stat-interceptor,druid-stat-pointcut,org.springframework.aop.support.DefaultBeanFactoryPointcutAdvisor#1]; root of factory hierarchy
[DEBUG][2016-03-19 19:34:58,496][org.springframework.beans.factory.support.DefaultListableBeanFactory]Creating shared instance of singleton bean 'org.springframework.context.annotation.internalConfigurationAnnotationProcessor'
[DEBUG][2016-03-19 19:34:58,496][org.springframework.beans.factory.support.DefaultListableBeanFactory]Creating instance of bean 'org.springframework.context.annotation.internalConfigurationAnnotationProcessor'
[DEBUG][2016-03-19 19:34:58,509][org.springframework.beans.factory.support.DefaultListableBeanFactory]Eagerly caching bean 'org.springframework.context.annotation.internalConfigurationAnnotationProcessor' to allow for resolving potential circular references
[DEBUG][2016-03-19 19:34:58,511][org.springframework.beans.factory.support.DefaultListableBeanFactory]Finished creating instance of bean 'org.springframework.context.annotation.internalConfigurationAnnotationProcessor'
[DEBUG][2016-03-19 19:34:58,511][org.springframework.beans.factory.support.DefaultListableBeanFactory]Creating shared instance of singleton bean 'org.mybatis.spring.mapper.MapperScannerConfigurer#0'
[DEBUG][2016-03-19 19:34:58,511][org.springframework.beans.factory.support.DefaultListableBeanFactory]Creating instance of bean 'org.mybatis.spring.mapper.MapperScannerConfigurer#0'
[DEBUG][2016-03-19 19:34:58,511][org.springframework.beans.factory.support.DefaultListableBeanFactory]Eagerly caching bean 'org.mybatis.spring.mapper.MapperScannerConfigurer#0' to allow for resolving potential circular references
[DEBUG][2016-03-19 19:34:58,536][org.springframework.beans.factory.support.DefaultListableBeanFactory]Invoking afterPropertiesSet() on bean with name 'org.mybatis.spring.mapper.MapperScannerConfigurer#0'
[DEBUG][2016-03-19 19:34:58,536][org.springframework.beans.factory.support.DefaultListableBeanFactory]Finished creating instance of bean 'org.mybatis.spring.mapper.MapperScannerConfigurer#0'
[DEBUG][2016-03-19 19:34:58,573][org.springframework.core.env.StandardEnvironment]Adding [systemProperties] PropertySource with lowest search precedence
[DEBUG][2016-03-19 19:34:58,573][org.springframework.core.env.StandardEnvironment]Adding [systemEnvironment] PropertySource with lowest search precedence
[DEBUG][2016-03-19 19:34:58,574][org.springframework.core.env.StandardEnvironment]Initialized StandardEnvironment with PropertySources [systemProperties,systemEnvironment]
[DEBUG][2016-03-19 19:34:58,575][org.springframework.core.io.support.PathMatchingResourcePatternResolver]Looking for matching resources in directory tree [D:\eclipse-workspace\test\target\classes\sy\dao]
[DEBUG][2016-03-19 19:34:58,575][org.springframework.core.io.support.PathMatchingResourcePatternResolver]Searching directory [D:\eclipse-workspace\test\target\classes\sy\dao] for files matching pattern [D:/eclipse-workspace/test/target/classes/sy/dao/**/*.class]
[DEBUG][2016-03-19 19:34:58,575][org.springframework.core.io.support.PathMatchingResourcePatternResolver]Resolved location pattern [classpath*:sy/dao/**/*.class] to resources [file [D:\eclipse-workspace\test\target\classes\sy\dao\UserMapper.class]]
[DEBUG][2016-03-19 19:34:58,576][org.mybatis.spring.mapper.MapperScannerConfigurer$Scanner]Identified candidate component class: file [D:\eclipse-workspace\test\target\classes\sy\dao\UserMapper.class]
[DEBUG][2016-03-19 19:34:58,576][org.mybatis.spring.mapper.MapperScannerConfigurer$Scanner]Creating MapperFactoryBean with name 'userMapper' and 'sy.dao.UserMapper' mapperInterface
[DEBUG][2016-03-19 19:34:58,578][org.springframework.beans.factory.support.DefaultListableBeanFactory]Creating shared instance of singleton bean 'org.springframework.beans.factory.config.PropertyPlaceholderConfigurer#0'
[DEBUG][2016-03-19 19:34:58,578][org.springframework.beans.factory.support.DefaultListableBeanFactory]Creating instance of bean 'org.springframework.beans.factory.config.PropertyPlaceholderConfigurer#0'
[DEBUG][2016-03-19 19:34:58,579][org.springframework.beans.factory.support.DefaultListableBeanFactory]Eagerly caching bean 'org.springframework.beans.factory.config.PropertyPlaceholderConfigurer#0' to allow for resolving potential circular references
[DEBUG][2016-03-19 19:34:58,585][org.springframework.beans.factory.support.DefaultListableBeanFactory]Finished creating instance of bean 'org.springframework.beans.factory.config.PropertyPlaceholderConfigurer#0'
[INFO][2016-03-19 19:34:58,586][org.springframework.beans.factory.config.PropertyPlaceholderConfigurer]Loading properties file from class path resource [config.properties]
[DEBUG][2016-03-19 19:34:58,591][org.springframework.beans.factory.support.DefaultListableBeanFactory]Creating shared instance of singleton bean 'org.springframework.context.annotation.internalAutowiredAnnotationProcessor'
[DEBUG][2016-03-19 19:34:58,591][org.springframework.beans.factory.support.DefaultListableBeanFactory]Creating instance of bean 'org.springframework.context.annotation.internalAutowiredAnnotationProcessor'
[DEBUG][2016-03-19 19:34:58,591][org.springframework.beans.factory.support.DefaultListableBeanFactory]Eagerly caching bean 'org.springframework.context.annotation.internalAutowiredAnnotationProcessor' to allow for resolving potential circular references
[DEBUG][2016-03-19 19:34:58,592][org.springframework.beans.factory.support.DefaultListableBeanFactory]Finished creating instance of bean 'org.springframework.context.annotation.internalAutowiredAnnotationProcessor'
[DEBUG][2016-03-19 19:34:58,592][org.springframework.beans.factory.support.DefaultListableBeanFactory]Creating shared instance of singleton bean 'org.springframework.context.annotation.internalRequiredAnnotationProcessor'
[DEBUG][2016-03-19 19:34:58,592][org.springframework.beans.factory.support.DefaultListableBeanFactory]Creating instance of bean 'org.springframework.context.annotation.internalRequiredAnnotationProcessor'
[DEBUG][2016-03-19 19:34:58,592][org.springframework.beans.factory.support.DefaultListableBeanFactory]Eagerly caching bean 'org.springframework.context.annotation.internalRequiredAnnotationProcessor' to allow for resolving potential circular references
[DEBUG][2016-03-19 19:34:58,592][org.springframework.beans.factory.support.DefaultListableBeanFactory]Finished creating instance of bean 'org.springframework.context.annotation.internalRequiredAnnotationProcessor'
[DEBUG][2016-03-19 19:34:58,593][org.springframework.beans.factory.support.DefaultListableBeanFactory]Creating shared instance of singleton bean 'org.springframework.context.annotation.internalCommonAnnotationProcessor'
[DEBUG][2016-03-19 19:34:58,593][org.springframework.beans.factory.support.DefaultListableBeanFactory]Creating instance of bean 'org.springframework.context.annotation.internalCommonAnnotationProcessor'
[DEBUG][2016-03-19 19:34:58,596][org.springframework.beans.factory.support.DefaultListableBeanFactory]Eagerly caching bean 'org.springframework.context.annotation.internalCommonAnnotationProcessor' to allow for resolving potential circular references
[DEBUG][2016-03-19 19:34:58,596][org.springframework.beans.factory.support.DefaultListableBeanFactory]Finished creating instance of bean 'org.springframework.context.annotation.internalCommonAnnotationProcessor'
[DEBUG][2016-03-19 19:34:58,596][org.springframework.beans.factory.support.DefaultListableBeanFactory]Creating shared instance of singleton bean 'org.springframework.context.annotation.ConfigurationClassPostProcessor$ImportAwareBeanPostProcessor#0'
[DEBUG][2016-03-19 19:34:58,596][org.springframework.beans.factory.support.DefaultListableBeanFactory]Creating instance of bean 'org.springframework.context.annotation.ConfigurationClassPostProcessor$ImportAwareBeanPostProcessor#0'
[DEBUG][2016-03-19 19:34:58,597][org.springframework.beans.factory.support.DefaultListableBeanFactory]Eagerly caching bean 'org.springframework.context.annotation.ConfigurationClassPostProcessor$ImportAwareBeanPostProcessor#0' to allow for resolving potential circular references
[DEBUG][2016-03-19 19:34:58,597][org.springframework.beans.factory.support.DefaultListableBeanFactory]Finished creating instance of bean 'org.springframework.context.annotation.ConfigurationClassPostProcessor$ImportAwareBeanPostProcessor#0'
[DEBUG][2016-03-19 19:34:58,597][org.springframework.beans.factory.support.DefaultListableBeanFactory]Creating shared instance of singleton bean 'org.springframework.aop.config.internalAutoProxyCreator'
[DEBUG][2016-03-19 19:34:58,597][org.springframework.beans.factory.support.DefaultListableBeanFactory]Creating instance of bean 'org.springframework.aop.config.internalAutoProxyCreator'
[DEBUG][2016-03-19 19:34:58,604][org.springframework.beans.factory.support.DefaultListableBeanFactory]Eagerly caching bean 'org.springframework.aop.config.internalAutoProxyCreator' to allow for resolving potential circular references
[DEBUG][2016-03-19 19:34:58,613][org.springframework.beans.factory.support.DefaultListableBeanFactory]Finished creating instance of bean 'org.springframework.aop.config.internalAutoProxyCreator'
[DEBUG][2016-03-19 19:34:58,615][org.springframework.context.support.GenericApplicationContext]Unable to locate MessageSource with name 'messageSource': using default [org.springframework.context.support.DelegatingMessageSource@29e74f39]
[DEBUG][2016-03-19 19:34:58,617][org.springframework.context.support.GenericApplicationContext]Unable to locate ApplicationEventMulticaster with name 'applicationEventMulticaster': using default [org.springframework.context.event.SimpleApplicationEventMulticaster@76723358]
[INFO][2016-03-19 19:34:58,619][org.springframework.beans.factory.support.DefaultListableBeanFactory]Pre-instantiating singletons in org.springframework.beans.factory.support.DefaultListableBeanFactory@5408ba25: defining beans [userService,org.springframework.context.annotation.internalConfigurationAnnotationProcessor,org.springframework.context.annotation.internalAutowiredAnnotationProcessor,org.springframework.context.annotation.internalRequiredAnnotationProcessor,org.springframework.context.annotation.internalCommonAnnotationProcessor,org.springframework.beans.factory.config.PropertyPlaceholderConfigurer#0,dataSource,sqlSessionFactory,org.mybatis.spring.mapper.MapperScannerConfigurer#0,transactionManager,transactionAdvice,org.springframework.aop.config.internalAutoProxyCreator,transactionPointcut,org.springframework.aop.support.DefaultBeanFactoryPointcutAdvisor#0,druid-stat-interceptor,druid-stat-pointcut,org.springframework.aop.support.DefaultBeanFactoryPointcutAdvisor#1,org.springframework.context.annotation.ConfigurationClassPostProcessor$ImportAwareBeanPostProcessor#0,userMapper]; root of factory hierarchy
[DEBUG][2016-03-19 19:34:58,620][org.springframework.beans.factory.support.DefaultListableBeanFactory]Creating shared instance of singleton bean 'userService'
[DEBUG][2016-03-19 19:34:58,620][org.springframework.beans.factory.support.DefaultListableBeanFactory]Creating instance of bean 'userService'
[DEBUG][2016-03-19 19:34:58,621][org.springframework.beans.factory.support.DefaultListableBeanFactory]Creating shared instance of singleton bean 'org.springframework.aop.support.DefaultBeanFactoryPointcutAdvisor#0'
[DEBUG][2016-03-19 19:34:58,621][org.springframework.beans.factory.support.DefaultListableBeanFactory]Creating instance of bean 'org.springframework.aop.support.DefaultBeanFactoryPointcutAdvisor#0'
[DEBUG][2016-03-19 19:34:58,622][org.springframework.beans.factory.support.DefaultListableBeanFactory]Eagerly caching bean 'org.springframework.aop.support.DefaultBeanFactoryPointcutAdvisor#0' to allow for resolving potential circular references
[DEBUG][2016-03-19 19:34:58,626][org.springframework.beans.factory.support.DefaultListableBeanFactory]Creating instance of bean 'transactionPointcut'
[DEBUG][2016-03-19 19:34:58,631][org.springframework.beans.factory.support.DefaultListableBeanFactory]Finished creating instance of bean 'transactionPointcut'
[DEBUG][2016-03-19 19:34:58,632][org.springframework.beans.factory.support.DefaultListableBeanFactory]Finished creating instance of bean 'org.springframework.aop.support.DefaultBeanFactoryPointcutAdvisor#0'
[DEBUG][2016-03-19 19:34:58,632][org.springframework.beans.factory.support.DefaultListableBeanFactory]Creating shared instance of singleton bean 'org.springframework.aop.support.DefaultBeanFactoryPointcutAdvisor#1'
[DEBUG][2016-03-19 19:34:58,632][org.springframework.beans.factory.support.DefaultListableBeanFactory]Creating instance of bean 'org.springframework.aop.support.DefaultBeanFactoryPointcutAdvisor#1'
[DEBUG][2016-03-19 19:34:58,632][org.springframework.beans.factory.support.DefaultListableBeanFactory]Eagerly caching bean 'org.springframework.aop.support.DefaultBeanFactoryPointcutAdvisor#1' to allow for resolving potential circular references
[DEBUG][2016-03-19 19:34:58,633][org.springframework.beans.factory.support.DefaultListableBeanFactory]Creating instance of bean 'druid-stat-pointcut'
[DEBUG][2016-03-19 19:34:58,633][org.springframework.beans.factory.support.DefaultListableBeanFactory]Returning cached instance of singleton bean 'org.springframework.aop.support.DefaultBeanFactoryPointcutAdvisor#0'
[DEBUG][2016-03-19 19:34:58,647][org.springframework.beans.factory.support.DefaultListableBeanFactory]Returning cached instance of singleton bean 'org.springframework.aop.support.DefaultBeanFactoryPointcutAdvisor#0'
[DEBUG][2016-03-19 19:34:58,647][org.springframework.beans.factory.support.DefaultListableBeanFactory]Returning cached instance of singleton bean 'org.springframework.aop.support.DefaultBeanFactoryPointcutAdvisor#0'
[DEBUG][2016-03-19 19:34:58,776][org.springframework.beans.factory.support.DefaultListableBeanFactory]Finished creating instance of bean 'druid-stat-pointcut'
[DEBUG][2016-03-19 19:34:58,777][org.springframework.beans.factory.support.DefaultListableBeanFactory]Finished creating instance of bean 'org.springframework.aop.support.DefaultBeanFactoryPointcutAdvisor#1'
[DEBUG][2016-03-19 19:34:58,780][org.springframework.beans.factory.annotation.InjectionMetadata]Registered injected element on class [sy.service.UserServiceImpl]: AutowiredMethodElement for public void sy.service.UserServiceImpl.setUserMapper(sy.dao.UserMapper)
[DEBUG][2016-03-19 19:34:58,780][org.springframework.beans.factory.support.DefaultListableBeanFactory]Eagerly caching bean 'userService' to allow for resolving potential circular references
[DEBUG][2016-03-19 19:34:58,780][org.springframework.beans.factory.annotation.InjectionMetadata]Processing injected element of bean 'userService': AutowiredMethodElement for public void sy.service.UserServiceImpl.setUserMapper(sy.dao.UserMapper)
[DEBUG][2016-03-19 19:34:58,781][org.springframework.beans.factory.support.DefaultListableBeanFactory]Returning cached instance of singleton bean 'org.springframework.aop.support.DefaultBeanFactoryPointcutAdvisor#0'
[DEBUG][2016-03-19 19:34:58,781][org.springframework.beans.factory.support.DefaultListableBeanFactory]Returning cached instance of singleton bean 'org.springframework.aop.support.DefaultBeanFactoryPointcutAdvisor#1'
[DEBUG][2016-03-19 19:34:58,785][org.apache.ibatis.logging.LogFactory]Logging initialized using 'class org.apache.ibatis.logging.commons.JakartaCommonsLoggingImpl' adapter.
[DEBUG][2016-03-19 19:34:58,788][org.springframework.beans.factory.support.DefaultListableBeanFactory]Returning cached instance of singleton bean 'org.springframework.aop.support.DefaultBeanFactoryPointcutAdvisor#0'
[DEBUG][2016-03-19 19:34:58,788][org.springframework.beans.factory.support.DefaultListableBeanFactory]Returning cached instance of singleton bean 'org.springframework.aop.support.DefaultBeanFactoryPointcutAdvisor#1'
[DEBUG][2016-03-19 19:34:58,788][org.springframework.beans.factory.support.DefaultListableBeanFactory]Creating shared instance of singleton bean 'userMapper'
[DEBUG][2016-03-19 19:34:58,788][org.springframework.beans.factory.support.DefaultListableBeanFactory]Creating instance of bean 'userMapper'
[DEBUG][2016-03-19 19:34:58,793][org.springframework.beans.factory.annotation.InjectionMetadata]Registered injected element on class [org.mybatis.spring.mapper.MapperFactoryBean]: AutowiredMethodElement for public final void org.mybatis.spring.support.SqlSessionDaoSupport.setSqlSessionTemplate(org.mybatis.spring.SqlSessionTemplate)
[DEBUG][2016-03-19 19:34:58,793][org.springframework.beans.factory.annotation.InjectionMetadata]Registered injected element on class [org.mybatis.spring.mapper.MapperFactoryBean]: AutowiredMethodElement for public final void org.mybatis.spring.support.SqlSessionDaoSupport.setSqlSessionFactory(org.apache.ibatis.session.SqlSessionFactory)
[DEBUG][2016-03-19 19:34:58,793][org.springframework.beans.factory.support.DefaultListableBeanFactory]Eagerly caching bean 'userMapper' to allow for resolving potential circular references
[DEBUG][2016-03-19 19:34:58,794][org.springframework.beans.factory.annotation.InjectionMetadata]Processing injected element of bean 'userMapper': AutowiredMethodElement for public final void org.mybatis.spring.support.SqlSessionDaoSupport.setSqlSessionTemplate(org.mybatis.spring.SqlSessionTemplate)
[DEBUG][2016-03-19 19:34:58,794][org.springframework.beans.factory.support.DefaultListableBeanFactory]Returning cached instance of singleton bean 'org.springframework.aop.support.DefaultBeanFactoryPointcutAdvisor#0'
[DEBUG][2016-03-19 19:34:58,794][org.springframework.beans.factory.support.DefaultListableBeanFactory]Returning cached instance of singleton bean 'org.springframework.aop.support.DefaultBeanFactoryPointcutAdvisor#1'
[DEBUG][2016-03-19 19:34:58,794][org.springframework.beans.factory.support.DefaultListableBeanFactory]Returning cached instance of singleton bean 'org.springframework.aop.support.DefaultBeanFactoryPointcutAdvisor#0'
[DEBUG][2016-03-19 19:34:58,794][org.springframework.beans.factory.support.DefaultListableBeanFactory]Returning cached instance of singleton bean 'org.springframework.aop.support.DefaultBeanFactoryPointcutAdvisor#1'
[DEBUG][2016-03-19 19:34:58,799][org.springframework.beans.factory.support.DefaultListableBeanFactory]Returning eagerly cached instance of singleton bean 'userMapper' that is not fully initialized yet - a consequence of a circular reference
[DEBUG][2016-03-19 19:34:58,800][org.springframework.beans.factory.annotation.InjectionMetadata]Processing injected element of bean 'userMapper': AutowiredMethodElement for public final void org.mybatis.spring.support.SqlSessionDaoSupport.setSqlSessionFactory(org.apache.ibatis.session.SqlSessionFactory)
[DEBUG][2016-03-19 19:34:58,800][org.springframework.beans.factory.support.DefaultListableBeanFactory]Creating shared instance of singleton bean 'sqlSessionFactory'
[DEBUG][2016-03-19 19:34:58,800][org.springframework.beans.factory.support.DefaultListableBeanFactory]Creating instance of bean 'sqlSessionFactory'
[DEBUG][2016-03-19 19:34:58,801][org.springframework.beans.factory.support.DefaultListableBeanFactory]Eagerly caching bean 'sqlSessionFactory' to allow for resolving potential circular references
[DEBUG][2016-03-19 19:34:58,804][org.springframework.beans.factory.support.DefaultListableBeanFactory]Creating shared instance of singleton bean 'dataSource'
[DEBUG][2016-03-19 19:34:58,804][org.springframework.beans.factory.support.DefaultListableBeanFactory]Creating instance of bean 'dataSource'
[DEBUG][2016-03-19 19:34:58,804][org.springframework.beans.factory.support.DefaultListableBeanFactory]Returning cached instance of singleton bean 'org.springframework.aop.support.DefaultBeanFactoryPointcutAdvisor#0'
[DEBUG][2016-03-19 19:34:58,804][org.springframework.beans.factory.support.DefaultListableBeanFactory]Returning cached instance of singleton bean 'org.springframework.aop.support.DefaultBeanFactoryPointcutAdvisor#1'
[DEBUG][2016-03-19 19:34:58,834][org.springframework.beans.factory.support.DefaultListableBeanFactory]Eagerly caching bean 'dataSource' to allow for resolving potential circular references
[ERROR][2016-03-19 19:34:58,870][com.alibaba.druid.pool.DruidAbstractDataSource]maxIdle is deprecated
[DEBUG][2016-03-19 19:34:58,884][org.springframework.beans.factory.support.DefaultListableBeanFactory]Invoking init method  'init' on bean with name 'dataSource'
[INFO][2016-03-19 19:34:58,950][com.alibaba.druid.pool.DruidDataSource]{dataSource-1} inited
[DEBUG][2016-03-19 19:34:58,950][org.springframework.beans.factory.support.DefaultListableBeanFactory]Returning cached instance of singleton bean 'org.springframework.aop.support.DefaultBeanFactoryPointcutAdvisor#0'
[DEBUG][2016-03-19 19:34:58,950][org.springframework.beans.factory.support.DefaultListableBeanFactory]Returning cached instance of singleton bean 'org.springframework.aop.support.DefaultBeanFactoryPointcutAdvisor#1'
[DEBUG][2016-03-19 19:34:58,950][org.springframework.beans.factory.support.DefaultListableBeanFactory]Returning cached instance of singleton bean 'org.springframework.aop.support.DefaultBeanFactoryPointcutAdvisor#0'
[DEBUG][2016-03-19 19:34:58,951][org.springframework.beans.factory.support.DefaultListableBeanFactory]Returning cached instance of singleton bean 'org.springframework.aop.support.DefaultBeanFactoryPointcutAdvisor#1'
[DEBUG][2016-03-19 19:34:59,042][org.springframework.beans.factory.support.DefaultListableBeanFactory]Finished creating instance of bean 'dataSource'
[DEBUG][2016-03-19 19:34:59,043][org.springframework.core.io.support.PathMatchingResourcePatternResolver]Looking for matching resources in directory tree [D:\eclipse-workspace\test\target\classes\sy\mapping]
[DEBUG][2016-03-19 19:34:59,043][org.springframework.core.io.support.PathMatchingResourcePatternResolver]Searching directory [D:\eclipse-workspace\test\target\classes\sy\mapping] for files matching pattern [D:/eclipse-workspace/test/target/classes/sy/mapping/*.xml]
[DEBUG][2016-03-19 19:34:59,044][org.springframework.core.io.support.PathMatchingResourcePatternResolver]Resolved location pattern [classpath:sy/mapping/*.xml] to resources [file [D:\eclipse-workspace\test\target\classes\sy\mapping\UserMapper.xml]]
[DEBUG][2016-03-19 19:34:59,045][org.springframework.beans.factory.support.DefaultListableBeanFactory]Invoking afterPropertiesSet() on bean with name 'sqlSessionFactory'
[DEBUG][2016-03-19 19:34:59,045][org.mybatis.spring.SqlSessionFactoryBean]Property 'configLocation' not specified, using default MyBatis Configuration
[DEBUG][2016-03-19 19:34:59,342][org.mybatis.spring.SqlSessionFactoryBean]Parsed mapper file: 'file [D:\eclipse-workspace\test\target\classes\sy\mapping\UserMapper.xml]'
[DEBUG][2016-03-19 19:34:59,342][org.springframework.beans.factory.support.DefaultListableBeanFactory]Returning cached instance of singleton bean 'org.springframework.aop.support.DefaultBeanFactoryPointcutAdvisor#0'
[DEBUG][2016-03-19 19:34:59,343][org.springframework.beans.factory.support.DefaultListableBeanFactory]Returning cached instance of singleton bean 'org.springframework.aop.support.DefaultBeanFactoryPointcutAdvisor#1'
[DEBUG][2016-03-19 19:34:59,343][org.springframework.beans.factory.support.DefaultListableBeanFactory]Returning cached instance of singleton bean 'org.springframework.aop.support.DefaultBeanFactoryPointcutAdvisor#0'
[DEBUG][2016-03-19 19:34:59,343][org.springframework.beans.factory.support.DefaultListableBeanFactory]Returning cached instance of singleton bean 'org.springframework.aop.support.DefaultBeanFactoryPointcutAdvisor#1'
[DEBUG][2016-03-19 19:34:59,348][org.springframework.beans.factory.support.DefaultListableBeanFactory]Finished creating instance of bean 'sqlSessionFactory'
[DEBUG][2016-03-19 19:34:59,348][org.springframework.beans.factory.support.DefaultListableBeanFactory]Returning cached instance of singleton bean 'org.springframework.aop.support.DefaultBeanFactoryPointcutAdvisor#0'
[DEBUG][2016-03-19 19:34:59,348][org.springframework.beans.factory.support.DefaultListableBeanFactory]Returning cached instance of singleton bean 'org.springframework.aop.support.DefaultBeanFactoryPointcutAdvisor#1'
[DEBUG][2016-03-19 19:34:59,348][org.springframework.beans.factory.support.DefaultListableBeanFactory]Returning cached instance of singleton bean 'org.springframework.aop.support.DefaultBeanFactoryPointcutAdvisor#0'
[DEBUG][2016-03-19 19:34:59,348][org.springframework.beans.factory.support.DefaultListableBeanFactory]Returning cached instance of singleton bean 'org.springframework.aop.support.DefaultBeanFactoryPointcutAdvisor#1'
[DEBUG][2016-03-19 19:34:59,358][org.springframework.beans.factory.support.DefaultListableBeanFactory]Invoking afterPropertiesSet() on bean with name 'userMapper'
[DEBUG][2016-03-19 19:34:59,358][org.springframework.beans.factory.support.DefaultListableBeanFactory]Finished creating instance of bean 'userMapper'
[DEBUG][2016-03-19 19:34:59,358][org.springframework.beans.factory.support.DefaultListableBeanFactory]Returning cached instance of singleton bean 'userMapper'
[DEBUG][2016-03-19 19:34:59,360][org.springframework.beans.factory.support.DefaultListableBeanFactory]Returning cached instance of singleton bean 'org.springframework.aop.support.DefaultBeanFactoryPointcutAdvisor#0'
[DEBUG][2016-03-19 19:34:59,360][org.springframework.beans.factory.support.DefaultListableBeanFactory]Returning cached instance of singleton bean 'org.springframework.aop.support.DefaultBeanFactoryPointcutAdvisor#1'
[DEBUG][2016-03-19 19:34:59,360][org.springframework.beans.factory.support.DefaultListableBeanFactory]Returning cached instance of singleton bean 'org.springframework.aop.support.DefaultBeanFactoryPointcutAdvisor#0'
[DEBUG][2016-03-19 19:34:59,360][org.springframework.beans.factory.support.DefaultListableBeanFactory]Returning cached instance of singleton bean 'org.springframework.aop.support.DefaultBeanFactoryPointcutAdvisor#1'
[DEBUG][2016-03-19 19:34:59,363][org.springframework.beans.factory.annotation.AutowiredAnnotationBeanPostProcessor]Autowiring by type from bean name 'userService' to bean named 'userMapper'
[DEBUG][2016-03-19 19:34:59,364][org.springframework.beans.factory.support.DefaultListableBeanFactory]Returning cached instance of singleton bean 'org.springframework.aop.support.DefaultBeanFactoryPointcutAdvisor#0'
[DEBUG][2016-03-19 19:34:59,364][org.springframework.beans.factory.support.DefaultListableBeanFactory]Returning cached instance of singleton bean 'org.springframework.aop.support.DefaultBeanFactoryPointcutAdvisor#1'
[DEBUG][2016-03-19 19:34:59,364][org.springframework.beans.factory.support.DefaultListableBeanFactory]Returning cached instance of singleton bean 'org.springframework.aop.support.DefaultBeanFactoryPointcutAdvisor#0'
[DEBUG][2016-03-19 19:34:59,364][org.springframework.beans.factory.support.DefaultListableBeanFactory]Returning cached instance of singleton bean 'org.springframework.aop.support.DefaultBeanFactoryPointcutAdvisor#1'
[DEBUG][2016-03-19 19:34:59,366][org.springframework.beans.factory.support.DefaultListableBeanFactory]Creating shared instance of singleton bean 'transactionAdvice'
[DEBUG][2016-03-19 19:34:59,366][org.springframework.beans.factory.support.DefaultListableBeanFactory]Creating instance of bean 'transactionAdvice'
[DEBUG][2016-03-19 19:34:59,368][org.springframework.beans.factory.support.DefaultListableBeanFactory]Eagerly caching bean 'transactionAdvice' to allow for resolving potential circular references
[DEBUG][2016-03-19 19:34:59,371][org.springframework.beans.factory.support.DefaultListableBeanFactory]Creating shared instance of singleton bean 'transactionManager'
[DEBUG][2016-03-19 19:34:59,371][org.springframework.beans.factory.support.DefaultListableBeanFactory]Creating instance of bean 'transactionManager'
[DEBUG][2016-03-19 19:34:59,371][org.springframework.beans.factory.support.DefaultListableBeanFactory]Returning cached instance of singleton bean 'org.springframework.aop.support.DefaultBeanFactoryPointcutAdvisor#0'
[DEBUG][2016-03-19 19:34:59,371][org.springframework.beans.factory.support.DefaultListableBeanFactory]Returning cached instance of singleton bean 'org.springframework.aop.support.DefaultBeanFactoryPointcutAdvisor#1'
[DEBUG][2016-03-19 19:34:59,375][org.springframework.beans.factory.support.DefaultListableBeanFactory]Eagerly caching bean 'transactionManager' to allow for resolving potential circular references
[DEBUG][2016-03-19 19:34:59,378][org.springframework.beans.factory.support.DefaultListableBeanFactory]Returning cached instance of singleton bean 'dataSource'
[DEBUG][2016-03-19 19:34:59,378][org.springframework.beans.factory.support.DefaultListableBeanFactory]Invoking afterPropertiesSet() on bean with name 'transactionManager'
[DEBUG][2016-03-19 19:34:59,378][org.springframework.beans.factory.support.DefaultListableBeanFactory]Returning cached instance of singleton bean 'org.springframework.aop.support.DefaultBeanFactoryPointcutAdvisor#0'
[DEBUG][2016-03-19 19:34:59,378][org.springframework.beans.factory.support.DefaultListableBeanFactory]Returning cached instance of singleton bean 'org.springframework.aop.support.DefaultBeanFactoryPointcutAdvisor#1'
[DEBUG][2016-03-19 19:34:59,379][org.springframework.beans.factory.support.DefaultListableBeanFactory]Returning cached instance of singleton bean 'org.springframework.aop.support.DefaultBeanFactoryPointcutAdvisor#0'
[DEBUG][2016-03-19 19:34:59,379][org.springframework.beans.factory.support.DefaultListableBeanFactory]Returning cached instance of singleton bean 'org.springframework.aop.support.DefaultBeanFactoryPointcutAdvisor#1'
[DEBUG][2016-03-19 19:34:59,383][org.springframework.beans.factory.support.DefaultListableBeanFactory]Finished creating instance of bean 'transactionManager'
[DEBUG][2016-03-19 19:34:59,384][org.springframework.beans.factory.support.DefaultListableBeanFactory]Creating instance of bean '(inner bean)#13924172'
[DEBUG][2016-03-19 19:34:59,384][org.springframework.beans.factory.support.DefaultListableBeanFactory]Returning cached instance of singleton bean 'org.springframework.aop.support.DefaultBeanFactoryPointcutAdvisor#0'
[DEBUG][2016-03-19 19:34:59,384][org.springframework.beans.factory.support.DefaultListableBeanFactory]Returning cached instance of singleton bean 'org.springframework.aop.support.DefaultBeanFactoryPointcutAdvisor#1'
[DEBUG][2016-03-19 19:34:59,389][org.springframework.transaction.interceptor.NameMatchTransactionAttributeSource]Adding transactional method [add*] with attribute [PROPAGATION_REQUIRED,ISOLATION_DEFAULT]
[DEBUG][2016-03-19 19:34:59,389][org.springframework.transaction.interceptor.NameMatchTransactionAttributeSource]Adding transactional method [append*] with attribute [PROPAGATION_REQUIRED,ISOLATION_DEFAULT]
[DEBUG][2016-03-19 19:34:59,389][org.springframework.transaction.interceptor.NameMatchTransactionAttributeSource]Adding transactional method [insert*] with attribute [PROPAGATION_REQUIRED,ISOLATION_DEFAULT]
[DEBUG][2016-03-19 19:34:59,390][org.springframework.transaction.interceptor.NameMatchTransactionAttributeSource]Adding transactional method [save*] with attribute [PROPAGATION_REQUIRED,ISOLATION_DEFAULT]
[DEBUG][2016-03-19 19:34:59,390][org.springframework.transaction.interceptor.NameMatchTransactionAttributeSource]Adding transactional method [update*] with attribute [PROPAGATION_REQUIRED,ISOLATION_DEFAULT]
[DEBUG][2016-03-19 19:34:59,390][org.springframework.transaction.interceptor.NameMatchTransactionAttributeSource]Adding transactional method [modify*] with attribute [PROPAGATION_REQUIRED,ISOLATION_DEFAULT]
[DEBUG][2016-03-19 19:34:59,390][org.springframework.transaction.interceptor.NameMatchTransactionAttributeSource]Adding transactional method [edit*] with attribute [PROPAGATION_REQUIRED,ISOLATION_DEFAULT]
[DEBUG][2016-03-19 19:34:59,390][org.springframework.transaction.interceptor.NameMatchTransactionAttributeSource]Adding transactional method [delete*] with attribute [PROPAGATION_REQUIRED,ISOLATION_DEFAULT]
[DEBUG][2016-03-19 19:34:59,390][org.springframework.transaction.interceptor.NameMatchTransactionAttributeSource]Adding transactional method [remove*] with attribute [PROPAGATION_REQUIRED,ISOLATION_DEFAULT]
[DEBUG][2016-03-19 19:34:59,390][org.springframework.transaction.interceptor.NameMatchTransactionAttributeSource]Adding transactional method [repair] with attribute [PROPAGATION_REQUIRED,ISOLATION_DEFAULT]
[DEBUG][2016-03-19 19:34:59,390][org.springframework.transaction.interceptor.NameMatchTransactionAttributeSource]Adding transactional method [delAndRepair] with attribute [PROPAGATION_REQUIRED,ISOLATION_DEFAULT]
[DEBUG][2016-03-19 19:34:59,390][org.springframework.transaction.interceptor.NameMatchTransactionAttributeSource]Adding transactional method [get*] with attribute [PROPAGATION_SUPPORTS,ISOLATION_DEFAULT]
[DEBUG][2016-03-19 19:34:59,391][org.springframework.transaction.interceptor.NameMatchTransactionAttributeSource]Adding transactional method [find*] with attribute [PROPAGATION_SUPPORTS,ISOLATION_DEFAULT]
[DEBUG][2016-03-19 19:34:59,391][org.springframework.transaction.interceptor.NameMatchTransactionAttributeSource]Adding transactional method [load*] with attribute [PROPAGATION_SUPPORTS,ISOLATION_DEFAULT]
[DEBUG][2016-03-19 19:34:59,391][org.springframework.transaction.interceptor.NameMatchTransactionAttributeSource]Adding transactional method [search*] with attribute [PROPAGATION_SUPPORTS,ISOLATION_DEFAULT]
[DEBUG][2016-03-19 19:34:59,391][org.springframework.transaction.interceptor.NameMatchTransactionAttributeSource]Adding transactional method [datagrid*] with attribute [PROPAGATION_SUPPORTS,ISOLATION_DEFAULT]
[DEBUG][2016-03-19 19:34:59,391][org.springframework.transaction.interceptor.NameMatchTransactionAttributeSource]Adding transactional method [*] with attribute [PROPAGATION_SUPPORTS,ISOLATION_DEFAULT]
[DEBUG][2016-03-19 19:34:59,391][org.springframework.beans.factory.support.DefaultListableBeanFactory]Returning cached instance of singleton bean 'org.springframework.aop.support.DefaultBeanFactoryPointcutAdvisor#0'
[DEBUG][2016-03-19 19:34:59,391][org.springframework.beans.factory.support.DefaultListableBeanFactory]Returning cached instance of singleton bean 'org.springframework.aop.support.DefaultBeanFactoryPointcutAdvisor#1'
[DEBUG][2016-03-19 19:34:59,391][org.springframework.beans.factory.support.DefaultListableBeanFactory]Returning cached instance of singleton bean 'org.springframework.aop.support.DefaultBeanFactoryPointcutAdvisor#0'
[DEBUG][2016-03-19 19:34:59,391][org.springframework.beans.factory.support.DefaultListableBeanFactory]Returning cached instance of singleton bean 'org.springframework.aop.support.DefaultBeanFactoryPointcutAdvisor#1'
[DEBUG][2016-03-19 19:34:59,393][org.springframework.beans.factory.support.DefaultListableBeanFactory]Finished creating instance of bean '(inner bean)#13924172'
[DEBUG][2016-03-19 19:34:59,393][org.springframework.beans.factory.support.DefaultListableBeanFactory]Invoking afterPropertiesSet() on bean with name 'transactionAdvice'
[DEBUG][2016-03-19 19:34:59,393][org.springframework.beans.factory.support.DefaultListableBeanFactory]Finished creating instance of bean 'transactionAdvice'
[DEBUG][2016-03-19 19:34:59,394][org.springframework.beans.factory.support.DefaultListableBeanFactory]Creating shared instance of singleton bean 'druid-stat-interceptor'
[DEBUG][2016-03-19 19:34:59,394][org.springframework.beans.factory.support.DefaultListableBeanFactory]Creating instance of bean 'druid-stat-interceptor'
[DEBUG][2016-03-19 19:34:59,396][org.springframework.beans.factory.support.DefaultListableBeanFactory]Eagerly caching bean 'druid-stat-interceptor' to allow for resolving potential circular references
[DEBUG][2016-03-19 19:34:59,397][org.springframework.beans.factory.support.DefaultListableBeanFactory]Invoking afterPropertiesSet() on bean with name 'druid-stat-interceptor'
[DEBUG][2016-03-19 19:34:59,398][org.springframework.beans.factory.support.DefaultListableBeanFactory]Finished creating instance of bean 'druid-stat-interceptor'
[DEBUG][2016-03-19 19:34:59,405][org.springframework.aop.aspectj.autoproxy.AspectJAwareAdvisorAutoProxyCreator]Creating implicit proxy for bean 'userService' with 0 common interceptors and 3 specific interceptors
[DEBUG][2016-03-19 19:34:59,406][org.springframework.aop.framework.JdkDynamicAopProxy]Creating JDK dynamic proxy: target source is SingletonTargetSource for target object [sy.service.UserServiceImpl@38359154]
[DEBUG][2016-03-19 19:34:59,410][org.springframework.beans.factory.support.DefaultListableBeanFactory]Finished creating instance of bean 'userService'
[DEBUG][2016-03-19 19:34:59,410][org.springframework.beans.factory.support.DefaultListableBeanFactory]Returning cached instance of singleton bean 'org.springframework.context.annotation.internalConfigurationAnnotationProcessor'
[DEBUG][2016-03-19 19:34:59,410][org.springframework.beans.factory.support.DefaultListableBeanFactory]Returning cached instance of singleton bean 'org.springframework.context.annotation.internalAutowiredAnnotationProcessor'
[DEBUG][2016-03-19 19:34:59,410][org.springframework.beans.factory.support.DefaultListableBeanFactory]Returning cached instance of singleton bean 'org.springframework.context.annotation.internalRequiredAnnotationProcessor'
[DEBUG][2016-03-19 19:34:59,410][org.springframework.beans.factory.support.DefaultListableBeanFactory]Returning cached instance of singleton bean 'org.springframework.context.annotation.internalCommonAnnotationProcessor'
[DEBUG][2016-03-19 19:34:59,410][org.springframework.beans.factory.support.DefaultListableBeanFactory]Returning cached instance of singleton bean 'org.springframework.beans.factory.config.PropertyPlaceholderConfigurer#0'
[DEBUG][2016-03-19 19:34:59,410][org.springframework.beans.factory.support.DefaultListableBeanFactory]Returning cached instance of singleton bean 'dataSource'
[DEBUG][2016-03-19 19:34:59,410][org.springframework.beans.factory.support.DefaultListableBeanFactory]Returning cached instance of singleton bean 'sqlSessionFactory'
[DEBUG][2016-03-19 19:34:59,411][org.springframework.beans.factory.support.DefaultListableBeanFactory]Returning cached instance of singleton bean 'org.mybatis.spring.mapper.MapperScannerConfigurer#0'
[DEBUG][2016-03-19 19:34:59,420][org.springframework.beans.factory.support.DefaultListableBeanFactory]Returning cached instance of singleton bean 'transactionManager'
[DEBUG][2016-03-19 19:34:59,420][org.springframework.beans.factory.support.DefaultListableBeanFactory]Returning cached instance of singleton bean 'transactionAdvice'
[DEBUG][2016-03-19 19:34:59,420][org.springframework.beans.factory.support.DefaultListableBeanFactory]Returning cached instance of singleton bean 'org.springframework.aop.config.internalAutoProxyCreator'
[DEBUG][2016-03-19 19:34:59,420][org.springframework.beans.factory.support.DefaultListableBeanFactory]Returning cached instance of singleton bean 'org.springframework.aop.support.DefaultBeanFactoryPointcutAdvisor#0'
[DEBUG][2016-03-19 19:34:59,420][org.springframework.beans.factory.support.DefaultListableBeanFactory]Returning cached instance of singleton bean 'druid-stat-interceptor'
[DEBUG][2016-03-19 19:34:59,420][org.springframework.beans.factory.support.DefaultListableBeanFactory]Returning cached instance of singleton bean 'org.springframework.aop.support.DefaultBeanFactoryPointcutAdvisor#1'
[DEBUG][2016-03-19 19:34:59,420][org.springframework.beans.factory.support.DefaultListableBeanFactory]Returning cached instance of singleton bean 'org.springframework.context.annotation.ConfigurationClassPostProcessor$ImportAwareBeanPostProcessor#0'
[DEBUG][2016-03-19 19:34:59,420][org.springframework.beans.factory.support.DefaultListableBeanFactory]Returning cached instance of singleton bean 'userMapper'
[DEBUG][2016-03-19 19:34:59,422][org.springframework.context.support.GenericApplicationContext]Unable to locate LifecycleProcessor with name 'lifecycleProcessor': using default [org.springframework.context.support.DefaultLifecycleProcessor@2324279c]
[DEBUG][2016-03-19 19:34:59,422][org.springframework.beans.factory.support.DefaultListableBeanFactory]Returning cached instance of singleton bean 'lifecycleProcessor'
[DEBUG][2016-03-19 19:34:59,423][org.springframework.beans.factory.support.DefaultListableBeanFactory]Returning cached instance of singleton bean 'sqlSessionFactory'
[DEBUG][2016-03-19 19:34:59,423][org.springframework.test.context.CacheAwareContextLoaderDelegate]Storing ApplicationContext in cache under key [[MergedContextConfiguration@259f1b1d testClass = TestUtil, locations = '{classpath:spring.xml, classpath:spring-mybatis.xml}', classes = '{}', contextInitializerClasses = '[]', activeProfiles = '{}', contextLoader = 'org.springframework.test.context.support.DelegatingSmartContextLoader', parent = [null]]]
[DEBUG][2016-03-19 19:34:59,424][org.springframework.test.context.cache]Spring test ApplicationContext cache statistics: [ContextCache@25de2fe5 size = 1, hitCount = 0, missCount = 1, parentContextCount = 0]
[DEBUG][2016-03-19 19:34:59,425][org.springframework.beans.factory.annotation.InjectionMetadata]Processing injected element of bean 'sy.test.TestUtil': AutowiredMethodElement for public void sy.test.TestUtil.setUserService(sy.service.UserServiceI)
[DEBUG][2016-03-19 19:34:59,426][org.springframework.beans.factory.support.DefaultListableBeanFactory]Returning cached instance of singleton bean 'userService'
[DEBUG][2016-03-19 19:34:59,426][org.springframework.beans.factory.annotation.AutowiredAnnotationBeanPostProcessor]Autowiring by type from bean name 'sy.test.TestUtil' to bean named 'userService'
[DEBUG][2016-03-19 19:34:59,426][org.springframework.beans.factory.support.DefaultListableBeanFactory]Returning cached instance of singleton bean 'org.springframework.aop.support.DefaultBeanFactoryPointcutAdvisor#0'
[DEBUG][2016-03-19 19:34:59,426][org.springframework.beans.factory.support.DefaultListableBeanFactory]Returning cached instance of singleton bean 'org.springframework.aop.support.DefaultBeanFactoryPointcutAdvisor#1'
[DEBUG][2016-03-19 19:34:59,426][org.springframework.beans.factory.support.DefaultListableBeanFactory]Returning cached instance of singleton bean 'org.springframework.aop.support.DefaultBeanFactoryPointcutAdvisor#0'
[DEBUG][2016-03-19 19:34:59,426][org.springframework.beans.factory.support.DefaultListableBeanFactory]Returning cached instance of singleton bean 'org.springframework.aop.support.DefaultBeanFactoryPointcutAdvisor#1'
[DEBUG][2016-03-19 19:34:59,441][org.mybatis.spring.SqlSessionUtils]Creating a new SqlSession
[DEBUG][2016-03-19 19:34:59,445][org.mybatis.spring.SqlSessionUtils]Registering transaction synchronization for SqlSession [org.apache.ibatis.session.defaults.DefaultSqlSession@5ff80a46]
[DEBUG][2016-03-19 19:34:59,454][org.springframework.jdbc.datasource.DataSourceUtils]Fetching JDBC Connection from DataSource
[DEBUG][2016-03-19 19:34:59,454][org.springframework.jdbc.datasource.DataSourceUtils]Registering transaction synchronization for JDBC Connection
[DEBUG][2016-03-19 19:34:59,455][org.mybatis.spring.transaction.SpringManagedTransaction]JDBC Connection [com.alibaba.druid.proxy.jdbc.ConnectionProxyImpl@66ae2a84] will be managed by Spring
[DEBUG][2016-03-19 19:34:59,462][sy.dao.UserMapper.getUserById]==>  Preparing: select id, userName, userAge, userAddress from user where id = ? 
[DEBUG][2016-03-19 19:34:59,562][sy.dao.UserMapper.getUserById]==> Parameters: 1(Integer)
[DEBUG][2016-03-19 19:34:59,581][sy.dao.UserMapper.getUserById]<==      Total: 1
[DEBUG][2016-03-19 19:34:59,582][org.mybatis.spring.SqlSessionUtils]Releasing transactional SqlSession [org.apache.ibatis.session.defaults.DefaultSqlSession@5ff80a46]
[DEBUG][2016-03-19 19:34:59,582][org.mybatis.spring.SqlSessionUtils]Transaction synchronization closing SqlSession [org.apache.ibatis.session.defaults.DefaultSqlSession@5ff80a46]
[DEBUG][2016-03-19 19:34:59,583][org.springframework.jdbc.datasource.DataSourceUtils]Returning JDBC Connection to DataSource
[INFO][2016-03-19 19:34:59,639][sy.test.TestUtil]{"id":1,"useraddress":"shanghai,pudong","userage":100,"username":"summer"}
[DEBUG][2016-03-19 19:34:59,640][org.springframework.test.context.support.DirtiesContextTestExecutionListener]After test method: context [[TestContext@69ed790e testClass = TestUtil, testInstance = sy.test.TestUtil@65a6bc76, testMethod = test@TestUtil, testException = [null], mergedContextConfiguration = [MergedContextConfiguration@259f1b1d testClass = TestUtil, locations = '{classpath:spring.xml, classpath:spring-mybatis.xml}', classes = '{}', contextInitializerClasses = '[]', activeProfiles = '{}', contextLoader = 'org.springframework.test.context.support.DelegatingSmartContextLoader', parent = [null]]]], class dirties context [false], class mode [null], method dirties context [false].
[DEBUG][2016-03-19 19:34:59,641][org.springframework.test.context.support.DirtiesContextTestExecutionListener]After test class: context [[TestContext@69ed790e testClass = TestUtil, testInstance = [null], testMethod = [null], testException = [null], mergedContextConfiguration = [MergedContextConfiguration@259f1b1d testClass = TestUtil, locations = '{classpath:spring.xml, classpath:spring-mybatis.xml}', classes = '{}', contextInitializerClasses = '[]', activeProfiles = '{}', contextLoader = 'org.springframework.test.context.support.DelegatingSmartContextLoader', parent = [null]]]], dirtiesContext [false].
[INFO][2016-03-19 19:34:59,642][org.springframework.context.support.GenericApplicationContext]Closing org.springframework.context.support.GenericApplicationContext@76768931: startup date [Sat Mar 19 19:34:58 CST 2016]; root of context hierarchy
[DEBUG][2016-03-19 19:34:59,642][org.springframework.beans.factory.support.DefaultListableBeanFactory]Returning cached instance of singleton bean 'sqlSessionFactory'
[DEBUG][2016-03-19 19:34:59,642][org.springframework.beans.factory.support.DefaultListableBeanFactory]Returning cached instance of singleton bean 'lifecycleProcessor'
[INFO][2016-03-19 19:34:59,643][org.springframework.beans.factory.support.DefaultListableBeanFactory]Destroying singletons in org.springframework.beans.factory.support.DefaultListableBeanFactory@5408ba25: defining beans [userService,org.springframework.context.annotation.internalConfigurationAnnotationProcessor,org.springframework.context.annotation.internalAutowiredAnnotationProcessor,org.springframework.context.annotation.internalRequiredAnnotationProcessor,org.springframework.context.annotation.internalCommonAnnotationProcessor,org.springframework.beans.factory.config.PropertyPlaceholderConfigurer#0,dataSource,sqlSessionFactory,org.mybatis.spring.mapper.MapperScannerConfigurer#0,transactionManager,transactionAdvice,org.springframework.aop.config.internalAutoProxyCreator,transactionPointcut,org.springframework.aop.support.DefaultBeanFactoryPointcutAdvisor#0,druid-stat-interceptor,druid-stat-pointcut,org.springframework.aop.support.DefaultBeanFactoryPointcutAdvisor#1,org.springframework.context.annotation.ConfigurationClassPostProcessor$ImportAwareBeanPostProcessor#0,userMapper]; root of factory hierarchy
[DEBUG][2016-03-19 19:34:59,643][org.springframework.beans.factory.support.DefaultListableBeanFactory]Retrieved dependent beans for bean 'userService': [sy.test.TestUtil]
[DEBUG][2016-03-19 19:34:59,643][org.springframework.beans.factory.support.DisposableBeanAdapter]Invoking destroy() on bean with name 'druid-stat-interceptor'
[DEBUG][2016-03-19 19:34:59,643][org.springframework.beans.factory.support.DefaultListableBeanFactory]Retrieved dependent beans for bean '(inner bean)#13924172': [transactionAdvice]
[DEBUG][2016-03-19 19:34:59,643][org.springframework.beans.factory.support.DisposableBeanAdapter]Invoking destroy method 'close' on bean with name 'dataSource'
[INFO][2016-03-19 19:34:59,646][com.alibaba.druid.pool.DruidDataSource]{dataSource-1} closed
[DEBUG][2016-03-19 19:48:12,414][org.springframework.test.context.junit4.SpringJUnit4ClassRunner]SpringJUnit4ClassRunner constructor called with [class sy.test.TestUtil].
[DEBUG][2016-03-19 19:48:12,454][org.springframework.test.context.support.AbstractDelegatingSmartContextLoader]Delegating to GenericXmlContextLoader to process context configuration [ContextConfigurationAttributes@2006eb91 declaringClass = 'sy.test.TestUtil', classes = '{}', locations = '{classpath:spring.xml, classpath:spring-mybatis.xml}', inheritLocations = true, initializers = '{}', inheritInitializers = true, name = [null], contextLoaderClass = 'org.springframework.test.context.ContextLoader'].
[DEBUG][2016-03-19 19:48:12,456][org.springframework.test.context.ContextLoaderUtils]Could not find an 'annotation declaring class' for annotation type [org.springframework.test.context.ActiveProfiles] and class [sy.test.TestUtil]
[DEBUG][2016-03-19 19:48:12,457][org.springframework.test.context.TestContextManager]@TestExecutionListeners is not present for class [sy.test.TestUtil]: using defaults.
[DEBUG][2016-03-19 19:48:12,475][org.springframework.test.annotation.ProfileValueUtils]Retrieved @ProfileValueSourceConfiguration [null] for test class [sy.test.TestUtil]
[DEBUG][2016-03-19 19:48:12,475][org.springframework.test.annotation.ProfileValueUtils]Retrieved ProfileValueSource type [class org.springframework.test.annotation.SystemProfileValueSource] for class [sy.test.TestUtil]
[DEBUG][2016-03-19 19:48:12,476][org.springframework.test.annotation.ProfileValueUtils]Retrieved @ProfileValueSourceConfiguration [null] for test class [sy.test.TestUtil]
[DEBUG][2016-03-19 19:48:12,476][org.springframework.test.annotation.ProfileValueUtils]Retrieved ProfileValueSource type [class org.springframework.test.annotation.SystemProfileValueSource] for class [sy.test.TestUtil]
[DEBUG][2016-03-19 19:48:12,479][org.springframework.test.annotation.ProfileValueUtils]Retrieved @ProfileValueSourceConfiguration [null] for test class [sy.test.TestUtil]
[DEBUG][2016-03-19 19:48:12,479][org.springframework.test.annotation.ProfileValueUtils]Retrieved ProfileValueSource type [class org.springframework.test.annotation.SystemProfileValueSource] for class [sy.test.TestUtil]
[DEBUG][2016-03-19 19:48:12,481][org.springframework.test.context.support.DependencyInjectionTestExecutionListener]Performing dependency injection for test context [[TestContext@4fc5a2f9 testClass = TestUtil, testInstance = sy.test.TestUtil@384eb259, testMethod = [null], testException = [null], mergedContextConfiguration = [MergedContextConfiguration@369f0df0 testClass = TestUtil, locations = '{classpath:spring.xml, classpath:spring-mybatis.xml}', classes = '{}', contextInitializerClasses = '[]', activeProfiles = '{}', contextLoader = 'org.springframework.test.context.support.DelegatingSmartContextLoader', parent = [null]]]].
[DEBUG][2016-03-19 19:48:12,481][org.springframework.test.context.support.AbstractDelegatingSmartContextLoader]Delegating to GenericXmlContextLoader to load context from [MergedContextConfiguration@369f0df0 testClass = TestUtil, locations = '{classpath:spring.xml, classpath:spring-mybatis.xml}', classes = '{}', contextInitializerClasses = '[]', activeProfiles = '{}', contextLoader = 'org.springframework.test.context.support.DelegatingSmartContextLoader', parent = [null]].
[DEBUG][2016-03-19 19:48:12,482][org.springframework.test.context.support.AbstractGenericContextLoader]Loading ApplicationContext for merged context configuration [[MergedContextConfiguration@369f0df0 testClass = TestUtil, locations = '{classpath:spring.xml, classpath:spring-mybatis.xml}', classes = '{}', contextInitializerClasses = '[]', activeProfiles = '{}', contextLoader = 'org.springframework.test.context.support.DelegatingSmartContextLoader', parent = [null]]].
[DEBUG][2016-03-19 19:48:12,551][org.springframework.core.env.StandardEnvironment]Adding [systemProperties] PropertySource with lowest search precedence
[DEBUG][2016-03-19 19:48:12,553][org.springframework.core.env.StandardEnvironment]Adding [systemEnvironment] PropertySource with lowest search precedence
[DEBUG][2016-03-19 19:48:12,553][org.springframework.core.env.StandardEnvironment]Initialized StandardEnvironment with PropertySources [systemProperties,systemEnvironment]
[INFO][2016-03-19 19:48:12,563][org.springframework.beans.factory.xml.XmlBeanDefinitionReader]Loading XML bean definitions from class path resource [spring.xml]
[DEBUG][2016-03-19 19:48:12,580][org.springframework.beans.factory.xml.DefaultDocumentLoader]Using JAXP provider [com.sun.org.apache.xerces.internal.jaxp.DocumentBuilderFactoryImpl]
[DEBUG][2016-03-19 19:48:12,605][org.springframework.beans.factory.xml.PluggableSchemaResolver]Loading schema mappings from [META-INF/spring.schemas]
[DEBUG][2016-03-19 19:48:12,610][org.springframework.beans.factory.xml.PluggableSchemaResolver]Loaded schema mappings: {http://www.springframework.org/schema/util/spring-util.xsd=org/springframework/beans/factory/xml/spring-util-3.2.xsd, http://www.springframework.org/schema/jee/spring-jee-3.2.xsd=org/springframework/ejb/config/spring-jee-3.2.xsd, http://www.springframework.org/schema/mvc/spring-mvc-3.1.xsd=org/springframework/web/servlet/config/spring-mvc-3.1.xsd, http://www.springframework.org/schema/task/spring-task.xsd=org/springframework/scheduling/config/spring-task-3.2.xsd, http://www.springframework.org/schema/beans/spring-beans-3.1.xsd=org/springframework/beans/factory/xml/spring-beans-3.1.xsd, http://www.springframework.org/schema/cache/spring-cache.xsd=org/springframework/cache/config/spring-cache-3.2.xsd, http://www.springframework.org/schema/aop/spring-aop-3.0.xsd=org/springframework/aop/config/spring-aop-3.0.xsd, http://www.springframework.org/schema/aop/spring-aop-2.0.xsd=org/springframework/aop/config/spring-aop-2.0.xsd, http://www.springframework.org/schema/task/spring-task-3.1.xsd=org/springframework/scheduling/config/spring-task-3.1.xsd, http://www.springframework.org/schema/tool/spring-tool-2.5.xsd=org/springframework/beans/factory/xml/spring-tool-2.5.xsd, http://www.springframework.org/schema/beans/spring-beans.xsd=org/springframework/beans/factory/xml/spring-beans-3.2.xsd, http://www.springframework.org/schema/jee/spring-jee-2.5.xsd=org/springframework/ejb/config/spring-jee-2.5.xsd, http://www.springframework.org/schema/jdbc/spring-jdbc-3.1.xsd=org/springframework/jdbc/config/spring-jdbc-3.1.xsd, http://www.springframework.org/schema/tool/spring-tool-3.1.xsd=org/springframework/beans/factory/xml/spring-tool-3.1.xsd, http://www.springframework.org/schema/aop/spring-aop.xsd=org/springframework/aop/config/spring-aop-3.2.xsd, http://www.springframework.org/schema/jee/spring-jee-3.1.xsd=org/springframework/ejb/config/spring-jee-3.1.xsd, http://www.springframework.org/schema/context/spring-context-3.2.xsd=org/springframework/context/config/spring-context-3.2.xsd, http://www.springframework.org/schema/beans/spring-beans-2.0.xsd=org/springframework/beans/factory/xml/spring-beans-2.0.xsd, http://www.springframework.org/schema/util/spring-util-3.2.xsd=org/springframework/beans/factory/xml/spring-util-3.2.xsd, http://www.springframework.org/schema/lang/spring-lang-3.2.xsd=org/springframework/scripting/config/spring-lang-3.2.xsd, http://www.springframework.org/schema/mvc/spring-mvc-3.0.xsd=org/springframework/web/servlet/config/spring-mvc-3.0.xsd, http://www.springframework.org/schema/beans/spring-beans-3.0.xsd=org/springframework/beans/factory/xml/spring-beans-3.0.xsd, http://www.springframework.org/schema/cache/spring-cache-3.2.xsd=org/springframework/cache/config/spring-cache-3.2.xsd, http://www.springframework.org/schema/task/spring-task-3.0.xsd=org/springframework/scheduling/config/spring-task-3.0.xsd, http://www.springframework.org/schema/tx/spring-tx-2.5.xsd=org/springframework/transaction/config/spring-tx-2.5.xsd, http://www.springframework.org/schema/context/spring-context-2.5.xsd=org/springframework/context/config/spring-context-2.5.xsd, http://www.springframework.org/schema/jdbc/spring-jdbc-3.0.xsd=org/springframework/jdbc/config/spring-jdbc-3.0.xsd, http://www.springframework.org/schema/tool/spring-tool-3.0.xsd=org/springframework/beans/factory/xml/spring-tool-3.0.xsd, http://www.springframework.org/schema/tx/spring-tx.xsd=org/springframework/transaction/config/spring-tx-3.1.xsd, http://www.springframework.org/schema/lang/spring-lang.xsd=org/springframework/scripting/config/spring-lang-3.2.xsd, http://www.springframework.org/schema/tool/spring-tool-2.0.xsd=org/springframework/beans/factory/xml/spring-tool-2.0.xsd, http://www.springframework.org/schema/util/spring-util-2.5.xsd=org/springframework/beans/factory/xml/spring-util-2.5.xsd, http://www.springframework.org/schema/lang/spring-lang-2.5.xsd=org/springframework/scripting/config/spring-lang-2.5.xsd, http://www.springframework.org/schema/aop/spring-aop-3.2.xsd=org/springframework/aop/config/spring-aop-3.2.xsd, http://www.springframework.org/schema/jee/spring-jee-3.0.xsd=org/springframework/ejb/config/spring-jee-3.0.xsd, http://www.springframework.org/schema/tx/spring-tx-3.1.xsd=org/springframework/transaction/config/spring-tx-3.1.xsd, http://www.springframework.org/schema/jee/spring-jee-2.0.xsd=org/springframework/ejb/config/spring-jee-2.0.xsd, http://www.springframework.org/schema/context/spring-context-3.1.xsd=org/springframework/context/config/spring-context-3.1.xsd, http://www.springframework.org/schema/util/spring-util-3.1.xsd=org/springframework/beans/factory/xml/spring-util-3.1.xsd, http://www.springframework.org/schema/lang/spring-lang-3.1.xsd=org/springframework/scripting/config/spring-lang-3.1.xsd, http://www.springframework.org/schema/cache/spring-cache-3.1.xsd=org/springframework/cache/config/spring-cache-3.1.xsd, http://www.springframework.org/schema/context/spring-context.xsd=org/springframework/context/config/spring-context-3.2.xsd, http://www.springframework.org/schema/jee/spring-jee.xsd=org/springframework/ejb/config/spring-jee-3.2.xsd, http://www.springframework.org/schema/aop/spring-aop-2.5.xsd=org/springframework/aop/config/spring-aop-2.5.xsd, http://www.springframework.org/schema/mvc/spring-mvc.xsd=org/springframework/web/servlet/config/spring-mvc-3.2.xsd, http://www.springframework.org/schema/jdbc/spring-jdbc.xsd=org/springframework/jdbc/config/spring-jdbc-3.1.xsd, http://www.springframework.org/schema/mvc/spring-mvc-3.2.xsd=org/springframework/web/servlet/config/spring-mvc-3.2.xsd, http://www.springframework.org/schema/beans/spring-beans-3.2.xsd=org/springframework/beans/factory/xml/spring-beans-3.2.xsd, http://www.springframework.org/schema/tx/spring-tx-2.0.xsd=org/springframework/transaction/config/spring-tx-2.0.xsd, http://www.springframework.org/schema/aop/spring-aop-3.1.xsd=org/springframework/aop/config/spring-aop-3.1.xsd, http://www.springframework.org/schema/task/spring-task-3.2.xsd=org/springframework/scheduling/config/spring-task-3.2.xsd, http://www.springframework.org/schema/tx/spring-tx-3.0.xsd=org/springframework/transaction/config/spring-tx-3.0.xsd, http://www.springframework.org/schema/context/spring-context-3.0.xsd=org/springframework/context/config/spring-context-3.0.xsd, http://www.springframework.org/schema/tool/spring-tool.xsd=org/springframework/beans/factory/xml/spring-tool-3.2.xsd, http://www.springframework.org/schema/util/spring-util-3.0.xsd=org/springframework/beans/factory/xml/spring-util-3.0.xsd, http://www.alibaba.com/schema/stat.xsd=META-INF/stat.xsd, http://www.springframework.org/schema/lang/spring-lang-3.0.xsd=org/springframework/scripting/config/spring-lang-3.0.xsd, http://www.springframework.org/schema/util/spring-util-2.0.xsd=org/springframework/beans/factory/xml/spring-util-2.0.xsd, http://www.springframework.org/schema/lang/spring-lang-2.0.xsd=org/springframework/scripting/config/spring-lang-2.0.xsd, http://www.springframework.org/schema/tool/spring-tool-3.2.xsd=org/springframework/beans/factory/xml/spring-tool-3.2.xsd, http://www.springframework.org/schema/beans/spring-beans-2.5.xsd=org/springframework/beans/factory/xml/spring-beans-2.5.xsd}
[DEBUG][2016-03-19 19:48:12,612][org.springframework.beans.factory.xml.PluggableSchemaResolver]Found XML schema [http://www.springframework.org/schema/beans/spring-beans-3.0.xsd] in classpath: org/springframework/beans/factory/xml/spring-beans-3.0.xsd
[DEBUG][2016-03-19 19:48:12,651][org.springframework.beans.factory.xml.PluggableSchemaResolver]Found XML schema [http://www.springframework.org/schema/context/spring-context-3.0.xsd] in classpath: org/springframework/context/config/spring-context-3.0.xsd
[DEBUG][2016-03-19 19:48:12,659][org.springframework.beans.factory.xml.PluggableSchemaResolver]Found XML schema [http://www.springframework.org/schema/tool/spring-tool-3.0.xsd] in classpath: org/springframework/beans/factory/xml/spring-tool-3.0.xsd
[DEBUG][2016-03-19 19:48:12,667][org.springframework.beans.factory.xml.DefaultBeanDefinitionDocumentReader]Loading bean definitions
[DEBUG][2016-03-19 19:48:12,678][org.springframework.beans.factory.xml.DefaultNamespaceHandlerResolver]Loaded NamespaceHandler mappings: {http://www.springframework.org/schema/p=org.springframework.beans.factory.xml.SimplePropertyNamespaceHandler, http://www.springframework.org/schema/mvc=org.springframework.web.servlet.config.MvcNamespaceHandler, http://www.springframework.org/schema/util=org.springframework.beans.factory.xml.UtilNamespaceHandler, http://www.alibaba.com/schema/stat=com.alibaba.druid.support.spring.stat.config.DruidStatNamespaceHandler, http://www.springframework.org/schema/jee=org.springframework.ejb.config.JeeNamespaceHandler, http://www.springframework.org/schema/aop=org.springframework.aop.config.AopNamespaceHandler, http://www.springframework.org/schema/jdbc=org.springframework.jdbc.config.JdbcNamespaceHandler, http://www.springframework.org/schema/cache=org.springframework.cache.config.CacheNamespaceHandler, http://www.springframework.org/schema/c=org.springframework.beans.factory.xml.SimpleConstructorNamespaceHandler, http://www.springframework.org/schema/tx=org.springframework.transaction.config.TxNamespaceHandler, http://www.springframework.org/schema/task=org.springframework.scheduling.config.TaskNamespaceHandler, http://www.springframework.org/schema/lang=org.springframework.scripting.config.LangNamespaceHandler, http://www.springframework.org/schema/context=org.springframework.context.config.ContextNamespaceHandler}
[DEBUG][2016-03-19 19:48:12,700][org.springframework.core.io.support.PathMatchingResourcePatternResolver]Looking for matching resources in directory tree [D:\eclipse-workspace\test\target\classes\sy\service]
[DEBUG][2016-03-19 19:48:12,700][org.springframework.core.io.support.PathMatchingResourcePatternResolver]Searching directory [D:\eclipse-workspace\test\target\classes\sy\service] for files matching pattern [D:/eclipse-workspace/test/target/classes/sy/service/**/*.class]
[DEBUG][2016-03-19 19:48:12,703][org.springframework.core.io.support.PathMatchingResourcePatternResolver]Resolved location pattern [classpath*:sy/service/**/*.class] to resources [file [D:\eclipse-workspace\test\target\classes\sy\service\UserServiceI.class], file [D:\eclipse-workspace\test\target\classes\sy\service\UserServiceImpl.class]]
[DEBUG][2016-03-19 19:48:12,726][org.springframework.context.annotation.ClassPathBeanDefinitionScanner]Identified candidate component class: file [D:\eclipse-workspace\test\target\classes\sy\service\UserServiceImpl.class]
[DEBUG][2016-03-19 19:48:12,739][org.springframework.beans.factory.xml.XmlBeanDefinitionReader]Loaded 6 bean definitions from location pattern [classpath:spring.xml]
[INFO][2016-03-19 19:48:12,739][org.springframework.beans.factory.xml.XmlBeanDefinitionReader]Loading XML bean definitions from class path resource [spring-mybatis.xml]
[DEBUG][2016-03-19 19:48:12,741][org.springframework.beans.factory.xml.DefaultDocumentLoader]Using JAXP provider [com.sun.org.apache.xerces.internal.jaxp.DocumentBuilderFactoryImpl]
[DEBUG][2016-03-19 19:48:12,743][org.springframework.beans.factory.xml.PluggableSchemaResolver]Found XML schema [http://www.springframework.org/schema/beans/spring-beans-3.0.xsd] in classpath: org/springframework/beans/factory/xml/spring-beans-3.0.xsd
[DEBUG][2016-03-19 19:48:12,766][org.springframework.beans.factory.xml.PluggableSchemaResolver]Found XML schema [http://www.springframework.org/schema/tx/spring-tx-3.0.xsd] in classpath: org/springframework/transaction/config/spring-tx-3.0.xsd
[DEBUG][2016-03-19 19:48:12,770][org.springframework.beans.factory.xml.PluggableSchemaResolver]Found XML schema [http://www.springframework.org/schema/tool/spring-tool-3.0.xsd] in classpath: org/springframework/beans/factory/xml/spring-tool-3.0.xsd
[DEBUG][2016-03-19 19:48:12,776][org.springframework.beans.factory.xml.PluggableSchemaResolver]Found XML schema [http://www.springframework.org/schema/aop/spring-aop-3.0.xsd] in classpath: org/springframework/aop/config/spring-aop-3.0.xsd
[DEBUG][2016-03-19 19:48:12,784][org.springframework.beans.factory.xml.DefaultBeanDefinitionDocumentReader]Loading bean definitions
[DEBUG][2016-03-19 19:48:12,785][org.springframework.beans.factory.xml.BeanDefinitionParserDelegate]No XML 'id' specified - using 'dataSource' as bean name and [] as aliases
[DEBUG][2016-03-19 19:48:12,790][org.springframework.beans.factory.xml.BeanDefinitionParserDelegate]Neither XML 'id' nor 'name' specified - using generated bean name [org.mybatis.spring.mapper.MapperScannerConfigurer#0]
[DEBUG][2016-03-19 19:48:12,816][org.springframework.beans.factory.xml.XmlBeanDefinitionReader]Loaded 11 bean definitions from location pattern [classpath:spring-mybatis.xml]
[INFO][2016-03-19 19:48:12,819][org.springframework.context.support.GenericApplicationContext]Refreshing org.springframework.context.support.GenericApplicationContext@24c67c0f: startup date [Sat Mar 19 19:48:12 CST 2016]; root of context hierarchy
[DEBUG][2016-03-19 19:48:12,819][org.springframework.context.support.GenericApplicationContext]Bean factory for org.springframework.context.support.GenericApplicationContext@24c67c0f: org.springframework.beans.factory.support.DefaultListableBeanFactory@7746e075: defining beans [userService,org.springframework.context.annotation.internalConfigurationAnnotationProcessor,org.springframework.context.annotation.internalAutowiredAnnotationProcessor,org.springframework.context.annotation.internalRequiredAnnotationProcessor,org.springframework.context.annotation.internalCommonAnnotationProcessor,org.springframework.beans.factory.config.PropertyPlaceholderConfigurer#0,dataSource,sqlSessionFactory,org.mybatis.spring.mapper.MapperScannerConfigurer#0,transactionManager,transactionAdvice,org.springframework.aop.config.internalAutoProxyCreator,transactionPointcut,org.springframework.aop.support.DefaultBeanFactoryPointcutAdvisor#0,druid-stat-interceptor,druid-stat-pointcut,org.springframework.aop.support.DefaultBeanFactoryPointcutAdvisor#1]; root of factory hierarchy
[DEBUG][2016-03-19 19:48:12,841][org.springframework.beans.factory.support.DefaultListableBeanFactory]Creating shared instance of singleton bean 'org.springframework.context.annotation.internalConfigurationAnnotationProcessor'
[DEBUG][2016-03-19 19:48:12,841][org.springframework.beans.factory.support.DefaultListableBeanFactory]Creating instance of bean 'org.springframework.context.annotation.internalConfigurationAnnotationProcessor'
[DEBUG][2016-03-19 19:48:12,861][org.springframework.beans.factory.support.DefaultListableBeanFactory]Eagerly caching bean 'org.springframework.context.annotation.internalConfigurationAnnotationProcessor' to allow for resolving potential circular references
[DEBUG][2016-03-19 19:48:12,863][org.springframework.beans.factory.support.DefaultListableBeanFactory]Finished creating instance of bean 'org.springframework.context.annotation.internalConfigurationAnnotationProcessor'
[DEBUG][2016-03-19 19:48:12,863][org.springframework.beans.factory.support.DefaultListableBeanFactory]Creating shared instance of singleton bean 'org.mybatis.spring.mapper.MapperScannerConfigurer#0'
[DEBUG][2016-03-19 19:48:12,863][org.springframework.beans.factory.support.DefaultListableBeanFactory]Creating instance of bean 'org.mybatis.spring.mapper.MapperScannerConfigurer#0'
[DEBUG][2016-03-19 19:48:12,863][org.springframework.beans.factory.support.DefaultListableBeanFactory]Eagerly caching bean 'org.mybatis.spring.mapper.MapperScannerConfigurer#0' to allow for resolving potential circular references
[DEBUG][2016-03-19 19:48:12,893][org.springframework.beans.factory.support.DefaultListableBeanFactory]Invoking afterPropertiesSet() on bean with name 'org.mybatis.spring.mapper.MapperScannerConfigurer#0'
[DEBUG][2016-03-19 19:48:12,893][org.springframework.beans.factory.support.DefaultListableBeanFactory]Finished creating instance of bean 'org.mybatis.spring.mapper.MapperScannerConfigurer#0'
[DEBUG][2016-03-19 19:48:12,929][org.springframework.core.env.StandardEnvironment]Adding [systemProperties] PropertySource with lowest search precedence
[DEBUG][2016-03-19 19:48:12,930][org.springframework.core.env.StandardEnvironment]Adding [systemEnvironment] PropertySource with lowest search precedence
[DEBUG][2016-03-19 19:48:12,930][org.springframework.core.env.StandardEnvironment]Initialized StandardEnvironment with PropertySources [systemProperties,systemEnvironment]
[DEBUG][2016-03-19 19:48:12,932][org.springframework.core.io.support.PathMatchingResourcePatternResolver]Looking for matching resources in directory tree [D:\eclipse-workspace\test\target\classes\sy\dao]
[DEBUG][2016-03-19 19:48:12,932][org.springframework.core.io.support.PathMatchingResourcePatternResolver]Searching directory [D:\eclipse-workspace\test\target\classes\sy\dao] for files matching pattern [D:/eclipse-workspace/test/target/classes/sy/dao/**/*.class]
[DEBUG][2016-03-19 19:48:12,932][org.springframework.core.io.support.PathMatchingResourcePatternResolver]Resolved location pattern [classpath*:sy/dao/**/*.class] to resources [file [D:\eclipse-workspace\test\target\classes\sy\dao\UserMapper.class]]
[DEBUG][2016-03-19 19:48:12,933][org.mybatis.spring.mapper.MapperScannerConfigurer$Scanner]Identified candidate component class: file [D:\eclipse-workspace\test\target\classes\sy\dao\UserMapper.class]
[DEBUG][2016-03-19 19:48:12,933][org.mybatis.spring.mapper.MapperScannerConfigurer$Scanner]Creating MapperFactoryBean with name 'userMapper' and 'sy.dao.UserMapper' mapperInterface
[DEBUG][2016-03-19 19:48:12,936][org.springframework.beans.factory.support.DefaultListableBeanFactory]Creating shared instance of singleton bean 'org.springframework.beans.factory.config.PropertyPlaceholderConfigurer#0'
[DEBUG][2016-03-19 19:48:12,937][org.springframework.beans.factory.support.DefaultListableBeanFactory]Creating instance of bean 'org.springframework.beans.factory.config.PropertyPlaceholderConfigurer#0'
[DEBUG][2016-03-19 19:48:12,938][org.springframework.beans.factory.support.DefaultListableBeanFactory]Eagerly caching bean 'org.springframework.beans.factory.config.PropertyPlaceholderConfigurer#0' to allow for resolving potential circular references
[DEBUG][2016-03-19 19:48:12,944][org.springframework.beans.factory.support.DefaultListableBeanFactory]Finished creating instance of bean 'org.springframework.beans.factory.config.PropertyPlaceholderConfigurer#0'
[INFO][2016-03-19 19:48:12,944][org.springframework.beans.factory.config.PropertyPlaceholderConfigurer]Loading properties file from class path resource [config.properties]
[DEBUG][2016-03-19 19:48:12,951][org.springframework.beans.factory.support.DefaultListableBeanFactory]Creating shared instance of singleton bean 'org.springframework.context.annotation.internalAutowiredAnnotationProcessor'
[DEBUG][2016-03-19 19:48:12,951][org.springframework.beans.factory.support.DefaultListableBeanFactory]Creating instance of bean 'org.springframework.context.annotation.internalAutowiredAnnotationProcessor'
[DEBUG][2016-03-19 19:48:12,952][org.springframework.beans.factory.support.DefaultListableBeanFactory]Eagerly caching bean 'org.springframework.context.annotation.internalAutowiredAnnotationProcessor' to allow for resolving potential circular references
[DEBUG][2016-03-19 19:48:12,952][org.springframework.beans.factory.support.DefaultListableBeanFactory]Finished creating instance of bean 'org.springframework.context.annotation.internalAutowiredAnnotationProcessor'
[DEBUG][2016-03-19 19:48:12,952][org.springframework.beans.factory.support.DefaultListableBeanFactory]Creating shared instance of singleton bean 'org.springframework.context.annotation.internalRequiredAnnotationProcessor'
[DEBUG][2016-03-19 19:48:12,952][org.springframework.beans.factory.support.DefaultListableBeanFactory]Creating instance of bean 'org.springframework.context.annotation.internalRequiredAnnotationProcessor'
[DEBUG][2016-03-19 19:48:12,953][org.springframework.beans.factory.support.DefaultListableBeanFactory]Eagerly caching bean 'org.springframework.context.annotation.internalRequiredAnnotationProcessor' to allow for resolving potential circular references
[DEBUG][2016-03-19 19:48:12,953][org.springframework.beans.factory.support.DefaultListableBeanFactory]Finished creating instance of bean 'org.springframework.context.annotation.internalRequiredAnnotationProcessor'
[DEBUG][2016-03-19 19:48:12,953][org.springframework.beans.factory.support.DefaultListableBeanFactory]Creating shared instance of singleton bean 'org.springframework.context.annotation.internalCommonAnnotationProcessor'
[DEBUG][2016-03-19 19:48:12,953][org.springframework.beans.factory.support.DefaultListableBeanFactory]Creating instance of bean 'org.springframework.context.annotation.internalCommonAnnotationProcessor'
[DEBUG][2016-03-19 19:48:12,957][org.springframework.beans.factory.support.DefaultListableBeanFactory]Eagerly caching bean 'org.springframework.context.annotation.internalCommonAnnotationProcessor' to allow for resolving potential circular references
[DEBUG][2016-03-19 19:48:12,957][org.springframework.beans.factory.support.DefaultListableBeanFactory]Finished creating instance of bean 'org.springframework.context.annotation.internalCommonAnnotationProcessor'
[DEBUG][2016-03-19 19:48:12,957][org.springframework.beans.factory.support.DefaultListableBeanFactory]Creating shared instance of singleton bean 'org.springframework.context.annotation.ConfigurationClassPostProcessor.importAwareProcessor'
[DEBUG][2016-03-19 19:48:12,957][org.springframework.beans.factory.support.DefaultListableBeanFactory]Creating instance of bean 'org.springframework.context.annotation.ConfigurationClassPostProcessor.importAwareProcessor'
[DEBUG][2016-03-19 19:48:12,957][org.springframework.beans.factory.support.DefaultListableBeanFactory]Eagerly caching bean 'org.springframework.context.annotation.ConfigurationClassPostProcessor.importAwareProcessor' to allow for resolving potential circular references
[DEBUG][2016-03-19 19:48:12,957][org.springframework.beans.factory.support.DefaultListableBeanFactory]Finished creating instance of bean 'org.springframework.context.annotation.ConfigurationClassPostProcessor.importAwareProcessor'
[DEBUG][2016-03-19 19:48:12,958][org.springframework.beans.factory.support.DefaultListableBeanFactory]Creating shared instance of singleton bean 'org.springframework.aop.config.internalAutoProxyCreator'
[DEBUG][2016-03-19 19:48:12,958][org.springframework.beans.factory.support.DefaultListableBeanFactory]Creating instance of bean 'org.springframework.aop.config.internalAutoProxyCreator'
[DEBUG][2016-03-19 19:48:12,965][org.springframework.beans.factory.support.DefaultListableBeanFactory]Eagerly caching bean 'org.springframework.aop.config.internalAutoProxyCreator' to allow for resolving potential circular references
[DEBUG][2016-03-19 19:48:12,972][org.springframework.beans.factory.support.DefaultListableBeanFactory]Finished creating instance of bean 'org.springframework.aop.config.internalAutoProxyCreator'
[DEBUG][2016-03-19 19:48:12,974][org.springframework.context.support.GenericApplicationContext]Unable to locate MessageSource with name 'messageSource': using default [org.springframework.context.support.DelegatingMessageSource@4d4da695]
[DEBUG][2016-03-19 19:48:12,976][org.springframework.context.support.GenericApplicationContext]Unable to locate ApplicationEventMulticaster with name 'applicationEventMulticaster': using default [org.springframework.context.event.SimpleApplicationEventMulticaster@54c4e0d3]
[INFO][2016-03-19 19:48:12,979][org.springframework.beans.factory.support.DefaultListableBeanFactory]Pre-instantiating singletons in org.springframework.beans.factory.support.DefaultListableBeanFactory@7746e075: defining beans [userService,org.springframework.context.annotation.internalConfigurationAnnotationProcessor,org.springframework.context.annotation.internalAutowiredAnnotationProcessor,org.springframework.context.annotation.internalRequiredAnnotationProcessor,org.springframework.context.annotation.internalCommonAnnotationProcessor,org.springframework.beans.factory.config.PropertyPlaceholderConfigurer#0,dataSource,sqlSessionFactory,org.mybatis.spring.mapper.MapperScannerConfigurer#0,transactionManager,transactionAdvice,org.springframework.aop.config.internalAutoProxyCreator,transactionPointcut,org.springframework.aop.support.DefaultBeanFactoryPointcutAdvisor#0,druid-stat-interceptor,druid-stat-pointcut,org.springframework.aop.support.DefaultBeanFactoryPointcutAdvisor#1,org.springframework.context.annotation.ConfigurationClassPostProcessor.importAwareProcessor,userMapper]; root of factory hierarchy
[DEBUG][2016-03-19 19:48:12,979][org.springframework.beans.factory.support.DefaultListableBeanFactory]Creating shared instance of singleton bean 'userService'
[DEBUG][2016-03-19 19:48:12,979][org.springframework.beans.factory.support.DefaultListableBeanFactory]Creating instance of bean 'userService'
[DEBUG][2016-03-19 19:48:12,980][org.springframework.beans.factory.support.DefaultListableBeanFactory]Creating shared instance of singleton bean 'org.springframework.aop.support.DefaultBeanFactoryPointcutAdvisor#0'
[DEBUG][2016-03-19 19:48:12,980][org.springframework.beans.factory.support.DefaultListableBeanFactory]Creating instance of bean 'org.springframework.aop.support.DefaultBeanFactoryPointcutAdvisor#0'
[DEBUG][2016-03-19 19:48:12,981][org.springframework.beans.factory.support.DefaultListableBeanFactory]Eagerly caching bean 'org.springframework.aop.support.DefaultBeanFactoryPointcutAdvisor#0' to allow for resolving potential circular references
[DEBUG][2016-03-19 19:48:12,984][org.springframework.beans.factory.support.DefaultListableBeanFactory]Creating instance of bean 'transactionPointcut'
[DEBUG][2016-03-19 19:48:12,989][org.springframework.beans.factory.support.DefaultListableBeanFactory]Finished creating instance of bean 'transactionPointcut'
[DEBUG][2016-03-19 19:48:12,989][org.springframework.beans.factory.support.DefaultListableBeanFactory]Finished creating instance of bean 'org.springframework.aop.support.DefaultBeanFactoryPointcutAdvisor#0'
[DEBUG][2016-03-19 19:48:12,989][org.springframework.beans.factory.support.DefaultListableBeanFactory]Creating shared instance of singleton bean 'org.springframework.aop.support.DefaultBeanFactoryPointcutAdvisor#1'
[DEBUG][2016-03-19 19:48:12,989][org.springframework.beans.factory.support.DefaultListableBeanFactory]Creating instance of bean 'org.springframework.aop.support.DefaultBeanFactoryPointcutAdvisor#1'
[DEBUG][2016-03-19 19:48:12,990][org.springframework.beans.factory.support.DefaultListableBeanFactory]Eagerly caching bean 'org.springframework.aop.support.DefaultBeanFactoryPointcutAdvisor#1' to allow for resolving potential circular references
[DEBUG][2016-03-19 19:48:12,990][org.springframework.beans.factory.support.DefaultListableBeanFactory]Creating instance of bean 'druid-stat-pointcut'
[DEBUG][2016-03-19 19:48:12,990][org.springframework.beans.factory.support.DefaultListableBeanFactory]Returning cached instance of singleton bean 'org.springframework.aop.support.DefaultBeanFactoryPointcutAdvisor#0'
[DEBUG][2016-03-19 19:48:12,990][org.springframework.aop.framework.autoproxy.BeanFactoryAdvisorRetrievalHelper]Skipping currently created advisor 'org.springframework.aop.support.DefaultBeanFactoryPointcutAdvisor#1'
[DEBUG][2016-03-19 19:48:13,005][org.springframework.beans.factory.support.DefaultListableBeanFactory]Returning cached instance of singleton bean 'org.springframework.aop.support.DefaultBeanFactoryPointcutAdvisor#0'
[DEBUG][2016-03-19 19:48:13,005][org.springframework.aop.framework.autoproxy.BeanFactoryAdvisorRetrievalHelper]Skipping currently created advisor 'org.springframework.aop.support.DefaultBeanFactoryPointcutAdvisor#1'
[DEBUG][2016-03-19 19:48:13,005][org.springframework.beans.factory.support.DefaultListableBeanFactory]Returning cached instance of singleton bean 'org.springframework.aop.support.DefaultBeanFactoryPointcutAdvisor#0'
[DEBUG][2016-03-19 19:48:13,005][org.springframework.aop.framework.autoproxy.BeanFactoryAdvisorRetrievalHelper]Skipping currently created advisor 'org.springframework.aop.support.DefaultBeanFactoryPointcutAdvisor#1'
[DEBUG][2016-03-19 19:48:13,129][org.springframework.beans.factory.support.DefaultListableBeanFactory]Finished creating instance of bean 'druid-stat-pointcut'
[DEBUG][2016-03-19 19:48:13,129][org.springframework.beans.factory.support.DefaultListableBeanFactory]Finished creating instance of bean 'org.springframework.aop.support.DefaultBeanFactoryPointcutAdvisor#1'
[DEBUG][2016-03-19 19:48:13,133][org.springframework.beans.factory.annotation.InjectionMetadata]Registered injected element on class [sy.service.UserServiceImpl]: AutowiredMethodElement for public void sy.service.UserServiceImpl.setUserMapper(sy.dao.UserMapper)
[DEBUG][2016-03-19 19:48:13,133][org.springframework.beans.factory.support.DefaultListableBeanFactory]Eagerly caching bean 'userService' to allow for resolving potential circular references
[DEBUG][2016-03-19 19:48:13,133][org.springframework.beans.factory.annotation.InjectionMetadata]Processing injected element of bean 'userService': AutowiredMethodElement for public void sy.service.UserServiceImpl.setUserMapper(sy.dao.UserMapper)
[DEBUG][2016-03-19 19:48:13,134][org.springframework.beans.factory.support.DefaultListableBeanFactory]Returning cached instance of singleton bean 'org.springframework.aop.support.DefaultBeanFactoryPointcutAdvisor#0'
[DEBUG][2016-03-19 19:48:13,134][org.springframework.beans.factory.support.DefaultListableBeanFactory]Returning cached instance of singleton bean 'org.springframework.aop.support.DefaultBeanFactoryPointcutAdvisor#1'
[DEBUG][2016-03-19 19:48:13,138][org.apache.ibatis.logging.LogFactory]Logging initialized using 'class org.apache.ibatis.logging.commons.JakartaCommonsLoggingImpl' adapter.
[DEBUG][2016-03-19 19:48:13,141][org.springframework.beans.factory.support.DefaultListableBeanFactory]Returning cached instance of singleton bean 'org.springframework.aop.support.DefaultBeanFactoryPointcutAdvisor#0'
[DEBUG][2016-03-19 19:48:13,141][org.springframework.beans.factory.support.DefaultListableBeanFactory]Returning cached instance of singleton bean 'org.springframework.aop.support.DefaultBeanFactoryPointcutAdvisor#1'
[DEBUG][2016-03-19 19:48:13,141][org.springframework.beans.factory.support.DefaultListableBeanFactory]Creating shared instance of singleton bean 'userMapper'
[DEBUG][2016-03-19 19:48:13,142][org.springframework.beans.factory.support.DefaultListableBeanFactory]Creating instance of bean 'userMapper'
[DEBUG][2016-03-19 19:48:13,146][org.springframework.beans.factory.annotation.InjectionMetadata]Registered injected element on class [org.mybatis.spring.mapper.MapperFactoryBean]: AutowiredMethodElement for public final void org.mybatis.spring.support.SqlSessionDaoSupport.setSqlSessionTemplate(org.mybatis.spring.SqlSessionTemplate)
[DEBUG][2016-03-19 19:48:13,146][org.springframework.beans.factory.annotation.InjectionMetadata]Registered injected element on class [org.mybatis.spring.mapper.MapperFactoryBean]: AutowiredMethodElement for public final void org.mybatis.spring.support.SqlSessionDaoSupport.setSqlSessionFactory(org.apache.ibatis.session.SqlSessionFactory)
[DEBUG][2016-03-19 19:48:13,146][org.springframework.beans.factory.support.DefaultListableBeanFactory]Eagerly caching bean 'userMapper' to allow for resolving potential circular references
[DEBUG][2016-03-19 19:48:13,147][org.springframework.beans.factory.annotation.InjectionMetadata]Processing injected element of bean 'userMapper': AutowiredMethodElement for public final void org.mybatis.spring.support.SqlSessionDaoSupport.setSqlSessionTemplate(org.mybatis.spring.SqlSessionTemplate)
[DEBUG][2016-03-19 19:48:13,147][org.springframework.beans.factory.support.DefaultListableBeanFactory]Returning cached instance of singleton bean 'org.springframework.aop.support.DefaultBeanFactoryPointcutAdvisor#0'
[DEBUG][2016-03-19 19:48:13,147][org.springframework.beans.factory.support.DefaultListableBeanFactory]Returning cached instance of singleton bean 'org.springframework.aop.support.DefaultBeanFactoryPointcutAdvisor#1'
[DEBUG][2016-03-19 19:48:13,147][org.springframework.beans.factory.support.DefaultListableBeanFactory]Returning cached instance of singleton bean 'org.springframework.aop.support.DefaultBeanFactoryPointcutAdvisor#0'
[DEBUG][2016-03-19 19:48:13,147][org.springframework.beans.factory.support.DefaultListableBeanFactory]Returning cached instance of singleton bean 'org.springframework.aop.support.DefaultBeanFactoryPointcutAdvisor#1'
[DEBUG][2016-03-19 19:48:13,153][org.springframework.beans.factory.support.DefaultListableBeanFactory]Returning eagerly cached instance of singleton bean 'userMapper' that is not fully initialized yet - a consequence of a circular reference
[DEBUG][2016-03-19 19:48:13,153][org.springframework.beans.factory.annotation.InjectionMetadata]Processing injected element of bean 'userMapper': AutowiredMethodElement for public final void org.mybatis.spring.support.SqlSessionDaoSupport.setSqlSessionFactory(org.apache.ibatis.session.SqlSessionFactory)
[DEBUG][2016-03-19 19:48:13,153][org.springframework.beans.factory.support.DefaultListableBeanFactory]Creating shared instance of singleton bean 'sqlSessionFactory'
[DEBUG][2016-03-19 19:48:13,154][org.springframework.beans.factory.support.DefaultListableBeanFactory]Creating instance of bean 'sqlSessionFactory'
[DEBUG][2016-03-19 19:48:13,155][org.springframework.beans.factory.support.DefaultListableBeanFactory]Eagerly caching bean 'sqlSessionFactory' to allow for resolving potential circular references
[DEBUG][2016-03-19 19:48:13,157][org.springframework.beans.factory.support.DefaultListableBeanFactory]Creating shared instance of singleton bean 'dataSource'
[DEBUG][2016-03-19 19:48:13,158][org.springframework.beans.factory.support.DefaultListableBeanFactory]Creating instance of bean 'dataSource'
[DEBUG][2016-03-19 19:48:13,158][org.springframework.beans.factory.support.DefaultListableBeanFactory]Returning cached instance of singleton bean 'org.springframework.aop.support.DefaultBeanFactoryPointcutAdvisor#0'
[DEBUG][2016-03-19 19:48:13,158][org.springframework.beans.factory.support.DefaultListableBeanFactory]Returning cached instance of singleton bean 'org.springframework.aop.support.DefaultBeanFactoryPointcutAdvisor#1'
[DEBUG][2016-03-19 19:48:13,186][org.springframework.beans.factory.support.DefaultListableBeanFactory]Eagerly caching bean 'dataSource' to allow for resolving potential circular references
[ERROR][2016-03-19 19:48:13,214][com.alibaba.druid.pool.DruidAbstractDataSource]maxIdle is deprecated
[DEBUG][2016-03-19 19:48:13,230][org.springframework.beans.factory.support.DefaultListableBeanFactory]Invoking init method  'init' on bean with name 'dataSource'
[INFO][2016-03-19 19:48:13,303][com.alibaba.druid.pool.DruidDataSource]{dataSource-1} inited
[DEBUG][2016-03-19 19:48:13,303][org.springframework.beans.factory.support.DefaultListableBeanFactory]Returning cached instance of singleton bean 'org.springframework.aop.support.DefaultBeanFactoryPointcutAdvisor#0'
[DEBUG][2016-03-19 19:48:13,303][org.springframework.beans.factory.support.DefaultListableBeanFactory]Returning cached instance of singleton bean 'org.springframework.aop.support.DefaultBeanFactoryPointcutAdvisor#1'
[DEBUG][2016-03-19 19:48:13,303][org.springframework.beans.factory.support.DefaultListableBeanFactory]Returning cached instance of singleton bean 'org.springframework.aop.support.DefaultBeanFactoryPointcutAdvisor#0'
[DEBUG][2016-03-19 19:48:13,303][org.springframework.beans.factory.support.DefaultListableBeanFactory]Returning cached instance of singleton bean 'org.springframework.aop.support.DefaultBeanFactoryPointcutAdvisor#1'
[DEBUG][2016-03-19 19:48:13,397][org.springframework.beans.factory.support.DefaultListableBeanFactory]Finished creating instance of bean 'dataSource'
[DEBUG][2016-03-19 19:48:13,398][org.springframework.core.io.support.PathMatchingResourcePatternResolver]Looking for matching resources in directory tree [D:\eclipse-workspace\test\target\classes\sy\mapping]
[DEBUG][2016-03-19 19:48:13,398][org.springframework.core.io.support.PathMatchingResourcePatternResolver]Searching directory [D:\eclipse-workspace\test\target\classes\sy\mapping] for files matching pattern [D:/eclipse-workspace/test/target/classes/sy/mapping/*.xml]
[DEBUG][2016-03-19 19:48:13,399][org.springframework.core.io.support.PathMatchingResourcePatternResolver]Resolved location pattern [classpath:sy/mapping/*.xml] to resources [file [D:\eclipse-workspace\test\target\classes\sy\mapping\UserMapper.xml]]
[DEBUG][2016-03-19 19:48:13,400][org.springframework.beans.factory.support.DefaultListableBeanFactory]Invoking afterPropertiesSet() on bean with name 'sqlSessionFactory'
[DEBUG][2016-03-19 19:48:13,400][org.mybatis.spring.SqlSessionFactoryBean]Property 'configLocation' not specified, using default MyBatis Configuration
[DEBUG][2016-03-19 19:48:13,668][org.mybatis.spring.SqlSessionFactoryBean]Parsed mapper file: 'file [D:\eclipse-workspace\test\target\classes\sy\mapping\UserMapper.xml]'
[DEBUG][2016-03-19 19:48:13,669][org.springframework.beans.factory.support.DefaultListableBeanFactory]Returning cached instance of singleton bean 'org.springframework.aop.support.DefaultBeanFactoryPointcutAdvisor#0'
[DEBUG][2016-03-19 19:48:13,669][org.springframework.beans.factory.support.DefaultListableBeanFactory]Returning cached instance of singleton bean 'org.springframework.aop.support.DefaultBeanFactoryPointcutAdvisor#1'
[DEBUG][2016-03-19 19:48:13,669][org.springframework.beans.factory.support.DefaultListableBeanFactory]Returning cached instance of singleton bean 'org.springframework.aop.support.DefaultBeanFactoryPointcutAdvisor#0'
[DEBUG][2016-03-19 19:48:13,669][org.springframework.beans.factory.support.DefaultListableBeanFactory]Returning cached instance of singleton bean 'org.springframework.aop.support.DefaultBeanFactoryPointcutAdvisor#1'
[DEBUG][2016-03-19 19:48:13,674][org.springframework.beans.factory.support.DefaultListableBeanFactory]Finished creating instance of bean 'sqlSessionFactory'
[DEBUG][2016-03-19 19:48:13,674][org.springframework.beans.factory.support.DefaultListableBeanFactory]Returning cached instance of singleton bean 'org.springframework.aop.support.DefaultBeanFactoryPointcutAdvisor#0'
[DEBUG][2016-03-19 19:48:13,674][org.springframework.beans.factory.support.DefaultListableBeanFactory]Returning cached instance of singleton bean 'org.springframework.aop.support.DefaultBeanFactoryPointcutAdvisor#1'
[DEBUG][2016-03-19 19:48:13,674][org.springframework.beans.factory.support.DefaultListableBeanFactory]Returning cached instance of singleton bean 'org.springframework.aop.support.DefaultBeanFactoryPointcutAdvisor#0'
[DEBUG][2016-03-19 19:48:13,674][org.springframework.beans.factory.support.DefaultListableBeanFactory]Returning cached instance of singleton bean 'org.springframework.aop.support.DefaultBeanFactoryPointcutAdvisor#1'
[DEBUG][2016-03-19 19:48:13,685][org.springframework.beans.factory.support.DefaultListableBeanFactory]Invoking afterPropertiesSet() on bean with name 'userMapper'
[DEBUG][2016-03-19 19:48:13,685][org.springframework.beans.factory.support.DefaultListableBeanFactory]Finished creating instance of bean 'userMapper'
[DEBUG][2016-03-19 19:48:13,685][org.springframework.beans.factory.support.DefaultListableBeanFactory]Returning cached instance of singleton bean 'userMapper'
[DEBUG][2016-03-19 19:48:13,687][org.springframework.beans.factory.support.DefaultListableBeanFactory]Returning cached instance of singleton bean 'org.springframework.aop.support.DefaultBeanFactoryPointcutAdvisor#0'
[DEBUG][2016-03-19 19:48:13,687][org.springframework.beans.factory.support.DefaultListableBeanFactory]Returning cached instance of singleton bean 'org.springframework.aop.support.DefaultBeanFactoryPointcutAdvisor#1'
[DEBUG][2016-03-19 19:48:13,687][org.springframework.beans.factory.support.DefaultListableBeanFactory]Returning cached instance of singleton bean 'org.springframework.aop.support.DefaultBeanFactoryPointcutAdvisor#0'
[DEBUG][2016-03-19 19:48:13,687][org.springframework.beans.factory.support.DefaultListableBeanFactory]Returning cached instance of singleton bean 'org.springframework.aop.support.DefaultBeanFactoryPointcutAdvisor#1'
[DEBUG][2016-03-19 19:48:13,691][org.springframework.beans.factory.annotation.AutowiredAnnotationBeanPostProcessor]Autowiring by type from bean name 'userService' to bean named 'userMapper'
[DEBUG][2016-03-19 19:48:13,691][org.springframework.beans.factory.support.DefaultListableBeanFactory]Returning cached instance of singleton bean 'org.springframework.aop.support.DefaultBeanFactoryPointcutAdvisor#0'
[DEBUG][2016-03-19 19:48:13,691][org.springframework.beans.factory.support.DefaultListableBeanFactory]Returning cached instance of singleton bean 'org.springframework.aop.support.DefaultBeanFactoryPointcutAdvisor#1'
[DEBUG][2016-03-19 19:48:13,691][org.springframework.beans.factory.support.DefaultListableBeanFactory]Returning cached instance of singleton bean 'org.springframework.aop.support.DefaultBeanFactoryPointcutAdvisor#0'
[DEBUG][2016-03-19 19:48:13,691][org.springframework.beans.factory.support.DefaultListableBeanFactory]Returning cached instance of singleton bean 'org.springframework.aop.support.DefaultBeanFactoryPointcutAdvisor#1'
[DEBUG][2016-03-19 19:48:13,693][org.springframework.beans.factory.support.DefaultListableBeanFactory]Creating shared instance of singleton bean 'transactionAdvice'
[DEBUG][2016-03-19 19:48:13,693][org.springframework.beans.factory.support.DefaultListableBeanFactory]Creating instance of bean 'transactionAdvice'
[DEBUG][2016-03-19 19:48:13,696][org.springframework.beans.factory.support.DefaultListableBeanFactory]Eagerly caching bean 'transactionAdvice' to allow for resolving potential circular references
[DEBUG][2016-03-19 19:48:13,698][org.springframework.beans.factory.support.DefaultListableBeanFactory]Creating shared instance of singleton bean 'transactionManager'
[DEBUG][2016-03-19 19:48:13,698][org.springframework.beans.factory.support.DefaultListableBeanFactory]Creating instance of bean 'transactionManager'
[DEBUG][2016-03-19 19:48:13,698][org.springframework.beans.factory.support.DefaultListableBeanFactory]Returning cached instance of singleton bean 'org.springframework.aop.support.DefaultBeanFactoryPointcutAdvisor#0'
[DEBUG][2016-03-19 19:48:13,699][org.springframework.beans.factory.support.DefaultListableBeanFactory]Returning cached instance of singleton bean 'org.springframework.aop.support.DefaultBeanFactoryPointcutAdvisor#1'
[DEBUG][2016-03-19 19:48:13,703][org.springframework.beans.factory.support.DefaultListableBeanFactory]Eagerly caching bean 'transactionManager' to allow for resolving potential circular references
[DEBUG][2016-03-19 19:48:13,706][org.springframework.beans.factory.support.DefaultListableBeanFactory]Returning cached instance of singleton bean 'dataSource'
[DEBUG][2016-03-19 19:48:13,706][org.springframework.beans.factory.support.DefaultListableBeanFactory]Invoking afterPropertiesSet() on bean with name 'transactionManager'
[DEBUG][2016-03-19 19:48:13,707][org.springframework.beans.factory.support.DefaultListableBeanFactory]Returning cached instance of singleton bean 'org.springframework.aop.support.DefaultBeanFactoryPointcutAdvisor#0'
[DEBUG][2016-03-19 19:48:13,707][org.springframework.beans.factory.support.DefaultListableBeanFactory]Returning cached instance of singleton bean 'org.springframework.aop.support.DefaultBeanFactoryPointcutAdvisor#1'
[DEBUG][2016-03-19 19:48:13,707][org.springframework.beans.factory.support.DefaultListableBeanFactory]Returning cached instance of singleton bean 'org.springframework.aop.support.DefaultBeanFactoryPointcutAdvisor#0'
[DEBUG][2016-03-19 19:48:13,707][org.springframework.beans.factory.support.DefaultListableBeanFactory]Returning cached instance of singleton bean 'org.springframework.aop.support.DefaultBeanFactoryPointcutAdvisor#1'
[DEBUG][2016-03-19 19:48:13,711][org.springframework.beans.factory.support.DefaultListableBeanFactory]Finished creating instance of bean 'transactionManager'
[DEBUG][2016-03-19 19:48:13,712][org.springframework.beans.factory.support.DefaultListableBeanFactory]Creating instance of bean '(inner bean)#68ab512a'
[DEBUG][2016-03-19 19:48:13,712][org.springframework.beans.factory.support.DefaultListableBeanFactory]Returning cached instance of singleton bean 'org.springframework.aop.support.DefaultBeanFactoryPointcutAdvisor#0'
[DEBUG][2016-03-19 19:48:13,712][org.springframework.beans.factory.support.DefaultListableBeanFactory]Returning cached instance of singleton bean 'org.springframework.aop.support.DefaultBeanFactoryPointcutAdvisor#1'
[DEBUG][2016-03-19 19:48:13,716][org.springframework.transaction.interceptor.NameMatchTransactionAttributeSource]Adding transactional method [add*] with attribute [PROPAGATION_REQUIRED,ISOLATION_DEFAULT]
[DEBUG][2016-03-19 19:48:13,716][org.springframework.transaction.interceptor.NameMatchTransactionAttributeSource]Adding transactional method [append*] with attribute [PROPAGATION_REQUIRED,ISOLATION_DEFAULT]
[DEBUG][2016-03-19 19:48:13,716][org.springframework.transaction.interceptor.NameMatchTransactionAttributeSource]Adding transactional method [insert*] with attribute [PROPAGATION_REQUIRED,ISOLATION_DEFAULT]
[DEBUG][2016-03-19 19:48:13,717][org.springframework.transaction.interceptor.NameMatchTransactionAttributeSource]Adding transactional method [save*] with attribute [PROPAGATION_REQUIRED,ISOLATION_DEFAULT]
[DEBUG][2016-03-19 19:48:13,717][org.springframework.transaction.interceptor.NameMatchTransactionAttributeSource]Adding transactional method [update*] with attribute [PROPAGATION_REQUIRED,ISOLATION_DEFAULT]
[DEBUG][2016-03-19 19:48:13,717][org.springframework.transaction.interceptor.NameMatchTransactionAttributeSource]Adding transactional method [modify*] with attribute [PROPAGATION_REQUIRED,ISOLATION_DEFAULT]
[DEBUG][2016-03-19 19:48:13,717][org.springframework.transaction.interceptor.NameMatchTransactionAttributeSource]Adding transactional method [edit*] with attribute [PROPAGATION_REQUIRED,ISOLATION_DEFAULT]
[DEBUG][2016-03-19 19:48:13,717][org.springframework.transaction.interceptor.NameMatchTransactionAttributeSource]Adding transactional method [delete*] with attribute [PROPAGATION_REQUIRED,ISOLATION_DEFAULT]
[DEBUG][2016-03-19 19:48:13,717][org.springframework.transaction.interceptor.NameMatchTransactionAttributeSource]Adding transactional method [remove*] with attribute [PROPAGATION_REQUIRED,ISOLATION_DEFAULT]
[DEBUG][2016-03-19 19:48:13,717][org.springframework.transaction.interceptor.NameMatchTransactionAttributeSource]Adding transactional method [repair] with attribute [PROPAGATION_REQUIRED,ISOLATION_DEFAULT]
[DEBUG][2016-03-19 19:48:13,717][org.springframework.transaction.interceptor.NameMatchTransactionAttributeSource]Adding transactional method [delAndRepair] with attribute [PROPAGATION_REQUIRED,ISOLATION_DEFAULT]
[DEBUG][2016-03-19 19:48:13,717][org.springframework.transaction.interceptor.NameMatchTransactionAttributeSource]Adding transactional method [get*] with attribute [PROPAGATION_SUPPORTS,ISOLATION_DEFAULT]
[DEBUG][2016-03-19 19:48:13,717][org.springframework.transaction.interceptor.NameMatchTransactionAttributeSource]Adding transactional method [find*] with attribute [PROPAGATION_SUPPORTS,ISOLATION_DEFAULT]
[DEBUG][2016-03-19 19:48:13,717][org.springframework.transaction.interceptor.NameMatchTransactionAttributeSource]Adding transactional method [load*] with attribute [PROPAGATION_SUPPORTS,ISOLATION_DEFAULT]
[DEBUG][2016-03-19 19:48:13,718][org.springframework.transaction.interceptor.NameMatchTransactionAttributeSource]Adding transactional method [search*] with attribute [PROPAGATION_SUPPORTS,ISOLATION_DEFAULT]
[DEBUG][2016-03-19 19:48:13,718][org.springframework.transaction.interceptor.NameMatchTransactionAttributeSource]Adding transactional method [datagrid*] with attribute [PROPAGATION_SUPPORTS,ISOLATION_DEFAULT]
[DEBUG][2016-03-19 19:48:13,718][org.springframework.transaction.interceptor.NameMatchTransactionAttributeSource]Adding transactional method [*] with attribute [PROPAGATION_SUPPORTS,ISOLATION_DEFAULT]
[DEBUG][2016-03-19 19:48:13,718][org.springframework.beans.factory.support.DefaultListableBeanFactory]Returning cached instance of singleton bean 'org.springframework.aop.support.DefaultBeanFactoryPointcutAdvisor#0'
[DEBUG][2016-03-19 19:48:13,718][org.springframework.beans.factory.support.DefaultListableBeanFactory]Returning cached instance of singleton bean 'org.springframework.aop.support.DefaultBeanFactoryPointcutAdvisor#1'
[DEBUG][2016-03-19 19:48:13,718][org.springframework.beans.factory.support.DefaultListableBeanFactory]Returning cached instance of singleton bean 'org.springframework.aop.support.DefaultBeanFactoryPointcutAdvisor#0'
[DEBUG][2016-03-19 19:48:13,718][org.springframework.beans.factory.support.DefaultListableBeanFactory]Returning cached instance of singleton bean 'org.springframework.aop.support.DefaultBeanFactoryPointcutAdvisor#1'
[DEBUG][2016-03-19 19:48:13,720][org.springframework.beans.factory.support.DefaultListableBeanFactory]Finished creating instance of bean '(inner bean)#68ab512a'
[DEBUG][2016-03-19 19:48:13,720][org.springframework.beans.factory.support.DefaultListableBeanFactory]Invoking afterPropertiesSet() on bean with name 'transactionAdvice'
[DEBUG][2016-03-19 19:48:13,720][org.springframework.beans.factory.support.DefaultListableBeanFactory]Finished creating instance of bean 'transactionAdvice'
[DEBUG][2016-03-19 19:48:13,721][org.springframework.beans.factory.support.DefaultListableBeanFactory]Creating shared instance of singleton bean 'druid-stat-interceptor'
[DEBUG][2016-03-19 19:48:13,721][org.springframework.beans.factory.support.DefaultListableBeanFactory]Creating instance of bean 'druid-stat-interceptor'
[DEBUG][2016-03-19 19:48:13,723][org.springframework.beans.factory.support.DefaultListableBeanFactory]Eagerly caching bean 'druid-stat-interceptor' to allow for resolving potential circular references
[DEBUG][2016-03-19 19:48:13,724][org.springframework.beans.factory.support.DefaultListableBeanFactory]Invoking afterPropertiesSet() on bean with name 'druid-stat-interceptor'
[DEBUG][2016-03-19 19:48:13,724][org.springframework.beans.factory.support.DefaultListableBeanFactory]Finished creating instance of bean 'druid-stat-interceptor'
[DEBUG][2016-03-19 19:48:13,731][org.springframework.aop.aspectj.autoproxy.AspectJAwareAdvisorAutoProxyCreator]Creating implicit proxy for bean 'userService' with 0 common interceptors and 3 specific interceptors
[DEBUG][2016-03-19 19:48:13,732][org.springframework.aop.framework.JdkDynamicAopProxy]Creating JDK dynamic proxy: target source is SingletonTargetSource for target object [sy.service.UserServiceImpl@472250c4]
[DEBUG][2016-03-19 19:48:13,736][org.springframework.beans.factory.support.DefaultListableBeanFactory]Finished creating instance of bean 'userService'
[DEBUG][2016-03-19 19:48:13,736][org.springframework.beans.factory.support.DefaultListableBeanFactory]Returning cached instance of singleton bean 'org.springframework.context.annotation.internalConfigurationAnnotationProcessor'
[DEBUG][2016-03-19 19:48:13,736][org.springframework.beans.factory.support.DefaultListableBeanFactory]Returning cached instance of singleton bean 'org.springframework.context.annotation.internalAutowiredAnnotationProcessor'
[DEBUG][2016-03-19 19:48:13,736][org.springframework.beans.factory.support.DefaultListableBeanFactory]Returning cached instance of singleton bean 'org.springframework.context.annotation.internalRequiredAnnotationProcessor'
[DEBUG][2016-03-19 19:48:13,736][org.springframework.beans.factory.support.DefaultListableBeanFactory]Returning cached instance of singleton bean 'org.springframework.context.annotation.internalCommonAnnotationProcessor'
[DEBUG][2016-03-19 19:48:13,736][org.springframework.beans.factory.support.DefaultListableBeanFactory]Returning cached instance of singleton bean 'org.springframework.beans.factory.config.PropertyPlaceholderConfigurer#0'
[DEBUG][2016-03-19 19:48:13,736][org.springframework.beans.factory.support.DefaultListableBeanFactory]Returning cached instance of singleton bean 'dataSource'
[DEBUG][2016-03-19 19:48:13,736][org.springframework.beans.factory.support.DefaultListableBeanFactory]Returning cached instance of singleton bean 'sqlSessionFactory'
[DEBUG][2016-03-19 19:48:13,737][org.springframework.beans.factory.support.DefaultListableBeanFactory]Returning cached instance of singleton bean 'org.mybatis.spring.mapper.MapperScannerConfigurer#0'
[DEBUG][2016-03-19 19:48:13,737][org.springframework.beans.factory.support.DefaultListableBeanFactory]Returning cached instance of singleton bean 'transactionManager'
[DEBUG][2016-03-19 19:48:13,737][org.springframework.beans.factory.support.DefaultListableBeanFactory]Returning cached instance of singleton bean 'transactionAdvice'
[DEBUG][2016-03-19 19:48:13,737][org.springframework.beans.factory.support.DefaultListableBeanFactory]Returning cached instance of singleton bean 'org.springframework.aop.config.internalAutoProxyCreator'
[DEBUG][2016-03-19 19:48:13,737][org.springframework.beans.factory.support.DefaultListableBeanFactory]Returning cached instance of singleton bean 'org.springframework.aop.support.DefaultBeanFactoryPointcutAdvisor#0'
[DEBUG][2016-03-19 19:48:13,737][org.springframework.beans.factory.support.DefaultListableBeanFactory]Returning cached instance of singleton bean 'druid-stat-interceptor'
[DEBUG][2016-03-19 19:48:13,737][org.springframework.beans.factory.support.DefaultListableBeanFactory]Returning cached instance of singleton bean 'org.springframework.aop.support.DefaultBeanFactoryPointcutAdvisor#1'
[DEBUG][2016-03-19 19:48:13,737][org.springframework.beans.factory.support.DefaultListableBeanFactory]Returning cached instance of singleton bean 'org.springframework.context.annotation.ConfigurationClassPostProcessor.importAwareProcessor'
[DEBUG][2016-03-19 19:48:13,737][org.springframework.beans.factory.support.DefaultListableBeanFactory]Returning cached instance of singleton bean 'userMapper'
[DEBUG][2016-03-19 19:48:13,739][org.springframework.context.support.GenericApplicationContext]Unable to locate LifecycleProcessor with name 'lifecycleProcessor': using default [org.springframework.context.support.DefaultLifecycleProcessor@34f1e5e5]
[DEBUG][2016-03-19 19:48:13,739][org.springframework.beans.factory.support.DefaultListableBeanFactory]Returning cached instance of singleton bean 'lifecycleProcessor'
[DEBUG][2016-03-19 19:48:13,740][org.springframework.beans.factory.support.DefaultListableBeanFactory]Returning cached instance of singleton bean 'sqlSessionFactory'
[DEBUG][2016-03-19 19:48:13,741][org.springframework.core.env.PropertySourcesPropertyResolver]Searching for key 'spring.liveBeansView.mbeanDomain' in [systemProperties]
[DEBUG][2016-03-19 19:48:13,741][org.springframework.core.env.PropertySourcesPropertyResolver]Searching for key 'spring.liveBeansView.mbeanDomain' in [systemEnvironment]
[DEBUG][2016-03-19 19:48:13,742][org.springframework.core.env.PropertySourcesPropertyResolver]Could not find key 'spring.liveBeansView.mbeanDomain' in any property source. Returning [null]
[DEBUG][2016-03-19 19:48:13,742][org.springframework.test.context.CacheAwareContextLoaderDelegate]Storing ApplicationContext in cache under key [[MergedContextConfiguration@369f0df0 testClass = TestUtil, locations = '{classpath:spring.xml, classpath:spring-mybatis.xml}', classes = '{}', contextInitializerClasses = '[]', activeProfiles = '{}', contextLoader = 'org.springframework.test.context.support.DelegatingSmartContextLoader', parent = [null]]]
[DEBUG][2016-03-19 19:48:13,742][org.springframework.test.context.cache]Spring test ApplicationContext cache statistics: [ContextCache@6094eb89 size = 1, hitCount = 0, missCount = 1, parentContextCount = 0]
[DEBUG][2016-03-19 19:48:13,744][org.springframework.beans.factory.annotation.InjectionMetadata]Processing injected element of bean 'sy.test.TestUtil': AutowiredMethodElement for public void sy.test.TestUtil.setUserService(sy.service.UserServiceI)
[DEBUG][2016-03-19 19:48:13,744][org.springframework.beans.factory.support.DefaultListableBeanFactory]Returning cached instance of singleton bean 'userService'
[DEBUG][2016-03-19 19:48:13,744][org.springframework.beans.factory.annotation.AutowiredAnnotationBeanPostProcessor]Autowiring by type from bean name 'sy.test.TestUtil' to bean named 'userService'
[DEBUG][2016-03-19 19:48:13,745][org.springframework.beans.factory.support.DefaultListableBeanFactory]Returning cached instance of singleton bean 'org.springframework.aop.support.DefaultBeanFactoryPointcutAdvisor#0'
[DEBUG][2016-03-19 19:48:13,745][org.springframework.beans.factory.support.DefaultListableBeanFactory]Returning cached instance of singleton bean 'org.springframework.aop.support.DefaultBeanFactoryPointcutAdvisor#1'
[DEBUG][2016-03-19 19:48:13,745][org.springframework.beans.factory.support.DefaultListableBeanFactory]Returning cached instance of singleton bean 'org.springframework.aop.support.DefaultBeanFactoryPointcutAdvisor#0'
[DEBUG][2016-03-19 19:48:13,745][org.springframework.beans.factory.support.DefaultListableBeanFactory]Returning cached instance of singleton bean 'org.springframework.aop.support.DefaultBeanFactoryPointcutAdvisor#1'
[DEBUG][2016-03-19 19:48:13,761][org.mybatis.spring.SqlSessionUtils]Creating a new SqlSession
[DEBUG][2016-03-19 19:48:13,764][org.mybatis.spring.SqlSessionUtils]Registering transaction synchronization for SqlSession [org.apache.ibatis.session.defaults.DefaultSqlSession@4fde7fea]
[DEBUG][2016-03-19 19:48:13,782][org.springframework.jdbc.datasource.DataSourceUtils]Fetching JDBC Connection from DataSource
[DEBUG][2016-03-19 19:48:13,783][org.springframework.jdbc.datasource.DataSourceUtils]Registering transaction synchronization for JDBC Connection
[DEBUG][2016-03-19 19:48:13,784][org.mybatis.spring.transaction.SpringManagedTransaction]JDBC Connection [com.alibaba.druid.proxy.jdbc.ConnectionProxyImpl@31407408] will be managed by Spring
[DEBUG][2016-03-19 19:48:13,792][sy.dao.UserMapper.getUserById]==>  Preparing: select id, userName, userAge, userAddress from user where id = ? 
[DEBUG][2016-03-19 19:48:13,890][sy.dao.UserMapper.getUserById]==> Parameters: 1(Integer)
[DEBUG][2016-03-19 19:48:13,910][sy.dao.UserMapper.getUserById]<==      Total: 1
[DEBUG][2016-03-19 19:48:13,910][org.mybatis.spring.SqlSessionUtils]Releasing transactional SqlSession [org.apache.ibatis.session.defaults.DefaultSqlSession@4fde7fea]
[DEBUG][2016-03-19 19:48:13,910][org.mybatis.spring.SqlSessionUtils]Transaction synchronization closing SqlSession [org.apache.ibatis.session.defaults.DefaultSqlSession@4fde7fea]
[DEBUG][2016-03-19 19:48:13,911][org.springframework.jdbc.datasource.DataSourceUtils]Returning JDBC Connection to DataSource
[INFO][2016-03-19 19:48:13,967][sy.test.TestUtil]{"id":1,"useraddress":"shanghai,pudong","userage":100,"username":"summer"}
[DEBUG][2016-03-19 19:48:13,967][org.springframework.test.context.support.DirtiesContextTestExecutionListener]After test method: context [[TestContext@4fc5a2f9 testClass = TestUtil, testInstance = sy.test.TestUtil@384eb259, testMethod = test@TestUtil, testException = [null], mergedContextConfiguration = [MergedContextConfiguration@369f0df0 testClass = TestUtil, locations = '{classpath:spring.xml, classpath:spring-mybatis.xml}', classes = '{}', contextInitializerClasses = '[]', activeProfiles = '{}', contextLoader = 'org.springframework.test.context.support.DelegatingSmartContextLoader', parent = [null]]]], class dirties context [false], class mode [null], method dirties context [false].
[DEBUG][2016-03-19 19:48:13,968][org.springframework.test.context.support.DirtiesContextTestExecutionListener]After test class: context [[TestContext@4fc5a2f9 testClass = TestUtil, testInstance = [null], testMethod = [null], testException = [null], mergedContextConfiguration = [MergedContextConfiguration@369f0df0 testClass = TestUtil, locations = '{classpath:spring.xml, classpath:spring-mybatis.xml}', classes = '{}', contextInitializerClasses = '[]', activeProfiles = '{}', contextLoader = 'org.springframework.test.context.support.DelegatingSmartContextLoader', parent = [null]]]], dirtiesContext [false].
[INFO][2016-03-19 19:48:13,969][org.springframework.context.support.GenericApplicationContext]Closing org.springframework.context.support.GenericApplicationContext@24c67c0f: startup date [Sat Mar 19 19:48:12 CST 2016]; root of context hierarchy
[DEBUG][2016-03-19 19:48:13,969][org.springframework.beans.factory.support.DefaultListableBeanFactory]Returning cached instance of singleton bean 'sqlSessionFactory'
[DEBUG][2016-03-19 19:48:13,970][org.springframework.beans.factory.support.DefaultListableBeanFactory]Returning cached instance of singleton bean 'lifecycleProcessor'
[INFO][2016-03-19 19:48:13,970][org.springframework.beans.factory.support.DefaultListableBeanFactory]Destroying singletons in org.springframework.beans.factory.support.DefaultListableBeanFactory@7746e075: defining beans [userService,org.springframework.context.annotation.internalConfigurationAnnotationProcessor,org.springframework.context.annotation.internalAutowiredAnnotationProcessor,org.springframework.context.annotation.internalRequiredAnnotationProcessor,org.springframework.context.annotation.internalCommonAnnotationProcessor,org.springframework.beans.factory.config.PropertyPlaceholderConfigurer#0,dataSource,sqlSessionFactory,org.mybatis.spring.mapper.MapperScannerConfigurer#0,transactionManager,transactionAdvice,org.springframework.aop.config.internalAutoProxyCreator,transactionPointcut,org.springframework.aop.support.DefaultBeanFactoryPointcutAdvisor#0,druid-stat-interceptor,druid-stat-pointcut,org.springframework.aop.support.DefaultBeanFactoryPointcutAdvisor#1,org.springframework.context.annotation.ConfigurationClassPostProcessor.importAwareProcessor,userMapper]; root of factory hierarchy
[DEBUG][2016-03-19 19:48:13,970][org.springframework.beans.factory.support.DefaultListableBeanFactory]Retrieved dependent beans for bean 'userService': [sy.test.TestUtil]
[DEBUG][2016-03-19 19:48:13,970][org.springframework.beans.factory.support.DisposableBeanAdapter]Invoking destroy() on bean with name 'druid-stat-interceptor'
[DEBUG][2016-03-19 19:48:13,970][org.springframework.beans.factory.support.DefaultListableBeanFactory]Retrieved dependent beans for bean '(inner bean)#68ab512a': [transactionAdvice]
[DEBUG][2016-03-19 19:48:13,971][org.springframework.beans.factory.support.DisposableBeanAdapter]Invoking destroy method 'close' on bean with name 'dataSource'
[INFO][2016-03-19 19:48:13,973][com.alibaba.druid.pool.DruidDataSource]{dataSource-1} closed
[DEBUG][2016-03-21 22:24:09,596][org.springframework.test.context.junit4.SpringJUnit4ClassRunner]SpringJUnit4ClassRunner constructor called with [class sy.test.TestUtil].
[DEBUG][2016-03-21 22:24:09,646][org.springframework.test.context.support.AbstractDelegatingSmartContextLoader]Delegating to GenericXmlContextLoader to process context configuration [ContextConfigurationAttributes@5bf7253e declaringClass = 'sy.test.TestUtil', classes = '{}', locations = '{classpath:spring.xml, classpath:spring-mybatis.xml}', inheritLocations = true, initializers = '{}', inheritInitializers = true, name = [null], contextLoaderClass = 'org.springframework.test.context.ContextLoader'].
[DEBUG][2016-03-21 22:24:09,648][org.springframework.test.context.ContextLoaderUtils]Could not find an 'annotation declaring class' for annotation type [org.springframework.test.context.ActiveProfiles] and class [sy.test.TestUtil]
[DEBUG][2016-03-21 22:24:09,650][org.springframework.test.context.TestContextManager]@TestExecutionListeners is not present for class [sy.test.TestUtil]: using defaults.
[DEBUG][2016-03-21 22:24:09,667][org.springframework.test.annotation.ProfileValueUtils]Retrieved @ProfileValueSourceConfiguration [null] for test class [sy.test.TestUtil]
[DEBUG][2016-03-21 22:24:09,667][org.springframework.test.annotation.ProfileValueUtils]Retrieved ProfileValueSource type [class org.springframework.test.annotation.SystemProfileValueSource] for class [sy.test.TestUtil]
[DEBUG][2016-03-21 22:24:09,668][org.springframework.test.annotation.ProfileValueUtils]Retrieved @ProfileValueSourceConfiguration [null] for test class [sy.test.TestUtil]
[DEBUG][2016-03-21 22:24:09,668][org.springframework.test.annotation.ProfileValueUtils]Retrieved ProfileValueSource type [class org.springframework.test.annotation.SystemProfileValueSource] for class [sy.test.TestUtil]
[DEBUG][2016-03-21 22:24:09,671][org.springframework.test.annotation.ProfileValueUtils]Retrieved @ProfileValueSourceConfiguration [null] for test class [sy.test.TestUtil]
[DEBUG][2016-03-21 22:24:09,671][org.springframework.test.annotation.ProfileValueUtils]Retrieved ProfileValueSource type [class org.springframework.test.annotation.SystemProfileValueSource] for class [sy.test.TestUtil]
[DEBUG][2016-03-21 22:24:09,673][org.springframework.test.context.support.DependencyInjectionTestExecutionListener]Performing dependency injection for test context [[TestContext@283dc831 testClass = TestUtil, testInstance = sy.test.TestUtil@70221d9a, testMethod = [null], testException = [null], mergedContextConfiguration = [MergedContextConfiguration@4fc5a2f9 testClass = TestUtil, locations = '{classpath:spring.xml, classpath:spring-mybatis.xml}', classes = '{}', contextInitializerClasses = '[]', activeProfiles = '{}', contextLoader = 'org.springframework.test.context.support.DelegatingSmartContextLoader', parent = [null]]]].
[DEBUG][2016-03-21 22:24:09,674][org.springframework.test.context.support.AbstractDelegatingSmartContextLoader]Delegating to GenericXmlContextLoader to load context from [MergedContextConfiguration@4fc5a2f9 testClass = TestUtil, locations = '{classpath:spring.xml, classpath:spring-mybatis.xml}', classes = '{}', contextInitializerClasses = '[]', activeProfiles = '{}', contextLoader = 'org.springframework.test.context.support.DelegatingSmartContextLoader', parent = [null]].
[DEBUG][2016-03-21 22:24:09,674][org.springframework.test.context.support.AbstractGenericContextLoader]Loading ApplicationContext for merged context configuration [[MergedContextConfiguration@4fc5a2f9 testClass = TestUtil, locations = '{classpath:spring.xml, classpath:spring-mybatis.xml}', classes = '{}', contextInitializerClasses = '[]', activeProfiles = '{}', contextLoader = 'org.springframework.test.context.support.DelegatingSmartContextLoader', parent = [null]]].
[DEBUG][2016-03-21 22:24:09,743][org.springframework.core.env.StandardEnvironment]Adding [systemProperties] PropertySource with lowest search precedence
[DEBUG][2016-03-21 22:24:09,746][org.springframework.core.env.StandardEnvironment]Adding [systemEnvironment] PropertySource with lowest search precedence
[DEBUG][2016-03-21 22:24:09,746][org.springframework.core.env.StandardEnvironment]Initialized StandardEnvironment with PropertySources [systemProperties,systemEnvironment]
[INFO][2016-03-21 22:24:09,756][org.springframework.beans.factory.xml.XmlBeanDefinitionReader]Loading XML bean definitions from class path resource [spring.xml]
[DEBUG][2016-03-21 22:24:09,772][org.springframework.beans.factory.xml.DefaultDocumentLoader]Using JAXP provider [com.sun.org.apache.xerces.internal.jaxp.DocumentBuilderFactoryImpl]
[DEBUG][2016-03-21 22:24:09,798][org.springframework.beans.factory.xml.PluggableSchemaResolver]Loading schema mappings from [META-INF/spring.schemas]
[DEBUG][2016-03-21 22:24:09,846][org.springframework.beans.factory.xml.PluggableSchemaResolver]Loaded schema mappings: {http://www.springframework.org/schema/util/spring-util.xsd=org/springframework/beans/factory/xml/spring-util-3.2.xsd, http://www.springframework.org/schema/jee/spring-jee-3.2.xsd=org/springframework/ejb/config/spring-jee-3.2.xsd, http://www.springframework.org/schema/mvc/spring-mvc-3.1.xsd=org/springframework/web/servlet/config/spring-mvc-3.1.xsd, http://www.springframework.org/schema/task/spring-task.xsd=org/springframework/scheduling/config/spring-task-3.2.xsd, http://www.springframework.org/schema/beans/spring-beans-3.1.xsd=org/springframework/beans/factory/xml/spring-beans-3.1.xsd, http://www.springframework.org/schema/cache/spring-cache.xsd=org/springframework/cache/config/spring-cache-3.2.xsd, http://www.springframework.org/schema/aop/spring-aop-3.0.xsd=org/springframework/aop/config/spring-aop-3.0.xsd, http://www.springframework.org/schema/aop/spring-aop-2.0.xsd=org/springframework/aop/config/spring-aop-2.0.xsd, http://www.springframework.org/schema/task/spring-task-3.1.xsd=org/springframework/scheduling/config/spring-task-3.1.xsd, http://www.springframework.org/schema/tool/spring-tool-2.5.xsd=org/springframework/beans/factory/xml/spring-tool-2.5.xsd, http://www.springframework.org/schema/beans/spring-beans.xsd=org/springframework/beans/factory/xml/spring-beans-3.2.xsd, http://www.springframework.org/schema/jee/spring-jee-2.5.xsd=org/springframework/ejb/config/spring-jee-2.5.xsd, http://www.springframework.org/schema/jdbc/spring-jdbc-3.1.xsd=org/springframework/jdbc/config/spring-jdbc-3.1.xsd, http://www.springframework.org/schema/tool/spring-tool-3.1.xsd=org/springframework/beans/factory/xml/spring-tool-3.1.xsd, http://www.springframework.org/schema/aop/spring-aop.xsd=org/springframework/aop/config/spring-aop-3.2.xsd, http://www.springframework.org/schema/jee/spring-jee-3.1.xsd=org/springframework/ejb/config/spring-jee-3.1.xsd, http://www.springframework.org/schema/context/spring-context-3.2.xsd=org/springframework/context/config/spring-context-3.2.xsd, http://www.springframework.org/schema/beans/spring-beans-2.0.xsd=org/springframework/beans/factory/xml/spring-beans-2.0.xsd, http://www.springframework.org/schema/util/spring-util-3.2.xsd=org/springframework/beans/factory/xml/spring-util-3.2.xsd, http://www.springframework.org/schema/lang/spring-lang-3.2.xsd=org/springframework/scripting/config/spring-lang-3.2.xsd, http://www.springframework.org/schema/mvc/spring-mvc-3.0.xsd=org/springframework/web/servlet/config/spring-mvc-3.0.xsd, http://www.springframework.org/schema/beans/spring-beans-3.0.xsd=org/springframework/beans/factory/xml/spring-beans-3.0.xsd, http://www.springframework.org/schema/cache/spring-cache-3.2.xsd=org/springframework/cache/config/spring-cache-3.2.xsd, http://www.springframework.org/schema/task/spring-task-3.0.xsd=org/springframework/scheduling/config/spring-task-3.0.xsd, http://www.springframework.org/schema/tx/spring-tx-2.5.xsd=org/springframework/transaction/config/spring-tx-2.5.xsd, http://www.springframework.org/schema/context/spring-context-2.5.xsd=org/springframework/context/config/spring-context-2.5.xsd, http://www.springframework.org/schema/jdbc/spring-jdbc-3.0.xsd=org/springframework/jdbc/config/spring-jdbc-3.0.xsd, http://www.springframework.org/schema/tool/spring-tool-3.0.xsd=org/springframework/beans/factory/xml/spring-tool-3.0.xsd, http://www.springframework.org/schema/tx/spring-tx.xsd=org/springframework/transaction/config/spring-tx-3.1.xsd, http://www.springframework.org/schema/lang/spring-lang.xsd=org/springframework/scripting/config/spring-lang-3.2.xsd, http://www.springframework.org/schema/tool/spring-tool-2.0.xsd=org/springframework/beans/factory/xml/spring-tool-2.0.xsd, http://www.springframework.org/schema/util/spring-util-2.5.xsd=org/springframework/beans/factory/xml/spring-util-2.5.xsd, http://www.springframework.org/schema/lang/spring-lang-2.5.xsd=org/springframework/scripting/config/spring-lang-2.5.xsd, http://www.springframework.org/schema/aop/spring-aop-3.2.xsd=org/springframework/aop/config/spring-aop-3.2.xsd, http://www.springframework.org/schema/jee/spring-jee-3.0.xsd=org/springframework/ejb/config/spring-jee-3.0.xsd, http://www.springframework.org/schema/tx/spring-tx-3.1.xsd=org/springframework/transaction/config/spring-tx-3.1.xsd, http://www.springframework.org/schema/jee/spring-jee-2.0.xsd=org/springframework/ejb/config/spring-jee-2.0.xsd, http://www.springframework.org/schema/context/spring-context-3.1.xsd=org/springframework/context/config/spring-context-3.1.xsd, http://www.springframework.org/schema/util/spring-util-3.1.xsd=org/springframework/beans/factory/xml/spring-util-3.1.xsd, http://www.springframework.org/schema/lang/spring-lang-3.1.xsd=org/springframework/scripting/config/spring-lang-3.1.xsd, http://www.springframework.org/schema/cache/spring-cache-3.1.xsd=org/springframework/cache/config/spring-cache-3.1.xsd, http://www.springframework.org/schema/context/spring-context.xsd=org/springframework/context/config/spring-context-3.2.xsd, http://www.springframework.org/schema/jee/spring-jee.xsd=org/springframework/ejb/config/spring-jee-3.2.xsd, http://www.springframework.org/schema/aop/spring-aop-2.5.xsd=org/springframework/aop/config/spring-aop-2.5.xsd, http://www.springframework.org/schema/mvc/spring-mvc.xsd=org/springframework/web/servlet/config/spring-mvc-3.2.xsd, http://www.springframework.org/schema/jdbc/spring-jdbc.xsd=org/springframework/jdbc/config/spring-jdbc-3.1.xsd, http://www.springframework.org/schema/mvc/spring-mvc-3.2.xsd=org/springframework/web/servlet/config/spring-mvc-3.2.xsd, http://www.springframework.org/schema/beans/spring-beans-3.2.xsd=org/springframework/beans/factory/xml/spring-beans-3.2.xsd, http://www.springframework.org/schema/tx/spring-tx-2.0.xsd=org/springframework/transaction/config/spring-tx-2.0.xsd, http://www.springframework.org/schema/aop/spring-aop-3.1.xsd=org/springframework/aop/config/spring-aop-3.1.xsd, http://www.springframework.org/schema/task/spring-task-3.2.xsd=org/springframework/scheduling/config/spring-task-3.2.xsd, http://www.springframework.org/schema/tx/spring-tx-3.0.xsd=org/springframework/transaction/config/spring-tx-3.0.xsd, http://www.springframework.org/schema/context/spring-context-3.0.xsd=org/springframework/context/config/spring-context-3.0.xsd, http://www.springframework.org/schema/tool/spring-tool.xsd=org/springframework/beans/factory/xml/spring-tool-3.2.xsd, http://www.springframework.org/schema/util/spring-util-3.0.xsd=org/springframework/beans/factory/xml/spring-util-3.0.xsd, http://www.alibaba.com/schema/stat.xsd=META-INF/stat.xsd, http://www.springframework.org/schema/lang/spring-lang-3.0.xsd=org/springframework/scripting/config/spring-lang-3.0.xsd, http://www.springframework.org/schema/util/spring-util-2.0.xsd=org/springframework/beans/factory/xml/spring-util-2.0.xsd, http://www.springframework.org/schema/lang/spring-lang-2.0.xsd=org/springframework/scripting/config/spring-lang-2.0.xsd, http://www.springframework.org/schema/tool/spring-tool-3.2.xsd=org/springframework/beans/factory/xml/spring-tool-3.2.xsd, http://www.springframework.org/schema/beans/spring-beans-2.5.xsd=org/springframework/beans/factory/xml/spring-beans-2.5.xsd}
[DEBUG][2016-03-21 22:24:09,849][org.springframework.beans.factory.xml.PluggableSchemaResolver]Found XML schema [http://www.springframework.org/schema/beans/spring-beans-3.0.xsd] in classpath: org/springframework/beans/factory/xml/spring-beans-3.0.xsd
[DEBUG][2016-03-21 22:24:09,892][org.springframework.beans.factory.xml.PluggableSchemaResolver]Found XML schema [http://www.springframework.org/schema/context/spring-context-3.0.xsd] in classpath: org/springframework/context/config/spring-context-3.0.xsd
[DEBUG][2016-03-21 22:24:09,900][org.springframework.beans.factory.xml.PluggableSchemaResolver]Found XML schema [http://www.springframework.org/schema/tool/spring-tool-3.0.xsd] in classpath: org/springframework/beans/factory/xml/spring-tool-3.0.xsd
[DEBUG][2016-03-21 22:24:09,908][org.springframework.beans.factory.xml.DefaultBeanDefinitionDocumentReader]Loading bean definitions
[DEBUG][2016-03-21 22:24:09,919][org.springframework.beans.factory.xml.DefaultNamespaceHandlerResolver]Loaded NamespaceHandler mappings: {http://www.springframework.org/schema/p=org.springframework.beans.factory.xml.SimplePropertyNamespaceHandler, http://www.springframework.org/schema/mvc=org.springframework.web.servlet.config.MvcNamespaceHandler, http://www.springframework.org/schema/util=org.springframework.beans.factory.xml.UtilNamespaceHandler, http://www.alibaba.com/schema/stat=com.alibaba.druid.support.spring.stat.config.DruidStatNamespaceHandler, http://www.springframework.org/schema/jee=org.springframework.ejb.config.JeeNamespaceHandler, http://www.springframework.org/schema/aop=org.springframework.aop.config.AopNamespaceHandler, http://www.springframework.org/schema/jdbc=org.springframework.jdbc.config.JdbcNamespaceHandler, http://www.springframework.org/schema/cache=org.springframework.cache.config.CacheNamespaceHandler, http://www.springframework.org/schema/c=org.springframework.beans.factory.xml.SimpleConstructorNamespaceHandler, http://www.springframework.org/schema/tx=org.springframework.transaction.config.TxNamespaceHandler, http://www.springframework.org/schema/task=org.springframework.scheduling.config.TaskNamespaceHandler, http://www.springframework.org/schema/lang=org.springframework.scripting.config.LangNamespaceHandler, http://www.springframework.org/schema/context=org.springframework.context.config.ContextNamespaceHandler}
[DEBUG][2016-03-21 22:24:09,940][org.springframework.core.io.support.PathMatchingResourcePatternResolver]Looking for matching resources in directory tree [D:\eclipse-workspace\test\target\classes\sy\service]
[DEBUG][2016-03-21 22:24:09,941][org.springframework.core.io.support.PathMatchingResourcePatternResolver]Searching directory [D:\eclipse-workspace\test\target\classes\sy\service] for files matching pattern [D:/eclipse-workspace/test/target/classes/sy/service/**/*.class]
[DEBUG][2016-03-21 22:24:09,944][org.springframework.core.io.support.PathMatchingResourcePatternResolver]Resolved location pattern [classpath*:sy/service/**/*.class] to resources [file [D:\eclipse-workspace\test\target\classes\sy\service\UserServiceI.class], file [D:\eclipse-workspace\test\target\classes\sy\service\UserServiceImpl.class]]
[DEBUG][2016-03-21 22:24:09,971][org.springframework.context.annotation.ClassPathBeanDefinitionScanner]Identified candidate component class: file [D:\eclipse-workspace\test\target\classes\sy\service\UserServiceImpl.class]
[DEBUG][2016-03-21 22:24:09,984][org.springframework.beans.factory.xml.XmlBeanDefinitionReader]Loaded 6 bean definitions from location pattern [classpath:spring.xml]
[INFO][2016-03-21 22:24:09,985][org.springframework.beans.factory.xml.XmlBeanDefinitionReader]Loading XML bean definitions from class path resource [spring-mybatis.xml]
[DEBUG][2016-03-21 22:24:09,986][org.springframework.beans.factory.xml.DefaultDocumentLoader]Using JAXP provider [com.sun.org.apache.xerces.internal.jaxp.DocumentBuilderFactoryImpl]
[DEBUG][2016-03-21 22:24:09,988][org.springframework.beans.factory.xml.PluggableSchemaResolver]Found XML schema [http://www.springframework.org/schema/beans/spring-beans-3.0.xsd] in classpath: org/springframework/beans/factory/xml/spring-beans-3.0.xsd
[DEBUG][2016-03-21 22:24:10,009][org.springframework.beans.factory.xml.PluggableSchemaResolver]Found XML schema [http://www.springframework.org/schema/tx/spring-tx-3.0.xsd] in classpath: org/springframework/transaction/config/spring-tx-3.0.xsd
[DEBUG][2016-03-21 22:24:10,014][org.springframework.beans.factory.xml.PluggableSchemaResolver]Found XML schema [http://www.springframework.org/schema/tool/spring-tool-3.0.xsd] in classpath: org/springframework/beans/factory/xml/spring-tool-3.0.xsd
[DEBUG][2016-03-21 22:24:10,021][org.springframework.beans.factory.xml.PluggableSchemaResolver]Found XML schema [http://www.springframework.org/schema/aop/spring-aop-3.0.xsd] in classpath: org/springframework/aop/config/spring-aop-3.0.xsd
[DEBUG][2016-03-21 22:24:10,036][org.springframework.beans.factory.xml.DefaultBeanDefinitionDocumentReader]Loading bean definitions
[DEBUG][2016-03-21 22:24:10,036][org.springframework.beans.factory.xml.BeanDefinitionParserDelegate]No XML 'id' specified - using 'dataSource' as bean name and [] as aliases
[DEBUG][2016-03-21 22:24:10,041][org.springframework.beans.factory.xml.BeanDefinitionParserDelegate]Neither XML 'id' nor 'name' specified - using generated bean name [org.mybatis.spring.mapper.MapperScannerConfigurer#0]
[DEBUG][2016-03-21 22:24:10,063][org.springframework.beans.factory.xml.XmlBeanDefinitionReader]Loaded 11 bean definitions from location pattern [classpath:spring-mybatis.xml]
[INFO][2016-03-21 22:24:10,066][org.springframework.context.support.GenericApplicationContext]Refreshing org.springframework.context.support.GenericApplicationContext@70c722ad: startup date [Mon Mar 21 22:24:10 CST 2016]; root of context hierarchy
[DEBUG][2016-03-21 22:24:10,066][org.springframework.context.support.GenericApplicationContext]Bean factory for org.springframework.context.support.GenericApplicationContext@70c722ad: org.springframework.beans.factory.support.DefaultListableBeanFactory@26469036: defining beans [userService,org.springframework.context.annotation.internalConfigurationAnnotationProcessor,org.springframework.context.annotation.internalAutowiredAnnotationProcessor,org.springframework.context.annotation.internalRequiredAnnotationProcessor,org.springframework.context.annotation.internalCommonAnnotationProcessor,org.springframework.beans.factory.config.PropertyPlaceholderConfigurer#0,dataSource,sqlSessionFactory,org.mybatis.spring.mapper.MapperScannerConfigurer#0,transactionManager,transactionAdvice,org.springframework.aop.config.internalAutoProxyCreator,transactionPointcut,org.springframework.aop.support.DefaultBeanFactoryPointcutAdvisor#0,druid-stat-interceptor,druid-stat-pointcut,org.springframework.aop.support.DefaultBeanFactoryPointcutAdvisor#1]; root of factory hierarchy
[DEBUG][2016-03-21 22:24:10,087][org.springframework.beans.factory.support.DefaultListableBeanFactory]Creating shared instance of singleton bean 'org.springframework.context.annotation.internalConfigurationAnnotationProcessor'
[DEBUG][2016-03-21 22:24:10,087][org.springframework.beans.factory.support.DefaultListableBeanFactory]Creating instance of bean 'org.springframework.context.annotation.internalConfigurationAnnotationProcessor'
[DEBUG][2016-03-21 22:24:10,107][org.springframework.beans.factory.support.DefaultListableBeanFactory]Eagerly caching bean 'org.springframework.context.annotation.internalConfigurationAnnotationProcessor' to allow for resolving potential circular references
[DEBUG][2016-03-21 22:24:10,109][org.springframework.beans.factory.support.DefaultListableBeanFactory]Finished creating instance of bean 'org.springframework.context.annotation.internalConfigurationAnnotationProcessor'
[DEBUG][2016-03-21 22:24:10,109][org.springframework.beans.factory.support.DefaultListableBeanFactory]Creating shared instance of singleton bean 'org.mybatis.spring.mapper.MapperScannerConfigurer#0'
[DEBUG][2016-03-21 22:24:10,109][org.springframework.beans.factory.support.DefaultListableBeanFactory]Creating instance of bean 'org.mybatis.spring.mapper.MapperScannerConfigurer#0'
[DEBUG][2016-03-21 22:24:10,109][org.springframework.beans.factory.support.DefaultListableBeanFactory]Eagerly caching bean 'org.mybatis.spring.mapper.MapperScannerConfigurer#0' to allow for resolving potential circular references
[DEBUG][2016-03-21 22:24:10,134][org.springframework.beans.factory.support.DefaultListableBeanFactory]Invoking afterPropertiesSet() on bean with name 'org.mybatis.spring.mapper.MapperScannerConfigurer#0'
[DEBUG][2016-03-21 22:24:10,134][org.springframework.beans.factory.support.DefaultListableBeanFactory]Finished creating instance of bean 'org.mybatis.spring.mapper.MapperScannerConfigurer#0'
[DEBUG][2016-03-21 22:24:10,171][org.springframework.core.env.StandardEnvironment]Adding [systemProperties] PropertySource with lowest search precedence
[DEBUG][2016-03-21 22:24:10,171][org.springframework.core.env.StandardEnvironment]Adding [systemEnvironment] PropertySource with lowest search precedence
[DEBUG][2016-03-21 22:24:10,172][org.springframework.core.env.StandardEnvironment]Initialized StandardEnvironment with PropertySources [systemProperties,systemEnvironment]
[DEBUG][2016-03-21 22:24:10,173][org.springframework.core.io.support.PathMatchingResourcePatternResolver]Looking for matching resources in directory tree [D:\eclipse-workspace\test\target\classes\sy\dao]
[DEBUG][2016-03-21 22:24:10,173][org.springframework.core.io.support.PathMatchingResourcePatternResolver]Searching directory [D:\eclipse-workspace\test\target\classes\sy\dao] for files matching pattern [D:/eclipse-workspace/test/target/classes/sy/dao/**/*.class]
[DEBUG][2016-03-21 22:24:10,173][org.springframework.core.io.support.PathMatchingResourcePatternResolver]Resolved location pattern [classpath*:sy/dao/**/*.class] to resources [file [D:\eclipse-workspace\test\target\classes\sy\dao\UserMapper.class]]
[DEBUG][2016-03-21 22:24:10,174][org.mybatis.spring.mapper.MapperScannerConfigurer$Scanner]Identified candidate component class: file [D:\eclipse-workspace\test\target\classes\sy\dao\UserMapper.class]
[DEBUG][2016-03-21 22:24:10,174][org.mybatis.spring.mapper.MapperScannerConfigurer$Scanner]Creating MapperFactoryBean with name 'userMapper' and 'sy.dao.UserMapper' mapperInterface
[DEBUG][2016-03-21 22:24:10,178][org.springframework.beans.factory.support.DefaultListableBeanFactory]Creating shared instance of singleton bean 'org.springframework.beans.factory.config.PropertyPlaceholderConfigurer#0'
[DEBUG][2016-03-21 22:24:10,178][org.springframework.beans.factory.support.DefaultListableBeanFactory]Creating instance of bean 'org.springframework.beans.factory.config.PropertyPlaceholderConfigurer#0'
[DEBUG][2016-03-21 22:24:10,180][org.springframework.beans.factory.support.DefaultListableBeanFactory]Eagerly caching bean 'org.springframework.beans.factory.config.PropertyPlaceholderConfigurer#0' to allow for resolving potential circular references
[DEBUG][2016-03-21 22:24:10,185][org.springframework.beans.factory.support.DefaultListableBeanFactory]Finished creating instance of bean 'org.springframework.beans.factory.config.PropertyPlaceholderConfigurer#0'
[INFO][2016-03-21 22:24:10,185][org.springframework.beans.factory.config.PropertyPlaceholderConfigurer]Loading properties file from class path resource [config.properties]
[DEBUG][2016-03-21 22:24:10,191][org.springframework.beans.factory.support.DefaultListableBeanFactory]Creating shared instance of singleton bean 'org.springframework.context.annotation.internalAutowiredAnnotationProcessor'
[DEBUG][2016-03-21 22:24:10,192][org.springframework.beans.factory.support.DefaultListableBeanFactory]Creating instance of bean 'org.springframework.context.annotation.internalAutowiredAnnotationProcessor'
[DEBUG][2016-03-21 22:24:10,192][org.springframework.beans.factory.support.DefaultListableBeanFactory]Eagerly caching bean 'org.springframework.context.annotation.internalAutowiredAnnotationProcessor' to allow for resolving potential circular references
[DEBUG][2016-03-21 22:24:10,192][org.springframework.beans.factory.support.DefaultListableBeanFactory]Finished creating instance of bean 'org.springframework.context.annotation.internalAutowiredAnnotationProcessor'
[DEBUG][2016-03-21 22:24:10,193][org.springframework.beans.factory.support.DefaultListableBeanFactory]Creating shared instance of singleton bean 'org.springframework.context.annotation.internalRequiredAnnotationProcessor'
[DEBUG][2016-03-21 22:24:10,193][org.springframework.beans.factory.support.DefaultListableBeanFactory]Creating instance of bean 'org.springframework.context.annotation.internalRequiredAnnotationProcessor'
[DEBUG][2016-03-21 22:24:10,193][org.springframework.beans.factory.support.DefaultListableBeanFactory]Eagerly caching bean 'org.springframework.context.annotation.internalRequiredAnnotationProcessor' to allow for resolving potential circular references
[DEBUG][2016-03-21 22:24:10,194][org.springframework.beans.factory.support.DefaultListableBeanFactory]Finished creating instance of bean 'org.springframework.context.annotation.internalRequiredAnnotationProcessor'
[DEBUG][2016-03-21 22:24:10,194][org.springframework.beans.factory.support.DefaultListableBeanFactory]Creating shared instance of singleton bean 'org.springframework.context.annotation.internalCommonAnnotationProcessor'
[DEBUG][2016-03-21 22:24:10,194][org.springframework.beans.factory.support.DefaultListableBeanFactory]Creating instance of bean 'org.springframework.context.annotation.internalCommonAnnotationProcessor'
[DEBUG][2016-03-21 22:24:10,199][org.springframework.beans.factory.support.DefaultListableBeanFactory]Eagerly caching bean 'org.springframework.context.annotation.internalCommonAnnotationProcessor' to allow for resolving potential circular references
[DEBUG][2016-03-21 22:24:10,199][org.springframework.beans.factory.support.DefaultListableBeanFactory]Finished creating instance of bean 'org.springframework.context.annotation.internalCommonAnnotationProcessor'
[DEBUG][2016-03-21 22:24:10,199][org.springframework.beans.factory.support.DefaultListableBeanFactory]Creating shared instance of singleton bean 'org.springframework.context.annotation.ConfigurationClassPostProcessor.importAwareProcessor'
[DEBUG][2016-03-21 22:24:10,200][org.springframework.beans.factory.support.DefaultListableBeanFactory]Creating instance of bean 'org.springframework.context.annotation.ConfigurationClassPostProcessor.importAwareProcessor'
[DEBUG][2016-03-21 22:24:10,200][org.springframework.beans.factory.support.DefaultListableBeanFactory]Eagerly caching bean 'org.springframework.context.annotation.ConfigurationClassPostProcessor.importAwareProcessor' to allow for resolving potential circular references
[DEBUG][2016-03-21 22:24:10,200][org.springframework.beans.factory.support.DefaultListableBeanFactory]Finished creating instance of bean 'org.springframework.context.annotation.ConfigurationClassPostProcessor.importAwareProcessor'
[DEBUG][2016-03-21 22:24:10,200][org.springframework.beans.factory.support.DefaultListableBeanFactory]Creating shared instance of singleton bean 'org.springframework.aop.config.internalAutoProxyCreator'
[DEBUG][2016-03-21 22:24:10,200][org.springframework.beans.factory.support.DefaultListableBeanFactory]Creating instance of bean 'org.springframework.aop.config.internalAutoProxyCreator'
[DEBUG][2016-03-21 22:24:10,207][org.springframework.beans.factory.support.DefaultListableBeanFactory]Eagerly caching bean 'org.springframework.aop.config.internalAutoProxyCreator' to allow for resolving potential circular references
[DEBUG][2016-03-21 22:24:10,216][org.springframework.beans.factory.support.DefaultListableBeanFactory]Finished creating instance of bean 'org.springframework.aop.config.internalAutoProxyCreator'
[DEBUG][2016-03-21 22:24:10,218][org.springframework.context.support.GenericApplicationContext]Unable to locate MessageSource with name 'messageSource': using default [org.springframework.context.support.DelegatingMessageSource@24245514]
[DEBUG][2016-03-21 22:24:10,220][org.springframework.context.support.GenericApplicationContext]Unable to locate ApplicationEventMulticaster with name 'applicationEventMulticaster': using default [org.springframework.context.event.SimpleApplicationEventMulticaster@273221e]
[INFO][2016-03-21 22:24:10,223][org.springframework.beans.factory.support.DefaultListableBeanFactory]Pre-instantiating singletons in org.springframework.beans.factory.support.DefaultListableBeanFactory@26469036: defining beans [userService,org.springframework.context.annotation.internalConfigurationAnnotationProcessor,org.springframework.context.annotation.internalAutowiredAnnotationProcessor,org.springframework.context.annotation.internalRequiredAnnotationProcessor,org.springframework.context.annotation.internalCommonAnnotationProcessor,org.springframework.beans.factory.config.PropertyPlaceholderConfigurer#0,dataSource,sqlSessionFactory,org.mybatis.spring.mapper.MapperScannerConfigurer#0,transactionManager,transactionAdvice,org.springframework.aop.config.internalAutoProxyCreator,transactionPointcut,org.springframework.aop.support.DefaultBeanFactoryPointcutAdvisor#0,druid-stat-interceptor,druid-stat-pointcut,org.springframework.aop.support.DefaultBeanFactoryPointcutAdvisor#1,org.springframework.context.annotation.ConfigurationClassPostProcessor.importAwareProcessor,userMapper]; root of factory hierarchy
[DEBUG][2016-03-21 22:24:10,224][org.springframework.beans.factory.support.DefaultListableBeanFactory]Creating shared instance of singleton bean 'userService'
[DEBUG][2016-03-21 22:24:10,224][org.springframework.beans.factory.support.DefaultListableBeanFactory]Creating instance of bean 'userService'
[DEBUG][2016-03-21 22:24:10,225][org.springframework.beans.factory.support.DefaultListableBeanFactory]Creating shared instance of singleton bean 'org.springframework.aop.support.DefaultBeanFactoryPointcutAdvisor#0'
[DEBUG][2016-03-21 22:24:10,225][org.springframework.beans.factory.support.DefaultListableBeanFactory]Creating instance of bean 'org.springframework.aop.support.DefaultBeanFactoryPointcutAdvisor#0'
[DEBUG][2016-03-21 22:24:10,226][org.springframework.beans.factory.support.DefaultListableBeanFactory]Eagerly caching bean 'org.springframework.aop.support.DefaultBeanFactoryPointcutAdvisor#0' to allow for resolving potential circular references
[DEBUG][2016-03-21 22:24:10,230][org.springframework.beans.factory.support.DefaultListableBeanFactory]Creating instance of bean 'transactionPointcut'
[DEBUG][2016-03-21 22:24:10,235][org.springframework.beans.factory.support.DefaultListableBeanFactory]Finished creating instance of bean 'transactionPointcut'
[DEBUG][2016-03-21 22:24:10,236][org.springframework.beans.factory.support.DefaultListableBeanFactory]Finished creating instance of bean 'org.springframework.aop.support.DefaultBeanFactoryPointcutAdvisor#0'
[DEBUG][2016-03-21 22:24:10,236][org.springframework.beans.factory.support.DefaultListableBeanFactory]Creating shared instance of singleton bean 'org.springframework.aop.support.DefaultBeanFactoryPointcutAdvisor#1'
[DEBUG][2016-03-21 22:24:10,236][org.springframework.beans.factory.support.DefaultListableBeanFactory]Creating instance of bean 'org.springframework.aop.support.DefaultBeanFactoryPointcutAdvisor#1'
[DEBUG][2016-03-21 22:24:10,236][org.springframework.beans.factory.support.DefaultListableBeanFactory]Eagerly caching bean 'org.springframework.aop.support.DefaultBeanFactoryPointcutAdvisor#1' to allow for resolving potential circular references
[DEBUG][2016-03-21 22:24:10,237][org.springframework.beans.factory.support.DefaultListableBeanFactory]Creating instance of bean 'druid-stat-pointcut'
[DEBUG][2016-03-21 22:24:10,237][org.springframework.beans.factory.support.DefaultListableBeanFactory]Returning cached instance of singleton bean 'org.springframework.aop.support.DefaultBeanFactoryPointcutAdvisor#0'
[DEBUG][2016-03-21 22:24:10,237][org.springframework.aop.framework.autoproxy.BeanFactoryAdvisorRetrievalHelper]Skipping currently created advisor 'org.springframework.aop.support.DefaultBeanFactoryPointcutAdvisor#1'
[DEBUG][2016-03-21 22:24:10,250][org.springframework.beans.factory.support.DefaultListableBeanFactory]Returning cached instance of singleton bean 'org.springframework.aop.support.DefaultBeanFactoryPointcutAdvisor#0'
[DEBUG][2016-03-21 22:24:10,250][org.springframework.aop.framework.autoproxy.BeanFactoryAdvisorRetrievalHelper]Skipping currently created advisor 'org.springframework.aop.support.DefaultBeanFactoryPointcutAdvisor#1'
[DEBUG][2016-03-21 22:24:10,250][org.springframework.beans.factory.support.DefaultListableBeanFactory]Returning cached instance of singleton bean 'org.springframework.aop.support.DefaultBeanFactoryPointcutAdvisor#0'
[DEBUG][2016-03-21 22:24:10,250][org.springframework.aop.framework.autoproxy.BeanFactoryAdvisorRetrievalHelper]Skipping currently created advisor 'org.springframework.aop.support.DefaultBeanFactoryPointcutAdvisor#1'
[DEBUG][2016-03-21 22:24:10,382][org.springframework.beans.factory.support.DefaultListableBeanFactory]Finished creating instance of bean 'druid-stat-pointcut'
[DEBUG][2016-03-21 22:24:10,383][org.springframework.beans.factory.support.DefaultListableBeanFactory]Finished creating instance of bean 'org.springframework.aop.support.DefaultBeanFactoryPointcutAdvisor#1'
[DEBUG][2016-03-21 22:24:10,386][org.springframework.beans.factory.annotation.InjectionMetadata]Registered injected element on class [sy.service.UserServiceImpl]: AutowiredMethodElement for public void sy.service.UserServiceImpl.setUserMapper(sy.dao.UserMapper)
[DEBUG][2016-03-21 22:24:10,386][org.springframework.beans.factory.support.DefaultListableBeanFactory]Eagerly caching bean 'userService' to allow for resolving potential circular references
[DEBUG][2016-03-21 22:24:10,386][org.springframework.beans.factory.annotation.InjectionMetadata]Processing injected element of bean 'userService': AutowiredMethodElement for public void sy.service.UserServiceImpl.setUserMapper(sy.dao.UserMapper)
[DEBUG][2016-03-21 22:24:10,387][org.springframework.beans.factory.support.DefaultListableBeanFactory]Returning cached instance of singleton bean 'org.springframework.aop.support.DefaultBeanFactoryPointcutAdvisor#0'
[DEBUG][2016-03-21 22:24:10,387][org.springframework.beans.factory.support.DefaultListableBeanFactory]Returning cached instance of singleton bean 'org.springframework.aop.support.DefaultBeanFactoryPointcutAdvisor#1'
[DEBUG][2016-03-21 22:24:10,391][org.apache.ibatis.logging.LogFactory]Logging initialized using 'class org.apache.ibatis.logging.commons.JakartaCommonsLoggingImpl' adapter.
[DEBUG][2016-03-21 22:24:10,394][org.springframework.beans.factory.support.DefaultListableBeanFactory]Returning cached instance of singleton bean 'org.springframework.aop.support.DefaultBeanFactoryPointcutAdvisor#0'
[DEBUG][2016-03-21 22:24:10,394][org.springframework.beans.factory.support.DefaultListableBeanFactory]Returning cached instance of singleton bean 'org.springframework.aop.support.DefaultBeanFactoryPointcutAdvisor#1'
[DEBUG][2016-03-21 22:24:10,395][org.springframework.beans.factory.support.DefaultListableBeanFactory]Creating shared instance of singleton bean 'userMapper'
[DEBUG][2016-03-21 22:24:10,395][org.springframework.beans.factory.support.DefaultListableBeanFactory]Creating instance of bean 'userMapper'
[DEBUG][2016-03-21 22:24:10,402][org.springframework.beans.factory.annotation.InjectionMetadata]Registered injected element on class [org.mybatis.spring.mapper.MapperFactoryBean]: AutowiredMethodElement for public final void org.mybatis.spring.support.SqlSessionDaoSupport.setSqlSessionFactory(org.apache.ibatis.session.SqlSessionFactory)
[DEBUG][2016-03-21 22:24:10,402][org.springframework.beans.factory.annotation.InjectionMetadata]Registered injected element on class [org.mybatis.spring.mapper.MapperFactoryBean]: AutowiredMethodElement for public final void org.mybatis.spring.support.SqlSessionDaoSupport.setSqlSessionTemplate(org.mybatis.spring.SqlSessionTemplate)
[DEBUG][2016-03-21 22:24:10,402][org.springframework.beans.factory.support.DefaultListableBeanFactory]Eagerly caching bean 'userMapper' to allow for resolving potential circular references
[DEBUG][2016-03-21 22:24:10,402][org.springframework.beans.factory.annotation.InjectionMetadata]Processing injected element of bean 'userMapper': AutowiredMethodElement for public final void org.mybatis.spring.support.SqlSessionDaoSupport.setSqlSessionFactory(org.apache.ibatis.session.SqlSessionFactory)
[DEBUG][2016-03-21 22:24:10,402][org.springframework.beans.factory.annotation.InjectionMetadata]Processing injected element of bean 'userMapper': AutowiredMethodElement for public final void org.mybatis.spring.support.SqlSessionDaoSupport.setSqlSessionTemplate(org.mybatis.spring.SqlSessionTemplate)
[DEBUG][2016-03-21 22:24:10,403][org.springframework.beans.factory.support.DefaultListableBeanFactory]Returning cached instance of singleton bean 'org.springframework.aop.support.DefaultBeanFactoryPointcutAdvisor#0'
[DEBUG][2016-03-21 22:24:10,403][org.springframework.beans.factory.support.DefaultListableBeanFactory]Returning cached instance of singleton bean 'org.springframework.aop.support.DefaultBeanFactoryPointcutAdvisor#1'
[DEBUG][2016-03-21 22:24:10,403][org.springframework.beans.factory.support.DefaultListableBeanFactory]Returning cached instance of singleton bean 'org.springframework.aop.support.DefaultBeanFactoryPointcutAdvisor#0'
[DEBUG][2016-03-21 22:24:10,403][org.springframework.beans.factory.support.DefaultListableBeanFactory]Returning cached instance of singleton bean 'org.springframework.aop.support.DefaultBeanFactoryPointcutAdvisor#1'
[DEBUG][2016-03-21 22:24:10,408][org.springframework.beans.factory.support.DefaultListableBeanFactory]Returning eagerly cached instance of singleton bean 'userMapper' that is not fully initialized yet - a consequence of a circular reference
[DEBUG][2016-03-21 22:24:10,409][org.springframework.beans.factory.support.DefaultListableBeanFactory]Creating shared instance of singleton bean 'sqlSessionFactory'
[DEBUG][2016-03-21 22:24:10,409][org.springframework.beans.factory.support.DefaultListableBeanFactory]Creating instance of bean 'sqlSessionFactory'
[DEBUG][2016-03-21 22:24:10,410][org.springframework.beans.factory.support.DefaultListableBeanFactory]Eagerly caching bean 'sqlSessionFactory' to allow for resolving potential circular references
[DEBUG][2016-03-21 22:24:10,413][org.springframework.beans.factory.support.DefaultListableBeanFactory]Creating shared instance of singleton bean 'dataSource'
[DEBUG][2016-03-21 22:24:10,413][org.springframework.beans.factory.support.DefaultListableBeanFactory]Creating instance of bean 'dataSource'
[DEBUG][2016-03-21 22:24:10,413][org.springframework.beans.factory.support.DefaultListableBeanFactory]Returning cached instance of singleton bean 'org.springframework.aop.support.DefaultBeanFactoryPointcutAdvisor#0'
[DEBUG][2016-03-21 22:24:10,413][org.springframework.beans.factory.support.DefaultListableBeanFactory]Returning cached instance of singleton bean 'org.springframework.aop.support.DefaultBeanFactoryPointcutAdvisor#1'
[DEBUG][2016-03-21 22:24:10,441][org.springframework.beans.factory.support.DefaultListableBeanFactory]Eagerly caching bean 'dataSource' to allow for resolving potential circular references
[ERROR][2016-03-21 22:24:10,469][com.alibaba.druid.pool.DruidAbstractDataSource]maxIdle is deprecated
[DEBUG][2016-03-21 22:24:10,485][org.springframework.beans.factory.support.DefaultListableBeanFactory]Invoking init method  'init' on bean with name 'dataSource'
[INFO][2016-03-21 22:24:10,558][com.alibaba.druid.pool.DruidDataSource]{dataSource-1} inited
[DEBUG][2016-03-21 22:24:10,558][org.springframework.beans.factory.support.DefaultListableBeanFactory]Returning cached instance of singleton bean 'org.springframework.aop.support.DefaultBeanFactoryPointcutAdvisor#0'
[DEBUG][2016-03-21 22:24:10,559][org.springframework.beans.factory.support.DefaultListableBeanFactory]Returning cached instance of singleton bean 'org.springframework.aop.support.DefaultBeanFactoryPointcutAdvisor#1'
[DEBUG][2016-03-21 22:24:10,559][org.springframework.beans.factory.support.DefaultListableBeanFactory]Returning cached instance of singleton bean 'org.springframework.aop.support.DefaultBeanFactoryPointcutAdvisor#0'
[DEBUG][2016-03-21 22:24:10,559][org.springframework.beans.factory.support.DefaultListableBeanFactory]Returning cached instance of singleton bean 'org.springframework.aop.support.DefaultBeanFactoryPointcutAdvisor#1'
[DEBUG][2016-03-21 22:24:10,667][org.springframework.beans.factory.support.DefaultListableBeanFactory]Finished creating instance of bean 'dataSource'
[DEBUG][2016-03-21 22:24:10,668][org.springframework.core.io.support.PathMatchingResourcePatternResolver]Looking for matching resources in directory tree [D:\eclipse-workspace\test\target\classes\sy\mapping]
[DEBUG][2016-03-21 22:24:10,668][org.springframework.core.io.support.PathMatchingResourcePatternResolver]Searching directory [D:\eclipse-workspace\test\target\classes\sy\mapping] for files matching pattern [D:/eclipse-workspace/test/target/classes/sy/mapping/*.xml]
[DEBUG][2016-03-21 22:24:10,669][org.springframework.core.io.support.PathMatchingResourcePatternResolver]Resolved location pattern [classpath:sy/mapping/*.xml] to resources [file [D:\eclipse-workspace\test\target\classes\sy\mapping\UserMapper.xml]]
[DEBUG][2016-03-21 22:24:10,670][org.springframework.beans.factory.support.DefaultListableBeanFactory]Invoking afterPropertiesSet() on bean with name 'sqlSessionFactory'
[DEBUG][2016-03-21 22:24:10,670][org.mybatis.spring.SqlSessionFactoryBean]Property 'configLocation' not specified, using default MyBatis Configuration
[DEBUG][2016-03-21 22:24:10,943][org.mybatis.spring.SqlSessionFactoryBean]Parsed mapper file: 'file [D:\eclipse-workspace\test\target\classes\sy\mapping\UserMapper.xml]'
[DEBUG][2016-03-21 22:24:10,944][org.springframework.beans.factory.support.DefaultListableBeanFactory]Returning cached instance of singleton bean 'org.springframework.aop.support.DefaultBeanFactoryPointcutAdvisor#0'
[DEBUG][2016-03-21 22:24:10,944][org.springframework.beans.factory.support.DefaultListableBeanFactory]Returning cached instance of singleton bean 'org.springframework.aop.support.DefaultBeanFactoryPointcutAdvisor#1'
[DEBUG][2016-03-21 22:24:10,944][org.springframework.beans.factory.support.DefaultListableBeanFactory]Returning cached instance of singleton bean 'org.springframework.aop.support.DefaultBeanFactoryPointcutAdvisor#0'
[DEBUG][2016-03-21 22:24:10,944][org.springframework.beans.factory.support.DefaultListableBeanFactory]Returning cached instance of singleton bean 'org.springframework.aop.support.DefaultBeanFactoryPointcutAdvisor#1'
[DEBUG][2016-03-21 22:24:10,949][org.springframework.beans.factory.support.DefaultListableBeanFactory]Finished creating instance of bean 'sqlSessionFactory'
[DEBUG][2016-03-21 22:24:10,949][org.springframework.beans.factory.support.DefaultListableBeanFactory]Returning cached instance of singleton bean 'org.springframework.aop.support.DefaultBeanFactoryPointcutAdvisor#0'
[DEBUG][2016-03-21 22:24:10,950][org.springframework.beans.factory.support.DefaultListableBeanFactory]Returning cached instance of singleton bean 'org.springframework.aop.support.DefaultBeanFactoryPointcutAdvisor#1'
[DEBUG][2016-03-21 22:24:10,950][org.springframework.beans.factory.support.DefaultListableBeanFactory]Returning cached instance of singleton bean 'org.springframework.aop.support.DefaultBeanFactoryPointcutAdvisor#0'
[DEBUG][2016-03-21 22:24:10,950][org.springframework.beans.factory.support.DefaultListableBeanFactory]Returning cached instance of singleton bean 'org.springframework.aop.support.DefaultBeanFactoryPointcutAdvisor#1'
[DEBUG][2016-03-21 22:24:10,960][org.springframework.beans.factory.support.DefaultListableBeanFactory]Invoking afterPropertiesSet() on bean with name 'userMapper'
[DEBUG][2016-03-21 22:24:10,960][org.springframework.beans.factory.support.DefaultListableBeanFactory]Finished creating instance of bean 'userMapper'
[DEBUG][2016-03-21 22:24:10,960][org.springframework.beans.factory.support.DefaultListableBeanFactory]Returning cached instance of singleton bean 'userMapper'
[DEBUG][2016-03-21 22:24:10,962][org.springframework.beans.factory.support.DefaultListableBeanFactory]Returning cached instance of singleton bean 'org.springframework.aop.support.DefaultBeanFactoryPointcutAdvisor#0'
[DEBUG][2016-03-21 22:24:10,962][org.springframework.beans.factory.support.DefaultListableBeanFactory]Returning cached instance of singleton bean 'org.springframework.aop.support.DefaultBeanFactoryPointcutAdvisor#1'
[DEBUG][2016-03-21 22:24:10,962][org.springframework.beans.factory.support.DefaultListableBeanFactory]Returning cached instance of singleton bean 'org.springframework.aop.support.DefaultBeanFactoryPointcutAdvisor#0'
[DEBUG][2016-03-21 22:24:10,962][org.springframework.beans.factory.support.DefaultListableBeanFactory]Returning cached instance of singleton bean 'org.springframework.aop.support.DefaultBeanFactoryPointcutAdvisor#1'
[DEBUG][2016-03-21 22:24:10,966][org.springframework.beans.factory.annotation.AutowiredAnnotationBeanPostProcessor]Autowiring by type from bean name 'userService' to bean named 'userMapper'
[DEBUG][2016-03-21 22:24:10,966][org.springframework.beans.factory.support.DefaultListableBeanFactory]Returning cached instance of singleton bean 'org.springframework.aop.support.DefaultBeanFactoryPointcutAdvisor#0'
[DEBUG][2016-03-21 22:24:10,966][org.springframework.beans.factory.support.DefaultListableBeanFactory]Returning cached instance of singleton bean 'org.springframework.aop.support.DefaultBeanFactoryPointcutAdvisor#1'
[DEBUG][2016-03-21 22:24:10,966][org.springframework.beans.factory.support.DefaultListableBeanFactory]Returning cached instance of singleton bean 'org.springframework.aop.support.DefaultBeanFactoryPointcutAdvisor#0'
[DEBUG][2016-03-21 22:24:10,966][org.springframework.beans.factory.support.DefaultListableBeanFactory]Returning cached instance of singleton bean 'org.springframework.aop.support.DefaultBeanFactoryPointcutAdvisor#1'
[DEBUG][2016-03-21 22:24:10,968][org.springframework.beans.factory.support.DefaultListableBeanFactory]Creating shared instance of singleton bean 'transactionAdvice'
[DEBUG][2016-03-21 22:24:10,968][org.springframework.beans.factory.support.DefaultListableBeanFactory]Creating instance of bean 'transactionAdvice'
[DEBUG][2016-03-21 22:24:10,970][org.springframework.beans.factory.support.DefaultListableBeanFactory]Eagerly caching bean 'transactionAdvice' to allow for resolving potential circular references
[DEBUG][2016-03-21 22:24:10,973][org.springframework.beans.factory.support.DefaultListableBeanFactory]Creating shared instance of singleton bean 'transactionManager'
[DEBUG][2016-03-21 22:24:10,973][org.springframework.beans.factory.support.DefaultListableBeanFactory]Creating instance of bean 'transactionManager'
[DEBUG][2016-03-21 22:24:10,973][org.springframework.beans.factory.support.DefaultListableBeanFactory]Returning cached instance of singleton bean 'org.springframework.aop.support.DefaultBeanFactoryPointcutAdvisor#0'
[DEBUG][2016-03-21 22:24:10,973][org.springframework.beans.factory.support.DefaultListableBeanFactory]Returning cached instance of singleton bean 'org.springframework.aop.support.DefaultBeanFactoryPointcutAdvisor#1'
[DEBUG][2016-03-21 22:24:10,977][org.springframework.beans.factory.support.DefaultListableBeanFactory]Eagerly caching bean 'transactionManager' to allow for resolving potential circular references
[DEBUG][2016-03-21 22:24:10,980][org.springframework.beans.factory.support.DefaultListableBeanFactory]Returning cached instance of singleton bean 'dataSource'
[DEBUG][2016-03-21 22:24:10,980][org.springframework.beans.factory.support.DefaultListableBeanFactory]Invoking afterPropertiesSet() on bean with name 'transactionManager'
[DEBUG][2016-03-21 22:24:10,980][org.springframework.beans.factory.support.DefaultListableBeanFactory]Returning cached instance of singleton bean 'org.springframework.aop.support.DefaultBeanFactoryPointcutAdvisor#0'
[DEBUG][2016-03-21 22:24:10,980][org.springframework.beans.factory.support.DefaultListableBeanFactory]Returning cached instance of singleton bean 'org.springframework.aop.support.DefaultBeanFactoryPointcutAdvisor#1'
[DEBUG][2016-03-21 22:24:10,981][org.springframework.beans.factory.support.DefaultListableBeanFactory]Returning cached instance of singleton bean 'org.springframework.aop.support.DefaultBeanFactoryPointcutAdvisor#0'
[DEBUG][2016-03-21 22:24:10,981][org.springframework.beans.factory.support.DefaultListableBeanFactory]Returning cached instance of singleton bean 'org.springframework.aop.support.DefaultBeanFactoryPointcutAdvisor#1'
[DEBUG][2016-03-21 22:24:10,985][org.springframework.beans.factory.support.DefaultListableBeanFactory]Finished creating instance of bean 'transactionManager'
[DEBUG][2016-03-21 22:24:10,985][org.springframework.beans.factory.support.DefaultListableBeanFactory]Creating instance of bean '(inner bean)#7d070026'
[DEBUG][2016-03-21 22:24:10,985][org.springframework.beans.factory.support.DefaultListableBeanFactory]Returning cached instance of singleton bean 'org.springframework.aop.support.DefaultBeanFactoryPointcutAdvisor#0'
[DEBUG][2016-03-21 22:24:10,985][org.springframework.beans.factory.support.DefaultListableBeanFactory]Returning cached instance of singleton bean 'org.springframework.aop.support.DefaultBeanFactoryPointcutAdvisor#1'
[DEBUG][2016-03-21 22:24:10,990][org.springframework.transaction.interceptor.NameMatchTransactionAttributeSource]Adding transactional method [add*] with attribute [PROPAGATION_REQUIRED,ISOLATION_DEFAULT]
[DEBUG][2016-03-21 22:24:10,990][org.springframework.transaction.interceptor.NameMatchTransactionAttributeSource]Adding transactional method [append*] with attribute [PROPAGATION_REQUIRED,ISOLATION_DEFAULT]
[DEBUG][2016-03-21 22:24:10,990][org.springframework.transaction.interceptor.NameMatchTransactionAttributeSource]Adding transactional method [insert*] with attribute [PROPAGATION_REQUIRED,ISOLATION_DEFAULT]
[DEBUG][2016-03-21 22:24:10,990][org.springframework.transaction.interceptor.NameMatchTransactionAttributeSource]Adding transactional method [save*] with attribute [PROPAGATION_REQUIRED,ISOLATION_DEFAULT]
[DEBUG][2016-03-21 22:24:10,990][org.springframework.transaction.interceptor.NameMatchTransactionAttributeSource]Adding transactional method [update*] with attribute [PROPAGATION_REQUIRED,ISOLATION_DEFAULT]
[DEBUG][2016-03-21 22:24:10,990][org.springframework.transaction.interceptor.NameMatchTransactionAttributeSource]Adding transactional method [modify*] with attribute [PROPAGATION_REQUIRED,ISOLATION_DEFAULT]
[DEBUG][2016-03-21 22:24:10,990][org.springframework.transaction.interceptor.NameMatchTransactionAttributeSource]Adding transactional method [edit*] with attribute [PROPAGATION_REQUIRED,ISOLATION_DEFAULT]
[DEBUG][2016-03-21 22:24:10,990][org.springframework.transaction.interceptor.NameMatchTransactionAttributeSource]Adding transactional method [delete*] with attribute [PROPAGATION_REQUIRED,ISOLATION_DEFAULT]
[DEBUG][2016-03-21 22:24:10,991][org.springframework.transaction.interceptor.NameMatchTransactionAttributeSource]Adding transactional method [remove*] with attribute [PROPAGATION_REQUIRED,ISOLATION_DEFAULT]
[DEBUG][2016-03-21 22:24:10,991][org.springframework.transaction.interceptor.NameMatchTransactionAttributeSource]Adding transactional method [repair] with attribute [PROPAGATION_REQUIRED,ISOLATION_DEFAULT]
[DEBUG][2016-03-21 22:24:10,991][org.springframework.transaction.interceptor.NameMatchTransactionAttributeSource]Adding transactional method [delAndRepair] with attribute [PROPAGATION_REQUIRED,ISOLATION_DEFAULT]
[DEBUG][2016-03-21 22:24:10,991][org.springframework.transaction.interceptor.NameMatchTransactionAttributeSource]Adding transactional method [get*] with attribute [PROPAGATION_SUPPORTS,ISOLATION_DEFAULT]
[DEBUG][2016-03-21 22:24:10,991][org.springframework.transaction.interceptor.NameMatchTransactionAttributeSource]Adding transactional method [find*] with attribute [PROPAGATION_SUPPORTS,ISOLATION_DEFAULT]
[DEBUG][2016-03-21 22:24:10,991][org.springframework.transaction.interceptor.NameMatchTransactionAttributeSource]Adding transactional method [load*] with attribute [PROPAGATION_SUPPORTS,ISOLATION_DEFAULT]
[DEBUG][2016-03-21 22:24:10,991][org.springframework.transaction.interceptor.NameMatchTransactionAttributeSource]Adding transactional method [search*] with attribute [PROPAGATION_SUPPORTS,ISOLATION_DEFAULT]
[DEBUG][2016-03-21 22:24:10,991][org.springframework.transaction.interceptor.NameMatchTransactionAttributeSource]Adding transactional method [datagrid*] with attribute [PROPAGATION_SUPPORTS,ISOLATION_DEFAULT]
[DEBUG][2016-03-21 22:24:10,991][org.springframework.transaction.interceptor.NameMatchTransactionAttributeSource]Adding transactional method [*] with attribute [PROPAGATION_SUPPORTS,ISOLATION_DEFAULT]
[DEBUG][2016-03-21 22:24:10,991][org.springframework.beans.factory.support.DefaultListableBeanFactory]Returning cached instance of singleton bean 'org.springframework.aop.support.DefaultBeanFactoryPointcutAdvisor#0'
[DEBUG][2016-03-21 22:24:10,991][org.springframework.beans.factory.support.DefaultListableBeanFactory]Returning cached instance of singleton bean 'org.springframework.aop.support.DefaultBeanFactoryPointcutAdvisor#1'
[DEBUG][2016-03-21 22:24:10,991][org.springframework.beans.factory.support.DefaultListableBeanFactory]Returning cached instance of singleton bean 'org.springframework.aop.support.DefaultBeanFactoryPointcutAdvisor#0'
[DEBUG][2016-03-21 22:24:10,992][org.springframework.beans.factory.support.DefaultListableBeanFactory]Returning cached instance of singleton bean 'org.springframework.aop.support.DefaultBeanFactoryPointcutAdvisor#1'
[DEBUG][2016-03-21 22:24:10,993][org.springframework.beans.factory.support.DefaultListableBeanFactory]Finished creating instance of bean '(inner bean)#7d070026'
[DEBUG][2016-03-21 22:24:10,993][org.springframework.beans.factory.support.DefaultListableBeanFactory]Invoking afterPropertiesSet() on bean with name 'transactionAdvice'
[DEBUG][2016-03-21 22:24:10,993][org.springframework.beans.factory.support.DefaultListableBeanFactory]Finished creating instance of bean 'transactionAdvice'
[DEBUG][2016-03-21 22:24:10,994][org.springframework.beans.factory.support.DefaultListableBeanFactory]Creating shared instance of singleton bean 'druid-stat-interceptor'
[DEBUG][2016-03-21 22:24:10,994][org.springframework.beans.factory.support.DefaultListableBeanFactory]Creating instance of bean 'druid-stat-interceptor'
[DEBUG][2016-03-21 22:24:10,996][org.springframework.beans.factory.support.DefaultListableBeanFactory]Eagerly caching bean 'druid-stat-interceptor' to allow for resolving potential circular references
[DEBUG][2016-03-21 22:24:10,997][org.springframework.beans.factory.support.DefaultListableBeanFactory]Invoking afterPropertiesSet() on bean with name 'druid-stat-interceptor'
[DEBUG][2016-03-21 22:24:10,998][org.springframework.beans.factory.support.DefaultListableBeanFactory]Finished creating instance of bean 'druid-stat-interceptor'
[DEBUG][2016-03-21 22:24:11,004][org.springframework.aop.aspectj.autoproxy.AspectJAwareAdvisorAutoProxyCreator]Creating implicit proxy for bean 'userService' with 0 common interceptors and 3 specific interceptors
[DEBUG][2016-03-21 22:24:11,005][org.springframework.aop.framework.JdkDynamicAopProxy]Creating JDK dynamic proxy: target source is SingletonTargetSource for target object [sy.service.UserServiceImpl@22239bb8]
[DEBUG][2016-03-21 22:24:11,009][org.springframework.beans.factory.support.DefaultListableBeanFactory]Finished creating instance of bean 'userService'
[DEBUG][2016-03-21 22:24:11,009][org.springframework.beans.factory.support.DefaultListableBeanFactory]Returning cached instance of singleton bean 'org.springframework.context.annotation.internalConfigurationAnnotationProcessor'
[DEBUG][2016-03-21 22:24:11,009][org.springframework.beans.factory.support.DefaultListableBeanFactory]Returning cached instance of singleton bean 'org.springframework.context.annotation.internalAutowiredAnnotationProcessor'
[DEBUG][2016-03-21 22:24:11,010][org.springframework.beans.factory.support.DefaultListableBeanFactory]Returning cached instance of singleton bean 'org.springframework.context.annotation.internalRequiredAnnotationProcessor'
[DEBUG][2016-03-21 22:24:11,010][org.springframework.beans.factory.support.DefaultListableBeanFactory]Returning cached instance of singleton bean 'org.springframework.context.annotation.internalCommonAnnotationProcessor'
[DEBUG][2016-03-21 22:24:11,010][org.springframework.beans.factory.support.DefaultListableBeanFactory]Returning cached instance of singleton bean 'org.springframework.beans.factory.config.PropertyPlaceholderConfigurer#0'
[DEBUG][2016-03-21 22:24:11,010][org.springframework.beans.factory.support.DefaultListableBeanFactory]Returning cached instance of singleton bean 'dataSource'
[DEBUG][2016-03-21 22:24:11,010][org.springframework.beans.factory.support.DefaultListableBeanFactory]Returning cached instance of singleton bean 'sqlSessionFactory'
[DEBUG][2016-03-21 22:24:11,010][org.springframework.beans.factory.support.DefaultListableBeanFactory]Returning cached instance of singleton bean 'org.mybatis.spring.mapper.MapperScannerConfigurer#0'
[DEBUG][2016-03-21 22:24:11,010][org.springframework.beans.factory.support.DefaultListableBeanFactory]Returning cached instance of singleton bean 'transactionManager'
[DEBUG][2016-03-21 22:24:11,010][org.springframework.beans.factory.support.DefaultListableBeanFactory]Returning cached instance of singleton bean 'transactionAdvice'
[DEBUG][2016-03-21 22:24:11,010][org.springframework.beans.factory.support.DefaultListableBeanFactory]Returning cached instance of singleton bean 'org.springframework.aop.config.internalAutoProxyCreator'
[DEBUG][2016-03-21 22:24:11,010][org.springframework.beans.factory.support.DefaultListableBeanFactory]Returning cached instance of singleton bean 'org.springframework.aop.support.DefaultBeanFactoryPointcutAdvisor#0'
[DEBUG][2016-03-21 22:24:11,011][org.springframework.beans.factory.support.DefaultListableBeanFactory]Returning cached instance of singleton bean 'druid-stat-interceptor'
[DEBUG][2016-03-21 22:24:11,011][org.springframework.beans.factory.support.DefaultListableBeanFactory]Returning cached instance of singleton bean 'org.springframework.aop.support.DefaultBeanFactoryPointcutAdvisor#1'
[DEBUG][2016-03-21 22:24:11,011][org.springframework.beans.factory.support.DefaultListableBeanFactory]Returning cached instance of singleton bean 'org.springframework.context.annotation.ConfigurationClassPostProcessor.importAwareProcessor'
[DEBUG][2016-03-21 22:24:11,011][org.springframework.beans.factory.support.DefaultListableBeanFactory]Returning cached instance of singleton bean 'userMapper'
[DEBUG][2016-03-21 22:24:11,012][org.springframework.context.support.GenericApplicationContext]Unable to locate LifecycleProcessor with name 'lifecycleProcessor': using default [org.springframework.context.support.DefaultLifecycleProcessor@3ffdb0e5]
[DEBUG][2016-03-21 22:24:11,012][org.springframework.beans.factory.support.DefaultListableBeanFactory]Returning cached instance of singleton bean 'lifecycleProcessor'
[DEBUG][2016-03-21 22:24:11,013][org.springframework.beans.factory.support.DefaultListableBeanFactory]Returning cached instance of singleton bean 'sqlSessionFactory'
[DEBUG][2016-03-21 22:24:11,014][org.springframework.core.env.PropertySourcesPropertyResolver]Searching for key 'spring.liveBeansView.mbeanDomain' in [systemProperties]
[DEBUG][2016-03-21 22:24:11,014][org.springframework.core.env.PropertySourcesPropertyResolver]Searching for key 'spring.liveBeansView.mbeanDomain' in [systemEnvironment]
[DEBUG][2016-03-21 22:24:11,015][org.springframework.core.env.PropertySourcesPropertyResolver]Could not find key 'spring.liveBeansView.mbeanDomain' in any property source. Returning [null]
[DEBUG][2016-03-21 22:24:11,015][org.springframework.test.context.CacheAwareContextLoaderDelegate]Storing ApplicationContext in cache under key [[MergedContextConfiguration@4fc5a2f9 testClass = TestUtil, locations = '{classpath:spring.xml, classpath:spring-mybatis.xml}', classes = '{}', contextInitializerClasses = '[]', activeProfiles = '{}', contextLoader = 'org.springframework.test.context.support.DelegatingSmartContextLoader', parent = [null]]]
[DEBUG][2016-03-21 22:24:11,015][org.springframework.test.context.cache]Spring test ApplicationContext cache statistics: [ContextCache@7c9564c4 size = 1, hitCount = 0, missCount = 1, parentContextCount = 0]
[DEBUG][2016-03-21 22:24:11,017][org.springframework.beans.factory.annotation.InjectionMetadata]Processing injected element of bean 'sy.test.TestUtil': AutowiredMethodElement for public void sy.test.TestUtil.setUserService(sy.service.UserServiceI)
[DEBUG][2016-03-21 22:24:11,017][org.springframework.beans.factory.support.DefaultListableBeanFactory]Returning cached instance of singleton bean 'userService'
[DEBUG][2016-03-21 22:24:11,017][org.springframework.beans.factory.annotation.AutowiredAnnotationBeanPostProcessor]Autowiring by type from bean name 'sy.test.TestUtil' to bean named 'userService'
[DEBUG][2016-03-21 22:24:11,018][org.springframework.beans.factory.support.DefaultListableBeanFactory]Returning cached instance of singleton bean 'org.springframework.aop.support.DefaultBeanFactoryPointcutAdvisor#0'
[DEBUG][2016-03-21 22:24:11,018][org.springframework.beans.factory.support.DefaultListableBeanFactory]Returning cached instance of singleton bean 'org.springframework.aop.support.DefaultBeanFactoryPointcutAdvisor#1'
[DEBUG][2016-03-21 22:24:11,018][org.springframework.beans.factory.support.DefaultListableBeanFactory]Returning cached instance of singleton bean 'org.springframework.aop.support.DefaultBeanFactoryPointcutAdvisor#0'
[DEBUG][2016-03-21 22:24:11,018][org.springframework.beans.factory.support.DefaultListableBeanFactory]Returning cached instance of singleton bean 'org.springframework.aop.support.DefaultBeanFactoryPointcutAdvisor#1'
[DEBUG][2016-03-21 22:24:11,034][org.mybatis.spring.SqlSessionUtils]Creating a new SqlSession
[DEBUG][2016-03-21 22:24:11,038][org.mybatis.spring.SqlSessionUtils]Registering transaction synchronization for SqlSession [org.apache.ibatis.session.defaults.DefaultSqlSession@28347151]
[DEBUG][2016-03-21 22:24:11,055][org.springframework.jdbc.datasource.DataSourceUtils]Fetching JDBC Connection from DataSource
[DEBUG][2016-03-21 22:24:11,056][org.springframework.jdbc.datasource.DataSourceUtils]Registering transaction synchronization for JDBC Connection
[DEBUG][2016-03-21 22:24:11,057][org.mybatis.spring.transaction.SpringManagedTransaction]JDBC Connection [com.alibaba.druid.proxy.jdbc.ConnectionProxyImpl@7990eca6] will be managed by Spring
[DEBUG][2016-03-21 22:24:11,064][sy.dao.UserMapper.getUserById]==>  Preparing: select id, userName, userAge, userAddress from user where id = ? 
[DEBUG][2016-03-21 22:24:11,160][sy.dao.UserMapper.getUserById]==> Parameters: 1(Integer)
[DEBUG][2016-03-21 22:24:11,189][sy.dao.UserMapper.getUserById]<==      Total: 1
[DEBUG][2016-03-21 22:24:11,189][org.mybatis.spring.SqlSessionUtils]Releasing transactional SqlSession [org.apache.ibatis.session.defaults.DefaultSqlSession@28347151]
[DEBUG][2016-03-21 22:24:11,190][org.mybatis.spring.SqlSessionUtils]Transaction synchronization closing SqlSession [org.apache.ibatis.session.defaults.DefaultSqlSession@28347151]
[DEBUG][2016-03-21 22:24:11,190][org.springframework.jdbc.datasource.DataSourceUtils]Returning JDBC Connection to DataSource
[INFO][2016-03-21 22:24:11,248][sy.test.TestUtil]{"id":1,"useraddress":"shanghai,pudong","userage":100,"username":"summer"}
[DEBUG][2016-03-21 22:24:11,249][org.springframework.test.context.support.DirtiesContextTestExecutionListener]After test method: context [[TestContext@283dc831 testClass = TestUtil, testInstance = sy.test.TestUtil@70221d9a, testMethod = test@TestUtil, testException = [null], mergedContextConfiguration = [MergedContextConfiguration@4fc5a2f9 testClass = TestUtil, locations = '{classpath:spring.xml, classpath:spring-mybatis.xml}', classes = '{}', contextInitializerClasses = '[]', activeProfiles = '{}', contextLoader = 'org.springframework.test.context.support.DelegatingSmartContextLoader', parent = [null]]]], class dirties context [false], class mode [null], method dirties context [false].
[DEBUG][2016-03-21 22:24:11,249][org.springframework.test.context.support.DirtiesContextTestExecutionListener]After test class: context [[TestContext@283dc831 testClass = TestUtil, testInstance = [null], testMethod = [null], testException = [null], mergedContextConfiguration = [MergedContextConfiguration@4fc5a2f9 testClass = TestUtil, locations = '{classpath:spring.xml, classpath:spring-mybatis.xml}', classes = '{}', contextInitializerClasses = '[]', activeProfiles = '{}', contextLoader = 'org.springframework.test.context.support.DelegatingSmartContextLoader', parent = [null]]]], dirtiesContext [false].
[INFO][2016-03-21 22:24:11,251][org.springframework.context.support.GenericApplicationContext]Closing org.springframework.context.support.GenericApplicationContext@70c722ad: startup date [Mon Mar 21 22:24:10 CST 2016]; root of context hierarchy
[DEBUG][2016-03-21 22:24:11,251][org.springframework.beans.factory.support.DefaultListableBeanFactory]Returning cached instance of singleton bean 'sqlSessionFactory'
[DEBUG][2016-03-21 22:24:11,252][org.springframework.beans.factory.support.DefaultListableBeanFactory]Returning cached instance of singleton bean 'lifecycleProcessor'
[INFO][2016-03-21 22:24:11,252][org.springframework.beans.factory.support.DefaultListableBeanFactory]Destroying singletons in org.springframework.beans.factory.support.DefaultListableBeanFactory@26469036: defining beans [userService,org.springframework.context.annotation.internalConfigurationAnnotationProcessor,org.springframework.context.annotation.internalAutowiredAnnotationProcessor,org.springframework.context.annotation.internalRequiredAnnotationProcessor,org.springframework.context.annotation.internalCommonAnnotationProcessor,org.springframework.beans.factory.config.PropertyPlaceholderConfigurer#0,dataSource,sqlSessionFactory,org.mybatis.spring.mapper.MapperScannerConfigurer#0,transactionManager,transactionAdvice,org.springframework.aop.config.internalAutoProxyCreator,transactionPointcut,org.springframework.aop.support.DefaultBeanFactoryPointcutAdvisor#0,druid-stat-interceptor,druid-stat-pointcut,org.springframework.aop.support.DefaultBeanFactoryPointcutAdvisor#1,org.springframework.context.annotation.ConfigurationClassPostProcessor.importAwareProcessor,userMapper]; root of factory hierarchy
[DEBUG][2016-03-21 22:24:11,252][org.springframework.beans.factory.support.DefaultListableBeanFactory]Retrieved dependent beans for bean 'userService': [sy.test.TestUtil]
[DEBUG][2016-03-21 22:24:11,252][org.springframework.beans.factory.support.DisposableBeanAdapter]Invoking destroy() on bean with name 'druid-stat-interceptor'
[DEBUG][2016-03-21 22:24:11,252][org.springframework.beans.factory.support.DefaultListableBeanFactory]Retrieved dependent beans for bean '(inner bean)#7d070026': [transactionAdvice]
[DEBUG][2016-03-21 22:24:11,253][org.springframework.beans.factory.support.DisposableBeanAdapter]Invoking destroy method 'close' on bean with name 'dataSource'
[INFO][2016-03-21 22:24:11,255][com.alibaba.druid.pool.DruidDataSource]{dataSource-1} closed
[DEBUG][2016-03-24 23:47:53,492][org.springframework.test.context.junit4.SpringJUnit4ClassRunner]SpringJUnit4ClassRunner constructor called with [class sy.test.TestUtil].
[DEBUG][2016-03-24 23:47:53,546][org.springframework.test.context.support.AbstractDelegatingSmartContextLoader]Delegating to GenericXmlContextLoader to process context configuration [ContextConfigurationAttributes@98e4cc7 declaringClass = 'sy.test.TestUtil', classes = '{}', locations = '{classpath:spring.xml, classpath:spring-mybatis.xml}', inheritLocations = true, initializers = '{}', inheritInitializers = true, name = [null], contextLoaderClass = 'org.springframework.test.context.ContextLoader'].
[DEBUG][2016-03-24 23:47:53,548][org.springframework.test.context.ContextLoaderUtils]Could not find an 'annotation declaring class' for annotation type [org.springframework.test.context.ActiveProfiles] and class [sy.test.TestUtil]
[DEBUG][2016-03-24 23:47:53,549][org.springframework.test.context.TestContextManager]@TestExecutionListeners is not present for class [sy.test.TestUtil]: using defaults.
[DEBUG][2016-03-24 23:47:53,568][org.springframework.test.annotation.ProfileValueUtils]Retrieved @ProfileValueSourceConfiguration [null] for test class [sy.test.TestUtil]
[DEBUG][2016-03-24 23:47:53,568][org.springframework.test.annotation.ProfileValueUtils]Retrieved ProfileValueSource type [class org.springframework.test.annotation.SystemProfileValueSource] for class [sy.test.TestUtil]
[DEBUG][2016-03-24 23:47:53,569][org.springframework.test.annotation.ProfileValueUtils]Retrieved @ProfileValueSourceConfiguration [null] for test class [sy.test.TestUtil]
[DEBUG][2016-03-24 23:47:53,569][org.springframework.test.annotation.ProfileValueUtils]Retrieved ProfileValueSource type [class org.springframework.test.annotation.SystemProfileValueSource] for class [sy.test.TestUtil]
[DEBUG][2016-03-24 23:47:53,572][org.springframework.test.annotation.ProfileValueUtils]Retrieved @ProfileValueSourceConfiguration [null] for test class [sy.test.TestUtil]
[DEBUG][2016-03-24 23:47:53,572][org.springframework.test.annotation.ProfileValueUtils]Retrieved ProfileValueSource type [class org.springframework.test.annotation.SystemProfileValueSource] for class [sy.test.TestUtil]
[DEBUG][2016-03-24 23:47:53,574][org.springframework.test.context.support.DependencyInjectionTestExecutionListener]Performing dependency injection for test context [[TestContext@70ad2036 testClass = TestUtil, testInstance = sy.test.TestUtil@761df304, testMethod = [null], testException = [null], mergedContextConfiguration = [MergedContextConfiguration@283dc831 testClass = TestUtil, locations = '{classpath:spring.xml, classpath:spring-mybatis.xml}', classes = '{}', contextInitializerClasses = '[]', activeProfiles = '{}', contextLoader = 'org.springframework.test.context.support.DelegatingSmartContextLoader', parent = [null]]]].
[DEBUG][2016-03-24 23:47:53,575][org.springframework.test.context.support.AbstractDelegatingSmartContextLoader]Delegating to GenericXmlContextLoader to load context from [MergedContextConfiguration@283dc831 testClass = TestUtil, locations = '{classpath:spring.xml, classpath:spring-mybatis.xml}', classes = '{}', contextInitializerClasses = '[]', activeProfiles = '{}', contextLoader = 'org.springframework.test.context.support.DelegatingSmartContextLoader', parent = [null]].
[DEBUG][2016-03-24 23:47:53,575][org.springframework.test.context.support.AbstractGenericContextLoader]Loading ApplicationContext for merged context configuration [[MergedContextConfiguration@283dc831 testClass = TestUtil, locations = '{classpath:spring.xml, classpath:spring-mybatis.xml}', classes = '{}', contextInitializerClasses = '[]', activeProfiles = '{}', contextLoader = 'org.springframework.test.context.support.DelegatingSmartContextLoader', parent = [null]]].
[DEBUG][2016-03-24 23:47:53,645][org.springframework.core.env.StandardEnvironment]Adding [systemProperties] PropertySource with lowest search precedence
[DEBUG][2016-03-24 23:47:53,647][org.springframework.core.env.StandardEnvironment]Adding [systemEnvironment] PropertySource with lowest search precedence
[DEBUG][2016-03-24 23:47:53,647][org.springframework.core.env.StandardEnvironment]Initialized StandardEnvironment with PropertySources [systemProperties,systemEnvironment]
[INFO][2016-03-24 23:47:53,657][org.springframework.beans.factory.xml.XmlBeanDefinitionReader]Loading XML bean definitions from class path resource [spring.xml]
[DEBUG][2016-03-24 23:47:53,674][org.springframework.beans.factory.xml.DefaultDocumentLoader]Using JAXP provider [com.sun.org.apache.xerces.internal.jaxp.DocumentBuilderFactoryImpl]
[DEBUG][2016-03-24 23:47:53,727][org.springframework.beans.factory.xml.PluggableSchemaResolver]Loading schema mappings from [META-INF/spring.schemas]
[DEBUG][2016-03-24 23:47:53,775][org.springframework.beans.factory.xml.PluggableSchemaResolver]Loaded schema mappings: {http://www.springframework.org/schema/util/spring-util.xsd=org/springframework/beans/factory/xml/spring-util-3.2.xsd, http://www.springframework.org/schema/jee/spring-jee-3.2.xsd=org/springframework/ejb/config/spring-jee-3.2.xsd, http://www.springframework.org/schema/mvc/spring-mvc-3.1.xsd=org/springframework/web/servlet/config/spring-mvc-3.1.xsd, http://www.springframework.org/schema/task/spring-task.xsd=org/springframework/scheduling/config/spring-task-3.2.xsd, http://www.springframework.org/schema/beans/spring-beans-3.1.xsd=org/springframework/beans/factory/xml/spring-beans-3.1.xsd, http://www.springframework.org/schema/cache/spring-cache.xsd=org/springframework/cache/config/spring-cache-3.2.xsd, http://www.springframework.org/schema/aop/spring-aop-3.0.xsd=org/springframework/aop/config/spring-aop-3.0.xsd, http://www.springframework.org/schema/aop/spring-aop-2.0.xsd=org/springframework/aop/config/spring-aop-2.0.xsd, http://www.springframework.org/schema/task/spring-task-3.1.xsd=org/springframework/scheduling/config/spring-task-3.1.xsd, http://www.springframework.org/schema/tool/spring-tool-2.5.xsd=org/springframework/beans/factory/xml/spring-tool-2.5.xsd, http://www.springframework.org/schema/beans/spring-beans.xsd=org/springframework/beans/factory/xml/spring-beans-3.2.xsd, http://www.springframework.org/schema/jee/spring-jee-2.5.xsd=org/springframework/ejb/config/spring-jee-2.5.xsd, http://www.springframework.org/schema/jdbc/spring-jdbc-3.1.xsd=org/springframework/jdbc/config/spring-jdbc-3.1.xsd, http://www.springframework.org/schema/tool/spring-tool-3.1.xsd=org/springframework/beans/factory/xml/spring-tool-3.1.xsd, http://www.springframework.org/schema/aop/spring-aop.xsd=org/springframework/aop/config/spring-aop-3.2.xsd, http://www.springframework.org/schema/jee/spring-jee-3.1.xsd=org/springframework/ejb/config/spring-jee-3.1.xsd, http://www.springframework.org/schema/context/spring-context-3.2.xsd=org/springframework/context/config/spring-context-3.2.xsd, http://www.springframework.org/schema/beans/spring-beans-2.0.xsd=org/springframework/beans/factory/xml/spring-beans-2.0.xsd, http://www.springframework.org/schema/util/spring-util-3.2.xsd=org/springframework/beans/factory/xml/spring-util-3.2.xsd, http://www.springframework.org/schema/lang/spring-lang-3.2.xsd=org/springframework/scripting/config/spring-lang-3.2.xsd, http://www.springframework.org/schema/mvc/spring-mvc-3.0.xsd=org/springframework/web/servlet/config/spring-mvc-3.0.xsd, http://www.springframework.org/schema/beans/spring-beans-3.0.xsd=org/springframework/beans/factory/xml/spring-beans-3.0.xsd, http://www.springframework.org/schema/cache/spring-cache-3.2.xsd=org/springframework/cache/config/spring-cache-3.2.xsd, http://www.springframework.org/schema/task/spring-task-3.0.xsd=org/springframework/scheduling/config/spring-task-3.0.xsd, http://www.springframework.org/schema/tx/spring-tx-2.5.xsd=org/springframework/transaction/config/spring-tx-2.5.xsd, http://www.springframework.org/schema/context/spring-context-2.5.xsd=org/springframework/context/config/spring-context-2.5.xsd, http://www.springframework.org/schema/jdbc/spring-jdbc-3.0.xsd=org/springframework/jdbc/config/spring-jdbc-3.0.xsd, http://www.springframework.org/schema/tool/spring-tool-3.0.xsd=org/springframework/beans/factory/xml/spring-tool-3.0.xsd, http://www.springframework.org/schema/tx/spring-tx.xsd=org/springframework/transaction/config/spring-tx-3.1.xsd, http://www.springframework.org/schema/lang/spring-lang.xsd=org/springframework/scripting/config/spring-lang-3.2.xsd, http://www.springframework.org/schema/tool/spring-tool-2.0.xsd=org/springframework/beans/factory/xml/spring-tool-2.0.xsd, http://www.springframework.org/schema/util/spring-util-2.5.xsd=org/springframework/beans/factory/xml/spring-util-2.5.xsd, http://www.springframework.org/schema/lang/spring-lang-2.5.xsd=org/springframework/scripting/config/spring-lang-2.5.xsd, http://www.springframework.org/schema/aop/spring-aop-3.2.xsd=org/springframework/aop/config/spring-aop-3.2.xsd, http://www.springframework.org/schema/jee/spring-jee-3.0.xsd=org/springframework/ejb/config/spring-jee-3.0.xsd, http://www.springframework.org/schema/tx/spring-tx-3.1.xsd=org/springframework/transaction/config/spring-tx-3.1.xsd, http://www.springframework.org/schema/jee/spring-jee-2.0.xsd=org/springframework/ejb/config/spring-jee-2.0.xsd, http://www.springframework.org/schema/context/spring-context-3.1.xsd=org/springframework/context/config/spring-context-3.1.xsd, http://www.springframework.org/schema/util/spring-util-3.1.xsd=org/springframework/beans/factory/xml/spring-util-3.1.xsd, http://www.springframework.org/schema/lang/spring-lang-3.1.xsd=org/springframework/scripting/config/spring-lang-3.1.xsd, http://www.springframework.org/schema/cache/spring-cache-3.1.xsd=org/springframework/cache/config/spring-cache-3.1.xsd, http://www.springframework.org/schema/context/spring-context.xsd=org/springframework/context/config/spring-context-3.2.xsd, http://www.springframework.org/schema/jee/spring-jee.xsd=org/springframework/ejb/config/spring-jee-3.2.xsd, http://www.springframework.org/schema/aop/spring-aop-2.5.xsd=org/springframework/aop/config/spring-aop-2.5.xsd, http://www.springframework.org/schema/mvc/spring-mvc.xsd=org/springframework/web/servlet/config/spring-mvc-3.2.xsd, http://www.springframework.org/schema/jdbc/spring-jdbc.xsd=org/springframework/jdbc/config/spring-jdbc-3.1.xsd, http://www.springframework.org/schema/mvc/spring-mvc-3.2.xsd=org/springframework/web/servlet/config/spring-mvc-3.2.xsd, http://www.springframework.org/schema/beans/spring-beans-3.2.xsd=org/springframework/beans/factory/xml/spring-beans-3.2.xsd, http://www.springframework.org/schema/tx/spring-tx-2.0.xsd=org/springframework/transaction/config/spring-tx-2.0.xsd, http://www.springframework.org/schema/aop/spring-aop-3.1.xsd=org/springframework/aop/config/spring-aop-3.1.xsd, http://www.springframework.org/schema/task/spring-task-3.2.xsd=org/springframework/scheduling/config/spring-task-3.2.xsd, http://www.springframework.org/schema/tx/spring-tx-3.0.xsd=org/springframework/transaction/config/spring-tx-3.0.xsd, http://www.springframework.org/schema/context/spring-context-3.0.xsd=org/springframework/context/config/spring-context-3.0.xsd, http://www.springframework.org/schema/tool/spring-tool.xsd=org/springframework/beans/factory/xml/spring-tool-3.2.xsd, http://www.springframework.org/schema/util/spring-util-3.0.xsd=org/springframework/beans/factory/xml/spring-util-3.0.xsd, http://www.alibaba.com/schema/stat.xsd=META-INF/stat.xsd, http://www.springframework.org/schema/lang/spring-lang-3.0.xsd=org/springframework/scripting/config/spring-lang-3.0.xsd, http://www.springframework.org/schema/util/spring-util-2.0.xsd=org/springframework/beans/factory/xml/spring-util-2.0.xsd, http://www.springframework.org/schema/lang/spring-lang-2.0.xsd=org/springframework/scripting/config/spring-lang-2.0.xsd, http://www.springframework.org/schema/tool/spring-tool-3.2.xsd=org/springframework/beans/factory/xml/spring-tool-3.2.xsd, http://www.springframework.org/schema/beans/spring-beans-2.5.xsd=org/springframework/beans/factory/xml/spring-beans-2.5.xsd}
[DEBUG][2016-03-24 23:47:53,779][org.springframework.beans.factory.xml.PluggableSchemaResolver]Found XML schema [http://www.springframework.org/schema/beans/spring-beans-3.0.xsd] in classpath: org/springframework/beans/factory/xml/spring-beans-3.0.xsd
[DEBUG][2016-03-24 23:47:53,833][org.springframework.beans.factory.xml.PluggableSchemaResolver]Found XML schema [http://www.springframework.org/schema/context/spring-context-3.0.xsd] in classpath: org/springframework/context/config/spring-context-3.0.xsd
[DEBUG][2016-03-24 23:47:53,841][org.springframework.beans.factory.xml.PluggableSchemaResolver]Found XML schema [http://www.springframework.org/schema/tool/spring-tool-3.0.xsd] in classpath: org/springframework/beans/factory/xml/spring-tool-3.0.xsd
[DEBUG][2016-03-24 23:47:53,852][org.springframework.beans.factory.xml.DefaultBeanDefinitionDocumentReader]Loading bean definitions
[DEBUG][2016-03-24 23:47:53,863][org.springframework.beans.factory.xml.DefaultNamespaceHandlerResolver]Loaded NamespaceHandler mappings: {http://www.springframework.org/schema/p=org.springframework.beans.factory.xml.SimplePropertyNamespaceHandler, http://www.springframework.org/schema/mvc=org.springframework.web.servlet.config.MvcNamespaceHandler, http://www.springframework.org/schema/util=org.springframework.beans.factory.xml.UtilNamespaceHandler, http://www.alibaba.com/schema/stat=com.alibaba.druid.support.spring.stat.config.DruidStatNamespaceHandler, http://www.springframework.org/schema/jee=org.springframework.ejb.config.JeeNamespaceHandler, http://www.springframework.org/schema/aop=org.springframework.aop.config.AopNamespaceHandler, http://www.springframework.org/schema/jdbc=org.springframework.jdbc.config.JdbcNamespaceHandler, http://www.springframework.org/schema/cache=org.springframework.cache.config.CacheNamespaceHandler, http://www.springframework.org/schema/c=org.springframework.beans.factory.xml.SimpleConstructorNamespaceHandler, http://www.springframework.org/schema/tx=org.springframework.transaction.config.TxNamespaceHandler, http://www.springframework.org/schema/task=org.springframework.scheduling.config.TaskNamespaceHandler, http://www.springframework.org/schema/lang=org.springframework.scripting.config.LangNamespaceHandler, http://www.springframework.org/schema/context=org.springframework.context.config.ContextNamespaceHandler}
[DEBUG][2016-03-24 23:47:53,885][org.springframework.core.io.support.PathMatchingResourcePatternResolver]Looking for matching resources in directory tree [D:\eclipse-workspace\ssm\target\classes\sy\service]
[DEBUG][2016-03-24 23:47:53,885][org.springframework.core.io.support.PathMatchingResourcePatternResolver]Searching directory [D:\eclipse-workspace\ssm\target\classes\sy\service] for files matching pattern [D:/eclipse-workspace/ssm/target/classes/sy/service/**/*.class]
[DEBUG][2016-03-24 23:47:53,888][org.springframework.core.io.support.PathMatchingResourcePatternResolver]Resolved location pattern [classpath*:sy/service/**/*.class] to resources [file [D:\eclipse-workspace\ssm\target\classes\sy\service\UserServiceI.class], file [D:\eclipse-workspace\ssm\target\classes\sy\service\UserServiceImpl.class]]
[DEBUG][2016-03-24 23:47:53,911][org.springframework.context.annotation.ClassPathBeanDefinitionScanner]Identified candidate component class: file [D:\eclipse-workspace\ssm\target\classes\sy\service\UserServiceImpl.class]
[DEBUG][2016-03-24 23:47:53,927][org.springframework.beans.factory.xml.XmlBeanDefinitionReader]Loaded 6 bean definitions from location pattern [classpath:spring.xml]
[INFO][2016-03-24 23:47:53,927][org.springframework.beans.factory.xml.XmlBeanDefinitionReader]Loading XML bean definitions from class path resource [spring-mybatis.xml]
[DEBUG][2016-03-24 23:47:53,929][org.springframework.beans.factory.xml.DefaultDocumentLoader]Using JAXP provider [com.sun.org.apache.xerces.internal.jaxp.DocumentBuilderFactoryImpl]
[DEBUG][2016-03-24 23:47:53,931][org.springframework.beans.factory.xml.PluggableSchemaResolver]Found XML schema [http://www.springframework.org/schema/beans/spring-beans-3.0.xsd] in classpath: org/springframework/beans/factory/xml/spring-beans-3.0.xsd
[DEBUG][2016-03-24 23:47:53,953][org.springframework.beans.factory.xml.PluggableSchemaResolver]Found XML schema [http://www.springframework.org/schema/tx/spring-tx-3.0.xsd] in classpath: org/springframework/transaction/config/spring-tx-3.0.xsd
[DEBUG][2016-03-24 23:47:53,956][org.springframework.beans.factory.xml.PluggableSchemaResolver]Found XML schema [http://www.springframework.org/schema/tool/spring-tool-3.0.xsd] in classpath: org/springframework/beans/factory/xml/spring-tool-3.0.xsd
[DEBUG][2016-03-24 23:47:53,963][org.springframework.beans.factory.xml.PluggableSchemaResolver]Found XML schema [http://www.springframework.org/schema/aop/spring-aop-3.0.xsd] in classpath: org/springframework/aop/config/spring-aop-3.0.xsd
[DEBUG][2016-03-24 23:47:53,971][org.springframework.beans.factory.xml.DefaultBeanDefinitionDocumentReader]Loading bean definitions
[DEBUG][2016-03-24 23:47:53,972][org.springframework.beans.factory.xml.BeanDefinitionParserDelegate]No XML 'id' specified - using 'dataSource' as bean name and [] as aliases
[DEBUG][2016-03-24 23:47:53,977][org.springframework.beans.factory.xml.BeanDefinitionParserDelegate]Neither XML 'id' nor 'name' specified - using generated bean name [org.mybatis.spring.mapper.MapperScannerConfigurer#0]
[DEBUG][2016-03-24 23:47:54,005][org.springframework.beans.factory.xml.XmlBeanDefinitionReader]Loaded 11 bean definitions from location pattern [classpath:spring-mybatis.xml]
[INFO][2016-03-24 23:47:54,008][org.springframework.context.support.GenericApplicationContext]Refreshing org.springframework.context.support.GenericApplicationContext@14ea0724: startup date [Thu Mar 24 23:47:54 CST 2016]; root of context hierarchy
[DEBUG][2016-03-24 23:47:54,008][org.springframework.context.support.GenericApplicationContext]Bean factory for org.springframework.context.support.GenericApplicationContext@14ea0724: org.springframework.beans.factory.support.DefaultListableBeanFactory@55e5f3af: defining beans [userService,org.springframework.context.annotation.internalConfigurationAnnotationProcessor,org.springframework.context.annotation.internalAutowiredAnnotationProcessor,org.springframework.context.annotation.internalRequiredAnnotationProcessor,org.springframework.context.annotation.internalCommonAnnotationProcessor,org.springframework.beans.factory.config.PropertyPlaceholderConfigurer#0,dataSource,sqlSessionFactory,org.mybatis.spring.mapper.MapperScannerConfigurer#0,transactionManager,transactionAdvice,org.springframework.aop.config.internalAutoProxyCreator,transactionPointcut,org.springframework.aop.support.DefaultBeanFactoryPointcutAdvisor#0,druid-stat-interceptor,druid-stat-pointcut,org.springframework.aop.support.DefaultBeanFactoryPointcutAdvisor#1]; root of factory hierarchy
[DEBUG][2016-03-24 23:47:54,030][org.springframework.beans.factory.support.DefaultListableBeanFactory]Creating shared instance of singleton bean 'org.springframework.context.annotation.internalConfigurationAnnotationProcessor'
[DEBUG][2016-03-24 23:47:54,030][org.springframework.beans.factory.support.DefaultListableBeanFactory]Creating instance of bean 'org.springframework.context.annotation.internalConfigurationAnnotationProcessor'
[DEBUG][2016-03-24 23:47:54,052][org.springframework.beans.factory.support.DefaultListableBeanFactory]Eagerly caching bean 'org.springframework.context.annotation.internalConfigurationAnnotationProcessor' to allow for resolving potential circular references
[DEBUG][2016-03-24 23:47:54,054][org.springframework.beans.factory.support.DefaultListableBeanFactory]Finished creating instance of bean 'org.springframework.context.annotation.internalConfigurationAnnotationProcessor'
[DEBUG][2016-03-24 23:47:54,055][org.springframework.beans.factory.support.DefaultListableBeanFactory]Creating shared instance of singleton bean 'org.mybatis.spring.mapper.MapperScannerConfigurer#0'
[DEBUG][2016-03-24 23:47:54,055][org.springframework.beans.factory.support.DefaultListableBeanFactory]Creating instance of bean 'org.mybatis.spring.mapper.MapperScannerConfigurer#0'
[DEBUG][2016-03-24 23:47:54,055][org.springframework.beans.factory.support.DefaultListableBeanFactory]Eagerly caching bean 'org.mybatis.spring.mapper.MapperScannerConfigurer#0' to allow for resolving potential circular references
[DEBUG][2016-03-24 23:47:54,081][org.springframework.beans.factory.support.DefaultListableBeanFactory]Invoking afterPropertiesSet() on bean with name 'org.mybatis.spring.mapper.MapperScannerConfigurer#0'
[DEBUG][2016-03-24 23:47:54,081][org.springframework.beans.factory.support.DefaultListableBeanFactory]Finished creating instance of bean 'org.mybatis.spring.mapper.MapperScannerConfigurer#0'
[DEBUG][2016-03-24 23:47:54,122][org.springframework.core.env.StandardEnvironment]Adding [systemProperties] PropertySource with lowest search precedence
[DEBUG][2016-03-24 23:47:54,122][org.springframework.core.env.StandardEnvironment]Adding [systemEnvironment] PropertySource with lowest search precedence
[DEBUG][2016-03-24 23:47:54,122][org.springframework.core.env.StandardEnvironment]Initialized StandardEnvironment with PropertySources [systemProperties,systemEnvironment]
[DEBUG][2016-03-24 23:47:54,123][org.springframework.core.io.support.PathMatchingResourcePatternResolver]Looking for matching resources in directory tree [D:\eclipse-workspace\ssm\target\classes\sy\dao]
[DEBUG][2016-03-24 23:47:54,123][org.springframework.core.io.support.PathMatchingResourcePatternResolver]Searching directory [D:\eclipse-workspace\ssm\target\classes\sy\dao] for files matching pattern [D:/eclipse-workspace/ssm/target/classes/sy/dao/**/*.class]
[DEBUG][2016-03-24 23:47:54,124][org.springframework.core.io.support.PathMatchingResourcePatternResolver]Resolved location pattern [classpath*:sy/dao/**/*.class] to resources [file [D:\eclipse-workspace\ssm\target\classes\sy\dao\UserMapper.class]]
[DEBUG][2016-03-24 23:47:54,124][org.mybatis.spring.mapper.MapperScannerConfigurer$Scanner]Identified candidate component class: file [D:\eclipse-workspace\ssm\target\classes\sy\dao\UserMapper.class]
[DEBUG][2016-03-24 23:47:54,124][org.mybatis.spring.mapper.MapperScannerConfigurer$Scanner]Creating MapperFactoryBean with name 'userMapper' and 'sy.dao.UserMapper' mapperInterface
[DEBUG][2016-03-24 23:47:54,127][org.springframework.beans.factory.support.DefaultListableBeanFactory]Creating shared instance of singleton bean 'org.springframework.beans.factory.config.PropertyPlaceholderConfigurer#0'
[DEBUG][2016-03-24 23:47:54,127][org.springframework.beans.factory.support.DefaultListableBeanFactory]Creating instance of bean 'org.springframework.beans.factory.config.PropertyPlaceholderConfigurer#0'
[DEBUG][2016-03-24 23:47:54,129][org.springframework.beans.factory.support.DefaultListableBeanFactory]Eagerly caching bean 'org.springframework.beans.factory.config.PropertyPlaceholderConfigurer#0' to allow for resolving potential circular references
[DEBUG][2016-03-24 23:47:54,134][org.springframework.beans.factory.support.DefaultListableBeanFactory]Finished creating instance of bean 'org.springframework.beans.factory.config.PropertyPlaceholderConfigurer#0'
[INFO][2016-03-24 23:47:54,135][org.springframework.beans.factory.config.PropertyPlaceholderConfigurer]Loading properties file from class path resource [config.properties]
[DEBUG][2016-03-24 23:47:54,139][org.springframework.beans.factory.support.DefaultListableBeanFactory]Creating shared instance of singleton bean 'org.springframework.context.annotation.internalAutowiredAnnotationProcessor'
[DEBUG][2016-03-24 23:47:54,140][org.springframework.beans.factory.support.DefaultListableBeanFactory]Creating instance of bean 'org.springframework.context.annotation.internalAutowiredAnnotationProcessor'
[DEBUG][2016-03-24 23:47:54,140][org.springframework.beans.factory.support.DefaultListableBeanFactory]Eagerly caching bean 'org.springframework.context.annotation.internalAutowiredAnnotationProcessor' to allow for resolving potential circular references
[DEBUG][2016-03-24 23:47:54,141][org.springframework.beans.factory.support.DefaultListableBeanFactory]Finished creating instance of bean 'org.springframework.context.annotation.internalAutowiredAnnotationProcessor'
[DEBUG][2016-03-24 23:47:54,141][org.springframework.beans.factory.support.DefaultListableBeanFactory]Creating shared instance of singleton bean 'org.springframework.context.annotation.internalRequiredAnnotationProcessor'
[DEBUG][2016-03-24 23:47:54,141][org.springframework.beans.factory.support.DefaultListableBeanFactory]Creating instance of bean 'org.springframework.context.annotation.internalRequiredAnnotationProcessor'
[DEBUG][2016-03-24 23:47:54,141][org.springframework.beans.factory.support.DefaultListableBeanFactory]Eagerly caching bean 'org.springframework.context.annotation.internalRequiredAnnotationProcessor' to allow for resolving potential circular references
[DEBUG][2016-03-24 23:47:54,142][org.springframework.beans.factory.support.DefaultListableBeanFactory]Finished creating instance of bean 'org.springframework.context.annotation.internalRequiredAnnotationProcessor'
[DEBUG][2016-03-24 23:47:54,142][org.springframework.beans.factory.support.DefaultListableBeanFactory]Creating shared instance of singleton bean 'org.springframework.context.annotation.internalCommonAnnotationProcessor'
[DEBUG][2016-03-24 23:47:54,142][org.springframework.beans.factory.support.DefaultListableBeanFactory]Creating instance of bean 'org.springframework.context.annotation.internalCommonAnnotationProcessor'
[DEBUG][2016-03-24 23:47:54,146][org.springframework.beans.factory.support.DefaultListableBeanFactory]Eagerly caching bean 'org.springframework.context.annotation.internalCommonAnnotationProcessor' to allow for resolving potential circular references
[DEBUG][2016-03-24 23:47:54,146][org.springframework.beans.factory.support.DefaultListableBeanFactory]Finished creating instance of bean 'org.springframework.context.annotation.internalCommonAnnotationProcessor'
[DEBUG][2016-03-24 23:47:54,146][org.springframework.beans.factory.support.DefaultListableBeanFactory]Creating shared instance of singleton bean 'org.springframework.context.annotation.ConfigurationClassPostProcessor.importAwareProcessor'
[DEBUG][2016-03-24 23:47:54,146][org.springframework.beans.factory.support.DefaultListableBeanFactory]Creating instance of bean 'org.springframework.context.annotation.ConfigurationClassPostProcessor.importAwareProcessor'
[DEBUG][2016-03-24 23:47:54,146][org.springframework.beans.factory.support.DefaultListableBeanFactory]Eagerly caching bean 'org.springframework.context.annotation.ConfigurationClassPostProcessor.importAwareProcessor' to allow for resolving potential circular references
[DEBUG][2016-03-24 23:47:54,147][org.springframework.beans.factory.support.DefaultListableBeanFactory]Finished creating instance of bean 'org.springframework.context.annotation.ConfigurationClassPostProcessor.importAwareProcessor'
[DEBUG][2016-03-24 23:47:54,147][org.springframework.beans.factory.support.DefaultListableBeanFactory]Creating shared instance of singleton bean 'org.springframework.aop.config.internalAutoProxyCreator'
[DEBUG][2016-03-24 23:47:54,147][org.springframework.beans.factory.support.DefaultListableBeanFactory]Creating instance of bean 'org.springframework.aop.config.internalAutoProxyCreator'
[DEBUG][2016-03-24 23:47:54,157][org.springframework.beans.factory.support.DefaultListableBeanFactory]Eagerly caching bean 'org.springframework.aop.config.internalAutoProxyCreator' to allow for resolving potential circular references
[DEBUG][2016-03-24 23:47:54,164][org.springframework.beans.factory.support.DefaultListableBeanFactory]Finished creating instance of bean 'org.springframework.aop.config.internalAutoProxyCreator'
[DEBUG][2016-03-24 23:47:54,167][org.springframework.context.support.GenericApplicationContext]Unable to locate MessageSource with name 'messageSource': using default [org.springframework.context.support.DelegatingMessageSource@24f3a7d9]
[DEBUG][2016-03-24 23:47:54,169][org.springframework.context.support.GenericApplicationContext]Unable to locate ApplicationEventMulticaster with name 'applicationEventMulticaster': using default [org.springframework.context.event.SimpleApplicationEventMulticaster@4984681f]
[INFO][2016-03-24 23:47:54,171][org.springframework.beans.factory.support.DefaultListableBeanFactory]Pre-instantiating singletons in org.springframework.beans.factory.support.DefaultListableBeanFactory@55e5f3af: defining beans [userService,org.springframework.context.annotation.internalConfigurationAnnotationProcessor,org.springframework.context.annotation.internalAutowiredAnnotationProcessor,org.springframework.context.annotation.internalRequiredAnnotationProcessor,org.springframework.context.annotation.internalCommonAnnotationProcessor,org.springframework.beans.factory.config.PropertyPlaceholderConfigurer#0,dataSource,sqlSessionFactory,org.mybatis.spring.mapper.MapperScannerConfigurer#0,transactionManager,transactionAdvice,org.springframework.aop.config.internalAutoProxyCreator,transactionPointcut,org.springframework.aop.support.DefaultBeanFactoryPointcutAdvisor#0,druid-stat-interceptor,druid-stat-pointcut,org.springframework.aop.support.DefaultBeanFactoryPointcutAdvisor#1,org.springframework.context.annotation.ConfigurationClassPostProcessor.importAwareProcessor,userMapper]; root of factory hierarchy
[DEBUG][2016-03-24 23:47:54,172][org.springframework.beans.factory.support.DefaultListableBeanFactory]Creating shared instance of singleton bean 'userService'
[DEBUG][2016-03-24 23:47:54,172][org.springframework.beans.factory.support.DefaultListableBeanFactory]Creating instance of bean 'userService'
[DEBUG][2016-03-24 23:47:54,173][org.springframework.beans.factory.support.DefaultListableBeanFactory]Creating shared instance of singleton bean 'org.springframework.aop.support.DefaultBeanFactoryPointcutAdvisor#0'
[DEBUG][2016-03-24 23:47:54,173][org.springframework.beans.factory.support.DefaultListableBeanFactory]Creating instance of bean 'org.springframework.aop.support.DefaultBeanFactoryPointcutAdvisor#0'
[DEBUG][2016-03-24 23:47:54,174][org.springframework.beans.factory.support.DefaultListableBeanFactory]Eagerly caching bean 'org.springframework.aop.support.DefaultBeanFactoryPointcutAdvisor#0' to allow for resolving potential circular references
[DEBUG][2016-03-24 23:47:54,178][org.springframework.beans.factory.support.DefaultListableBeanFactory]Creating instance of bean 'transactionPointcut'
[DEBUG][2016-03-24 23:47:54,183][org.springframework.beans.factory.support.DefaultListableBeanFactory]Finished creating instance of bean 'transactionPointcut'
[DEBUG][2016-03-24 23:47:54,183][org.springframework.beans.factory.support.DefaultListableBeanFactory]Finished creating instance of bean 'org.springframework.aop.support.DefaultBeanFactoryPointcutAdvisor#0'
[DEBUG][2016-03-24 23:47:54,183][org.springframework.beans.factory.support.DefaultListableBeanFactory]Creating shared instance of singleton bean 'org.springframework.aop.support.DefaultBeanFactoryPointcutAdvisor#1'
[DEBUG][2016-03-24 23:47:54,183][org.springframework.beans.factory.support.DefaultListableBeanFactory]Creating instance of bean 'org.springframework.aop.support.DefaultBeanFactoryPointcutAdvisor#1'
[DEBUG][2016-03-24 23:47:54,184][org.springframework.beans.factory.support.DefaultListableBeanFactory]Eagerly caching bean 'org.springframework.aop.support.DefaultBeanFactoryPointcutAdvisor#1' to allow for resolving potential circular references
[DEBUG][2016-03-24 23:47:54,184][org.springframework.beans.factory.support.DefaultListableBeanFactory]Creating instance of bean 'druid-stat-pointcut'
[DEBUG][2016-03-24 23:47:54,184][org.springframework.beans.factory.support.DefaultListableBeanFactory]Returning cached instance of singleton bean 'org.springframework.aop.support.DefaultBeanFactoryPointcutAdvisor#0'
[DEBUG][2016-03-24 23:47:54,184][org.springframework.aop.framework.autoproxy.BeanFactoryAdvisorRetrievalHelper]Skipping currently created advisor 'org.springframework.aop.support.DefaultBeanFactoryPointcutAdvisor#1'
[DEBUG][2016-03-24 23:47:54,197][org.springframework.beans.factory.support.DefaultListableBeanFactory]Returning cached instance of singleton bean 'org.springframework.aop.support.DefaultBeanFactoryPointcutAdvisor#0'
[DEBUG][2016-03-24 23:47:54,197][org.springframework.aop.framework.autoproxy.BeanFactoryAdvisorRetrievalHelper]Skipping currently created advisor 'org.springframework.aop.support.DefaultBeanFactoryPointcutAdvisor#1'
[DEBUG][2016-03-24 23:47:54,197][org.springframework.beans.factory.support.DefaultListableBeanFactory]Returning cached instance of singleton bean 'org.springframework.aop.support.DefaultBeanFactoryPointcutAdvisor#0'
[DEBUG][2016-03-24 23:47:54,197][org.springframework.aop.framework.autoproxy.BeanFactoryAdvisorRetrievalHelper]Skipping currently created advisor 'org.springframework.aop.support.DefaultBeanFactoryPointcutAdvisor#1'
[DEBUG][2016-03-24 23:47:54,323][org.springframework.beans.factory.support.DefaultListableBeanFactory]Finished creating instance of bean 'druid-stat-pointcut'
[DEBUG][2016-03-24 23:47:54,323][org.springframework.beans.factory.support.DefaultListableBeanFactory]Finished creating instance of bean 'org.springframework.aop.support.DefaultBeanFactoryPointcutAdvisor#1'
[DEBUG][2016-03-24 23:47:54,327][org.springframework.beans.factory.annotation.InjectionMetadata]Registered injected element on class [sy.service.UserServiceImpl]: AutowiredMethodElement for public void sy.service.UserServiceImpl.setUserMapper(sy.dao.UserMapper)
[DEBUG][2016-03-24 23:47:54,327][org.springframework.beans.factory.support.DefaultListableBeanFactory]Eagerly caching bean 'userService' to allow for resolving potential circular references
[DEBUG][2016-03-24 23:47:54,327][org.springframework.beans.factory.annotation.InjectionMetadata]Processing injected element of bean 'userService': AutowiredMethodElement for public void sy.service.UserServiceImpl.setUserMapper(sy.dao.UserMapper)
[DEBUG][2016-03-24 23:47:54,329][org.springframework.beans.factory.support.DefaultListableBeanFactory]Returning cached instance of singleton bean 'org.springframework.aop.support.DefaultBeanFactoryPointcutAdvisor#0'
[DEBUG][2016-03-24 23:47:54,329][org.springframework.beans.factory.support.DefaultListableBeanFactory]Returning cached instance of singleton bean 'org.springframework.aop.support.DefaultBeanFactoryPointcutAdvisor#1'
[DEBUG][2016-03-24 23:47:54,333][org.apache.ibatis.logging.LogFactory]Logging initialized using 'class org.apache.ibatis.logging.commons.JakartaCommonsLoggingImpl' adapter.
[DEBUG][2016-03-24 23:47:54,336][org.springframework.beans.factory.support.DefaultListableBeanFactory]Returning cached instance of singleton bean 'org.springframework.aop.support.DefaultBeanFactoryPointcutAdvisor#0'
[DEBUG][2016-03-24 23:47:54,336][org.springframework.beans.factory.support.DefaultListableBeanFactory]Returning cached instance of singleton bean 'org.springframework.aop.support.DefaultBeanFactoryPointcutAdvisor#1'
[DEBUG][2016-03-24 23:47:54,337][org.springframework.beans.factory.support.DefaultListableBeanFactory]Creating shared instance of singleton bean 'userMapper'
[DEBUG][2016-03-24 23:47:54,337][org.springframework.beans.factory.support.DefaultListableBeanFactory]Creating instance of bean 'userMapper'
[DEBUG][2016-03-24 23:47:54,344][org.springframework.beans.factory.annotation.InjectionMetadata]Registered injected element on class [org.mybatis.spring.mapper.MapperFactoryBean]: AutowiredMethodElement for public final void org.mybatis.spring.support.SqlSessionDaoSupport.setSqlSessionFactory(org.apache.ibatis.session.SqlSessionFactory)
[DEBUG][2016-03-24 23:47:54,344][org.springframework.beans.factory.annotation.InjectionMetadata]Registered injected element on class [org.mybatis.spring.mapper.MapperFactoryBean]: AutowiredMethodElement for public final void org.mybatis.spring.support.SqlSessionDaoSupport.setSqlSessionTemplate(org.mybatis.spring.SqlSessionTemplate)
[DEBUG][2016-03-24 23:47:54,344][org.springframework.beans.factory.support.DefaultListableBeanFactory]Eagerly caching bean 'userMapper' to allow for resolving potential circular references
[DEBUG][2016-03-24 23:47:54,345][org.springframework.beans.factory.annotation.InjectionMetadata]Processing injected element of bean 'userMapper': AutowiredMethodElement for public final void org.mybatis.spring.support.SqlSessionDaoSupport.setSqlSessionFactory(org.apache.ibatis.session.SqlSessionFactory)
[DEBUG][2016-03-24 23:47:54,345][org.springframework.beans.factory.annotation.InjectionMetadata]Processing injected element of bean 'userMapper': AutowiredMethodElement for public final void org.mybatis.spring.support.SqlSessionDaoSupport.setSqlSessionTemplate(org.mybatis.spring.SqlSessionTemplate)
[DEBUG][2016-03-24 23:47:54,345][org.springframework.beans.factory.support.DefaultListableBeanFactory]Returning cached instance of singleton bean 'org.springframework.aop.support.DefaultBeanFactoryPointcutAdvisor#0'
[DEBUG][2016-03-24 23:47:54,345][org.springframework.beans.factory.support.DefaultListableBeanFactory]Returning cached instance of singleton bean 'org.springframework.aop.support.DefaultBeanFactoryPointcutAdvisor#1'
[DEBUG][2016-03-24 23:47:54,345][org.springframework.beans.factory.support.DefaultListableBeanFactory]Returning cached instance of singleton bean 'org.springframework.aop.support.DefaultBeanFactoryPointcutAdvisor#0'
[DEBUG][2016-03-24 23:47:54,345][org.springframework.beans.factory.support.DefaultListableBeanFactory]Returning cached instance of singleton bean 'org.springframework.aop.support.DefaultBeanFactoryPointcutAdvisor#1'
[DEBUG][2016-03-24 23:47:54,351][org.springframework.beans.factory.support.DefaultListableBeanFactory]Returning eagerly cached instance of singleton bean 'userMapper' that is not fully initialized yet - a consequence of a circular reference
[DEBUG][2016-03-24 23:47:54,352][org.springframework.beans.factory.support.DefaultListableBeanFactory]Creating shared instance of singleton bean 'sqlSessionFactory'
[DEBUG][2016-03-24 23:47:54,352][org.springframework.beans.factory.support.DefaultListableBeanFactory]Creating instance of bean 'sqlSessionFactory'
[DEBUG][2016-03-24 23:47:54,353][org.springframework.beans.factory.support.DefaultListableBeanFactory]Eagerly caching bean 'sqlSessionFactory' to allow for resolving potential circular references
[DEBUG][2016-03-24 23:47:54,356][org.springframework.beans.factory.support.DefaultListableBeanFactory]Creating shared instance of singleton bean 'dataSource'
[DEBUG][2016-03-24 23:47:54,356][org.springframework.beans.factory.support.DefaultListableBeanFactory]Creating instance of bean 'dataSource'
[DEBUG][2016-03-24 23:47:54,356][org.springframework.beans.factory.support.DefaultListableBeanFactory]Returning cached instance of singleton bean 'org.springframework.aop.support.DefaultBeanFactoryPointcutAdvisor#0'
[DEBUG][2016-03-24 23:47:54,356][org.springframework.beans.factory.support.DefaultListableBeanFactory]Returning cached instance of singleton bean 'org.springframework.aop.support.DefaultBeanFactoryPointcutAdvisor#1'
[DEBUG][2016-03-24 23:47:54,387][org.springframework.beans.factory.support.DefaultListableBeanFactory]Eagerly caching bean 'dataSource' to allow for resolving potential circular references
[ERROR][2016-03-24 23:47:54,416][com.alibaba.druid.pool.DruidAbstractDataSource]maxIdle is deprecated
[DEBUG][2016-03-24 23:47:54,431][org.springframework.beans.factory.support.DefaultListableBeanFactory]Invoking init method  'init' on bean with name 'dataSource'
[INFO][2016-03-24 23:47:54,510][com.alibaba.druid.pool.DruidDataSource]{dataSource-1} inited
[DEBUG][2016-03-24 23:47:54,510][org.springframework.beans.factory.support.DefaultListableBeanFactory]Returning cached instance of singleton bean 'org.springframework.aop.support.DefaultBeanFactoryPointcutAdvisor#0'
[DEBUG][2016-03-24 23:47:54,510][org.springframework.beans.factory.support.DefaultListableBeanFactory]Returning cached instance of singleton bean 'org.springframework.aop.support.DefaultBeanFactoryPointcutAdvisor#1'
[DEBUG][2016-03-24 23:47:54,510][org.springframework.beans.factory.support.DefaultListableBeanFactory]Returning cached instance of singleton bean 'org.springframework.aop.support.DefaultBeanFactoryPointcutAdvisor#0'
[DEBUG][2016-03-24 23:47:54,510][org.springframework.beans.factory.support.DefaultListableBeanFactory]Returning cached instance of singleton bean 'org.springframework.aop.support.DefaultBeanFactoryPointcutAdvisor#1'
[DEBUG][2016-03-24 23:47:54,600][org.springframework.beans.factory.support.DefaultListableBeanFactory]Finished creating instance of bean 'dataSource'
[DEBUG][2016-03-24 23:47:54,600][org.springframework.core.io.support.PathMatchingResourcePatternResolver]Looking for matching resources in directory tree [D:\eclipse-workspace\ssm\target\classes\sy\mapping]
[DEBUG][2016-03-24 23:47:54,601][org.springframework.core.io.support.PathMatchingResourcePatternResolver]Searching directory [D:\eclipse-workspace\ssm\target\classes\sy\mapping] for files matching pattern [D:/eclipse-workspace/ssm/target/classes/sy/mapping/*.xml]
[DEBUG][2016-03-24 23:47:54,601][org.springframework.core.io.support.PathMatchingResourcePatternResolver]Resolved location pattern [classpath:sy/mapping/*.xml] to resources [file [D:\eclipse-workspace\ssm\target\classes\sy\mapping\UserMapper.xml]]
[DEBUG][2016-03-24 23:47:54,602][org.springframework.beans.factory.support.DefaultListableBeanFactory]Invoking afterPropertiesSet() on bean with name 'sqlSessionFactory'
[DEBUG][2016-03-24 23:47:54,602][org.mybatis.spring.SqlSessionFactoryBean]Property 'configLocation' not specified, using default MyBatis Configuration
[DEBUG][2016-03-24 23:47:54,956][org.mybatis.spring.SqlSessionFactoryBean]Parsed mapper file: 'file [D:\eclipse-workspace\ssm\target\classes\sy\mapping\UserMapper.xml]'
[DEBUG][2016-03-24 23:47:54,956][org.springframework.beans.factory.support.DefaultListableBeanFactory]Returning cached instance of singleton bean 'org.springframework.aop.support.DefaultBeanFactoryPointcutAdvisor#0'
[DEBUG][2016-03-24 23:47:54,956][org.springframework.beans.factory.support.DefaultListableBeanFactory]Returning cached instance of singleton bean 'org.springframework.aop.support.DefaultBeanFactoryPointcutAdvisor#1'
[DEBUG][2016-03-24 23:47:54,956][org.springframework.beans.factory.support.DefaultListableBeanFactory]Returning cached instance of singleton bean 'org.springframework.aop.support.DefaultBeanFactoryPointcutAdvisor#0'
[DEBUG][2016-03-24 23:47:54,957][org.springframework.beans.factory.support.DefaultListableBeanFactory]Returning cached instance of singleton bean 'org.springframework.aop.support.DefaultBeanFactoryPointcutAdvisor#1'
[DEBUG][2016-03-24 23:47:54,962][org.springframework.beans.factory.support.DefaultListableBeanFactory]Finished creating instance of bean 'sqlSessionFactory'
[DEBUG][2016-03-24 23:47:54,962][org.springframework.beans.factory.support.DefaultListableBeanFactory]Returning cached instance of singleton bean 'org.springframework.aop.support.DefaultBeanFactoryPointcutAdvisor#0'
[DEBUG][2016-03-24 23:47:54,962][org.springframework.beans.factory.support.DefaultListableBeanFactory]Returning cached instance of singleton bean 'org.springframework.aop.support.DefaultBeanFactoryPointcutAdvisor#1'
[DEBUG][2016-03-24 23:47:54,962][org.springframework.beans.factory.support.DefaultListableBeanFactory]Returning cached instance of singleton bean 'org.springframework.aop.support.DefaultBeanFactoryPointcutAdvisor#0'
[DEBUG][2016-03-24 23:47:54,962][org.springframework.beans.factory.support.DefaultListableBeanFactory]Returning cached instance of singleton bean 'org.springframework.aop.support.DefaultBeanFactoryPointcutAdvisor#1'
[DEBUG][2016-03-24 23:47:54,972][org.springframework.beans.factory.support.DefaultListableBeanFactory]Invoking afterPropertiesSet() on bean with name 'userMapper'
[DEBUG][2016-03-24 23:47:54,972][org.springframework.beans.factory.support.DefaultListableBeanFactory]Finished creating instance of bean 'userMapper'
[DEBUG][2016-03-24 23:47:54,972][org.springframework.beans.factory.support.DefaultListableBeanFactory]Returning cached instance of singleton bean 'userMapper'
[DEBUG][2016-03-24 23:47:54,974][org.springframework.beans.factory.support.DefaultListableBeanFactory]Returning cached instance of singleton bean 'org.springframework.aop.support.DefaultBeanFactoryPointcutAdvisor#0'
[DEBUG][2016-03-24 23:47:54,974][org.springframework.beans.factory.support.DefaultListableBeanFactory]Returning cached instance of singleton bean 'org.springframework.aop.support.DefaultBeanFactoryPointcutAdvisor#1'
[DEBUG][2016-03-24 23:47:54,974][org.springframework.beans.factory.support.DefaultListableBeanFactory]Returning cached instance of singleton bean 'org.springframework.aop.support.DefaultBeanFactoryPointcutAdvisor#0'
[DEBUG][2016-03-24 23:47:54,974][org.springframework.beans.factory.support.DefaultListableBeanFactory]Returning cached instance of singleton bean 'org.springframework.aop.support.DefaultBeanFactoryPointcutAdvisor#1'
[DEBUG][2016-03-24 23:47:54,978][org.springframework.beans.factory.annotation.AutowiredAnnotationBeanPostProcessor]Autowiring by type from bean name 'userService' to bean named 'userMapper'
[DEBUG][2016-03-24 23:47:54,978][org.springframework.beans.factory.support.DefaultListableBeanFactory]Returning cached instance of singleton bean 'org.springframework.aop.support.DefaultBeanFactoryPointcutAdvisor#0'
[DEBUG][2016-03-24 23:47:54,978][org.springframework.beans.factory.support.DefaultListableBeanFactory]Returning cached instance of singleton bean 'org.springframework.aop.support.DefaultBeanFactoryPointcutAdvisor#1'
[DEBUG][2016-03-24 23:47:54,978][org.springframework.beans.factory.support.DefaultListableBeanFactory]Returning cached instance of singleton bean 'org.springframework.aop.support.DefaultBeanFactoryPointcutAdvisor#0'
[DEBUG][2016-03-24 23:47:54,979][org.springframework.beans.factory.support.DefaultListableBeanFactory]Returning cached instance of singleton bean 'org.springframework.aop.support.DefaultBeanFactoryPointcutAdvisor#1'
[DEBUG][2016-03-24 23:47:54,980][org.springframework.beans.factory.support.DefaultListableBeanFactory]Creating shared instance of singleton bean 'transactionAdvice'
[DEBUG][2016-03-24 23:47:54,981][org.springframework.beans.factory.support.DefaultListableBeanFactory]Creating instance of bean 'transactionAdvice'
[DEBUG][2016-03-24 23:47:54,983][org.springframework.beans.factory.support.DefaultListableBeanFactory]Eagerly caching bean 'transactionAdvice' to allow for resolving potential circular references
[DEBUG][2016-03-24 23:47:54,985][org.springframework.beans.factory.support.DefaultListableBeanFactory]Creating shared instance of singleton bean 'transactionManager'
[DEBUG][2016-03-24 23:47:54,985][org.springframework.beans.factory.support.DefaultListableBeanFactory]Creating instance of bean 'transactionManager'
[DEBUG][2016-03-24 23:47:54,985][org.springframework.beans.factory.support.DefaultListableBeanFactory]Returning cached instance of singleton bean 'org.springframework.aop.support.DefaultBeanFactoryPointcutAdvisor#0'
[DEBUG][2016-03-24 23:47:54,986][org.springframework.beans.factory.support.DefaultListableBeanFactory]Returning cached instance of singleton bean 'org.springframework.aop.support.DefaultBeanFactoryPointcutAdvisor#1'
[DEBUG][2016-03-24 23:47:54,990][org.springframework.beans.factory.support.DefaultListableBeanFactory]Eagerly caching bean 'transactionManager' to allow for resolving potential circular references
[DEBUG][2016-03-24 23:47:54,993][org.springframework.beans.factory.support.DefaultListableBeanFactory]Returning cached instance of singleton bean 'dataSource'
[DEBUG][2016-03-24 23:47:54,993][org.springframework.beans.factory.support.DefaultListableBeanFactory]Invoking afterPropertiesSet() on bean with name 'transactionManager'
[DEBUG][2016-03-24 23:47:54,993][org.springframework.beans.factory.support.DefaultListableBeanFactory]Returning cached instance of singleton bean 'org.springframework.aop.support.DefaultBeanFactoryPointcutAdvisor#0'
[DEBUG][2016-03-24 23:47:54,993][org.springframework.beans.factory.support.DefaultListableBeanFactory]Returning cached instance of singleton bean 'org.springframework.aop.support.DefaultBeanFactoryPointcutAdvisor#1'
[DEBUG][2016-03-24 23:47:54,993][org.springframework.beans.factory.support.DefaultListableBeanFactory]Returning cached instance of singleton bean 'org.springframework.aop.support.DefaultBeanFactoryPointcutAdvisor#0'
[DEBUG][2016-03-24 23:47:54,993][org.springframework.beans.factory.support.DefaultListableBeanFactory]Returning cached instance of singleton bean 'org.springframework.aop.support.DefaultBeanFactoryPointcutAdvisor#1'
[DEBUG][2016-03-24 23:47:54,998][org.springframework.beans.factory.support.DefaultListableBeanFactory]Finished creating instance of bean 'transactionManager'
[DEBUG][2016-03-24 23:47:54,998][org.springframework.beans.factory.support.DefaultListableBeanFactory]Creating instance of bean '(inner bean)#67dcb3bf'
[DEBUG][2016-03-24 23:47:54,998][org.springframework.beans.factory.support.DefaultListableBeanFactory]Returning cached instance of singleton bean 'org.springframework.aop.support.DefaultBeanFactoryPointcutAdvisor#0'
[DEBUG][2016-03-24 23:47:54,998][org.springframework.beans.factory.support.DefaultListableBeanFactory]Returning cached instance of singleton bean 'org.springframework.aop.support.DefaultBeanFactoryPointcutAdvisor#1'
[DEBUG][2016-03-24 23:47:55,004][org.springframework.transaction.interceptor.NameMatchTransactionAttributeSource]Adding transactional method [add*] with attribute [PROPAGATION_REQUIRED,ISOLATION_DEFAULT]
[DEBUG][2016-03-24 23:47:55,004][org.springframework.transaction.interceptor.NameMatchTransactionAttributeSource]Adding transactional method [append*] with attribute [PROPAGATION_REQUIRED,ISOLATION_DEFAULT]
[DEBUG][2016-03-24 23:47:55,004][org.springframework.transaction.interceptor.NameMatchTransactionAttributeSource]Adding transactional method [insert*] with attribute [PROPAGATION_REQUIRED,ISOLATION_DEFAULT]
[DEBUG][2016-03-24 23:47:55,004][org.springframework.transaction.interceptor.NameMatchTransactionAttributeSource]Adding transactional method [save*] with attribute [PROPAGATION_REQUIRED,ISOLATION_DEFAULT]
[DEBUG][2016-03-24 23:47:55,004][org.springframework.transaction.interceptor.NameMatchTransactionAttributeSource]Adding transactional method [update*] with attribute [PROPAGATION_REQUIRED,ISOLATION_DEFAULT]
[DEBUG][2016-03-24 23:47:55,004][org.springframework.transaction.interceptor.NameMatchTransactionAttributeSource]Adding transactional method [modify*] with attribute [PROPAGATION_REQUIRED,ISOLATION_DEFAULT]
[DEBUG][2016-03-24 23:47:55,004][org.springframework.transaction.interceptor.NameMatchTransactionAttributeSource]Adding transactional method [edit*] with attribute [PROPAGATION_REQUIRED,ISOLATION_DEFAULT]
[DEBUG][2016-03-24 23:47:55,004][org.springframework.transaction.interceptor.NameMatchTransactionAttributeSource]Adding transactional method [delete*] with attribute [PROPAGATION_REQUIRED,ISOLATION_DEFAULT]
[DEBUG][2016-03-24 23:47:55,004][org.springframework.transaction.interceptor.NameMatchTransactionAttributeSource]Adding transactional method [remove*] with attribute [PROPAGATION_REQUIRED,ISOLATION_DEFAULT]
[DEBUG][2016-03-24 23:47:55,005][org.springframework.transaction.interceptor.NameMatchTransactionAttributeSource]Adding transactional method [repair] with attribute [PROPAGATION_REQUIRED,ISOLATION_DEFAULT]
[DEBUG][2016-03-24 23:47:55,005][org.springframework.transaction.interceptor.NameMatchTransactionAttributeSource]Adding transactional method [delAndRepair] with attribute [PROPAGATION_REQUIRED,ISOLATION_DEFAULT]
[DEBUG][2016-03-24 23:47:55,005][org.springframework.transaction.interceptor.NameMatchTransactionAttributeSource]Adding transactional method [get*] with attribute [PROPAGATION_SUPPORTS,ISOLATION_DEFAULT]
[DEBUG][2016-03-24 23:47:55,005][org.springframework.transaction.interceptor.NameMatchTransactionAttributeSource]Adding transactional method [find*] with attribute [PROPAGATION_SUPPORTS,ISOLATION_DEFAULT]
[DEBUG][2016-03-24 23:47:55,005][org.springframework.transaction.interceptor.NameMatchTransactionAttributeSource]Adding transactional method [load*] with attribute [PROPAGATION_SUPPORTS,ISOLATION_DEFAULT]
[DEBUG][2016-03-24 23:47:55,005][org.springframework.transaction.interceptor.NameMatchTransactionAttributeSource]Adding transactional method [search*] with attribute [PROPAGATION_SUPPORTS,ISOLATION_DEFAULT]
[DEBUG][2016-03-24 23:47:55,005][org.springframework.transaction.interceptor.NameMatchTransactionAttributeSource]Adding transactional method [datagrid*] with attribute [PROPAGATION_SUPPORTS,ISOLATION_DEFAULT]
[DEBUG][2016-03-24 23:47:55,005][org.springframework.transaction.interceptor.NameMatchTransactionAttributeSource]Adding transactional method [*] with attribute [PROPAGATION_SUPPORTS,ISOLATION_DEFAULT]
[DEBUG][2016-03-24 23:47:55,005][org.springframework.beans.factory.support.DefaultListableBeanFactory]Returning cached instance of singleton bean 'org.springframework.aop.support.DefaultBeanFactoryPointcutAdvisor#0'
[DEBUG][2016-03-24 23:47:55,006][org.springframework.beans.factory.support.DefaultListableBeanFactory]Returning cached instance of singleton bean 'org.springframework.aop.support.DefaultBeanFactoryPointcutAdvisor#1'
[DEBUG][2016-03-24 23:47:55,006][org.springframework.beans.factory.support.DefaultListableBeanFactory]Returning cached instance of singleton bean 'org.springframework.aop.support.DefaultBeanFactoryPointcutAdvisor#0'
[DEBUG][2016-03-24 23:47:55,006][org.springframework.beans.factory.support.DefaultListableBeanFactory]Returning cached instance of singleton bean 'org.springframework.aop.support.DefaultBeanFactoryPointcutAdvisor#1'
[DEBUG][2016-03-24 23:47:55,007][org.springframework.beans.factory.support.DefaultListableBeanFactory]Finished creating instance of bean '(inner bean)#67dcb3bf'
[DEBUG][2016-03-24 23:47:55,007][org.springframework.beans.factory.support.DefaultListableBeanFactory]Invoking afterPropertiesSet() on bean with name 'transactionAdvice'
[DEBUG][2016-03-24 23:47:55,008][org.springframework.beans.factory.support.DefaultListableBeanFactory]Finished creating instance of bean 'transactionAdvice'
[DEBUG][2016-03-24 23:47:55,009][org.springframework.beans.factory.support.DefaultListableBeanFactory]Creating shared instance of singleton bean 'druid-stat-interceptor'
[DEBUG][2016-03-24 23:47:55,009][org.springframework.beans.factory.support.DefaultListableBeanFactory]Creating instance of bean 'druid-stat-interceptor'
[DEBUG][2016-03-24 23:47:55,011][org.springframework.beans.factory.support.DefaultListableBeanFactory]Eagerly caching bean 'druid-stat-interceptor' to allow for resolving potential circular references
[DEBUG][2016-03-24 23:47:55,012][org.springframework.beans.factory.support.DefaultListableBeanFactory]Invoking afterPropertiesSet() on bean with name 'druid-stat-interceptor'
[DEBUG][2016-03-24 23:47:55,012][org.springframework.beans.factory.support.DefaultListableBeanFactory]Finished creating instance of bean 'druid-stat-interceptor'
[DEBUG][2016-03-24 23:47:55,018][org.springframework.aop.aspectj.autoproxy.AspectJAwareAdvisorAutoProxyCreator]Creating implicit proxy for bean 'userService' with 0 common interceptors and 3 specific interceptors
[DEBUG][2016-03-24 23:47:55,019][org.springframework.aop.framework.JdkDynamicAopProxy]Creating JDK dynamic proxy: target source is SingletonTargetSource for target object [sy.service.UserServiceImpl@4c35f5d5]
[DEBUG][2016-03-24 23:47:55,024][org.springframework.beans.factory.support.DefaultListableBeanFactory]Finished creating instance of bean 'userService'
[DEBUG][2016-03-24 23:47:55,024][org.springframework.beans.factory.support.DefaultListableBeanFactory]Returning cached instance of singleton bean 'org.springframework.context.annotation.internalConfigurationAnnotationProcessor'
[DEBUG][2016-03-24 23:47:55,024][org.springframework.beans.factory.support.DefaultListableBeanFactory]Returning cached instance of singleton bean 'org.springframework.context.annotation.internalAutowiredAnnotationProcessor'
[DEBUG][2016-03-24 23:47:55,024][org.springframework.beans.factory.support.DefaultListableBeanFactory]Returning cached instance of singleton bean 'org.springframework.context.annotation.internalRequiredAnnotationProcessor'
[DEBUG][2016-03-24 23:47:55,024][org.springframework.beans.factory.support.DefaultListableBeanFactory]Returning cached instance of singleton bean 'org.springframework.context.annotation.internalCommonAnnotationProcessor'
[DEBUG][2016-03-24 23:47:55,024][org.springframework.beans.factory.support.DefaultListableBeanFactory]Returning cached instance of singleton bean 'org.springframework.beans.factory.config.PropertyPlaceholderConfigurer#0'
[DEBUG][2016-03-24 23:47:55,024][org.springframework.beans.factory.support.DefaultListableBeanFactory]Returning cached instance of singleton bean 'dataSource'
[DEBUG][2016-03-24 23:47:55,024][org.springframework.beans.factory.support.DefaultListableBeanFactory]Returning cached instance of singleton bean 'sqlSessionFactory'
[DEBUG][2016-03-24 23:47:55,025][org.springframework.beans.factory.support.DefaultListableBeanFactory]Returning cached instance of singleton bean 'org.mybatis.spring.mapper.MapperScannerConfigurer#0'
[DEBUG][2016-03-24 23:47:55,025][org.springframework.beans.factory.support.DefaultListableBeanFactory]Returning cached instance of singleton bean 'transactionManager'
[DEBUG][2016-03-24 23:47:55,025][org.springframework.beans.factory.support.DefaultListableBeanFactory]Returning cached instance of singleton bean 'transactionAdvice'
[DEBUG][2016-03-24 23:47:55,025][org.springframework.beans.factory.support.DefaultListableBeanFactory]Returning cached instance of singleton bean 'org.springframework.aop.config.internalAutoProxyCreator'
[DEBUG][2016-03-24 23:47:55,025][org.springframework.beans.factory.support.DefaultListableBeanFactory]Returning cached instance of singleton bean 'org.springframework.aop.support.DefaultBeanFactoryPointcutAdvisor#0'
[DEBUG][2016-03-24 23:47:55,025][org.springframework.beans.factory.support.DefaultListableBeanFactory]Returning cached instance of singleton bean 'druid-stat-interceptor'
[DEBUG][2016-03-24 23:47:55,025][org.springframework.beans.factory.support.DefaultListableBeanFactory]Returning cached instance of singleton bean 'org.springframework.aop.support.DefaultBeanFactoryPointcutAdvisor#1'
[DEBUG][2016-03-24 23:47:55,026][org.springframework.beans.factory.support.DefaultListableBeanFactory]Returning cached instance of singleton bean 'org.springframework.context.annotation.ConfigurationClassPostProcessor.importAwareProcessor'
[DEBUG][2016-03-24 23:47:55,026][org.springframework.beans.factory.support.DefaultListableBeanFactory]Returning cached instance of singleton bean 'userMapper'
[DEBUG][2016-03-24 23:47:55,027][org.springframework.context.support.GenericApplicationContext]Unable to locate LifecycleProcessor with name 'lifecycleProcessor': using default [org.springframework.context.support.DefaultLifecycleProcessor@463620de]
[DEBUG][2016-03-24 23:47:55,028][org.springframework.beans.factory.support.DefaultListableBeanFactory]Returning cached instance of singleton bean 'lifecycleProcessor'
[DEBUG][2016-03-24 23:47:55,029][org.springframework.beans.factory.support.DefaultListableBeanFactory]Returning cached instance of singleton bean 'sqlSessionFactory'
[DEBUG][2016-03-24 23:47:55,030][org.springframework.core.env.PropertySourcesPropertyResolver]Searching for key 'spring.liveBeansView.mbeanDomain' in [systemProperties]
[DEBUG][2016-03-24 23:47:55,030][org.springframework.core.env.PropertySourcesPropertyResolver]Searching for key 'spring.liveBeansView.mbeanDomain' in [systemEnvironment]
[DEBUG][2016-03-24 23:47:55,031][org.springframework.core.env.PropertySourcesPropertyResolver]Could not find key 'spring.liveBeansView.mbeanDomain' in any property source. Returning [null]
[DEBUG][2016-03-24 23:47:55,031][org.springframework.test.context.CacheAwareContextLoaderDelegate]Storing ApplicationContext in cache under key [[MergedContextConfiguration@283dc831 testClass = TestUtil, locations = '{classpath:spring.xml, classpath:spring-mybatis.xml}', classes = '{}', contextInitializerClasses = '[]', activeProfiles = '{}', contextLoader = 'org.springframework.test.context.support.DelegatingSmartContextLoader', parent = [null]]]
[DEBUG][2016-03-24 23:47:55,031][org.springframework.test.context.cache]Spring test ApplicationContext cache statistics: [ContextCache@7464fb1c size = 1, hitCount = 0, missCount = 1, parentContextCount = 0]
[DEBUG][2016-03-24 23:47:55,033][org.springframework.beans.factory.annotation.InjectionMetadata]Processing injected element of bean 'sy.test.TestUtil': AutowiredMethodElement for public void sy.test.TestUtil.setUserService(sy.service.UserServiceI)
[DEBUG][2016-03-24 23:47:55,033][org.springframework.beans.factory.support.DefaultListableBeanFactory]Returning cached instance of singleton bean 'userService'
[DEBUG][2016-03-24 23:47:55,033][org.springframework.beans.factory.annotation.AutowiredAnnotationBeanPostProcessor]Autowiring by type from bean name 'sy.test.TestUtil' to bean named 'userService'
[DEBUG][2016-03-24 23:47:55,034][org.springframework.beans.factory.support.DefaultListableBeanFactory]Returning cached instance of singleton bean 'org.springframework.aop.support.DefaultBeanFactoryPointcutAdvisor#0'
[DEBUG][2016-03-24 23:47:55,034][org.springframework.beans.factory.support.DefaultListableBeanFactory]Returning cached instance of singleton bean 'org.springframework.aop.support.DefaultBeanFactoryPointcutAdvisor#1'
[DEBUG][2016-03-24 23:47:55,034][org.springframework.beans.factory.support.DefaultListableBeanFactory]Returning cached instance of singleton bean 'org.springframework.aop.support.DefaultBeanFactoryPointcutAdvisor#0'
[DEBUG][2016-03-24 23:47:55,034][org.springframework.beans.factory.support.DefaultListableBeanFactory]Returning cached instance of singleton bean 'org.springframework.aop.support.DefaultBeanFactoryPointcutAdvisor#1'
[DEBUG][2016-03-24 23:47:55,051][org.mybatis.spring.SqlSessionUtils]Creating a new SqlSession
[DEBUG][2016-03-24 23:47:55,054][org.mybatis.spring.SqlSessionUtils]Registering transaction synchronization for SqlSession [org.apache.ibatis.session.defaults.DefaultSqlSession@1e2b213f]
[DEBUG][2016-03-24 23:47:55,073][org.springframework.jdbc.datasource.DataSourceUtils]Fetching JDBC Connection from DataSource
[DEBUG][2016-03-24 23:47:55,073][org.springframework.jdbc.datasource.DataSourceUtils]Registering transaction synchronization for JDBC Connection
[DEBUG][2016-03-24 23:47:55,075][org.mybatis.spring.transaction.SpringManagedTransaction]JDBC Connection [com.alibaba.druid.proxy.jdbc.ConnectionProxyImpl@a4247b6] will be managed by Spring
[DEBUG][2016-03-24 23:47:55,082][sy.dao.UserMapper.getUserById]==>  Preparing: select id, userName, userAge, userAddress from user where id = ? 
[DEBUG][2016-03-24 23:47:55,183][sy.dao.UserMapper.getUserById]==> Parameters: 1(Integer)
[DEBUG][2016-03-24 23:47:55,262][sy.dao.UserMapper.getUserById]<==      Total: 1
[DEBUG][2016-03-24 23:47:55,263][org.mybatis.spring.SqlSessionUtils]Releasing transactional SqlSession [org.apache.ibatis.session.defaults.DefaultSqlSession@1e2b213f]
[DEBUG][2016-03-24 23:47:55,263][org.mybatis.spring.SqlSessionUtils]Transaction synchronization closing SqlSession [org.apache.ibatis.session.defaults.DefaultSqlSession@1e2b213f]
[DEBUG][2016-03-24 23:47:55,264][org.springframework.jdbc.datasource.DataSourceUtils]Returning JDBC Connection to DataSource
[INFO][2016-03-24 23:47:55,322][sy.test.TestUtil]{"id":1,"useraddress":"shanghai,pudong","userage":100,"username":"summer"}
[DEBUG][2016-03-24 23:47:55,323][org.springframework.test.context.support.DirtiesContextTestExecutionListener]After test method: context [[TestContext@70ad2036 testClass = TestUtil, testInstance = sy.test.TestUtil@761df304, testMethod = test@TestUtil, testException = [null], mergedContextConfiguration = [MergedContextConfiguration@283dc831 testClass = TestUtil, locations = '{classpath:spring.xml, classpath:spring-mybatis.xml}', classes = '{}', contextInitializerClasses = '[]', activeProfiles = '{}', contextLoader = 'org.springframework.test.context.support.DelegatingSmartContextLoader', parent = [null]]]], class dirties context [false], class mode [null], method dirties context [false].
[DEBUG][2016-03-24 23:47:55,323][org.springframework.test.context.support.DirtiesContextTestExecutionListener]After test class: context [[TestContext@70ad2036 testClass = TestUtil, testInstance = [null], testMethod = [null], testException = [null], mergedContextConfiguration = [MergedContextConfiguration@283dc831 testClass = TestUtil, locations = '{classpath:spring.xml, classpath:spring-mybatis.xml}', classes = '{}', contextInitializerClasses = '[]', activeProfiles = '{}', contextLoader = 'org.springframework.test.context.support.DelegatingSmartContextLoader', parent = [null]]]], dirtiesContext [false].
[INFO][2016-03-24 23:47:55,325][org.springframework.context.support.GenericApplicationContext]Closing org.springframework.context.support.GenericApplicationContext@14ea0724: startup date [Thu Mar 24 23:47:54 CST 2016]; root of context hierarchy
[DEBUG][2016-03-24 23:47:55,325][org.springframework.beans.factory.support.DefaultListableBeanFactory]Returning cached instance of singleton bean 'sqlSessionFactory'
[DEBUG][2016-03-24 23:47:55,325][org.springframework.beans.factory.support.DefaultListableBeanFactory]Returning cached instance of singleton bean 'lifecycleProcessor'
[INFO][2016-03-24 23:47:55,325][org.springframework.beans.factory.support.DefaultListableBeanFactory]Destroying singletons in org.springframework.beans.factory.support.DefaultListableBeanFactory@55e5f3af: defining beans [userService,org.springframework.context.annotation.internalConfigurationAnnotationProcessor,org.springframework.context.annotation.internalAutowiredAnnotationProcessor,org.springframework.context.annotation.internalRequiredAnnotationProcessor,org.springframework.context.annotation.internalCommonAnnotationProcessor,org.springframework.beans.factory.config.PropertyPlaceholderConfigurer#0,dataSource,sqlSessionFactory,org.mybatis.spring.mapper.MapperScannerConfigurer#0,transactionManager,transactionAdvice,org.springframework.aop.config.internalAutoProxyCreator,transactionPointcut,org.springframework.aop.support.DefaultBeanFactoryPointcutAdvisor#0,druid-stat-interceptor,druid-stat-pointcut,org.springframework.aop.support.DefaultBeanFactoryPointcutAdvisor#1,org.springframework.context.annotation.ConfigurationClassPostProcessor.importAwareProcessor,userMapper]; root of factory hierarchy
[DEBUG][2016-03-24 23:47:55,325][org.springframework.beans.factory.support.DefaultListableBeanFactory]Retrieved dependent beans for bean 'userService': [sy.test.TestUtil]
[DEBUG][2016-03-24 23:47:55,326][org.springframework.beans.factory.support.DisposableBeanAdapter]Invoking destroy() on bean with name 'druid-stat-interceptor'
[DEBUG][2016-03-24 23:47:55,326][org.springframework.beans.factory.support.DefaultListableBeanFactory]Retrieved dependent beans for bean '(inner bean)#67dcb3bf': [transactionAdvice]
[DEBUG][2016-03-24 23:47:55,326][org.springframework.beans.factory.support.DisposableBeanAdapter]Invoking destroy method 'close' on bean with name 'dataSource'
[INFO][2016-03-24 23:47:55,328][com.alibaba.druid.pool.DruidDataSource]{dataSource-1} closed
